/usr/local/bin/python3: can't open file '/Users/leetaekwon/Desktop/instaAuto/test.py': [Errno 1] Operation not permitted
sudo: a terminal is required to read the password; either use the -S option to read from standard input or configure an askpass helper
sudo: a password is required
/usr/local/bin/python3: can't open file '/Users/leetaekwon/Desktop/instaAuto/test.py': [Errno 1] Operation not permitted
프로그램 시작
드라이버 설정 중...
드라이버 설정 완료
인스타그램 로그인 시도 중...
로그인 정보 입력 완료
로그인 정보 저장 버튼 클릭 중...
로그인 정보 저장 버튼 클릭 완료
드라이버 종료
Traceback (most recent call last):
  File "/Users/leetaekwon/Desktop/instaAuto/test.py", line 470, in <module>
    main()
  File "/Users/leetaekwon/Desktop/instaAuto/test.py", line 457, in main
    data = pd.read_csv("instagram_data.csv")
  File "/Library/Frameworks/Python.framework/Versions/3.10/lib/python3.10/site-packages/pandas/io/parsers/readers.py", line 1026, in read_csv
    return _read(filepath_or_buffer, kwds)
  File "/Library/Frameworks/Python.framework/Versions/3.10/lib/python3.10/site-packages/pandas/io/parsers/readers.py", line 620, in _read
    parser = TextFileReader(filepath_or_buffer, **kwds)
  File "/Library/Frameworks/Python.framework/Versions/3.10/lib/python3.10/site-packages/pandas/io/parsers/readers.py", line 1620, in __init__
    self._engine = self._make_engine(f, self.engine)
  File "/Library/Frameworks/Python.framework/Versions/3.10/lib/python3.10/site-packages/pandas/io/parsers/readers.py", line 1880, in _make_engine
    self.handles = get_handle(
  File "/Library/Frameworks/Python.framework/Versions/3.10/lib/python3.10/site-packages/pandas/io/common.py", line 873, in get_handle
    handle = open(
FileNotFoundError: [Errno 2] No such file or directory: 'instagram_data.csv'
프로그램 시작
드라이버 설정 중...
드라이버 설정 완료
인스타그램 로그인 시도 중...
로그인 정보 입력 완료
로그인 정보 저장 버튼 클릭 중...
로그인 정보 저장 버튼 클릭 완료
정보 수집 시작...
terrys_reading의 정보 수집 중...
terrys_reading의 게시물에 '더 보기' 버튼 없음
좋아요 버튼을 클릭했습니다.
terrys_reading의 정보 수집 완료
rdnmgo의 정보 수집 중...
rdnmgo의 게시물에 '더 보기' 버튼 없음
좋아요 버튼을 클릭했습니다.
rdnmgo의 정보 수집 완료
42lines_의 정보 수집 중...
42lines_의 게시물에 '더 보기' 버튼 없음
좋아요 버튼을 클릭했습니다.
42lines_의 정보 수집 완료
euiclee.books의 정보 수집 중...
euiclee.books의 게시물에 '더 보기' 버튼 없음
좋아요 버튼을 클릭했습니다.
euiclee.books의 정보 수집 완료
ai.gi.book의 정보 수집 중...
ai.gi.book의 게시물에 '더 보기' 버튼 없음
오류가 발생했습니다: Message: 
Stacktrace:
0   chromedriver                        0x0000000104e4d078 chromedriver + 5169272
1   chromedriver                        0x0000000104e44f4a chromedriver + 5136202
2   chromedriver                        0x00000001049c136c chromedriver + 402284
3   chromedriver                        0x0000000104a0e740 chromedriver + 718656
4   chromedriver                        0x0000000104a0ea01 chromedriver + 719361
5   chromedriver                        0x0000000104a53bc4 chromedriver + 1002436
6   chromedriver                        0x0000000104a31add chromedriver + 862941
7   chromedriver                        0x0000000104a50f57 chromedriver + 991063
8   chromedriver                        0x0000000104a31853 chromedriver + 862291
9   chromedriver                        0x0000000104a015c6 chromedriver + 665030
10  chromedriver                        0x0000000104a01e4e chromedriver + 667214
11  chromedriver                        0x0000000104e0fc90 chromedriver + 4918416
12  chromedriver                        0x0000000104e14c8d chromedriver + 4938893
13  chromedriver                        0x0000000104e15365 chromedriver + 4940645
14  chromedriver                        0x0000000104df0d74 chromedriver + 4791668
15  chromedriver                        0x0000000104e15659 chromedriver + 4941401
16  chromedriver                        0x0000000104de2544 chromedriver + 4732228
17  chromedriver                        0x0000000104e35828 chromedriver + 5072936
18  chromedriver                        0x0000000104e359e7 chromedriver + 5073383
19  chromedriver                        0x0000000104e44afe chromedriver + 5135102
20  libsystem_pthread.dylib             0x00007fff6f400109 _pthread_start + 148
21  libsystem_pthread.dylib             0x00007fff6f3fbb8b thread_start + 15

ai.gi.book의 정보 수집 완료
정보 수집 완료
[{'user_id': 'terrys_reading', 'posts_count': '26', 'post_text': 'Photo by @terrys_reading on July 28, 2024. May be an image of book, poster and text.', 'post_image': 'https://scontent-ssn1-1.cdninstagram.com/v/t51.29350-15/452635450_1481823956031057_7356606016210957777_n.jpg?stp=dst-jpg_e15&efg=eyJ2ZW5jb2RlX3RhZyI6ImltYWdlX3VybGdlbi4xMDgweDEwODAuc2RyLmYyOTM1MCJ9&_nc_ht=scontent-ssn1-1.cdninstagram.com&_nc_cat=109&_nc_ohc=NTy-XwYAfegQ7kNvgH4pS6e&gid=995b5d70fcfa41d18ebe8fe70182dfe9&edm=AEhyXUkBAAAA&ccb=7-5&ig_cache_key=MzQyMjIwNDc2MjcyNzQ5NTgwNA%3D%3D.2-ccb7-5&oh=00_AYAArdWR2jJP38PVOoCekRyGi3l4AynR0-LP8b0PR5hX2g&oe=66AC490C&_nc_sid=8f1549', 'post_datetime': '2024-07-28 23:57:00', 'post_description': '싯다르타 - 헤르만 헤세\n\n나는 석가모니를 존경한다. 석가모니는 자신이 모르는 세상을 자각했고, 내가 바꿀 수 없는 현상을 인정했다. 이 두 가지를 받아들임으로써 분별하지 않음과 받아들임의 행동을 이끌어냈다고 본다. 그리고, 이를 대중에게 행동으로써 보여준 인류의 위대한 스승 중 하나이기에 종교라는 형태로 그의 마음이 이어져 내려오고 있는 것이다.\n\n헤르만 헤세의 싯다르타는 우리가 아는 종교 지도자에 관한 이야기는 아니다. 싯다르타의 이름을 빌려 만든 또 다른 출가자의 이야기이다. 그럼에도 불구하고 헤세가 불교의 가르침에서 배우고자 한 것을 어느 정도 잘 이해할 수 있었고, 나는 아래와 같이 받아들였다.\n\n1. 직접 깨달아야 하는 사상이 있다.\n2. 현재에 머무르지 않을 때 번뇌에 머무른다.\n3. 번뇌에 빠진 타인 또한 나의 모습과 같다.'}, {'user_id': 'rdnmgo', 'posts_count': '28', 'post_text': 'Photo by @rdnmgo on July 28, 2024. May be an image of poster, book, magazine and text.', 'post_image': 'https://scontent-ssn1-1.cdninstagram.com/v/t51.29350-15/453210497_459968403601153_6943688404257024436_n.jpg?stp=dst-jpg_e15&efg=eyJ2ZW5jb2RlX3RhZyI6ImltYWdlX3VybGdlbi43MjB4NzIwLnNkci5mMjkzNTAifQ&_nc_ht=scontent-ssn1-1.cdninstagram.com&_nc_cat=101&_nc_ohc=9OpVX5mokwIQ7kNvgHPIXf1&edm=AEhyXUkBAAAA&ccb=7-5&ig_cache_key=MzQyMjE5NzI3NTc2NDQ1NjkwOA%3D%3D.2-ccb7-5&oh=00_AYAKb2G0TYIYlKMU5DeQxa21ow0u0UbdPqVaGFanLR8z_g&oe=66AC26E1&_nc_sid=8f1549', 'post_datetime': '2024-07-28 23:42:07', 'post_description': '## <게으름이 습관이 되기 전에> 4-2 싫어하는 일을 해야 한다면\n\n내가 바쁠 때, 우선순위에 들지 못하는 일은 모두 다 거절하는 게 맞을까요?\n\n대체로 그렇긴 하지만, 꼭 그런 것은 아닙니다. **시간을 들여야 하는 외부의 요청을 항상 거절하기만 한다면, 우리는 사람답게 살아가기 어려울 수 있습니다. 우선적인 일도 아니고 또 내게 즐거움을 주는 일도 아니지만, 평범한 어른으로서 세상 사람들과 어울려 나가는 데 필수적인 일들은 누구에게나 있게 마련입니다.**\n\n### 하기 싫어도 해야 할 일\n\n내가 좋아하건 싫어하건 상관없이 꼭 처리해야 하는 일은 존재하게 마련입니다. 그 사실을 먼저 받아들이셔야 합니다.\n\n예를 들어 볼게요. 이런 일은 우리 주위에 널려 있습니다. 특히 집안일 중에 이런 일들이 많죠. 그나마 간단한 것이 ‘설거지’인데, 이 일을 유독 싫어하는 분들이 꽤 많습니다.\n\n바깥에서 종일 일을 하느라 진이 빠진 채 들어온 어느 날, 부모님/배우자가 차려준 밥을 먹고 그릇들을 싱크대에 갖다 둡니다. 곧바로 설거지를 할 기운은 없어서 일단 씻습니다. 좀 개운합니다. 이제 설거지를 하러 가야 하는데, 씻고 나니 노곤하기도 하고, 소파에 누워 지난 주말 놓친 드라마를 보고 싶은 욕구가 스멀스멀 올라옵니다. 남의 이야기처럼 들리지 않으실 겁니다.\n\n설거지는 분명 내가 싫어하는 일 중 하나이고, 내 우선 과제에 당장 포함되는 일과도 거리가 멉니다. 하지만 만약 이 설거지를 내가 해치우지 않는다면, 내가 아닌 가족 중 누군가가 이 귀찮은 일을 해야 할 겁니다. 그 가족이 설거지를 좋아한다면 문제가 되지 않겠지만, 만약 그도 너무 힘든 상태라서 손가락 하나 까딱하고 싶지 않은데 지저분한 걸 볼 수가 없어서 참고 설거지를 하는 거라면 어떻게 될까요? 분명 잔소리가 나올 것이고 서로 언성이 높아질지도 모릅니다.\n\n### 핵심 프로젝트와 연결하기\n\n**여기서 내가 건넬 조언은, 각각의 과제를 여러분이 이전에 확인한 다섯 가지 핵심 프로젝트와 하나씩 연결하라는 것입니다.**\n\n나의 경우, 설거지는 핵심 프로젝트 다섯 가지 중 ‘친구들과 가족들의 곁을 지킨다’와 연결이 됩니다. 가족의 곁을 지킨다는 건 가족과 원만한 관계를 유지하겠다는 이야기이고, 이는 곧 집안일 때문에 다른 가족 구성원에게 피해가 가지 않도록 한다는 원칙으로도 이어지기 때문입니다. 한 발 더 나아가, 나는 간혹 아내가 해야 할 집안일까지 대신해 주기도 하는데요. 이러한 작은 희생은 아내에게 행복감을 주어 부부 관계를 더욱 돈독하게 만들어 주기도 합니다. 좋은 부부 관계는 다시 삶의 에너지가 되어 나를 더 활력 넘치는 사람으로 만들어 주죠. 하기 싫더라도 반드시 해야 할 일을 해냄으로써, 뜻밖의 자원을 얻게 되는 것입니다.'}, {'user_id': '42lines_', 'posts_count': '27', 'post_text': 'Photo by @42lines_ on July 27, 2024. May be an image of poster, magazine, book and text.', 'post_image': 'https://scontent-ssn1-1.cdninstagram.com/v/t51.29350-15/452976134_421788807544304_1649813145374568513_n.jpg?stp=dst-jpg_e15&efg=eyJ2ZW5jb2RlX3RhZyI6ImltYWdlX3VybGdlbi4xMDgweDEwODAuc2RyLmYyOTM1MCJ9&_nc_ht=scontent-ssn1-1.cdninstagram.com&_nc_cat=108&_nc_ohc=w4w0AtToz6UQ7kNvgFhHNmp&edm=AEhyXUkBAAAA&ccb=7-5&ig_cache_key=MzQyMTkwNTE0OTY2MzkyNzc0OA%3D%3D.2-ccb7-5&oh=00_AYCBhyVIIdhZa9nHyvdE2VZk-QPRNrgpEcw1UJYmEWLcuQ&oe=66AC313F&_nc_sid=8f1549', 'post_datetime': '2024-07-28 14:01:43', 'post_description': '구약성서에 적힌 카인과 아벨의 이야기는 인류 최초의 살인이라고 불린다. 신이 카인의 공물을 받아주지 않은 이유에 대한 수수께끼나 형제 살인이라는 충격적인 내용 때문에 문학의 소재로도 즐겨 사용되었고, 이를 주제로 한 회화도 다수 그려졌다.\n\n<처음 읽는 서양 미술사>, 이케가미 히데히로'}, {'user_id': 'euiclee.books', 'posts_count': '27', 'post_text': '🖋️ 독서는 왜 해야 할까?\n\n세상에는 재밌는게 너무 많다. 그 모든 유혹을 포기해야만 시작된다는 점에서 독서는 불편하고 쓰다. 책을 집어 들기까지가 제일 힘이 든다.\n\n하지만 책을 읽기 시작해 마음에 드는 부분을 발견하고 밑줄을 긋는 순간에 우리는 독서를 위해 포기한 모든 유혹을 보상받는다.\n\n책은 완성된 것을 감상하는 것이 아니다. 머릿속에 나만의 상상을 만들어야 하며 창조적인 사람이 되어야 하는 임무가 주어진다. 그리고 그 과정 속에서 나는 다양한 사람을 만나며 시야를 넓혀가고 배워가며 더 성장해 나간다.\n\n📗 #미워하는미워하는미워하는마음없이 #유지혜 #김영사\n\n🔖 #독서 #북스타그램 #책 #독서스타그램 #희귀함 #흔함 #스마트폰', 'post_image': 'https://scontent-ssn1-1.cdninstagram.com/v/t51.29350-15/452872825_412552657883189_7731791375544037101_n.jpg?stp=dst-jpg_e15&efg=eyJ2ZW5jb2RlX3RhZyI6ImltYWdlX3VybGdlbi4xMDgweDEwODAuc2RyLmYyOTM1MCJ9&_nc_ht=scontent-ssn1-1.cdninstagram.com&_nc_cat=105&_nc_ohc=lj7Nbiy0IWAQ7kNvgEMpetS&gid=da76288938304aac8f48496386468918&edm=AEhyXUkBAAAA&ccb=7-5&ig_cache_key=MzQyMjEyODA2NjgyOTg2NzU5Mw%3D%3D.2-ccb7-5&oh=00_AYCdQGu2xX80mLbDzr1e2V5WuNS8Ex7ch87L0ugKZhjR6Q&oe=66AC43AF&_nc_sid=8f1549', 'post_datetime': '2024-07-28 21:24:38', 'post_description': '🖋️ 독서는 왜 해야 할까?\n\n세상에는 재밌는게 너무 많다. 그 모든 유혹을 포기해야만 시작된다는 점에서 독서는 불편하고 쓰다. 책을 집어 들기까지가 제일 힘이 든다.\n\n하지만 책을 읽기 시작해 마음에 드는 부분을 발견하고 밑줄을 긋는 순간에 우리는 독서를 위해 포기한 모든 유혹을 보상받는다.\n\n책은 완성된 것을 감상하는 것이 아니다. 머릿속에 나만의 상상을 만들어야 하며 창조적인 사람이 되어야 하는 임무가 주어진다. 그리고 그 과정 속에서 나는 다양한 사람을 만나며 시야를 넓혀가고 배워가며 더 성장해 나간다.\n\n📗 #미워하는미워하는미워하는마음없이 #유지혜 #김영사\n\n🔖 #독서 #북스타그램 #책 #독서스타그램 #희귀함 #흔함 #스마트폰'}, {'user_id': 'ai.gi.book', 'posts_count': '28', 'post_text': 'Photo by @ai.gi.book on July 27, 2024. May be an image of 2 people and text.', 'post_image': 'https://scontent-ssn1-1.cdninstagram.com/v/t51.29350-15/450433853_1017907866589249_2661428727440279691_n.jpg?stp=dst-jpg_e35&efg=eyJ2ZW5jb2RlX3RhZyI6ImltYWdlX3VybGdlbi4xNDQweDE4MDAuc2RyLmYyOTM1MCJ9&_nc_ht=scontent-ssn1-1.cdninstagram.com&_nc_cat=101&_nc_ohc=aARmrNokbkcQ7kNvgGF8wvq&edm=AEhyXUkBAAAA&ccb=7-5&ig_cache_key=MzQyMTQ2ODAwMTUwNzk4NTM5MQ%3D%3D.2-ccb7-5&oh=00_AYDg18Rx9DMeTy4o57fJjrITsac4fTgON_jt6CNo9ZrNOg&oe=66AC2FDD&_nc_sid=8f1549', 'post_datetime': '2024-07-27 23:33:11', 'post_description': '이런 이유로, 애플에서 일하는 사람에게는 세 가지 공통점이 있다. 첫째, 목적이 분명하다. 기업의 목표는 신제품을 성공적으로 개발해 적기에 출시하여 이윤을 내는 것이다. 다만 이러한 목표가 순수하게 직원의 목표로까지 이어지는 경우는 드문데, 애플은 그렇지 않다. 애플 직원들은 세계 최고의 제품을 개발해 출시한다는 목적을 분명히 가지고 있다. 그리고 이런 명확한 목적의식이 혹독한 업무량을 감당하는 데 원동력이 된다.\n둘째, 일하는 동기가 있다. 애플 DRI는 전 세계 수억 명의 사람이 사용할 세계 최고의 제품을 개발하는 데 일조한다는 자부심 하나로 일한다. 함께 일했던 동료나 상사들은 입버릇처럼 “이번 프로젝트만 끝나면 좀 쉬고 싶다”고 말하곤 했다. 하지만 그들은 애플에 다닌다는 자부심 하나로 1년을 버티고 3년을 버티고 10년을 버텼다. 그리고 언제나 입사 때처럼 열정적으로 일했다.\n\n\n셋째, 일의 주체가 자기 자신이다. 애플에서는 문제의 해결책을 모색할 때, “불가능합니다” 혹은 “여기까지가 최선입니다”라고 대답하면 살아남을 수 없다. 그래서 담당하는 모든 일에 대해서 적극적으로 해결책을 궁리하고, 방안을 찾아야 한다. 게다가 애플에서는 상사나 동료의 조언을 참고하더라도 결국 결정을 내리고 책임을 지는 것은 담당자의 몫이란 기조가 지배적이어서, 일을 주체적으로 하지 않으면 애플에서 일하기 어렵다. - <애플에서는 단순하게 일합니다>, 박지수 - 밀리의 서재\nhttps://www.millie.co.kr/v3/bookDetail/2d2c30b44f2b40c7\n\n주체적인 일'}]
CSV 파일에 데이터 저장 중...
CSV 파일에 데이터 저장 완료
성공/실패 평가 중...
성공한 사람: ['terrys_reading', 'rdnmgo', '42lines_', 'euiclee.books', 'ai.gi.book']
실패한 사람: []
요약 이미지 생성 중...
요약 이미지 생성 완료
포스트 이미지 생성 중...
terrys_reading의 이미지 생성 중...
terrys_reading의 이미지 생성 완료
terrys_reading의 텍스트 이미지 생성 중...
terrys_reading의 텍스트 이미지 생성 완료
rdnmgo의 이미지 생성 중...
rdnmgo의 이미지 생성 완료
rdnmgo의 텍스트 이미지 생성 중...
rdnmgo의 텍스트 이미지 생성 완료
42lines_의 이미지 생성 중...
42lines_의 이미지 생성 완료
42lines_의 텍스트 이미지 생성 중...
42lines_의 텍스트 이미지 생성 완료
euiclee.books의 이미지 생성 중...
euiclee.books의 이미지 생성 완료
euiclee.books의 텍스트 이미지 생성 중...
euiclee.books의 텍스트 이미지 생성 완료
ai.gi.book의 이미지 생성 중...
ai.gi.book의 이미지 생성 완료
ai.gi.book의 텍스트 이미지 생성 중...
ai.gi.book의 텍스트 이미지 생성 완료
포스트 이미지 생성 완료
이미지 업로드 시작...
사진 업로드 중...
새 게시물 버튼 클릭 완료
다음 버튼 클릭 중...
다음 버튼 클릭 완료
다음 버튼 클릭 중...
다음 버튼 클릭 완료
성공/실패 평가 중...
성공한 사람: ['terrys_reading', 'rdnmgo', '42lines_', 'euiclee.books', 'ai.gi.book']
실패한 사람: []
설명 입력 중...
설명 입력 완료
게시물 공유 중...
게시물 공유 완료
사진 업로드 완료
이미지 업로드 완료
드라이버 종료
프로그램 시작
드라이버 설정 중...
드라이버 설정 완료
인스타그램 로그인 시도 중...
로그인 정보 입력 완료
로그인 정보 저장 버튼 클릭 중...
로그인 정보 저장 버튼 클릭 완료
정보 수집 시작...
terrys_reading의 정보 수집 중...
terrys_reading의 게시물에 '더 보기' 버튼 없음
좋아요 버튼을 클릭했습니다.
terrys_reading의 정보 수집 완료
rdnmgo의 정보 수집 중...
rdnmgo의 게시물에 '더 보기' 버튼 없음
좋아요 버튼을 클릭했습니다.
rdnmgo의 정보 수집 완료
42lines_의 정보 수집 중...
42lines_의 게시물에 '더 보기' 버튼 없음
좋아요 버튼을 클릭했습니다.
42lines_의 정보 수집 완료
euiclee.books의 정보 수집 중...
euiclee.books의 게시물에 '더 보기' 버튼 없음
좋아요 버튼을 클릭했습니다.
euiclee.books의 정보 수집 완료
ai.gi.book의 정보 수집 중...
ai.gi.book의 게시물에 '더 보기' 버튼 없음
좋아요 버튼을 클릭했습니다.
ai.gi.book의 정보 수집 완료
정보 수집 완료
[{'user_id': 'terrys_reading', 'posts_count': '27', 'post_text': 'Photo by @terrys_reading on July 29, 2024. May be an image of poster, card, magazine and text.', 'post_image': 'https://scontent-ssn1-1.cdninstagram.com/v/t51.29350-15/453269069_1276328170409801_1761383493709521847_n.jpg?stp=dst-jpg_e15&efg=eyJ2ZW5jb2RlX3RhZyI6ImltYWdlX3VybGdlbi4xMDgweDEwODAuc2RyLmYyOTM1MCJ9&_nc_ht=scontent-ssn1-1.cdninstagram.com&_nc_cat=105&_nc_ohc=eoYrbkR2x9MQ7kNvgHweEVe&edm=AEhyXUkBAAAA&ccb=7-5&ig_cache_key=MzQyMjkzMDY2ODYzMDYzOTQ4Nw%3D%3D.2-ccb7-5&oh=00_AYAwNKigTVwUI8fW1Ua7NVy-nadR9kVX6EdiZBiXBTvZQQ&oe=66AD9A8E&_nc_sid=8f1549', 'post_datetime': '2024-07-29 23:59:14', 'post_description': '칭기스 칸 잠든 유럽을 깨우다.\n\n우리는 몽골이라는 나라를 야만의 나라, 피의 나라로 여기는 경향이 있다. 하지만, 이는 상당 부분 사실을 왜곡한다.\n\n몽골의 정복은 우리가 생각하는'}, {'user_id': 'rdnmgo', 'posts_count': '29', 'post_text': 'Photo by @rdnmgo on July 28, 2024. May be an image of poster, book, magazine and text.', 'post_image': 'https://scontent-ssn1-1.cdninstagram.com/v/t51.29350-15/453363857_1327947491258540_4756428729852653736_n.jpg?stp=dst-jpg_e15&efg=eyJ2ZW5jb2RlX3RhZyI6ImltYWdlX3VybGdlbi43MjB4NzIwLnNkci5mMjkzNTAifQ&_nc_ht=scontent-ssn1-1.cdninstagram.com&_nc_cat=108&_nc_ohc=wl-Gjg_8VCYQ7kNvgFcEQRZ&edm=AEhyXUkBAAAA&ccb=7-5&ig_cache_key=MzQyMjU5NjA5OTk0MzE2MTMwNw%3D%3D.2-ccb7-5&oh=00_AYCB0YPsddsKOfnwpT_kOOlW0IoKQ9B-H5vCfgDvXfFl1g&oe=66AD6E04&_nc_sid=8f1549', 'post_datetime': '2024-07-29 12:54:31', 'post_description': '## <게으름이 습관이 되기 전에> 4-3 시간을 할애할 가치가 있을까\n\n일찍이 독일의 군사 전략가 헬무트 폰 몰트케\u2006Helmuth von Moltke는 이렇게 말했습니다.\n\n**“어떤 전투 계획도 적과 직접 맞닥뜨리면 아무 소용이 없다.”**\n\n내가 그의 말에서 얻은 교훈은, **다섯 가지 프로젝트에 전념하기는 쉽지만 새로운 기회를 발견하거나 인생에서 소중한 사람들로부터 시간을 할애해 달라는 요청을 받고도 거절하는 것은 또 다른 차원의 어려움이라는 것이었습니다.**\n\n### 시간을 내야 할까, 말아야 할까\n\n앞선 과정을 통해 우리는 이미 자신에게 중요한 일이 무엇인지 확인했으므로, 무언가를 해 달라는 요청을 받으면 자신이 간절히 원하는 프로젝트의 결과와 비교해 보면 됩니다. 만약 그 두 가지가 서로 관련이 없다면 용기를 내어 요청을 거절하세요.\n\n#### 1단계: 새로운 요청을 현재의 다섯 가지 프로젝트와 비교하기\n\n기존 프로젝트 가운데 새로운 요청보다 중요하지 않은 게 있습니까? 그럴 경우, 기존 프로젝트 하나를 완전히 폐기하거나 잠시 보류할 때 발생할 최악의 시나리오가 무엇인지 스스로에게 질문해 보세요.\n\n#### 2단계: 내가 기존 프로젝트 하나를 대체하고 싶어 하는 이유 찾기\n\n‘어려운 장애물을 만났기 때문인가?’ ‘행여 실수를 저지르지는 않을지 걱정스러운가?’ ‘눈에 보이는 결과가 나타나지 않아서 좌절감을 느꼈는가?’ ‘그 일이 지겨워졌는가?’\n\n**이런 질문들은 대단히 중요합니다. 새로운 것을 시작하고 싶은 욕망이란 중요한 어려움에 직면하는 것에 대한 두려움에서 생겨날 때가 많기 때문이죠. 기존 목표와 프로젝트를 폐기해도 괜찮습니다. 다만 올바른 이유가 있어서 폐기하는지는 분명히 확인해야 합니다.**\n\n#### 3단계: 프로젝트를 교체할 수 없는데도 여전히 새로운 요청에 끌린다면, 내 삶에서 어느 부분을 포기할 수 있는지 생각해 보기\n\n**한 가지, 명심할 점은 새로운 프로젝트를 추가하면 이 일을 위한 별도의 시간을 다른 곳에서 충당해야 한다는 것입니다. 그러므로 새롭게 집중할 일을 보태고 싶다면, 다른 일에 할애하는 시간을 희생할 필요가 있습니다.**\n\n살면서 여러분은 언제나 “시간을 투자해 달라”는 요구를 여기저기서 많이 받을 것입니다. **바로 그럴 때, 여러분은 무엇이 자신에게 정말로 중요하고, 무엇이 중요하지 않은지를 알아야 합니다. 미리 확고한 경계선을 세워 두지 못하면, 끊임없이 이어지는 요구들로 인해 자유 시간이 조금씩 잘려 나갈 것입니다.** 결국 괴로운 것은 나 자신이라는 이야기입니다.'}, {'user_id': '42lines_', 'posts_count': '28', 'post_text': 'Photo by @42lines_ on July 28, 2024. May be an image of poster, magazine, book and text.', 'post_image': 'https://scontent-ssn1-1.cdninstagram.com/v/t51.29350-15/453130318_1658919724862065_3075291707681259408_n.jpg?stp=dst-jpg_e15&efg=eyJ2ZW5jb2RlX3RhZyI6ImltYWdlX3VybGdlbi4xMDgweDEwODAuc2RyLmYyOTM1MCJ9&_nc_ht=scontent-ssn1-1.cdninstagram.com&_nc_cat=101&_nc_ohc=oM7GcWU7724Q7kNvgFuUICV&gid=8b6a2269c6364b7886d286e35dd6ba9b&edm=AEhyXUkBAAAA&ccb=7-5&ig_cache_key=MzQyMjYyMTk5NzY5MDgxMTgzMA%3D%3D.2-ccb7-5&oh=00_AYBrUPaxzJUYQYdarLX29QhVwE12cXD46xvmMtxu4kzyMw&oe=66AD6563&_nc_sid=8f1549', 'post_datetime': '2024-07-29 13:45:58', 'post_description': '16세기 이후, 피렌체 시청사에는 미켈란젤로가 제작한 〈다비드상〉이 설치되었다. 신흥 국가 피렌체는 주변 강대국들에게 지지 않으려 지혜와 용기로 거인을 쓰러뜨린 다윗을 자국의 상징으로 삼았다.\n\n<처음 읽는 서양 미술사>, 이케가미 히데히로'}, {'user_id': 'euiclee.books', 'posts_count': '28', 'post_text': '🖋️ 내가 유지혜라는 작가와 처음 만난 것은 2년전 <쉬운 천국>이라는 작품이었다. \n\n내용은 정확히 기억나지 않지만 유일하게 기억이 나는 것은 글이 아름다웠다는 것이다. 그리고 2년 만에 이 작품을 접하게 되었다.\n\n에세이를 많이 안 읽어봐서 그런지는 모르겠지만 그래도 유독 글이 아름답다는 느낌을 자주 받았다. 글을 읽다보면 삶에 치어 불안에 휩싸여 있던 나는 사라지고 글과 함께 평화로워졌다\n\n"가끔 그런 책을 만날 때가 있다. 아껴서 읽고 싶은 책. 팩을 사랑하는 마음으로 그런 책들을 꾸준히 만나다 보면 나도 언젠가 그런 책을 쓸 수 있을지도 모른다는 희망이 내게 있다."라는 글귀가 있다. 나는 그에게 말하고 싶다. 그런 책을 쓰셨다고. \n\n나는 책을 아껴읽고 싶다는 느낌을 받은 적은 없었다. 세상에 읽을 책이 너무나도 많기 때문이다. 나는 책을 아껴보기 보다는 여러번 읽는 것을 좋아하는 편이다. 하지만 이 책을 다시한번 읽게 된다면 한줄 한줄 아껴읽고 싶다. \n\n📗 #미워하는미워하는미워하는마음없이 #유지혜 #김영사\n\n🔖 #독서 #북스타그램 #책 #독서스타그램 #행복 #고양이 #여행 #편지 #추억 #기억', 'post_image': 'https://scontent-ssn1-1.cdninstagram.com/v/t51.29350-15/453419751_840592341381365_1623622278895366637_n.jpg?stp=dst-jpg_e15&efg=eyJ2ZW5jb2RlX3RhZyI6ImltYWdlX3VybGdlbi4xMDgweDEwODAuc2RyLmYyOTM1MCJ9&_nc_ht=scontent-ssn1-1.cdninstagram.com&_nc_cat=105&_nc_ohc=W_UKD_ldEx0Q7kNvgGPtuUY&edm=AEhyXUkBAAAA&ccb=7-5&ig_cache_key=MzQyMjkwOTQzMzgyMjAyODM1Mg%3D%3D.2-ccb7-5&oh=00_AYA9XsRttthh10II76uLZeyxHqhbsJCc18sPLwIDHQDNAw&oe=66AD6C20&_nc_sid=8f1549', 'post_datetime': '2024-07-29 23:17:04', 'post_description': '🖋️ 내가 유지혜라는 작가와 처음 만난 것은 2년전 <쉬운 천국>이라는 작품이었다.\n\n내용은 정확히 기억나지 않지만 유일하게 기억이 나는 것은 글이 아름다웠다는 것이다. 그리고 2년 만에 이 작품을 접하게 되었다.\n\n에세이를 많이 안 읽어봐서 그런지는 모르겠지만 그래도 유독 글이 아름답다는 느낌을 자주 받았다. 글을 읽다보면 삶에 치어 불안에 휩싸여 있던 나는 사라지고 글과 함께 평화로워졌다\n\n"가끔 그런 책을 만날 때가 있다. 아껴서 읽고 싶은 책. 팩을 사랑하는 마음으로 그런 책들을 꾸준히 만나다 보면 나도 언젠가 그런 책을 쓸 수 있을지도 모른다는 희망이 내게 있다."라는 글귀가 있다. 나는 그에게 말하고 싶다. 그런 책을 쓰셨다고.\n\n나는 책을 아껴읽고 싶다는 느낌을 받은 적은 없었다. 세상에 읽을 책이 너무나도 많기 때문이다. 나는 책을 아껴보기 보다는 여러번 읽는 것을 좋아하는 편이다. 하지만 이 책을 다시한번 읽게 된다면 한줄 한줄 아껴읽고 싶다.\n\n📗 #미워하는미워하는미워하는마음없이 #유지혜 #김영사\n\n🔖 #독서 #북스타그램 #책 #독서스타그램 #행복 #고양이 #여행 #편지 #추억 #기억'}, {'user_id': 'ai.gi.book', 'posts_count': '30', 'post_text': 'Photo by @ai.gi.book on July 29, 2024. May be an image of book, poster and text.', 'post_image': 'https://scontent-ssn1-1.cdninstagram.com/v/t51.29350-15/453469767_457228620445461_3250098093764206059_n.jpg?stp=dst-jpg_e35&efg=eyJ2ZW5jb2RlX3RhZyI6ImltYWdlX3VybGdlbi4xNDQweDE4MDAuc2RyLmYyOTM1MCJ9&_nc_ht=scontent-ssn1-1.cdninstagram.com&_nc_cat=109&_nc_ohc=48X9xEEonzQQ7kNvgG0gXi2&edm=AEhyXUkBAAAA&ccb=7-5&ig_cache_key=MzQyMjgzNzM1MzEyMTQ3Mjc3NQ%3D%3D.2-ccb7-5&oh=00_AYDBfrZW8FwCqu1I8mKM0XNGkgIPDElLMlnkzXY_o-zWwA&oe=66AD934D&_nc_sid=8f1549', 'post_datetime': '2024-07-29 20:53:50', 'post_description': '사람들이 어떤 대상에 주목하는 시간이 지난 10년 사이 평균 12초에서 8초로 줄었다고 한다. 8초 후에도 시선을 계속 붙잡지 못하면 사람들은 곧바로 다른 곳으로 떠나간다. 연구에 따르면 금붕어가 주의를 기울이는 시간이 9초라고 한다. 그러니 이 연구의 제목도 꽤 그럴싸하게 들린다. “인간의 집중력은 금붕어보다 짧다.”\n \n이 때문에 ‘셀프 마케팅’ 혹은 ‘자기 PR’은 필수라는 말이 당연한 듯 들린다. 스스로를 홍보하지 않으면 아무도 알아주지 않으니까. 스스로 브랜드가 되어야 한다. 자동차, 라면, 세제 같은 상품들이 브랜드로 알려지는 것처럼 그 어떤 사람과도 혼동되지 않는 차별화로 분명한 포지션을 갖춘 브랜드 말이다.\n그렇게 되려면 성공한 여느 브랜드들처럼 호감을 사는 포인트를 가져야 한다. 사람들이 알아서 찾고 열렬히 좋아하게 만드는 특징. 시늉만으로는 안 된다. 특유의 강점이 분명히 드러나야 한다. 외모, 의상, 말투, 표정까지 모두 조화롭게 하나의 브랜드로 각인돼야 한다. 그러기 위해서는 나라는 사람을 상표처럼 극단적으로 단순화시켜야 한다. 인간은 굉장히 복잡한 존재지만, 상표는 인위적으로 만드는 정체성이다. 비슷비슷한 제품들 속에서 B가 아니라 A를 선택할 수 있도록 만든 것이 상표다. 상표가 품질의 균등함을 보장하는 것이다. - <나를 소모하지 않는 현명한 태도에 관하여>, 마티아스 뇔케 - 밀리의 서재\nhttps://www.millie.co.kr/v3/bookDetail/3e7ef0059d214518\n\n인간의 집중력이 금붕어 보다 짧다니'}]
CSV 파일에 데이터 저장 중...
CSV 파일에 데이터 저장 완료
성공/실패 평가 중...
성공한 사람: ['terrys_reading', 'rdnmgo', '42lines_', 'euiclee.books', 'ai.gi.book']
실패한 사람: []
요약 이미지 생성 중...
요약 이미지 생성 완료
포스트 이미지 생성 중...
terrys_reading의 이미지 생성 중...
terrys_reading의 이미지 생성 완료
terrys_reading의 텍스트 이미지 생성 중...
terrys_reading의 텍스트 이미지 생성 완료
rdnmgo의 이미지 생성 중...
rdnmgo의 이미지 생성 완료
rdnmgo의 텍스트 이미지 생성 중...
rdnmgo의 텍스트 이미지 생성 완료
42lines_의 이미지 생성 중...
42lines_의 이미지 생성 완료
42lines_의 텍스트 이미지 생성 중...
42lines_의 텍스트 이미지 생성 완료
euiclee.books의 이미지 생성 중...
euiclee.books의 이미지 생성 완료
euiclee.books의 텍스트 이미지 생성 중...
euiclee.books의 텍스트 이미지 생성 완료
ai.gi.book의 이미지 생성 중...
ai.gi.book의 이미지 생성 완료
ai.gi.book의 텍스트 이미지 생성 중...
ai.gi.book의 텍스트 이미지 생성 완료
포스트 이미지 생성 완료
이미지 업로드 시작...
사진 업로드 중...
새 게시물 버튼 클릭 완료
다음 버튼 클릭 중...
다음 버튼 클릭 완료
다음 버튼 클릭 중...
다음 버튼 클릭 완료
성공/실패 평가 중...
성공한 사람: ['terrys_reading', 'rdnmgo', '42lines_', 'euiclee.books', 'ai.gi.book']
실패한 사람: []
설명 입력 중...
설명 입력 완료
게시물 공유 중...
게시물 공유 완료
사진 업로드 완료
이미지 업로드 완료
드라이버 종료
프로그램 시작
드라이버 설정 중...
드라이버 설정 완료
인스타그램 로그인 시도 중...
로그인 정보 입력 완료
로그인 정보 저장 버튼 클릭 중...
로그인 정보 저장 버튼 클릭 완료
정보 수집 시작...
terrys_reading의 정보 수집 중...
terrys_reading의 게시물에 '더 보기' 버튼 없음
좋아요 버튼을 클릭했습니다.
terrys_reading의 정보 수집 완료
rdnmgo의 정보 수집 중...
rdnmgo의 게시물에 '더 보기' 버튼 없음
좋아요 버튼을 클릭했습니다.
rdnmgo의 정보 수집 완료
42lines_의 정보 수집 중...
42lines_의 게시물에 '더 보기' 버튼 없음
좋아요 버튼을 클릭했습니다.
42lines_의 정보 수집 완료
euiclee.books의 정보 수집 중...
euiclee.books의 게시물에 '더 보기' 버튼 없음
좋아요 버튼을 클릭했습니다.
euiclee.books의 정보 수집 완료
ai.gi.book의 정보 수집 중...
ai.gi.book의 게시물에 '더 보기' 버튼 없음
좋아요 버튼을 클릭했습니다.
ai.gi.book의 정보 수집 완료
정보 수집 완료
[{'user_id': 'terrys_reading', 'posts_count': '28', 'post_text': 'Photo by @terrys_reading on July 30, 2024. May be an image of text.', 'post_image': 'https://scontent-ssn1-1.cdninstagram.com/v/t51.29350-15/453300955_26612269031719740_6240420761120963545_n.jpg?stp=dst-jpg_e15&efg=eyJ2ZW5jb2RlX3RhZyI6ImltYWdlX3VybGdlbi4xMDgweDEwODAuc2RyLmYyOTM1MCJ9&_nc_ht=scontent-ssn1-1.cdninstagram.com&_nc_cat=100&_nc_ohc=OlsMtia5EgEQ7kNvgFpoZKy&edm=AEhyXUkBAAAA&ccb=7-5&ig_cache_key=MzQyMzY1NTE1MDg3ODAyNzY3MA%3D%3D.2-ccb7-5&oh=00_AYA_ZoLbGlYTFSU4EGUMdxYUT-eHTMPY83mNIjCZM-F4rA&oe=66AED7B7&_nc_sid=8f1549', 'post_datetime': '2024-07-30 23:58:39', 'post_description': '�칭키스 칸\n\n1,000년 전이다. 테무진은 양자였고, 아버지는 테무진을 무시했다. 아버지가 죽고, 배다른 장남은 테무진을 멸시하고 모욕했지만, 테무진의 어머니는 이를 용인했다. 테무진은 노예가 되었고, 아내를 약탈당했다.\n\n이런 고난들이 테무진을 각성토록 했다. 기존의 혈연과 문화적 관습으로 인한 부당한 처사를 당했던 테무진은 자신의 제국의 초석을 닦을 때 이를 무시했다. 오로지 사람과 능력에 의해 사람을 썼다.\n\n테무진은 고통의 재현을 막기 위해 제국의 확장을 계획한다.'}, {'user_id': 'rdnmgo', 'posts_count': '30', 'post_text': 'Photo by @rdnmgo on July 29, 2024. May be an image of poster, book, magazine and text.', 'post_image': 'https://scontent-ssn1-1.cdninstagram.com/v/t51.29350-15/453424603_428857853454272_7098014277757383747_n.jpg?stp=dst-jpg_e15&efg=eyJ2ZW5jb2RlX3RhZyI6ImltYWdlX3VybGdlbi43MjB4NzIwLnNkci5mMjkzNTAifQ&_nc_ht=scontent-ssn1-1.cdninstagram.com&_nc_cat=108&_nc_ohc=V200oCeKpVwQ7kNvgHLbvIG&edm=AEhyXUkBAAAA&ccb=7-5&ig_cache_key=MzQyMzMyMDEwMjc4MTQ5NTgwMg%3D%3D.2-ccb7-5&oh=00_AYDdHx6P1PIAUKdoOWtrsv3b9uSHySrN0AIQGWiZy6FDsA&oe=66AEB872&_nc_sid=8f1549', 'post_datetime': '2024-07-30 12:52:59', 'post_description': '## <게으름이 습관이 되기 전에> 4-4 도저히 다 할 수 없을 때\n\n업무가 너무 많아서 일이 부담스러울 정도가 된다면, 압박감을 조금이나마 덜어내기 위해 솔직한 대화를 나눌 필요도 있습니다.\n\n### 상사와의 대화 전략\n\n다음은, 여러분이 회사에서 정말로 중요한 핵심 프로젝트에 매진하고 있다는 것을 직장 상사에게 분명히 알리기 위한 대화 전략입니다. 유용한 순간이 많을 테니 꼭 기억하세요.\n\n#### 맡은 일을 기한보다 빨리 한다\n**회사의 수익에 가장 큰 영향을 미치는 정기 업무가 무엇인지 두세 가지만 찾아내 보세요. 이런 활동들은 여러분이 봉급을 받은 이상 마땅히 처리해야 하는 것들입니다. 그러고 나서 이 핵심 활동들을 방해하는 정기 업무들도 함께 체크해 보세요. 이 업무들을 다른 사람에게 위임하거나 내 일상에서 그냥 제거해 버릴 수 있어야 합니다.**\n\n#### 상사와 만날 시간을 정하고 미팅 이유를 미리 간단히 언급한다\n이는 상사가 나와의 만남을 미리 준비해 유용한 피드백을 제시할 수 있도록 해 줍니다. **그렇게 하지 않을 경우, 자칫 잘못하면 상사에게 앉은 자리에서 즉시 결정을 내려야 하는 문제를 대뜸 내미는 것 같은 인상을 줄 수도 있습니다.**\n\n#### 프로젝트를 잘 따라가기 위해 부단히 애썼다는 것을 인정하면서 대화를 시작한다\n사전에 확인한 대로 중요도 높은 업무 두세 가지에 대해 이야기해 보세요.\n**여러분이 어떤 일에 매일 집중해야 하는지에 관해 두 사람의 의견이 일치할 때까지 계속 의견을 조율하는 과정입니다.**\n\n#### 특정한 프로젝트들과 마구잡이 업무들이 중요한 일에 쏟아야 할 집중력을 갉아먹고 있다는 사실을 이야기한다\n회사에서 집중력이 분산되는 가장 큰 원인은 대체로 회의와 이메일, 끼어드는 업무들입니다. 이런 일들은 시간을 다투는 것처럼 보이겠지만, 보통은 시간 낭비에 가까울 때가 많습니다. 이런 일들 때문에 정말 중요한 활동을 미뤄야 하고요.\n\n### 불평이 아니라 대안 제시\n\n**이 대화 전략으로 효과를 보고 싶다면, 걱정이나 불평은 접어 두고 문제 해결 방법에 집중해야 합니다. 업무가 너무 과중하다는 이야기는 간단히 끝맺고, 몇 가지 대안을 먼저 제시해 보세요.** 다음과 같은 제안은 어떨까요?\n\n● 두세 가지 핵심 업무와 직접적인 관련이 없는 회의는 거른다.\n● 우선 사항과 잘 맞지 않는 업무는 없앤다.\n● 핵심 업무와 무관한 일들은 팀원이나 부하 직원에게 위임한다.\n● 임시 직원이나 신입 사원에게 어시스트를 부탁한다.\n● 특정 업무의 처리 빈도를 줄인다(예컨대, 일간 업무 보고를 주간 업무 보고로, 주간 업무 보고를 월간 업무 보고로 전환한다).\n\n**하지만 여러분은 지금 회사에 가장 큰 이익을 안겨다 줄 활동들에 전력을 다하기 위해 시간을 재조정하려고 노력하는 중입니다. 이 점을 분명히 하세요.**\n\n**중요하지 않은 일들을 없앨 경우, 생산성이 향상된다는 사실을 분명히 입증해 보이세요. 찾아보면 관련 실험이나 사례는 얼마든지 많습니다.**'}, {'user_id': '42lines_', 'posts_count': '29', 'post_text': 'Photo by @42lines_ on July 29, 2024. May be an image of poster, magazine, book and text.', 'post_image': 'https://scontent-ssn1-1.cdninstagram.com/v/t51.29350-15/453280615_1594858824459300_7213922353553647908_n.jpg?stp=dst-jpg_e15&efg=eyJ2ZW5jb2RlX3RhZyI6ImltYWdlX3VybGdlbi4xMDgweDEwODAuc2RyLmYyOTM1MCJ9&_nc_ht=scontent-ssn1-1.cdninstagram.com&_nc_cat=100&_nc_ohc=vSS9o8rH5voQ7kNvgFVQT72&edm=AEhyXUkBAAAA&ccb=7-5&ig_cache_key=MzQyMzI5MDg2OTAwMzc0MDgxMg%3D%3D.2-ccb7-5&oh=00_AYBnhWLJIZ4ISzBRj2mWh-if1p8knLmRXR9cI5pQc0nrYQ&oe=66AEED2C&_nc_sid=8f1549', 'post_datetime': '2024-07-30 11:54:54', 'post_description': '세 박사는 무사히 예수가 있는 곳으로 도착해 각자 선물을 전달했다. 바로 예수의 왕권을 나타내는 ‘황금’, 예수의 신성을 나타내는 ‘유향’, 사체를 보존하기 위한 약이자 예수의 죽음을 암시하는 ‘몰약’이었다.\n이 장면 또한 많은 회화의 주제가 되었다. 그림 속 세 박사는 각각 유럽, 아시아, 아프리카인으로 그려지거나 노년, 장년, 소년 3세대로 그려지는 것이 일반적이다. 이는 모든 인종, 모든 세대의 사람들이 예수를 경배한다는 것, 즉 기독교를 믿는다는 것을 나타낸다.\n\n<처음 읽는 서양 미술사>, 이케가미 히데히로'}, {'user_id': 'euiclee.books', 'posts_count': '29', 'post_text': '🖋️ 이 말은 니체가 한 말이다.\n\n이 글귀를 들어본적은 있었지만 크게 체감하고 살지는 못했었다. 하지만 최근에 히말라야를 다녀온뒤 깨달았다. 나를 죽이지 못하는 것은 나를 더 강하게 만들 뿐이다.\n\n그리고 이를 생각한다면 도전과 실패를 두려워할 이유가 있을까?\n\n📗 #혼자서도스타트업 #조현영 #김영사\n\n🔖 #독서 #북스타그램 #책 #독서스타그램 #도전 #실패 #성공 #극복', 'post_image': 'https://scontent-ssn1-1.cdninstagram.com/v/t51.29350-15/452881044_882102750404348_4874451600021266552_n.jpg?stp=dst-jpg_e15&efg=eyJ2ZW5jb2RlX3RhZyI6ImltYWdlX3VybGdlbi4xMDgweDEwODAuc2RyLmYyOTM1MCJ9&_nc_ht=scontent-ssn1-1.cdninstagram.com&_nc_cat=108&_nc_ohc=AajKpVYc9LgQ7kNvgE5_Mci&edm=AEhyXUkBAAAA&ccb=7-5&ig_cache_key=MzQyMzU4OTYwMjg1MzI4OTg4NQ%3D%3D.2-ccb7-5&oh=00_AYDsXxCTkf3Q3yDMTjxkrF5UPu66rrICd1QLW4GY-ZR36Q&oe=66AED78C&_nc_sid=8f1549', 'post_datetime': '2024-07-30 21:48:26', 'post_description': '🖋️ 이 말은 니체가 한 말이다.\n\n이 글귀를 들어본적은 있었지만 크게 체감하고 살지는 못했었다. 하지만 최근에 히말라야를 다녀온뒤 깨달았다. 나를 죽이지 못하는 것은 나를 더 강하게 만들 뿐이다.\n\n그리고 이를 생각한다면 도전과 실패를 두려워할 이유가 있을까?\n\n📗 #혼자서도스타트업 #조현영 #김영사\n\n🔖 #독서 #북스타그램 #책 #독서스타그램 #도전 #실패 #성공 #극복'}, {'user_id': 'ai.gi.book', 'posts_count': '31', 'post_text': "Photo by @ai.gi.book on July 30, 2024. May be an image of book, poster and text that says '인생을바꾸는자기혁명 인생을 바꾸는 자기 혁명 몰입 확장판 ΝΚ THINKHARD HARD 대한민국에 몰입 열풍'을 대반한국에물임/품을원인자가세발성져의변결간 일으킨 일으킨자기계 자기계발 명저의 명저의완결판 완결판 100만 톡자가 선택한 선택한 베스트셀러 ٦۶ 최장기 연속 최장기 스테디셀러 김미경 정화원 미용규 대길 추첩 최신 자르로 먼개정 완료! 몰입 확장판 인생을 바꾸는 자기 혁명 황농문 알에이치코리아(.Hk) 자기계발 2024.05.14'.", 'post_image': 'https://scontent-ssn1-1.cdninstagram.com/v/t51.29350-15/453493217_1606434779918751_2055360356092607587_n.jpg?stp=dst-jpg_e35&efg=eyJ2ZW5jb2RlX3RhZyI6ImltYWdlX3VybGdlbi4xNDQweDE4MDAuc2RyLmYyOTM1MCJ9&_nc_ht=scontent-ssn1-1.cdninstagram.com&_nc_cat=103&_nc_ohc=sQ5T-ZjAlDQQ7kNvgE1jjXN&edm=AEhyXUkBAAAA&ccb=7-5&ig_cache_key=MzQyMzY0NDA4MDUyODAxNjM0Ng%3D%3D.2-ccb7-5&oh=00_AYAMhqrIhw53wHSKKVGg5gR9qcsw18M-uoijP3_mKPB_1w&oe=66AEE3F8&_nc_sid=8f1549', 'post_datetime': '2024-07-30 23:36:40', 'post_description': '다음은 동일한 학생이 기말고사 준비에 몰입을 적용한 사례다.\n\n다음 주 수요일, 목요일에 시험이 두 과목 있습니다. 연달아 시험이 잡히는 바람에 이번 주는 두 과목에 집중적으로 몰입을 했습니다. 먼저 시험 범위를 쭉 훑은 다음, 앞에서부터 꼼꼼하게 다시 읽으며 완벽하게 이해하기 위해 노력했습니다. 시간은 좀 걸렸지만, 결과적으로 완벽하게 모든 시험 범위를 공부할 수 있었습니다. 공부하고 생각하는 시간을 최대한 많이 확보하려고 노력 중입니다. 처음에는 오랜 시간 끊임없이 생각하는 일이 참 어려웠는데 이제는 그리 힘들지 않습니다. 오히려 생각에 빠져 있다가 문득 오랜 시간이 지났음을 깨달았을 때 매우 보람 있고 즐겁습니다. 무엇보다도 스트레스 없이 즐겁게 시험공부를 한다는 점이 가장 좋은 것 같습니다.\n\n\n\n이처럼 몰입을 활용하면 과정을 즐길 수 있기에 인생의 오르막길에서 결과에 상관없이 항상 성공을 경험할 수 있다. 따라서 몰입이 인생의 방정식을 푸는 열쇠가 될 수 있다. - <몰입 확장판>, 황농문 - 밀리의 서재\nhttps://www.millie.co.kr/v3/bookDetail/503b546390cd4267\n\n몰입을 하여 인생의 방정식을 풀어라'}]
CSV 파일에 데이터 저장 중...
CSV 파일에 데이터 저장 완료
성공/실패 평가 중...
성공한 사람: ['terrys_reading', 'rdnmgo', '42lines_', 'euiclee.books', 'ai.gi.book']
실패한 사람: []
요약 이미지 생성 중...
요약 이미지 생성 완료
포스트 이미지 생성 중...
terrys_reading의 이미지 생성 중...
terrys_reading의 이미지 생성 완료
terrys_reading의 텍스트 이미지 생성 중...
terrys_reading의 텍스트 이미지 생성 완료
rdnmgo의 이미지 생성 중...
rdnmgo의 이미지 생성 완료
rdnmgo의 텍스트 이미지 생성 중...
rdnmgo의 텍스트 이미지 생성 완료
42lines_의 이미지 생성 중...
42lines_의 이미지 생성 완료
42lines_의 텍스트 이미지 생성 중...
42lines_의 텍스트 이미지 생성 완료
euiclee.books의 이미지 생성 중...
euiclee.books의 이미지 생성 완료
euiclee.books의 텍스트 이미지 생성 중...
euiclee.books의 텍스트 이미지 생성 완료
ai.gi.book의 이미지 생성 중...
ai.gi.book의 이미지 생성 완료
ai.gi.book의 텍스트 이미지 생성 중...
ai.gi.book의 텍스트 이미지 생성 완료
포스트 이미지 생성 완료
이미지 업로드 시작...
사진 업로드 중...
새 게시물 버튼 클릭 완료
다음 버튼 클릭 중...
다음 버튼 클릭 완료
다음 버튼 클릭 중...
다음 버튼 클릭 완료
성공/실패 평가 중...
성공한 사람: ['terrys_reading', 'rdnmgo', '42lines_', 'euiclee.books', 'ai.gi.book']
실패한 사람: []
설명 입력 중...
설명 입력 완료
게시물 공유 중...
게시물 공유 완료
사진 업로드 완료
이미지 업로드 완료
드라이버 종료
프로그램 시작
드라이버 설정 중...
드라이버 설정 완료
인스타그램 로그인 시도 중...
로그인 정보 입력 완료
로그인 정보 저장 버튼 클릭 중...
로그인 정보 저장 버튼 클릭 완료
정보 수집 시작...
terrys_reading의 정보 수집 중...
terrys_reading의 게시물에 '더 보기' 버튼 없음
좋아요 버튼을 클릭했습니다.
terrys_reading의 정보 수집 완료
rdnmgo의 정보 수집 중...
rdnmgo의 게시물에 '더 보기' 버튼 없음
좋아요 버튼을 클릭했습니다.
rdnmgo의 정보 수집 완료
42lines_의 정보 수집 중...
42lines_의 게시물에 '더 보기' 버튼 없음
좋아요 버튼을 클릭했습니다.
42lines_의 정보 수집 완료
euiclee.books의 정보 수집 중...
euiclee.books의 게시물에 '더 보기' 버튼 없음
좋아요 버튼을 클릭했습니다.
euiclee.books의 정보 수집 완료
ai.gi.book의 정보 수집 중...
ai.gi.book의 게시물에 '더 보기' 버튼 없음
좋아요 버튼을 클릭했습니다.
ai.gi.book의 정보 수집 완료
정보 수집 완료
[{'user_id': 'terrys_reading', 'posts_count': '29', 'post_text': 'Photo by @terrys_reading on July 31, 2024. May be an image of text.', 'post_image': 'https://scontent-ssn1-1.cdninstagram.com/v/t51.29350-15/453647291_466614349497917_5408404976831892247_n.jpg?stp=dst-jpg_e15&efg=eyJ2ZW5jb2RlX3RhZyI6ImltYWdlX3VybGdlbi4xMDgweDEwODAuc2RyLmYyOTM1MCJ9&_nc_ht=scontent-ssn1-1.cdninstagram.com&_nc_cat=105&_nc_ohc=MF52c8VjSOEQ7kNvgHbVUf5&gid=6e0ee6fbfed645329cb2e149bf2b206e&edm=AEhyXUkBAAAA&ccb=7-5&ig_cache_key=MzQyNDM2NDM1NzU5NjE4MDcyMg%3D%3D.2-ccb7-5&oh=00_AYDd9HrDtKbEZiJA5LNM48cCtHtXFb-Wxf5x_XYUJDwUCQ&oe=66B02312&_nc_sid=8f1549', 'post_datetime': '2024-07-31 23:27:43', 'post_description': '칭키스칸\n\n1. 혈연에 따른 채용 관스을 없애고 충성과 실력에 따른 문화 형성\n2. 복수의 악순환을 끊기 위한 피정복 민족 포섭 정책\n3. 10진법에 의거한 새로운 사회 체계 구축.\n4. 보다 집중적이고 계획적인 약탈 구축\n5. 아이와 과부를 배려한 배분 제도\n6. 다양한 인종, 종교, 관계 포용한 최초의 유목 제국'}, {'user_id': 'rdnmgo', 'posts_count': '31', 'post_text': 'Photo by @rdnmgo on July 30, 2024. May be an image of poster, book, magazine and text.', 'post_image': 'https://scontent-ssn1-1.cdninstagram.com/v/t51.29350-15/453641799_796837292653445_8288817366299592235_n.jpg?stp=dst-jpg_e15&efg=eyJ2ZW5jb2RlX3RhZyI6ImltYWdlX3VybGdlbi43MjB4NzIwLnNkci5mMjkzNTAifQ&_nc_ht=scontent-ssn1-1.cdninstagram.com&_nc_cat=105&_nc_ohc=GrHBvrLZ2KgQ7kNvgH_8Jca&edm=AEhyXUkBAAAA&ccb=7-5&ig_cache_key=MzQyNDA1MjIwNDU1MjUxNTY4NQ%3D%3D.2-ccb7-5&oh=00_AYCqfkoIr1r0eZF_p2uhl7t1d-gE_MAgLubnikzxPntiQw&oe=66B012B8&_nc_sid=8f1549', 'post_datetime': '2024-07-31 13:07:32', 'post_description': '## <게으름이 습관이 되기 전에> 4-5 내 사망 기사는 무슨 내용일까\n\n하지만 여러분의 인생에서 중요한 것이 무엇인지 끊임없이 생각하다 보면, 무언가를 거절하는 것은 전혀 어렵지 않게 될 것입니다.\n\n그중에서도 자기 자신의 사망 기사에 어떤 내용이 실릴지 상상해 보는 것은 매우 유용한 방법입니다. **죽음을 앞두고 있다는 생각이 들면, 모든 것이 부질없이 느껴지면서 내가 당장 무엇을 해야 할지가 명확하게 보일 테니까요.**\n\n### 나 자신은 어떤 사람이었을까\n\n지금 당장, 자신의 사망 기사 내용을 머릿속에 떠올려 보세요.\n\n**목표에 맞게 움직이고 현재 집중하는 일에 어울리지 않는 것을 모두 착실히 거절하기만 하면 됩니다. 그러면 여러분의 사망 기사는 읽어볼 가치가 있을 만큼 흥미롭고 다정한 활동들로 가득할 것입니다.** 이는 여러분이 스스로 만족스러운 인생을 선택하는 지름길이기도 합니다.\n\n오히려 좋은 거절은 장기적으로 상대방과 나의 관계를 더욱 좋게 만들어 줄 것입니다.\n\n## 연습5 - 목표에 맞지 않는 일 전부 거절하기\n\n애초에 미루는 버릇이 생기지 않게 하는 간단한 방법은, 목표에 맞지 않는 임무나 프로젝트, 의무는 무엇이든 단호히 거절하는 것입니다.\n\n다음의 다섯 가지 습관들을 꾸준히 실천한다면 무엇이든 거절할 수 있습니다.\n\n1. 어떤 업무를 끝까지 완수할 가능성이 없다는 걸 알아차렸다면 정중하되 단호하게 거절한다. 상대에게 지금은 온전히 몰두해야 할 우선 프로젝트가 있어 다른 데 한눈을 팔 여력이 없다고 이야기하자.\n2. 도저히 피할 수 없는 의무적인 일들을 확인하고, 중요한 목표나 가치에 추가한다.\n3. 내 시간을 들여야 하는 일이 생길 때마다 현재 집중해야 할 다섯 가지 프로젝트와 비교한다. 그 프로젝트에 맞지 않는 일이라면 용기를 발휘해서 거절하자.\n4. 내가 맡은 프로젝트에 대해 상사에게 이야기하고, 그 일에 관련된 우선 사항들에 대해 확실한 동의를 얻어 낸다.\n5. 그래도 망설여진다면, 스스로에게 이렇게 물어 보자. “내 사망 기사는 어떤 내용일까?” 정말로 중요한 가치가 무엇인지 찾아, 그것들을 기반으로 결정을 내려야 한다.'}, {'user_id': '42lines_', 'posts_count': '30', 'post_text': 'Photo by @42lines_ on July 30, 2024. May be an image of poster, magazine, book and text.', 'post_image': 'https://scontent-ssn1-1.cdninstagram.com/v/t51.29350-15/453229790_1508162159791090_4414707473825249811_n.jpg?stp=dst-jpg_e15&efg=eyJ2ZW5jb2RlX3RhZyI6ImltYWdlX3VybGdlbi4xMDgweDEwODAuc2RyLmYyOTM1MCJ9&_nc_ht=scontent-ssn1-1.cdninstagram.com&_nc_cat=110&_nc_ohc=gvAcGzz9Ei0Q7kNvgHs5e_L&gid=35bb68279cd7406d9cec76992911efe3&edm=AEhyXUkBAAAA&ccb=7-5&ig_cache_key=MzQyNDAxMDY0Mzg4MzAzNTk5MA%3D%3D.2-ccb7-5&oh=00_AYDiRUKdI2Kbh3AmTHlVSWqs3YyJZeZaTRF3HPZm0X9JpA&oe=66B02F14&_nc_sid=8f1549', 'post_datetime': '2024-07-31 11:44:57', 'post_description': '신의 전유물인 불을 훔친 것에 노한 제우스는 프로메테우스를 잡아 영원히 까마귀에게 간을 쪼이는 벌을 줬다. 게다가 제우스는 인류 또한 응징하려 했다. 최초의 인간 여성인 판도라를 만들어, 프로메테우스의 동생 에피메테우스에게 선사했다. 에피메테우스는 그녀를 아내로 삼았는데, 제우스는 판도라가 결혼할 때 “절대 열어서는 안 된다”며 상자를 하나 주었다.\n하지만 판도라는 호기심에 져 상자를 열어버렸다. 그러자 그 안에서 모든 재앙이 튀어나와 인류는 전쟁, 병, 죽음으로 고통받게 되었다.\n\n<처음 읽는 서양 미술사>, 이케가미 히데히로'}, {'user_id': 'euiclee.books', 'posts_count': '30', 'post_text': '🖋️ 이 책도 사실 두번째 읽었다.\n\n흔한 성공 이야기가 아닌 스타트업이 어떻게 시작을 하고 실패를 하는지, 그리고 성공을 향해 나아가는 과정이 어떠한지에 대해 조금은 다른 관점을 볼 수 있었다.\n\n어떻게 보면 너무 단편적인 이야기만 하는 것이 아닌가 하는 생각이 조금 들때도 있었다. 책의 깊이가 조금은 더 깊었으면 하는 아쉬움은 있었지만 그래도 그 이야기 안에서 몇가지의 물음과 인사이트를 발견할 수 있었다.\n\n📗 #혼자서도스타트업 #조현영 #김영사\n\n🔖 #독서 #북스타그램 #책 #독서스타그램 #도전 #실패 #성공 #스타트업 #희망', 'post_image': 'https://scontent-ssn1-1.cdninstagram.com/v/t51.29350-15/452927282_3739508916377091_9218732241846875690_n.jpg?stp=dst-jpg_e15&efg=eyJ2ZW5jb2RlX3RhZyI6ImltYWdlX3VybGdlbi4xMDgweDEwODAuc2RyLmYyOTM1MCJ9&_nc_ht=scontent-ssn1-1.cdninstagram.com&_nc_cat=103&_nc_ohc=Nc6otS6uR8YQ7kNvgE2xuFJ&edm=AEhyXUkBAAAA&ccb=7-5&ig_cache_key=MzQyNDM0MDQ5MjE0NTA1NTU2Ng%3D%3D.2-ccb7-5&oh=00_AYAQqjH6TCQjANcQHikAIyumngnBRUK6Ey0ben6JKUJ6ww&oe=66B02EF8&_nc_sid=8f1549', 'post_datetime': '2024-07-31 22:40:19', 'post_description': '🖋️ 이 책도 사실 두번째 읽었다.\n\n흔한 성공 이야기가 아닌 스타트업이 어떻게 시작을 하고 실패를 하는지, 그리고 성공을 향해 나아가는 과정이 어떠한지에 대해 조금은 다른 관점을 볼 수 있었다.\n\n어떻게 보면 너무 단편적인 이야기만 하는 것이 아닌가 하는 생각이 조금 들때도 있었다. 책의 깊이가 조금은 더 깊었으면 하는 아쉬움은 있었지만 그래도 그 이야기 안에서 몇가지의 물음과 인사이트를 발견할 수 있었다.\n\n📗 #혼자서도스타트업 #조현영 #김영사\n\n🔖 #독서 #북스타그램 #책 #독서스타그램 #도전 #실패 #성공 #스타트업 #희망'}, {'user_id': 'ai.gi.book', 'posts_count': '32', 'post_text': 'Photo by @ai.gi.book on July 31, 2024. May be an image of book, poster and text.', 'post_image': 'https://scontent-ssn1-1.cdninstagram.com/v/t51.29350-15/453631222_847380437482587_5417651649248881977_n.jpg?stp=dst-jpg_e35&efg=eyJ2ZW5jb2RlX3RhZyI6ImltYWdlX3VybGdlbi4xNDQweDE4MDAuc2RyLmYyOTM1MCJ9&_nc_ht=scontent-ssn1-1.cdninstagram.com&_nc_cat=103&_nc_ohc=-rgh1t0sPH4Q7kNvgFsXUDg&edm=AEhyXUkBAAAA&ccb=7-5&ig_cache_key=MzQyNDMzODAyOTg2MTIwNDE2OQ%3D%3D.2-ccb7-5&oh=00_AYClEz4UF1O5HX_hNaLp5u0Fq-6U-Q-ImHSionqNiVI7GQ&oe=66B025A6&_nc_sid=8f1549', 'post_datetime': '2024-07-31 22:35:25', 'post_description': '뉴턴은 “어떻게 만유인력의 법칙을 발견했느냐”는 질문에 “내내 그 생각만 하고 있었으니까”라고 간단하게 대답했다고 한다. 별스러울 것 없이 들리는 이 단순한 대답 속에는 주어진 문제를 해결하는 데 필요한 가장 핵심적인 요소가 깃들어 있다. 뉴턴의 답변에서 ‘생각’은 일반적으로 사람들이 하는 생각과는 의미가 다른, 몰입적인 사고를 뜻한다.\n\n\n뉴턴의 일생을 다룬 『프린키피아의 천재』라는 책에는 그의 독특한 사색 방법이 자세히 소개되어 있다. 뉴턴은 한 가지 문제를 붙잡으면 밥 먹는 것도, 잠자는 것도 잊어버렸다. 접시째 내버려둔 음식 때문에 그의 고양이는 나날이 뚱뚱해졌고, 밤잠을 설치고도 뉴턴 자신은 밤을 새웠다는 것조차 몰랐다고 한다. 특히 밤을 새워 어떤 명제를 발견했을 때는 거기에 만족해 몸이 상하는 것도 모를 정도였다.\n나이가 들어서도 그의 연구열은 식을 줄을 몰랐다. 그를 식탁으로 불러들이려면 식사가 준비되기 30분 전부터 불러대야 했으며, 식탁에 앉아서도 책을 들여다보느라 음식에 손도 대지 않는 일이 허다했다. 심지어 저녁 식사로 차려진 죽이나 달걀을 다음 날 아침으로 먹는 일도 흔했다고 한다. 뉴턴의 몰입적 사고는 한 문제가 풀릴 때까지 몇 개월, 심지어 몇 년 동안이나 지속되었다. 뉴턴은 “다른 사람들도 나만큼 열심히 생각한다면 그들도 비슷한 결과를 얻을 것이다”라고 말했다. 그는 자신의 위대한 업적들이 비범한 지적 재능으로 이룬 것이 아닌, 오랜 기간 생각하고 생각한 몰입으로 이뤄낸 것이라고 보았다.\n몰입적인 사고를 하면 일상도 달라진다. 몰입적인 사고를 하는 삶과 보통의 사교적인 생활이 양립하기란 좀처럼 쉽지 않기 때문이다. 몰입적인 사고를 하면 자신이 하는 일 이외의 세계에 대해서는 관심이 없어진다. 이러한 이유로 사교적인 활동에 관심이 없어지고 대인 관계에서도 문제가 생기게 마련인데, 바로 이것이 몰입적 사고를 하는 사람들이 범하기 쉬운 문제점이고 주의해야 할 점이다. - <몰입 확장판>, 황농문 - 밀리의 서재\nhttps://www.millie.co.kr/v3/bookDetail/503b546390cd4267\n\n뉴턴.. 당신은 어떤 삶을 사신겁니까.\n나도 근데 하나의 문제가 생기면 계속 생각하는 것 같다.\n밥먹을 때, 샤워할때\n\n잠시라도 잊기 위해 러닝이나 운동을 하면 쉬는 느낌이 든다'}]
CSV 파일에 데이터 저장 중...
CSV 파일에 데이터 저장 완료
성공/실패 평가 중...
성공한 사람: ['terrys_reading', 'rdnmgo', '42lines_', 'euiclee.books', 'ai.gi.book']
실패한 사람: []
요약 이미지 생성 중...
요약 이미지 생성 완료
포스트 이미지 생성 중...
terrys_reading의 이미지 생성 중...
terrys_reading의 이미지 생성 완료
terrys_reading의 텍스트 이미지 생성 중...
terrys_reading의 텍스트 이미지 생성 완료
rdnmgo의 이미지 생성 중...
rdnmgo의 이미지 생성 완료
rdnmgo의 텍스트 이미지 생성 중...
rdnmgo의 텍스트 이미지 생성 완료
42lines_의 이미지 생성 중...
42lines_의 이미지 생성 완료
42lines_의 텍스트 이미지 생성 중...
42lines_의 텍스트 이미지 생성 완료
euiclee.books의 이미지 생성 중...
euiclee.books의 이미지 생성 완료
euiclee.books의 텍스트 이미지 생성 중...
euiclee.books의 텍스트 이미지 생성 완료
ai.gi.book의 이미지 생성 중...
ai.gi.book의 이미지 생성 완료
ai.gi.book의 텍스트 이미지 생성 중...
ai.gi.book의 텍스트 이미지 생성 완료
포스트 이미지 생성 완료
이미지 업로드 시작...
사진 업로드 중...
새 게시물 버튼 클릭 완료
다음 버튼 클릭 중...
다음 버튼 클릭 완료
다음 버튼 클릭 중...
다음 버튼 클릭 완료
성공/실패 평가 중...
성공한 사람: ['terrys_reading', 'rdnmgo', '42lines_', 'euiclee.books', 'ai.gi.book']
실패한 사람: []
설명 입력 중...
설명 입력 완료
게시물 공유 중...
게시물 공유 완료
사진 업로드 완료
이미지 업로드 완료
드라이버 종료
프로그램 시작
드라이버 설정 중...
드라이버 설정 완료
인스타그램 로그인 시도 중...
로그인 정보 입력 완료
로그인 정보 저장 버튼 클릭 중...
로그인 정보 저장 버튼 클릭 완료
정보 수집 시작...
terrys_reading의 정보 수집 중...
terrys_reading의 게시물에 '더 보기' 버튼 없음
좋아요 버튼을 클릭했습니다.
terrys_reading의 정보 수집 완료
rdnmgo의 정보 수집 중...
rdnmgo의 게시물에 '더 보기' 버튼 없음
좋아요 버튼을 클릭했습니다.
rdnmgo의 정보 수집 완료
42lines_의 정보 수집 중...
42lines_의 게시물에 '더 보기' 버튼 없음
좋아요 버튼을 클릭했습니다.
42lines_의 정보 수집 완료
euiclee.books의 정보 수집 중...
euiclee.books의 게시물에 '더 보기' 버튼 없음
좋아요 버튼을 클릭했습니다.
euiclee.books의 정보 수집 완료
ai.gi.book의 정보 수집 중...
ai.gi.book의 게시물에 '더 보기' 버튼 없음
좋아요 버튼을 클릭했습니다.
ai.gi.book의 정보 수집 완료
정보 수집 완료
[{'user_id': 'terrys_reading', 'posts_count': '30', 'post_text': 'Photo by @terrys_reading on August 01, 2024. May be an image of text that says \'240801(목) 박미코즈 ・1け4 政 기 o 이료코닝이 기 스 꽃간 우 깨 칸 다 스파게집 "전장에서 병사들은 명령에 복종해야 했다. 하지만 회의에서는 지위가 낯더라도 이해할 수 있을 때까지 설명을 듣고 의견을 제시할 수 있었다" 143P\'.', 'post_image': 'https://scontent-ssn1-1.cdninstagram.com/v/t51.29350-15/453677354_859478512761523_3857026902669668049_n.jpg?stp=dst-jpg_e15&efg=eyJ2ZW5jb2RlX3RhZyI6ImltYWdlX3VybGdlbi4xMDgweDEwODAuc2RyLmYyOTM1MCJ9&_nc_ht=scontent-ssn1-1.cdninstagram.com&_nc_cat=107&_nc_ohc=1qI-tIjO4v8Q7kNvgEktjOV&gid=128397dccf6541f6bf50621c83d14800&edm=AEhyXUkBAAAA&ccb=7-5&ig_cache_key=MzQyNTEwMjM1MzM1NDEyNTU3NA%3D%3D.2-ccb7-5&oh=00_AYB9Y1DSfHedh6nwqaGIHVZb_zLO7NsSGqm7nmCm99w55w&oe=66B19014&_nc_sid=8f1549', 'post_datetime': '2024-08-01 23:53:59', 'post_description': '칭기스 칸\n\n전장에선 복종해야 했다. 하지만, 회의에서는 모든 구성원이 전쟁의 논리를 납득하고 이해해야 했다. 그렇기에, 가장 높은 상급자들의 회의에서부터 가장 낮은 병사들까지 단계별로 회의를 주체하여 모든 구성원들을 설득시키고자 했다.\n\n�몽골족은 금, 여진과 전쟁을 치뤄야 했다. 이들에게 있어 공성전은 새로운 전투였다. 칭키스 칸은 강의 지류를 틀어 수도를 물에 잠기게 하는 비 전통적 전술부터, 초원의 전통적 전술까지 다양한 시도를 했다.\n\n이 중에서 이들은 싸우지 않고 이기기 위해 노력했다. 먼저 공성전을 시작하기 전 모든 성을 둘러싼 마을을 초토화했다. 토착민의 이야기를 듣고 심리전을 펼쳤으며, 가짜 사절을 통해 교란전을 펼치기도 했고, 헛된 이야기를 꾸며 두려움을 고양시키기도 했다.\n\n지형지물에 능숙한 학자들과, 공성전에 필요한 무기를 개발 할 수 있는 기술자들을 포섭하기 위해 노력했다.\n\n이들의 전쟁은 단순한 육탄전이 아니었다. 심리와 정보를 이용한 치밀한 정보전이었다.'}, {'user_id': 'rdnmgo', 'posts_count': '32', 'post_text': 'Photo by @rdnmgo on August 01, 2024. May be an image of poster, book, magazine and text.', 'post_image': 'https://scontent-ssn1-1.cdninstagram.com/v/t51.29350-15/453844494_998662201731011_5103366935129530532_n.jpg?stp=dst-jpg_e15&efg=eyJ2ZW5jb2RlX3RhZyI6ImltYWdlX3VybGdlbi43MjB4NzIwLnNkci5mMjkzNTAifQ&_nc_ht=scontent-ssn1-1.cdninstagram.com&_nc_cat=111&_nc_ohc=5RzxAgT_onkQ7kNvgGTjQY5&gid=65602abdc53f48b2a0373d4fdc8c2e8e&edm=AEhyXUkBAAAA&ccb=7-5&ig_cache_key=MzQyNDk1NTc4MTU0MjE5NDYyMw%3D%3D.2-ccb7-5&oh=00_AYACGvjG-1TTRNPjal6u7rYHABooHBEkq-t1ja9pgRvCIA&oe=66B190EE&_nc_sid=8f1549', 'post_datetime': '2024-08-01 19:02:47', 'post_description': '# <게으름이 습관이 되기 전에> 5단계 주간 계획표와 한 몸이 되라\n\n## <게으름이 습관이 되기 전에> 5-1 큰 돌과 조약돌과 모래 이야기\n\n### 내 항아리에 무엇을 채울 것인가\n\n큰 돌은 여러분이 진행하고 있는 가장 중요한 프로젝트와 일에 해당합니다.\n\n조약돌은 여러분의 인생에서 중요하긴 하지만 없어도 살 수 있는 것들을 나타냅니다.\n\n마지막으로, 모래는 여러분의 인생을 채우는 나머지 요소들과 물질을 의미합니다.\n\n**이 교수의 이야기는, 아주 중요한 사실을 시사합니다. 바로, 모래를 항아리에 먼저 집어넣으면 큰 돌이나 조약돌을 넣을 공간이 없어진다는 것이죠. 중요하지 않은 사소한 일들에 시간을 죄다 낭비해 버린다면 정말로 중요한 것들에 할애할 시간이 사라지는 셈입니다.**\n\n### 조약돌 넣기는 미뤄도 좋아\n\n**당연하지만, 더 효과적이고 효율적인 삶을 살아가기 위해서는 ‘큰 돌’에 주의를 기울여야 합니다. 큰 돌이야말로 여러분에게 장기적으로 행복을 안겨 주는 필수 요소이기 때문입니다. 큰 돌은 여러분이 좋은 경력을 쌓거나 더 건강해지도록 만들어 주는 활동입니다.**\n\n**직장 생활과 일상생활에서 모두 좋은 결과를 얻고 싶다면, 오로지 큰 돌 다섯 개를 가지는 것이 가장 좋습니다.**\n\n**그런 이유에서, 주간 점검을 통해 이 활동들을 실행할 일정을 짜고 이 계획표를 하나의 시스템으로 사용해 여러분이 어디에 전력을 다할 것인지 날마다 결정하길 조언합니다.**\n\n**1주일에 한 번씩(나는 금요일이나 일요일을 선호합니다) 다음 7일을 살펴보고 그동안 성취하고 싶은 활동들의 일정을 계획해 보세요. 그러기 위해서는 이어지는 다섯 가지 행동을 완수해야 합니다.**\n\n## 5-2 행동 수칙1 - 세 가지 질문에 답하기\n\n**주간 점검의 시작은 언제나 몇 분의 시간을 할애해 다음 1주일에 관해 깊이 있게 생각하는 것입니다. 이 시간에는 당면 목표들과 마땅히 주의를 기울여야 하는 일들을 마음으로 검토하면 됩니다. 이를 위해, 다음의 세 가지 기본적인 질문에 대답해 보세요.**\n\n● 내가 개인적으로 지켜야 할 의무는 무엇인가?\n● 내가 우선적으로 실행할 프로젝트는 무엇인가?\n● 내가 가진 시간은 얼마나 되는가?\n\n이 질문들에 대한 대답들은 대단히 중요합니다. 이 대답들이 다음 1주일간 여러분이 목표를 위해 바칠 수 있는 시간이 얼마나 되는지를 결정하기 때문입니다.\n\n**여기서 얻는 교훈은 주간 계획에 수백 가지 활동을 채워 넣으면 절대 안 된다는 것입니다. 이는 부담감을 가중시키는 지름길입니다. 그 대신, 목표와 다섯 가지 핵심 프로젝트에 쏟을 수 있는 현실적인 시간이 어느 정도인지 빨리 파악하고 이를 일찌감치 인정하는 편이 낫습니다.**'}, {'user_id': '42lines_', 'posts_count': '31', 'post_text': 'Photo by @42lines_ on July 31, 2024. May be an image of poster, magazine, book and text.', 'post_image': 'https://scontent-ssn1-1.cdninstagram.com/v/t51.29350-15/453768386_1215379662807027_1006474354173494299_n.jpg?stp=dst-jpg_e15&efg=eyJ2ZW5jb2RlX3RhZyI6ImltYWdlX3VybGdlbi4xMDgweDEwODAuc2RyLmYyOTM1MCJ9&_nc_ht=scontent-ssn1-1.cdninstagram.com&_nc_cat=103&_nc_ohc=W0qRAkSo9KQQ7kNvgFelqDn&edm=AEhyXUkBAAAA&ccb=7-5&ig_cache_key=MzQyNDg0NDU2OTAzNTc5MDg5Ng%3D%3D.2-ccb7-5&oh=00_AYBCNlXW04r65GFdAfd-yybPbUwRJCOqfS7Bx-nZyo5ULQ&oe=66B16F01&_nc_sid=8f1549', 'post_datetime': '2024-08-01 15:21:49', 'post_description': '여신들은 각자 파리스에게 뇌물을 건네지만, 마지막에 선택된 신은 ‘세계 제일의 인간 미녀 헬레네와 맺어주겠다’라는 조건을 내건 비너스다. 이 이야기가 바로 ‘파리스의 심판’이다.\n파리스는 약속대로 헬레네를 아내로 맞이하지만, 사실 그녀는 스파르타의 왕 메넬라오스의 왕비다. 분노한 메넬라오스는 아내를 돌려받기 위해 트로이에 병사를 보낸다. 이게 바로 트로이 전쟁의 서막이다.\n\n<처음 읽는 서양 미술사>, 이케가미 히데히로'}, {'user_id': 'euiclee.books', 'posts_count': '31', 'post_text': '🖋️ Just do it.\n\n똑같은 행동을 계속 반복하면서 다른 결과가 나오기만을 기대하는 것은 터무니없는 기대이다. 새로운 무언가를 시도해 봐야 하며, 원하는 답을 찾을 때까지 계속해야만 한다.\n\n너무나 작은 일이지만 하기 싫고 귀찮고 뒤로 미루고 싶은 날들이 너무나도 많다. 하지만 비록 작은 일일지라도 오늘 취할 수있는 행동에 초점을 맞춰야 조금씩 성장 할 수 있다. 하기 싫다고 그냥 미루기만 하면 나는 영원히 제자리에 머무르고 말 것이다. \n\n📗 #거인이보낸편지 #토니로빈스 #알에이치코리아 \n\n🔖 #독서 #북스타그램 #책 #독서스타그램 #도전 #실패 #꾸준함 #성실 #자기계발', 'post_image': 'https://scontent-ssn1-1.cdninstagram.com/v/t51.29350-15/453582526_1046573063757877_1429329203865797854_n.jpg?stp=dst-jpg_e15&efg=eyJ2ZW5jb2RlX3RhZyI6ImltYWdlX3VybGdlbi4xMDgweDEwODAuc2RyLmYyOTM1MCJ9&_nc_ht=scontent-ssn1-1.cdninstagram.com&_nc_cat=101&_nc_ohc=CX-ELxg1T9gQ7kNvgHORLvX&gid=805e57aee6024e72a5382025aef04350&edm=AEhyXUkBAAAA&ccb=7-5&ig_cache_key=MzQyNTA1MjA1MjE3ODAwNTQ5Mg%3D%3D.2-ccb7-5&oh=00_AYD9FRZn5o6-B0fmKAUQ4ksc74F1XJbC2Sh5Eo6d-k84BA&oe=66B16880&_nc_sid=8f1549', 'post_datetime': '2024-08-01 22:14:04', 'post_description': '🖋️ Just do it.\n\n똑같은 행동을 계속 반복하면서 다른 결과가 나오기만을 기대하는 것은 터무니없는 기대이다. 새로운 무언가를 시도해 봐야 하며, 원하는 답을 찾을 때까지 계속해야만 한다.\n\n너무나 작은 일이지만 하기 싫고 귀찮고 뒤로 미루고 싶은 날들이 너무나도 많다. 하지만 비록 작은 일일지라도 오늘 취할 수있는 행동에 초점을 맞춰야 조금씩 성장 할 수 있다. 하기 싫다고 그냥 미루기만 하면 나는 영원히 제자리에 머무르고 말 것이다.\n\n📗 #거인이보낸편지 #토니로빈스 #알에이치코리아\n\n🔖 #독서 #북스타그램 #책 #독서스타그램 #도전 #실패 #꾸준함 #성실 #자기계발'}, {'user_id': 'ai.gi.book', 'posts_count': '33', 'post_text': 'Photo by @ai.gi.book on August 01, 2024. May be an image of book, poster and text.', 'post_image': 'https://scontent-ssn1-1.cdninstagram.com/v/t51.29350-15/453633936_1471244403596323_4320995974384410652_n.jpg?stp=dst-jpg_e35&efg=eyJ2ZW5jb2RlX3RhZyI6ImltYWdlX3VybGdlbi4xNDQweDE4MDAuc2RyLmYyOTM1MCJ9&_nc_ht=scontent-ssn1-1.cdninstagram.com&_nc_cat=107&_nc_ohc=MNUDRgVAD9kQ7kNvgEtR3oW&gid=1b82e5c5698c4ad2987c922a8fc0f5b0&edm=AEhyXUkBAAAA&ccb=7-5&ig_cache_key=MzQyNTA5ODE5MDA4MzE2OTg0Mg%3D%3D.2-ccb7-5&oh=00_AYBSnNVp7jW3Sly6II5ujjQtLgXNPhQFZTTEkSRz57ytIg&oe=66B1877A&_nc_sid=8f1549', 'post_datetime': '2024-08-01 23:45:43', 'post_description': '몰입적 사고를 통해 놀라운 성취를 일궈낸 인물들은 학문의 영역에만 존재하는 것이 아니다. 연구 개발, 비즈니스의 영역에서도 몰입적 사고를 통해 혁명과도 같은 발전을 이끌어낸 인물들이 있다. ‘21세기를 대표하는 혁신의 아이콘’, 애플의 창업자 스티브 잡스Steve Jobs가 대표적이다. 스티브 잡스는 애플을 창업하기 전인 1974년, 당시 비디오 게임 회사로 유명했던 아타리Atari에 엔지니어로 입사한다. 잡스는 입사한 첫날에 당시 아타리의 대표였던 놀란 부시넬에게 회사의 보안 장치를 해제해달라고 요구했다. 사무실에서 잠을 자며 밤에도 일을 하고 싶었기 때문이다. 당시 아타리는 사무실에서 밤을 새우는 것을 원칙적으로 금지하고 있었다. 결국 놀란 부시넬은 잡스가 밤에도 회사에서 자면서 일에 몰두할 수 있도록 허락한다. 이후 잡스는 2년간 게임 개발에 매달린 끝에 비디오 게임 회사로서 아타리의 명성을 빛나게 한 게임을 만들어낸다. 오늘날 벽돌 깨기 게임의 원조인 ‘브레이크아웃Break Out’이라는 게임은 잡스가 아타리에서 몰입적 사고를 통해 만들어낸 결과물이다. - <몰입 확장판>, 황농문 - 밀리의 서재\nhttps://www.millie.co.kr/v3/bookDetail/503b546390cd4267\n\n스티브 잡스... 맨날 밤샜구나 회사에서..'}]
CSV 파일에 데이터 저장 중...
CSV 파일에 데이터 저장 완료
성공/실패 평가 중...
성공한 사람: ['terrys_reading', 'rdnmgo', '42lines_', 'euiclee.books', 'ai.gi.book']
실패한 사람: []
요약 이미지 생성 중...
요약 이미지 생성 완료
포스트 이미지 생성 중...
terrys_reading의 이미지 생성 중...
terrys_reading의 이미지 생성 완료
terrys_reading의 텍스트 이미지 생성 중...
terrys_reading의 텍스트 이미지 생성 완료
rdnmgo의 이미지 생성 중...
rdnmgo의 이미지 생성 완료
rdnmgo의 텍스트 이미지 생성 중...
rdnmgo의 텍스트 이미지 생성 완료
42lines_의 이미지 생성 중...
42lines_의 이미지 생성 완료
42lines_의 텍스트 이미지 생성 중...
42lines_의 텍스트 이미지 생성 완료
euiclee.books의 이미지 생성 중...
euiclee.books의 이미지 생성 완료
euiclee.books의 텍스트 이미지 생성 중...
euiclee.books의 텍스트 이미지 생성 완료
ai.gi.book의 이미지 생성 중...
ai.gi.book의 이미지 생성 완료
ai.gi.book의 텍스트 이미지 생성 중...
ai.gi.book의 텍스트 이미지 생성 완료
포스트 이미지 생성 완료
이미지 업로드 시작...
사진 업로드 중...
새 게시물 버튼 클릭 완료
다음 버튼 클릭 중...
다음 버튼 클릭 완료
다음 버튼 클릭 중...
다음 버튼 클릭 완료
성공/실패 평가 중...
성공한 사람: ['terrys_reading', 'rdnmgo', '42lines_', 'euiclee.books', 'ai.gi.book']
실패한 사람: []
설명 입력 중...
설명 입력 완료
게시물 공유 중...
게시물 공유 완료
사진 업로드 완료
이미지 업로드 완료
드라이버 종료
프로그램 시작
드라이버 설정 중...
드라이버 설정 완료
인스타그램 로그인 시도 중...
로그인 정보 입력 완료
로그인 정보 저장 버튼 클릭 중...
로그인 정보 저장 버튼 클릭 완료
정보 수집 시작...
terrys_reading의 정보 수집 중...
terrys_reading의 게시물에 '더 보기' 버튼 없음
좋아요 버튼을 클릭했습니다.
terrys_reading의 정보 수집 완료
rdnmgo의 정보 수집 중...
rdnmgo의 게시물에 '더 보기' 버튼 없음
좋아요 버튼을 클릭했습니다.
rdnmgo의 정보 수집 완료
42lines_의 정보 수집 중...
42lines_의 게시물에 '더 보기' 버튼 없음
좋아요 버튼을 클릭했습니다.
42lines_의 정보 수집 완료
euiclee.books의 정보 수집 중...
euiclee.books의 게시물에 '더 보기' 버튼 없음
좋아요 버튼을 클릭했습니다.
euiclee.books의 정보 수집 완료
ai.gi.book의 정보 수집 중...
ai.gi.book의 게시물에 '더 보기' 버튼 없음
좋아요 버튼을 클릭했습니다.
ai.gi.book의 정보 수집 완료
정보 수집 완료
[{'user_id': 'terrys_reading', 'posts_count': '31', 'post_text': 'Photo by @terrys_reading on August 02, 2024. May be an image of poster and text.', 'post_image': 'https://scontent-ssn1-1.cdninstagram.com/v/t51.29350-15/453711093_2164688353911944_8232342422008227147_n.jpg?stp=dst-jpg_e15&efg=eyJ2ZW5jb2RlX3RhZyI6ImltYWdlX3VybGdlbi4xMDgweDEwODAuc2RyLmYyOTM1MCJ9&_nc_ht=scontent-ssn1-1.cdninstagram.com&_nc_cat=108&_nc_ohc=jObEhOh-X50Q7kNvgFndKLn&gid=33cb065d6f064b83b1d78d48c385256e&edm=AEhyXUkBAAAA&ccb=7-5&ig_cache_key=MzQyNTgyNDIwNjgyMTUxNTYxOQ%3D%3D.2-ccb7-5&oh=00_AYCUla5CmFnVnY_JuiRzjThqEOU4ViZsTtcmeTihSuLduw&oe=66B2D39E&_nc_sid=8f1549', 'post_datetime': '2024-08-02 23:48:11', 'post_description': '칭기스칸, 잠든 유럽을 꺠우다.\n\n왜 칸은 농민들의 경작지를 짓밟았을까? 농작물은 기병의 이동을 방해하기에 길을 뚫기 위한 목적이 하나가 있었다. 또한, 농작지가 있는 땅을 밟아 없애 목초지가 되게 하고 동물들이 몰려들게 끔 하여, 훗날 다시 전장을 찾을 때를 위한 기반을 마련해놓았다.\n\n몽골군은 오로지 기병만으로 구성되었으며, 많은 짐을 필요로 하지 않았다. 그들의 식사는 그들이 모는 말의 피와, 고기로 이루어졌으며 질긴 생고기는 안장 밑에 넣고 달리면 씹을 수 있게 되었다. 그렇기에 보급의 안정성 측면과 속도 측면에서도 타 군의 추종을 불허했다.\n\n칭키스 칸의 무슬림 지방, 중동 정벌은 몽골을 사치에 빠져들게 하였다. 모든 아이들이 비단 옷에 향수를 바르며 사치에 젖어들었다. 이는 칭키즈 칸 사후 칸에 등극한 우부데이로 하여금 원정을 떠나게 하는 가장 큰 원인이 되었다. 이미 대중은 향락에 익숙해졌다.\n\n그렇기에 그 이후 발생한 몽골의 유럽 침공과 송 침공은 영토 정복과 전쟁 승리의 목적 보다는 약탈의 목적에 가까웠으며, 사치품을 필요로 하는 경향이 컸따.'}, {'user_id': 'rdnmgo', 'posts_count': '33', 'post_text': 'Photo by @rdnmgo on August 02, 2024. May be an image of poster, book, magazine and text.', 'post_image': 'https://scontent-ssn1-1.cdninstagram.com/v/t51.29350-15/453700894_500899322489315_6349741454904949021_n.jpg?stp=dst-jpg_e15&efg=eyJ2ZW5jb2RlX3RhZyI6ImltYWdlX3VybGdlbi43MjB4NzIwLnNkci5mMjkzNTAifQ&_nc_ht=scontent-ssn1-1.cdninstagram.com&_nc_cat=111&_nc_ohc=M38cbsgvX9QQ7kNvgECle2w&gid=fffd9c2a2b164001ab5791e1b36e3bfb&edm=AEhyXUkBAAAA&ccb=7-5&ig_cache_key=MzQyNTY4OTg2OTkwMzI3MzAxNQ%3D%3D.2-ccb7-5&oh=00_AYDDQFwkn2171U6XqN6eWe22vQvcCVDIB1JRx6iQq3sVdA&oe=66B2DC09&_nc_sid=8f1549', 'post_datetime': '2024-08-02 19:21:17', 'post_description': '## <게으름이 습관이 되기 전에> 5-3 행동 수칙2 - 80 대 20 법칙 적용하기\n\n성과의 80퍼센트가 20퍼센트의 노력으로 이루어진다는 것입니다. 즉, 20퍼센트에 해당하는 소수의 인원에 의해 전체의 성과가 좌우된다는 이야기입니다.\n\n**이 법칙은 지금 우리가 연습하고 있는 ‘미루는 버릇 뿌리 뽑기’에도 적용될 수 있습니다. 중요한 결과를 만들어 내는 행동들에 전적으로 집중하고 나머지 것은 적극적으로 무시하는 방식으로 일정을 계획하면 되는 것입니다.**\n\n### 점검을 위한 핵심 질문들\n\n주간 점검 시간에는 잠시 시간을 내어 다음 몇 가지 질문에 대해 신중하게 생각해 보세요.\n\n● 어떤 업무가 내 문제와 불행의 80퍼센트를 불러일으키는가?\n● 어떤 핵심 활동이 내 경력에 가장 큰 영향을 미치는가?\n● 어떤 경험이 내 성취와 행복의 80퍼센트를 일구는가?\n● 어떤 사람이 내 즐거움과 진정한 소속감의 80퍼센트를 불러일으키는가?\n● 나를 화나고 불만스럽게 만드는 20퍼센트의 사람은 누구인가?\n● 어떤 습관이 내 효율성과 능률의 80퍼센트를 만들어 내는가?\n\n매주 이 질문들을 던질 필요는 없습니다. **하지만 주간 계획을 세울 때면 마음 한구석에 이 질문들을 항상 간직하고 있어야 합니다. 혹여 바빠지거든, 한 가지 단순한 질문을 통해 이 과정을 간소화할 수 있습니다.**\n\n**“이 업무는 내가 다섯 가지 목표 중 하나에 쏟아붓는 집중력에 도움이 되는가, 아니면 방해가 되는가?”**\n\n우리의 시간은 한정된 자원입니다. 시간을 낭비하는 활동에 1분을 할애할 때마다 여러분의 목표에 투자할 시간이 1분 줄어든다고 생각해 보세요. 무언가가 내 중요한 목표를 위한 시간을 앗아간다는 느낌이 들거든 어떤 희생을 치르더라도 그 일을 피해야 합니다.\n\n다른 사람들의 우선 사항을 여러분의 우선 사항으로 만들어선 안 됩니다.\n\n## 행동 수칙4 - 테마 데이 만들기\n\n**덩어리 시간을 확보해 캘린더에 표시하는 작업을 한 차원 더 발전시키고 싶다면, 주간 계획표를 만들어서 같은 종류의 활동을 묶어 좀 더 긴 덩어리 시간을 할당하고 여기에 집중하는 것도 괜찮습니다. 이것을 ‘일괄 처리’라고 부릅니다.**\n\n**일괄 처리의 가장 큰 이점은, 지나치게 많은 업무를 할 일 목록에 적는 바람에 생기는 스트레스를 없앨 수 있다는 점입니다.** 모든 일을 하루에 해결하려고 끙끙대지 말고, 매주 별도의 시간을 마련해 오로지 비슷한 업무들에 집중해 보자고요.\n\n### 일괄 처리는 이렇게\n\n일괄 처리에 포함할 수 있는 일들에는 어떤 것이 있을까요? 흔히 ‘잡일’로 분류되는 그런 종류의 일이 될 수 있습니다.\n\n물론 잡일뿐 아니라, 한 덩어리로 묶을 수 있는 일들이 있다면 그렇게 해도 좋습니다. **성격이 비슷하거나 정기적으로 수행해야 하는 일들이 여기에 해당될 수 있을 것입니다.**\n\n### 테마 데이로 일하기\n\n**일괄 처리 계획을 한 단계 진척시키고 싶다면, 이른바 ‘테마 데이’를 만들어도 좋습니다. 테마 데이는 직장과 관련된 다수의 카테고리를 만든 다음, 매주 오직 이 활동들에만 집중할 수 있는 덩어리 시간을 설정해 만들 수 있습니다.** 선택과 집중을 위한 덩어리 시간은 한 가지 활동을 위해 할애되는 하루의 일부 또는 온종일이 되기도 합니다.\n\n이제 내가 평소 한 주를 어떻게 보내는지 그 사례를 보여드리겠습니다.\n\n● 월요일: 글쓰기(일상적인 습관 이외에 추가로 글 더 쓰기)\n● 화요일: 책 마케팅\n● 수요일: 대담과 인터뷰\n● 목요일: 블로그 최적화\n● 금요일: 글쓰기와 행정 업무\n● 토요일: 가족과 보내는 시간\n● 일요일: 가족과 보내는 시간\n\n테마 데이의 장점은 여러분이 자주 느끼는 스트레스를 상당히 많이 없애 준다는 것입니다.'}, {'user_id': '42lines_', 'posts_count': '32', 'post_text': 'Photo by @42lines_ on August 01, 2024. May be an illustration of 1 person, poster, book, magazine and text.', 'post_image': 'https://scontent-ssn1-1.cdninstagram.com/v/t51.29350-15/453878376_2920237228126996_87465414851441476_n.jpg?stp=dst-jpg_e15&efg=eyJ2ZW5jb2RlX3RhZyI6ImltYWdlX3VybGdlbi4xMDgweDEwODAuc2RyLmYyOTM1MCJ9&_nc_ht=scontent-ssn1-1.cdninstagram.com&_nc_cat=104&_nc_ohc=X7_JwSLtLtwQ7kNvgEmbeRH&gid=4646b0a20c4c435db29d4e482ac14a12&edm=AEhyXUkBAAAA&ccb=7-5&ig_cache_key=MzQyNTQ0Njk5ODI0NDcxMTYyOQ%3D%3D.2-ccb7-5&oh=00_AYDg1P2WoDCm3Q22PJoiC9y9l7Vr2u2nQnka_KAbBIGx8Q&oe=66B2AD4F&_nc_sid=8f1549', 'post_datetime': '2024-08-02 11:18:44', 'post_description': '이윽고 롱아일랜드에 동이 텄다. 우리는 아래층을 돌아다니며 나머지 창들도 모두 열어젖혀, 잿빛으로 변했다가 황금빛으로 변하는 햇빛을 집 안에 가득히 채웠다. 나무 그림자 하나가 별안간 이슬을 가로질렀고, 유령 같은 새들이 푸른 나뭇잎 사이에서 지저귀기 시작했다. 대기 속에서 바람이라고도 할 수 없는 느리고 상쾌한 움직임이 일어나 이날의 날씨가 시원하고 화창하리라는 것을 약속해주었다.\n\n<위대한 개츠비>, F.스콧피츠제럴드'}, {'user_id': 'euiclee.books', 'posts_count': '32', 'post_text': '🖋️ "얼마나 많은 사람들이 백미러를 바라보며 미래를 향해 운전해 나아가고 있는가."\n\n그렇다 운전할 때 백미러만 바라보면서 앞으로 운전을 하는 사람이 어디에 있겠는가. 앞으로 나아가려면 앞을 바라보고 현재 운전하고 있는 것에 집중해야한다.\n\n백미러는 앞으로 나아갈 때 혹시나 모를 위험에 대비에 보는 것이다. 과거를 무시한채 앞으로 나아갈 수는 없겠지만 그럼에도 가장 중요한 것은 현재다. 현재 내가 무엇을 하는지에 따라 미래가 결정되기 때문이다.\n\n📗 #거인이보낸편지 #토니로빈스 #알에이치코리아\n\n🔖 #독서 #북스타그램 #책 #독서스타그램 #자기계발 #현재 #미래 #과거', 'post_image': 'https://scontent-ssn1-1.cdninstagram.com/v/t51.29350-15/451292104_7941120539269486_7664454785247349973_n.jpg?stp=dst-jpg_e15&efg=eyJ2ZW5jb2RlX3RhZyI6ImltYWdlX3VybGdlbi4xMDgweDEwODAuc2RyLmYyOTM1MCJ9&_nc_ht=scontent-ssn1-1.cdninstagram.com&_nc_cat=110&_nc_ohc=f1Hp6Q0GbmoQ7kNvgGZp9Iq&gid=387ba531e0ca4e4cb8aa09024871f005&edm=AEhyXUkBAAAA&ccb=7-5&ig_cache_key=MzQyNTc4NTQyNTI1OTMxMjE5NQ%3D%3D.2-ccb7-5&oh=00_AYCRaHO1_yjJmkmRfDnsNbA7Aw2lznX0DAKMhRvKZA0ihg&oe=66B2B184&_nc_sid=8f1549', 'post_datetime': '2024-08-02 22:31:09', 'post_description': '🖋️ "얼마나 많은 사람들이 백미러를 바라보며 미래를 향해 운전해 나아가고 있는가."\n\n그렇다 운전할 때 백미러만 바라보면서 앞으로 운전을 하는 사람이 어디에 있겠는가. 앞으로 나아가려면 앞을 바라보고 현재 운전하고 있는 것에 집중해야한다.\n\n백미러는 앞으로 나아갈 때 혹시나 모를 위험에 대비에 보는 것이다. 과거를 무시한채 앞으로 나아갈 수는 없겠지만 그럼에도 가장 중요한 것은 현재다. 현재 내가 무엇을 하는지에 따라 미래가 결정되기 때문이다.\n\n📗 #거인이보낸편지 #토니로빈스 #알에이치코리아\n\n🔖 #독서 #북스타그램 #책 #독서스타그램 #자기계발 #현재 #미래 #과거'}, {'user_id': 'ai.gi.book', 'posts_count': '34', 'post_text': "Photo by @ai.gi.book on August 02, 2024. May be an image of book, poster and text that says '인생을바꾸는자기혁명 인생을 바꾸는 자기 혁명 몰입 확장판 ΝΚ THINKHARD HARD 대한민국에 몰입 열풍'을 대반한국에물임/품을원인자가세발성져의변결간 일으킨 일으킨자기계 자기계발 명저의 명저의완결판 완결판 100만 톡자가 선택한 선택한 베스트셀러 ٦۶ 최장기 연속 최장기 스테디셀러 김미경 정화원 미용규 대길 추첩 최신 자르로 먼개정 완료! 몰입 확장판 인생을 바꾸는 자기 혁명 황농문 알에이치코리아(.Hk) 자기계발 2024.05.14'.", 'post_image': 'https://scontent-ssn1-1.cdninstagram.com/v/t51.29350-15/453807798_809380274512745_2953123332664337105_n.jpg?stp=dst-jpg_e35&efg=eyJ2ZW5jb2RlX3RhZyI6ImltYWdlX3VybGdlbi4xNDQweDE4MDAuc2RyLmYyOTM1MCJ9&_nc_ht=scontent-ssn1-1.cdninstagram.com&_nc_cat=105&_nc_ohc=_RLuZJA8F44Q7kNvgEMou9-&gid=292671fca7ce46a5b86bb3103c2e5ef5&edm=AEhyXUkBAAAA&ccb=7-5&ig_cache_key=MzQyNTgyNjA4NTg5ODQ5NjEyMg%3D%3D.2-ccb7-5&oh=00_AYCvQFzibWL7b0md4Ix3adxq95n902EuQO38SGoMFNSHlg&oe=66B2B654&_nc_sid=8f1549', 'post_datetime': '2024-08-02 23:51:55', 'post_description': '일론 머스크는 자신의 사업이 위기에 처했을 때는 일주일에 120시간씩 일한다고도 한다. 물론 이는 창업을 꿈꾸는 이들을 대상으로 한 조언인 만큼 자기 사업을 하기 위해서는 그만큼 집중적으로 시간을 투자해야 한다는 의미일 것이다. 하지만 일론 머스크의 이 조언에서 ‘자기 사업’이라는 말을 ‘자신이 당면한 가장 중요한 문제’로 바꾸면, 회사를 운영하는 사람들뿐만 아니라 자기만의 삶을 살아가는 모든 사람에게 유의미한 조언으로 확장해 적용할 수 있다. 즉, 자신이 중요하다고 생각한 문제를 풀고, 자기만의 답에 이르기 위해서는 그 하나의 문제에 고도로 집중해야 한다는 것이다. 그는 한 인터뷰에서 좋아하는 일을 하다 보면 그 일을 하지 않을 때에도 그것에 대한 생각이 떠오른다고 말했는데, 이는 깊은 몰입을 할 때 나타나는 전형적인 증상이다. 일론 머스크는 자신의 신념을 실현시키기 위해 고도로 집중한 결과, 모두가 헛된 망상으로만 치부했던 일들을 현실로 이루어냈다. 전기차 시대의 새로운 장을 열어젖힌 것(테슬라), 민간 기업으로서는 최초로 유인 우주선 발사에 성공한 것(스페이스 X) 등이 대표적인 사례다. - <몰입 확장판>, 황농문 - 밀리의 서재\nhttps://www.millie.co.kr/v3/bookDetail/503b546390cd4267\n\n주에 120시간씩 일해야 위기를 넘길까 말까한다'}]
CSV 파일에 데이터 저장 중...
CSV 파일에 데이터 저장 완료
성공/실패 평가 중...
성공한 사람: ['terrys_reading', 'rdnmgo', '42lines_', 'euiclee.books', 'ai.gi.book']
실패한 사람: []
요약 이미지 생성 중...
요약 이미지 생성 완료
포스트 이미지 생성 중...
terrys_reading의 이미지 생성 중...
terrys_reading의 이미지 생성 완료
terrys_reading의 텍스트 이미지 생성 중...
terrys_reading의 텍스트 이미지 생성 완료
rdnmgo의 이미지 생성 중...
rdnmgo의 이미지 생성 완료
rdnmgo의 텍스트 이미지 생성 중...
rdnmgo의 텍스트 이미지 생성 완료
42lines_의 이미지 생성 중...
42lines_의 이미지 생성 완료
42lines_의 텍스트 이미지 생성 중...
42lines_의 텍스트 이미지 생성 완료
euiclee.books의 이미지 생성 중...
euiclee.books의 이미지 생성 완료
euiclee.books의 텍스트 이미지 생성 중...
euiclee.books의 텍스트 이미지 생성 완료
ai.gi.book의 이미지 생성 중...
ai.gi.book의 이미지 생성 완료
ai.gi.book의 텍스트 이미지 생성 중...
ai.gi.book의 텍스트 이미지 생성 완료
포스트 이미지 생성 완료
이미지 업로드 시작...
사진 업로드 중...
새 게시물 버튼 클릭 완료
다음 버튼 클릭 중...
다음 버튼 클릭 완료
다음 버튼 클릭 중...
다음 버튼 클릭 완료
성공/실패 평가 중...
성공한 사람: ['terrys_reading', 'rdnmgo', '42lines_', 'euiclee.books', 'ai.gi.book']
실패한 사람: []
설명 입력 중...
설명 입력 완료
게시물 공유 중...
게시물 공유 완료
사진 업로드 완료
이미지 업로드 완료
드라이버 종료
프로그램 시작
드라이버 설정 중...
드라이버 설정 완료
인스타그램 로그인 시도 중...
로그인 정보 입력 완료
로그인 정보 저장 버튼 클릭 중...
로그인 정보 저장 버튼 클릭 완료
정보 수집 시작...
terrys_reading의 정보 수집 중...
terrys_reading의 게시물에 '더 보기' 버튼 없음
좋아요 버튼을 클릭했습니다.
terrys_reading의 정보 수집 완료
rdnmgo의 정보 수집 중...
rdnmgo의 게시물에 '더 보기' 버튼 없음
좋아요 버튼을 클릭했습니다.
rdnmgo의 정보 수집 완료
42lines_의 정보 수집 중...
42lines_의 게시물에 '더 보기' 버튼 없음
좋아요 버튼을 클릭했습니다.
42lines_의 정보 수집 완료
euiclee.books의 정보 수집 중...
euiclee.books의 게시물에 '더 보기' 버튼 없음
좋아요 버튼을 클릭했습니다.
euiclee.books의 정보 수집 완료
ai.gi.book의 정보 수집 중...
ai.gi.book의 게시물에 '더 보기' 버튼 없음
좋아요 버튼을 클릭했습니다.
ai.gi.book의 정보 수집 완료
정보 수집 완료
[{'user_id': 'terrys_reading', 'posts_count': '32', 'post_text': 'Photo by @terrys_reading on August 03, 2024. May be an image of text.', 'post_image': 'https://scontent-ssn1-1.cdninstagram.com/v/t51.29350-15/454026716_461280006716005_906619083858538971_n.jpg?stp=dst-jpg_e15&efg=eyJ2ZW5jb2RlX3RhZyI6ImltYWdlX3VybGdlbi4xMDgweDEwODAuc2RyLmYyOTM1MCJ9&_nc_ht=scontent-ssn1-1.cdninstagram.com&_nc_cat=101&_nc_ohc=kbOvvpld6KwQ7kNvgFCu4LK&gid=a554e35759bf4c88994aa0db1fe9ece4&edm=AEhyXUkBAAAA&ccb=7-5&ig_cache_key=MzQyNjU1MzM2OTM0MTUzNTQyOQ%3D%3D.2-ccb7-5&oh=00_AYCpRIQbZWzrcOz-wtMJdfP-qyMmn-PMtXhar42ctDgqmg&oe=66B412E4&_nc_sid=8f1549', 'post_datetime': '2024-08-03 23:56:54', 'post_description': '칭키스 칸, 잠든 유럽을 깨우다.\n\n쿠빌라이 칸은 칭키스 칸 수준의 군사적 기술은 갖추지 못했다. 하지만, 그의 집안 누구보다 영특한 머리를 가지고 전략을 구상하며, 실행에 옮기는 능력을 보여주었다.\n\n그는 기존 송나라 사람보다 더 중국인처럼 중국을 통제하려고 했다. 그 과정에서 중국 백성의 민족주의적 욕망을 꿰뚫었으며, 중국의 지식인들이 사회적 경제적 꿈을 실현할 수 있는 기반을 마련해 각 지방을 사로잡았다. 이가 바로 원 왕조의 시작이었다.'}, {'user_id': 'rdnmgo', 'posts_count': '34', 'post_text': 'Photo by @rdnmgo on August 03, 2024. May be an image of poster, book, magazine and text.', 'post_image': 'https://scontent-ssn1-1.cdninstagram.com/v/t51.29350-15/453918509_1865067287299832_4263839395018541750_n.jpg?stp=dst-jpg_e15&efg=eyJ2ZW5jb2RlX3RhZyI6ImltYWdlX3VybGdlbi43MjB4NzIwLnNkci5mMjkzNTAifQ&_nc_ht=scontent-ssn1-1.cdninstagram.com&_nc_cat=108&_nc_ohc=NKCKcAwyStMQ7kNvgE3MbZC&gid=a36b38c7c8b940f4b0d35d21f526e28b&edm=AEhyXUkBAAAA&ccb=7-5&ig_cache_key=MzQyNjU0OTgzMDQxNzk4NjU0OA%3D%3D.2-ccb7-5&oh=00_AYCBH6wQApzwYB_Z2dQpLYytUxL4ZY4k6C2V-MHTmWk05A&oe=66B41381&_nc_sid=8f1549', 'post_datetime': '2024-08-03 23:49:52', 'post_description': '## <게으름이 습관이 되기 전에> 5-5 행동 수칙4 - 테마 데이 만들기\n\n**덩어리 시간을 확보해 캘린더에 표시하는 작업을 한 차원 더 발전시키고 싶다면, 주간 계획표를 만들어서 같은 종류의 활동을 묶어 좀 더 긴 덩어리 시간을 할당하고 여기에 집중하는 것도 괜찮습니다. 이것을 ‘일괄 처리’라고 부릅니다.**\n\n**일괄 처리의 가장 큰 이점은, 지나치게 많은 업무를 할 일 목록에 적는 바람에 생기는 스트레스를 없앨 수 있다는 점입니다.** 모든 일을 하루에 해결하려고 끙끙대지 말고, 매주 별도의 시간을 마련해 오로지 비슷한 업무들에 집중해 보자고요.\n\n### 일괄 처리는 이렇게\n\n일괄 처리에 포함할 수 있는 일들에는 어떤 것이 있을까요? 흔히 ‘잡일’로 분류되는 그런 종류의 일이 될 수 있습니다.\n\n물론 잡일뿐 아니라, 한 덩어리로 묶을 수 있는 일들이 있다면 그렇게 해도 좋습니다. **성격이 비슷하거나 정기적으로 수행해야 하는 일들이 여기에 해당될 수 있을 것입니다.**\n\n### 테마 데이로 일하기\n\n**일괄 처리 계획을 한 단계 진척시키고 싶다면, 이른바 ‘테마 데이’를 만들어도 좋습니다. 테마 데이는 직장과 관련된 다수의 카테고리를 만든 다음, 매주 오직 이 활동들에만 집중할 수 있는 덩어리 시간을 설정해 만들 수 있습니다.** 선택과 집중을 위한 덩어리 시간은 한 가지 활동을 위해 할애되는 하루의 일부 또는 온종일이 되기도 합니다.\n\n이제 내가 평소 한 주를 어떻게 보내는지 그 사례를 보여드리겠습니다.\n\n● 월요일: 글쓰기(일상적인 습관 이외에 추가로 글 더 쓰기)\n● 화요일: 책 마케팅\n● 수요일: 대담과 인터뷰\n● 목요일: 블로그 최적화\n● 금요일: 글쓰기와 행정 업무\n● 토요일: 가족과 보내는 시간\n● 일요일: 가족과 보내는 시간\n\n테마 데이의 장점은 여러분이 자주 느끼는 스트레스를 상당히 많이 없애 준다는 것입니다.\n\n## 행동 수칙5 - 딥워크를 위한 시간 확보하기\n\n고도의 집중력을 요하는 직업에 종사하는 사람이라면, 덩어리 시간을 설정해 이른바 ‘딥워크\u2006deep work’에 집중해 이득을 볼 수 있습니다.\n\n이는 ‘무서운 집중력을 발휘하는 동안에는 어떤 방해를 받아도 주의를 흩트리지 않고 완수되는 직업적 활동’을 나타냅니다. 이 집중을 통해 여러분은 인지 능력을 최대로 끌어올릴 수 있습니다.\n\n### 내 시간을 무조건 지킬 것\n\n**여기서 비결은 “시간 잡아먹는 귀신” 같은 일들을 피하는 것입니다. 이런 일들은 그 당시에는 중요해 보일지도 모르지만, 우리 모두가 알다시피 결국에는 그렇지 않기 때문입니다.**\n\n딥워크를 하지 않으면, 여러분은 잠재력을 완전히 발휘하지 못하고 피상적인 수준의 사고에 머물 수밖에 없습니다. 그 대표적인 예가, 보고서를 작성하고 SNS를 확인하며 친구들에게 문자 메시지를 보내는 식으로 멀티태스킹을 하는 것입니다.\n\n딥워크를 실천하려면 무슨 일이 있어도 자신의 시간을 지켜야 합니다.\n\n### 딥워크에 성공하려면\n\n딥워크를 성공적으로 실행하기 위해서는 반드시 해야 할 일이 몇 가지 있습니다. **SNS의 경우, 아예 관련 활동을 중단하거나 업무 시간과 완전히 동떨어진 시간대로 활동 시간대를 재설정하세요. SNS를 자꾸만 확인하고 싶은 충동이 든다면, 관련 앱을 휴대전화에서 과감히 삭제해야 합니다. 큰 성공을 거둔 사람들은 다른 사람들이 지금 무엇을 하는지 궁금해하며 아무 생각 없이 SNS를 뒤적이느라 시간을 허비하지 않습니다. 그 대신, 자기 자신과 일에 집중하죠.**\n\n**덧붙여, 도저히 발뺌하지 못하는 확실한 약속을 잡으세요. 그렇게 하면 충실히 지켜야 하는 확실한 마감일이 생겨서, 일정을 엄수하는 데 도움이 됩니다. 누군가가 나에게 의지하고 있을 때 우리는 일을 미룰 가능성이 줄어드니까요.**\n\n그리고 나의 집중력을 가장 쉽게 망가뜨리는 게 무엇인지 잘 알아보고, 그것에 정면으로 대응할 필요가 있습니다.\n나의 집중력을 방해하는 것이 무엇인지 꼭 집어 말해 보고, 그것을 제거하기 위한 방안도 함께 고민해 보세요.'}, {'user_id': '42lines_', 'posts_count': '33', 'post_text': 'Photo by @42lines_ on August 03, 2024. May be an illustration of 1 person, poster, book, magazine and text.', 'post_image': 'https://scontent-ssn1-1.cdninstagram.com/v/t51.29350-15/453879343_1170157020869160_3423502310169006947_n.jpg?stp=dst-jpg_e15&efg=eyJ2ZW5jb2RlX3RhZyI6ImltYWdlX3VybGdlbi4xMDgweDEwODAuc2RyLmYyOTM1MCJ9&_nc_ht=scontent-ssn1-1.cdninstagram.com&_nc_cat=100&_nc_ohc=K7okUZwNU5wQ7kNvgHjjrfH&gid=49ce5fa2078f46e9b6ff44906a7b620a&edm=AEhyXUkBAAAA&ccb=7-5&ig_cache_key=MzQyNjMxOTk5MjAwNTQxMzUwNA%3D%3D.2-ccb7-5&oh=00_AYDV-rVNeTYcQH0CJK1IIoyijbehj9-ZKUtcW4TBzfaiLg&oe=66B41304&_nc_sid=8f1549', 'post_datetime': '2024-08-03 16:13:13', 'post_description': '굽이진 선로에 들어서자 열차는 태양에서 멀어지고 있었다. 태양은 더 낮게 가라앉으면서, 그녀가 살았던, 그리고 지금 시야에서 사라져가는 도시 위로 축복의 빛을 펼치는 것 같았다. 그는 공기 한 줌만이라도 움켜쥐려는 것처럼, 그녀가 그에게 아름다운 곳으로 만들어주었던 그 도시를 한 조각만이라도 구하려는 것처럼 안타깝게 손을 뻗었다. 하지만 이제 그의 흐려진 눈이 보기에는 모든 것이 너무 빨리 지나가고 있었고, 그는 그 도시에서 가장 싱싱하고 가장 아름다운 그 부분을 영원히 잃게 되었다는 것을 알았다.\n\n<위대한 개츠비>, F.스콧피츠제럴드'}, {'user_id': 'euiclee.books', 'posts_count': '33', 'post_text': '🖋️ 모든 포기하지 말고 끝까지 노력하자.\n\n어떤 결과가 나오던 실수를 통해 배우게 될 것이고, 그 경험을 통해 더 성장할 수 있는 기회를 얻을 수 있을 것이다.\n\n📗 #거인이보낸편지 #토니로빈스 #알에이치코리아\n\n🔖 #독서 #북스타그램 #책 #독서스타그램 #자기계발 #경험 #판단', 'post_image': 'https://scontent-ssn1-1.cdninstagram.com/v/t51.29350-15/454046698_1561747621103986_6147584315337202952_n.jpg?stp=dst-jpg_e15&efg=eyJ2ZW5jb2RlX3RhZyI6ImltYWdlX3VybGdlbi4xMDgweDEwODAuc2RyLmYyOTM1MCJ9&_nc_ht=scontent-ssn1-1.cdninstagram.com&_nc_cat=110&_nc_ohc=eX3-DLiIgUcQ7kNvgEYSdIk&gid=20cd7610175640c886406507da419c6a&edm=AEhyXUkBAAAA&ccb=7-5&ig_cache_key=MzQyNjQ0NDQ3NzU4MDY4NTM5NA%3D%3D.2-ccb7-5&oh=00_AYBtyCMZlyflQrF0prYwyRT0tL2LTVYW8Vqs1cQkM8XtHg&oe=66B42EEF&_nc_sid=8f1549', 'post_datetime': '2024-08-03 20:20:34', 'post_description': '🖋️ 모든 포기하지 말고 끝까지 노력하자.\n\n어떤 결과가 나오던 실수를 통해 배우게 될 것이고, 그 경험을 통해 더 성장할 수 있는 기회를 얻을 수 있을 것이다.\n\n📗 #거인이보낸편지 #토니로빈스 #알에이치코리아\n\n🔖 #독서 #북스타그램 #책 #독서스타그램 #자기계발 #경험 #판단'}, {'user_id': 'ai.gi.book', 'posts_count': '35', 'post_text': 'Photo by @ai.gi.book on August 03, 2024. May be an image of book, poster and text.', 'post_image': 'https://scontent-ssn1-1.cdninstagram.com/v/t51.29350-15/454019120_1170620787543227_8580611628798063648_n.jpg?stp=dst-jpg_e35&efg=eyJ2ZW5jb2RlX3RhZyI6ImltYWdlX3VybGdlbi4xNDQweDE4MDAuc2RyLmYyOTM1MCJ9&_nc_ht=scontent-ssn1-1.cdninstagram.com&_nc_cat=111&_nc_ohc=_n07E6gm3CIQ7kNvgEDHhgz&gid=b47f3c13080140c0a11ebfe16c477546&edm=AEhyXUkBAAAA&ccb=7-5&ig_cache_key=MzQyNjU0MjI0NDgwMTE2Njc0MA%3D%3D.2-ccb7-5&oh=00_AYAuza18E4xdmFmR32StWLOmZdlH2s7sK5TKykvz-DQOew&oe=66B42625&_nc_sid=8f1549', 'post_datetime': '2024-08-03 23:34:48', 'post_description': '선천적인 재능보다 고도의 집중을 통한 몰입적 사고가 문제 해결에 더 큰 영향을 미친다는 것을 증명해준다. 미분에 대해 전혀 배우지 않은 초중학생들이 뉴턴이 고민하던 문제를 생각만으로 풀어냈다는 것은 사고에 대한 우리의 고정관념을 바꾸기에 충분한 것이었다. 어떤 문제건 머리가 나빠서 풀 수 없다는 건 더 이상 정당한 이유가 될 수 없다. - <몰입 확장판>, 황농문 - 밀리의 서재\nhttps://www.millie.co.kr/v3/bookDetail/503b546390cd4267\n\n고도의 몰입'}]
CSV 파일에 데이터 저장 중...
CSV 파일에 데이터 저장 완료
성공/실패 평가 중...
성공한 사람: ['terrys_reading', 'rdnmgo', '42lines_', 'euiclee.books', 'ai.gi.book']
실패한 사람: []
요약 이미지 생성 중...
요약 이미지 생성 완료
포스트 이미지 생성 중...
terrys_reading의 이미지 생성 중...
terrys_reading의 이미지 생성 완료
terrys_reading의 텍스트 이미지 생성 중...
terrys_reading의 텍스트 이미지 생성 완료
rdnmgo의 이미지 생성 중...
rdnmgo의 이미지 생성 완료
rdnmgo의 텍스트 이미지 생성 중...
rdnmgo의 텍스트 이미지 생성 완료
42lines_의 이미지 생성 중...
42lines_의 이미지 생성 완료
42lines_의 텍스트 이미지 생성 중...
42lines_의 텍스트 이미지 생성 완료
euiclee.books의 이미지 생성 중...
euiclee.books의 이미지 생성 완료
euiclee.books의 텍스트 이미지 생성 중...
euiclee.books의 텍스트 이미지 생성 완료
ai.gi.book의 이미지 생성 중...
ai.gi.book의 이미지 생성 완료
ai.gi.book의 텍스트 이미지 생성 중...
ai.gi.book의 텍스트 이미지 생성 완료
포스트 이미지 생성 완료
이미지 업로드 시작...
사진 업로드 중...
새 게시물 버튼 클릭 완료
다음 버튼 클릭 중...
다음 버튼 클릭 완료
다음 버튼 클릭 중...
다음 버튼 클릭 완료
성공/실패 평가 중...
성공한 사람: ['terrys_reading', 'rdnmgo', '42lines_', 'euiclee.books', 'ai.gi.book']
실패한 사람: []
설명 입력 중...
설명 입력 완료
게시물 공유 중...
게시물 공유 완료
사진 업로드 완료
이미지 업로드 완료
드라이버 종료
프로그램 시작
드라이버 설정 중...
드라이버 설정 완료
인스타그램 로그인 시도 중...
로그인 정보 입력 완료
로그인 정보 저장 버튼 클릭 중...
로그인 정보 저장 버튼 클릭 완료
정보 수집 시작...
terrys_reading의 정보 수집 중...
terrys_reading의 게시물에 '더 보기' 버튼 없음
좋아요 버튼을 클릭했습니다.
terrys_reading의 정보 수집 완료
rdnmgo의 정보 수집 중...
rdnmgo의 게시물에 '더 보기' 버튼 없음
좋아요 버튼을 클릭했습니다.
rdnmgo의 정보 수집 완료
42lines_의 정보 수집 중...
42lines_의 게시물에 '더 보기' 버튼 없음
좋아요 버튼을 클릭했습니다.
42lines_의 정보 수집 완료
euiclee.books의 정보 수집 중...
euiclee.books의 게시물에 '더 보기' 버튼 없음
좋아요 버튼을 클릭했습니다.
euiclee.books의 정보 수집 완료
ai.gi.book의 정보 수집 중...
ai.gi.book의 게시물에 '더 보기' 버튼 없음
좋아요 버튼을 클릭했습니다.
ai.gi.book의 정보 수집 완료
정보 수집 완료
[{'user_id': 'terrys_reading', 'posts_count': '33', 'post_text': 'Photo by @terrys_reading on August 04, 2024. May be an image of poster, book and text.', 'post_image': 'https://scontent-ssn1-1.cdninstagram.com/v/t51.29350-15/454122848_1032123691965301_8839042302657770797_n.jpg?stp=dst-jpg_e15&efg=eyJ2ZW5jb2RlX3RhZyI6ImltYWdlX3VybGdlbi4xMDgweDEwODAuc2RyLmYyOTM1MCJ9&_nc_ht=scontent-ssn1-1.cdninstagram.com&_nc_cat=101&_nc_ohc=WIYB8oVYOsIQ7kNvgGWibia&gid=05e39a574a2c4e9b9d8cd88f1d5ccc61&edm=AEhyXUkBAAAA&ccb=7-5&ig_cache_key=MzQyNzI3NjAzMDcyNDI0MDIyNA%3D%3D.2-ccb7-5&oh=00_AYBCSyLIWzHGzzDjLBhpDIuZ4aNC7rLrVqlO9a93v73EkQ&oe=66B54F1E&_nc_sid=8f1549', 'post_datetime': '2024-08-04 23:52:42', 'post_description': '트레바리 독서 모임에서 한 동료 분이 추천해줘서 읽게 됐다. 홍진채 대표님도 강력하게 추천하는 책이라 해서 더욱 관심이 갔다. 이 책은 칭기스 칸의 자서전일 것이라 생각했다. 다만, 칭키스 칸을 비중있게 다루는 것은 맞지만 그 후대 몽골 제국의 번성과 쇠퇴까지 모두를 다룬다는 점에서 몽골 역사서라 보는 게 합당하다. 이 책을 통해서 아래와 같은 질문들에 답을 찾을 수 있었다.\n\n과연 어떻게 유목 민족에 불과한 이들이 서유럽부터 동북 아시아의 전 대륙을 휩쓸었는가?\n들판에서의 전투만을 경험한 이들이 어떻게 공성전을 승리해낼 수 있었는가?\n몽골 병사들은 어떻게 보급 없이 전쟁을 치뤄낼 수 있었는가?\n왜 그들은 승리를 한 후 농작지를 황폐화 해놓고 떠나갔는가?\n칭키스 칸은 어떻게 기존 유목 민족들에게 인센티브를 제공하였는가?\n더 나아가 어떻게 다양한 종교, 민족, 나이를 가지고 있는 10만 이상의 전사들을 조직화할 수 있었는가?\n칭키스 칸의 정복 전쟁으로 인한 풍요로움이 어떻게 몽골의 미래를 바꾸었는가?\n몽골은 어떻게 동양과 서양의 기술, 문화 교류에 기여했는가?'}, {'user_id': 'rdnmgo', 'posts_count': '35', 'post_text': 'Photo by @rdnmgo on August 04, 2024. May be an image of poster, book, magazine and text.', 'post_image': 'https://scontent-ssn1-1.cdninstagram.com/v/t51.29350-15/454188656_511372548133709_474808203124799972_n.jpg?stp=dst-jpg_e15&efg=eyJ2ZW5jb2RlX3RhZyI6ImltYWdlX3VybGdlbi43MjB4NzIwLnNkci5mMjkzNTAifQ&_nc_ht=scontent-ssn1-1.cdninstagram.com&_nc_cat=105&_nc_ohc=Q2o0QynOPQwQ7kNvgFl4uZs&gid=64f6bd8f2b054955bb18dc332fe728b6&edm=AEhyXUkBAAAA&ccb=7-5&ig_cache_key=MzQyNzI3Mjc0MTUzNzc5NTg2MA%3D%3D.2-ccb7-5&oh=00_AYAKMhfhxabHAGojDKS2_7Wq-1UX0nfdAHYy0tCKxQCdgw&oe=66B56B65&_nc_sid=8f1549', 'post_datetime': '2024-08-04 23:46:10', 'post_description': '# <게으름이 습관이 되기 전에> 6단계 게으름이 파고들 틈을 메워라\n\n## <게으름이 습관이 되기 전에> 6-1 비상사태 해결은 무조건 1순위\n\n하지만 위험 신호에 민감한 사람들은 그만큼 앞으로 발생할지 모를 커다란 재앙을 막을 가능성도 큽니다. 신호를 읽고 문제를 미리 해결한다면, 불안감 역시 느낄 새가 없을 것이고요.\n\n집안일, 직장 일에 골몰한 채 그 밖의 모든 일을 무시하는 불균형한 삶을 살고 있는 분들이라면, 지금부터의 이야기에 꼭 귀 기울여 주시기 바랍니다.\n\n### 비상 신호를 감지할 때 던져야 할 질문\n\n우리는 누구나 지금 하는 일을 즉시 멈추고 예기치 못한 우선 사항을 해결해야 할 순간을 마주합니다.\n**이런 종류의 사건들은 내게 비는 시간이 생길 때까지 기다렸다가 터지지 않습니다. 때문에 이런 사건이 터지면 캘린더에 적힌 모든 일정을 취소하고, 이 문제들을 즉시 해결해야 합니다.**\n\n반면, 대수롭지 않게 보였던 일이 어쩌다 여러분이나 가족의 삶을 망치는 커다란 사건으로 변해 버리는 경우도 있습니다.\n\n얼마나 바쁘든 간에 비상사태로 번질 가능성이 있는 상황이라면, 당장 문제를 해결하는 게 중요합니다. 이를 위해, 다음의 몇 가지 질문들에 주목해 보세요.\n\n● 이 문제를 무시할 때 전개될 최악의 시나리오는 무엇인가?\n● 이 일어날지도 모를 비상사태는 친구와 가족에게 어떤 식으로 부정적인 영향을 미치는가?\n● 이 잠재적인 비상사태를 해결하기 위해 뒤로 미뤄도 괜찮을, 딱히 중요하지 않은 업무나 의무는 무엇인가?\n● 이 문제를 해결하기 위해 오늘 취할 수 있는 간단한 조치는 무엇인가?\n● 목숨을 위협하는 문제도 아니고 오늘 문제를 해결할 시간도 없다면, 그 문제에 대처할 수 있는 가장 빠른 시기는 언제인가?\n\n### 지금 당장 그 문제부터\n\n그중에서 내 시선을 사로잡은 후회는, “살아 있는 동안 그렇게 열심히 일하지 않았더라면”이었습니다.\n\n나는 이것이 중요한 교훈이라고 생각합니다. 고된 일상에 함몰된 탓에, 지금은 별로 중요해 보이지 않지만 모른 척 내버려 두면 심각한 비상사태로 번질 수 있는 문제들을 무시하기 쉽기 때문이죠.\n**하지만 이는 우선순위의 문제입니다. 어떤 일이나 업무, 회의, 약속도 여러분의 삶이나 사랑하는 사람들의 삶을 좌초시킬 문제를 제쳐 둘 만한 가치는 없습니다.**\n\n**비상 신호가 감지되고 앞서 제시한 질문을 던졌을 때 이것이 중대한 문제라는 판단이 든다면, 지금 당장 하던 일을 멈추고 그것부터 해결해야 합니다.**\n\n이런 조치는 아주 사소해 보이지만, 막상 실천하려고 들면 꽤 귀찮고 불편한 일일 겁니다. 그렇더라도, 일단 해 두고 나면 마음이 그렇게 편해질 수 없을 거예요. 언제 벌어질지 모를 끔찍한 문제를 방금 예방했다는 걸 알게 되기 때문이죠.'}, {'user_id': '42lines_', 'posts_count': '34', 'post_text': 'Photo by @42lines_ on August 03, 2024. May be an illustration of 1 person, poster, book, magazine and text.', 'post_image': 'https://scontent-ssn1-1.cdninstagram.com/v/t51.29350-15/454157807_1154188909005576_5573422153216295594_n.jpg?stp=dst-jpg_e15&efg=eyJ2ZW5jb2RlX3RhZyI6ImltYWdlX3VybGdlbi4xMDgweDEwODAuc2RyLmYyOTM1MCJ9&_nc_ht=scontent-ssn1-1.cdninstagram.com&_nc_cat=100&_nc_ohc=-gJeFL-v-wUQ7kNvgE3x_OG&gid=97410c8af3434baf8c5b46424ef95f13&edm=AEhyXUkBAAAA&ccb=7-5&ig_cache_key=MzQyNjkzODY4OTU2MDU2MTg0NA%3D%3D.2-ccb7-5&oh=00_AYAedUxE6uKApnRgjnlKIPdYffoxQBllVsDw0iOE9CJ-9A&oe=66B56EC6&_nc_sid=8f1549', 'post_datetime': '2024-08-04 12:42:28', 'post_description': '“그들은 모두 썩어빠진 놈들이에요.” 나는 잔디밭 너머로 소리쳤다. “당신은 그들을 몽땅 합친 것만큼이나 가치가 있다구요.”\n이 말을 한 것을 나는 지금까지도 기쁘게 생각하고 있다. 내가 그를 칭찬한 것은 그때 한 번뿐이었다. 나는 처음부터 끝까지 그를 좋게 여기지 않았기 때문이다. 처음에는 그가 점잖게 고개를 끄덕였지만, 이내 알겠다는 듯이 환한 미소를 지었다. 그 사실에 대해서는 우리가 그동안 줄곧 한통속이 되어 그 이야기에 열중하기라도 한 것 같았다.\n\n<위대한 개츠비>, F.스콧피츠제럴드'}, {'user_id': 'euiclee.books', 'posts_count': '34', 'post_text': '🖋️ 뇌는 신기하다.\n\n이제부터 코끼리를 생각하지 말라고 이야기를 들으면 코끼리만 생각이 날 것이다. 그리고 운전 중 차가 고장나 벽에 부딪힐 상황에 놓였을 때 벽을 피하려고 생각한다면, 벽에 부딪힐 수 밖에 없다는 이야기를 들은 것이 기억난다.\n\n피하고 싶은 대상에 초점을 맞추지 말고, 내가 가고 싶은 대상에 초점을 맞추자.\n\n📗 #거인이보낸편지 #토니로빈스 #알에이치코리아\n\n🔖 #독서 #북스타그램 #책 #독서스타그램 #자기계발 #초점', 'post_image': 'https://scontent-ssn1-1.cdninstagram.com/v/t51.29350-15/453768409_1171211614130271_8623870130306052305_n.jpg?stp=dst-jpg_e15&efg=eyJ2ZW5jb2RlX3RhZyI6ImltYWdlX3VybGdlbi4xMDgweDEwODAuc2RyLmYyOTM1MCJ9&_nc_ht=scontent-ssn1-1.cdninstagram.com&_nc_cat=103&_nc_ohc=I17A8ECfUKMQ7kNvgE02K2Y&gid=b56bc1dfdb9447b28ee586037146e424&edm=AEhyXUkBAAAA&ccb=7-5&ig_cache_key=MzQyNzI1ODc1ODEyMzQyNTI0NQ%3D%3D.2-ccb7-5&oh=00_AYB550B00-5m4OSAgoycvrVf8xnyY1ZyhDPdEtb7U6KtCQ&oe=66B55B83&_nc_sid=8f1549', 'post_datetime': '2024-08-04 23:18:24', 'post_description': '🖋️ 뇌는 신기하다.\n\n이제부터 코끼리를 생각하지 말라고 이야기를 들으면 코끼리만 생각이 날 것이다. 그리고 운전 중 차가 고장나 벽에 부딪힐 상황에 놓였을 때 벽을 피하려고 생각한다면, 벽에 부딪힐 수 밖에 없다는 이야기를 들은 것이 기억난다.\n\n피하고 싶은 대상에 초점을 맞추지 말고, 내가 가고 싶은 대상에 초점을 맞추자.\n\n📗 #거인이보낸편지 #토니로빈스 #알에이치코리아\n\n🔖 #독서 #북스타그램 #책 #독서스타그램 #자기계발 #초점'}, {'user_id': 'ai.gi.book', 'posts_count': '36', 'post_text': "Photo by @ai.gi.book on August 04, 2024. May be an image of book, poster and text that says '인생을바꾸는자기혁명 인생을 바꾸는 자기 혁명 몰입 확장판 ΝΚ THINKHARD HARD 대한민국에 몰입 열풍'을 대반한국에물임/품을원인자가세발성져의변결간 일으킨 일으킨자기계 자기계발 명저의 명저의완결판 완결판 100만 톡자가 선택한 선택한 베스트셀러 ٦۶ 최장기 연속 최장기 스테디셀러 김미경 정화원 미용규 대길 추첩 최신 자르로 먼개정 완료! 몰입 확장판 인생을 바꾸는 자기 혁명 황농문 알에이치코리아(.Hk) 자기계발 2024.05.14'.", 'post_image': 'https://scontent-ssn1-1.cdninstagram.com/v/t51.29350-15/453914360_1518665679035831_8999061798064713370_n.jpg?stp=dst-jpg_e35&efg=eyJ2ZW5jb2RlX3RhZyI6ImltYWdlX3VybGdlbi4xNDQweDE4MDAuc2RyLmYyOTM1MCJ9&_nc_ht=scontent-ssn1-1.cdninstagram.com&_nc_cat=111&_nc_ohc=f5uoVJr7R1oQ7kNvgEU7PwK&gid=d9ce715ff1db487e91bba4fbca9843ea&edm=AEhyXUkBAAAA&ccb=7-5&ig_cache_key=MzQyNzE2OTA2NzE3NjE2MDc0NQ%3D%3D.2-ccb7-5&oh=00_AYBSnaHxizo8j71xoFqAKJJqGGAphAjeE3m7DbGn9nUc8w&oe=66B57828&_nc_sid=8f1549', 'post_datetime': '2024-08-04 20:20:11', 'post_description': '공부를 한다는 것은 전혀 어려운 일이 아니다. 단지 의자에 앉아 있는 것에 불과하다. 서 있는 것보다 훨씬 편하다. 그런데 계속 앉아만 있으면 심심하니까 앞에 책을 펼치고 그것을 보는 것이다. 그 이상도 그 이하도 아니다.’ 그러나 잠을 줄이게 되면 상황이 달라진다. 수면 부족으로 머리를 쓰는 일이 괴로워지면서 공부하는 것이 지옥처럼 힘들고 학습 효율도 떨어진다 - <몰입 확장판>, 황농문 - 밀리의 서재\nhttps://www.millie.co.kr/v3/bookDetail/503b546390cd4267\n\n수면이 부족하면 안된다 필요한 수면을 확보하고 깨있는 동안 어떻게든 한다'}]
CSV 파일에 데이터 저장 중...
CSV 파일에 데이터 저장 완료
성공/실패 평가 중...
성공한 사람: ['terrys_reading', 'rdnmgo', '42lines_', 'euiclee.books', 'ai.gi.book']
실패한 사람: []
요약 이미지 생성 중...
요약 이미지 생성 완료
포스트 이미지 생성 중...
terrys_reading의 이미지 생성 중...
terrys_reading의 이미지 생성 완료
terrys_reading의 텍스트 이미지 생성 중...
terrys_reading의 텍스트 이미지 생성 완료
rdnmgo의 이미지 생성 중...
rdnmgo의 이미지 생성 완료
rdnmgo의 텍스트 이미지 생성 중...
rdnmgo의 텍스트 이미지 생성 완료
42lines_의 이미지 생성 중...
42lines_의 이미지 생성 완료
42lines_의 텍스트 이미지 생성 중...
42lines_의 텍스트 이미지 생성 완료
euiclee.books의 이미지 생성 중...
euiclee.books의 이미지 생성 완료
euiclee.books의 텍스트 이미지 생성 중...
euiclee.books의 텍스트 이미지 생성 완료
ai.gi.book의 이미지 생성 중...
ai.gi.book의 이미지 생성 완료
ai.gi.book의 텍스트 이미지 생성 중...
ai.gi.book의 텍스트 이미지 생성 완료
포스트 이미지 생성 완료
이미지 업로드 시작...
사진 업로드 중...
새 게시물 버튼 클릭 완료
다음 버튼 클릭 중...
다음 버튼 클릭 완료
다음 버튼 클릭 중...
다음 버튼 클릭 완료
성공/실패 평가 중...
성공한 사람: ['terrys_reading', 'rdnmgo', '42lines_', 'euiclee.books', 'ai.gi.book']
실패한 사람: []
설명 입력 중...
설명 입력 완료
게시물 공유 중...
게시물 공유 완료
사진 업로드 완료
이미지 업로드 완료
드라이버 종료
프로그램 시작
드라이버 설정 중...
드라이버 설정 완료
인스타그램 로그인 시도 중...
로그인 정보 입력 완료
로그인 정보 저장 버튼 클릭 중...
로그인 정보 저장 버튼 클릭 완료
정보 수집 시작...
terrys_reading의 정보 수집 중...
terrys_reading의 게시물에 '더 보기' 버튼 없음
좋아요 버튼을 클릭했습니다.
terrys_reading의 정보 수집 완료
rdnmgo의 정보 수집 중...
rdnmgo의 게시물에 '더 보기' 버튼 없음
좋아요 버튼을 클릭했습니다.
rdnmgo의 정보 수집 완료
42lines_의 정보 수집 중...
42lines_의 게시물에 '더 보기' 버튼 없음
좋아요 버튼을 클릭했습니다.
42lines_의 정보 수집 완료
euiclee.books의 정보 수집 중...
euiclee.books의 게시물에 '더 보기' 버튼 없음
좋아요 버튼을 클릭했습니다.
euiclee.books의 정보 수집 완료
ai.gi.book의 정보 수집 중...
ai.gi.book의 게시물에 '더 보기' 버튼 없음
좋아요 버튼을 클릭했습니다.
ai.gi.book의 정보 수집 완료
정보 수집 완료
[{'user_id': 'terrys_reading', 'posts_count': '34', 'post_text': 'Photo by @terrys_reading on August 05, 2024. May be an image of book, poster, magazine and text.', 'post_image': 'https://scontent-ssn1-1.cdninstagram.com/v/t51.29350-15/454118500_1028636561587127_5081783114572877135_n.jpg?stp=dst-jpg_e15&efg=eyJ2ZW5jb2RlX3RhZyI6ImltYWdlX3VybGdlbi4xMDgweDEwODAuc2RyLmYyOTM1MCJ9&_nc_ht=scontent-ssn1-1.cdninstagram.com&_nc_cat=111&_nc_ohc=tLXFzLipxKYQ7kNvgH3NLWo&gid=58982f7f8ff3452ea06611a2e69ee20f&edm=AEhyXUkBAAAA&ccb=7-5&ig_cache_key=MzQyODAwMjE1ODEzNjkxOTAzNQ%3D%3D.2-ccb7-5&oh=00_AYBeR3ecAZ17INDDrlaD_t-Iq1Tvj7TmZsWICWAIZb92Qg&oe=66B6B6C4&_nc_sid=8f1549', 'post_datetime': '2024-08-05 23:55:23', 'post_description': '타이탄의 도구들\n\n고등학교 때 읽었던 자기계발서, 타이탄의 도구들. 진부한 이야기, 사례 설명으로 인한 얕은 깊이 때문에 자기 계발서는 분명 경계해야 하는 측면이 존재한다.\n\n하지만 그럼에도 행동해야 할 때, 자기계발서는 좋은 행동들이 있는 노다지라고 할 수 있다.\n\n0. 잠자리 정리\n1. 매일 10분 명상\n2. 모든 것을 기록하고 출판.\n\n이 세 가지 정도를 한 달에 걸쳐 실행해야겠다.'}, {'user_id': 'rdnmgo', 'posts_count': '36', 'post_text': 'Photo by @rdnmgo on August 05, 2024. May be an image of poster, book, magazine and text.', 'post_image': 'https://scontent-ssn1-1.cdninstagram.com/v/t51.29350-15/454230627_1010459903705038_427948511113374069_n.jpg?stp=dst-jpg_e15&efg=eyJ2ZW5jb2RlX3RhZyI6ImltYWdlX3VybGdlbi43MjB4NzIwLnNkci5mMjkzNTAifQ&_nc_ht=scontent-ssn1-1.cdninstagram.com&_nc_cat=110&_nc_ohc=PgY-_bQixqYQ7kNvgESMJR3&gid=ecd7c731815d47e6bca5e54781f4e553&edm=AEhyXUkBAAAA&ccb=7-5&ig_cache_key=MzQyNzg3NDYzMDE3NjQ1MTc0MA%3D%3D.2-ccb7-5&oh=00_AYCU5ZV44X7QMRXG_c3VeJe_KtusY4XJ3oKNGWWuO35SwQ&oe=66B6B2B5&_nc_sid=8f1549', 'post_datetime': '2024-08-05 19:42:01', 'post_description': '## <게으름이 습관이 되기 전에> 6-2 일간 점검은 5~10분이면 끝\n\n**하루에 딱 5~10분만 투자해 보세요. 미루는 버릇을 고치는 가장 간단한 방법이 여기 있습니다.**\n\n**여기서 핵심은, 몇 분의 시간을 할애해 그날의 우선 사항들을 살펴보고 당면 목표에 가장 큰 영향을 미치는 업무들을 확인하는 것입니다.** 점검을 할 때는 다음의 질문들을 스스로에게 던져 보세요.\n\n● 정해진 시간에 특정 장소로 반드시 가야 하는 약속이나 회의가 있는가?\n● 당장 대응해야 할 긴급 이메일이 있는가?\n● 같은 시간대로 묶어 둔 일정이 있다면, 그중 구체적으로 어떤 업무를 끝까지 완료할 수 있을까?\n● 예상보다 더 오래 걸릴 법한 약속이나 활동이 있는가? 이 일이 다른 업무 처리 시간을 침범한다면 일정은 어떻게 달라지겠는가?\n● 장기적인 성공에 가장 큰 영향을 줄 80 대 20 법칙은 무엇인가?\n● 각각의 업무는 3개월 스마트 목표와 어떻게 연결되는가?\n● 지금 내가 두려워하는, 가장 어렵고 힘든 업무는 무엇인가?\n\n**이 짧은 점검 시간은 대단히 중요한데, 이는 그날그날의 일정에 커다란 틀을 제공하기 때문입니다. 어떤 업무가 중요한지를 끊임없이 상기한다면, 대책 없이 일하는 게 목표에 얼마나 부정적인 영향을 미치는지 알아차릴 수 있게 되고, 이로 인해 여러분은 일을 미루기가 겁날 지경이 될 것입니다.**\n\n## 6-3 나만의 MIT에 집중하라\n\n각종 업무와 약속, 프로젝트로 빼곡히 채워진 할 일 목록을 들고 하루를 시작한다면 부담감을 느끼고 일을 미루기 쉽습니다. 그 대신 나의 경력이나 삶에 가장 큰 영향을 미치는 업무들을 확인하고 아침에 가장 먼저 실행함으로써 목록을 단순하게 만들어 보세요. 이 개념은 가장 중요한 업무, 즉 ‘MIT Most Important Tasks’로 흔히 알려져 있습니다.\n\n**하루가 다 가기 전에 반드시 완수해야 할 MIT를 한 개에서 세 개 정도 선택해 보세요. 두 가지는 마감이 코앞으로 정해진 긴급 프로젝트와 관련이 있는 것으로, 하나는 장기 목표의 일부로 꼽으면 됩니다.**\n\n예를 들어, 오래전 나는 80 대 20 법칙에 들어맞는 핵심 활동 중 하나가 ‘글쓰기’라고 생각했습니다. **그래서 그날 끝내야만 하는 시간을 다투는 일들이 여러 개 있더라도 글을 쓰기 위해 적어도 30분은 언제나 비워 두기로 했습니다. 주로 정해진 아침 일과가 끝나는 직후였죠. 그러고 난 뒤, 다른 두 개의 MIT를 하며 남은 아침 시간을 보냈습니다.**\n\n이렇게 패턴을 바꾸자, 내 일생이 어떻게 바뀌었을까요? **중요한 일에 당장 몰입하고 제때 끝내는 패턴이 만들어지자, 온몸에 활기가 넘쳐 오후에 잡아둔 프로젝트에 더 열정적으로 매달릴 수 있게 됐습니다. 일 처리가 지지부진할 때 왜 더 진이 빠지고 몸이 피곤해지는지 알 수 있던 순간이었습니다.**'}, {'user_id': '42lines_', 'posts_count': '35', 'post_text': 'Photo by @42lines_ on August 04, 2024. May be an illustration of 1 person, poster, book, magazine and text.', 'post_image': 'https://scontent-ssn1-1.cdninstagram.com/v/t51.29350-15/454294672_404259869332835_555238786249269031_n.jpg?stp=dst-jpg_e15&efg=eyJ2ZW5jb2RlX3RhZyI6ImltYWdlX3VybGdlbi4xMDgweDEwODAuc2RyLmYyOTM1MCJ9&_nc_ht=scontent-ssn1-1.cdninstagram.com&_nc_cat=111&_nc_ohc=uHnGtxyXL6YQ7kNvgHyNixe&gid=3b8415bc80684ec9be4bf1d08b6b5664&edm=AEhyXUkBAAAA&ccb=7-5&ig_cache_key=MzQyNzcwODk5MDMyNjI1NDQyNQ%3D%3D.2-ccb7-5&oh=00_AYBOmR5OYdxNIj49pS2f-om7Kv5TiBXfhwA32Ia6D_Igfg&oe=66B6ABDB&_nc_sid=8f1549', 'post_datetime': '2024-08-05 14:12:55', 'post_description': '짐작건대 그곳에는 온종일 호기심 많은 구경꾼들이 모여 있을 것이고, 애들은 흙먼지 속에서 검은 핏자국을 찾느라 야단일 것이고, 떠벌리기 좋아하는 어떤 인간은 사고 이야기를 몇 번이고 되풀이 지껄이다가 마침내는 그 일이 자신에게조차 현실감이 점점 희박해져 더 이상은 그 이야기를 할 수 없게 될 것이고, 그리하여 머틀 윌슨의 비극적인 종말도 결국은 잊히고 말 것이다.\n\n<위대한 개츠비>, F.스콧피츠제럴드'}, {'user_id': 'euiclee.books', 'posts_count': '35', 'post_text': '🖋️ 우리는 하루 종일 자신에게 갖가지 질문을 던진다.\n\n우리가 던지는 질문은 우리의 초점, 생각, 감정을 좌우한다.\n\n📗 #거인이보낸편지 #토니로빈스 #알에이치코리아\n\n🔖 #독서 #북스타그램 #책 #독서스타그램 #자기계발 #초점', 'post_image': 'https://scontent-ssn1-1.cdninstagram.com/v/t51.29350-15/454365624_532469889461739_6762007679867435161_n.jpg?stp=dst-jpg_e15&efg=eyJ2ZW5jb2RlX3RhZyI6ImltYWdlX3VybGdlbi4xMDgweDEwODAuc2RyLmYyOTM1MCJ9&_nc_ht=scontent-ssn1-1.cdninstagram.com&_nc_cat=103&_nc_ohc=oL3MgpDt0FwQ7kNvgGImu1h&gid=bf91fa9108a44d9d90377a3ffbde88c9&edm=AEhyXUkBAAAA&ccb=7-5&ig_cache_key=MzQyNzk0ODU4OTkxNjczNjcyMA%3D%3D.2-ccb7-5&oh=00_AYC4nrEeVB9YAUpnQGnHLSDtWomQIMsbE0f_sOcOre1RhA&oe=66B6BC2C&_nc_sid=8f1549', 'post_datetime': '2024-08-05 22:08:58', 'post_description': '🖋️ 우리는 하루 종일 자신에게 갖가지 질문을 던진다.\n\n우리가 던지는 질문은 우리의 초점, 생각, 감정을 좌우한다.\n\n📗 #거인이보낸편지 #토니로빈스 #알에이치코리아\n\n🔖 #독서 #북스타그램 #책 #독서스타그램 #자기계발 #초점'}, {'user_id': 'ai.gi.book', 'posts_count': '38', 'post_text': 'Photo by @ai.gi.book on August 05, 2024. May be an image of book, poster and text.', 'post_image': 'https://scontent-ssn1-1.cdninstagram.com/v/t51.29350-15/454255047_478252844937014_608792260028777626_n.jpg?stp=dst-jpg_e35&efg=eyJ2ZW5jb2RlX3RhZyI6ImltYWdlX3VybGdlbi4xNDQweDE4MDAuc2RyLmYyOTM1MCJ9&_nc_ht=scontent-ssn1-1.cdninstagram.com&_nc_cat=102&_nc_ohc=_IVxFEJENyMQ7kNvgHLkSca&gid=1cefb5e5eeea4f1ab63c157dd307b663&edm=AEhyXUkBAAAA&ccb=7-5&ig_cache_key=MzQyNzk5NDg0NjY5Njk2NTIwNQ%3D%3D.2-ccb7-5&oh=00_AYBzB1aPtpgbRZP76rjv5qILk6H8vD7VBgmG4HR5jN_zzg&oe=66B6BBD5&_nc_sid=8f1549', 'post_datetime': '2024-08-05 23:40:51', 'post_description': '몰입을 위해서는 직장이나 집에서 멀리 떨어진 한적한 장소를 택하는 것이 유리하며 반드시 조용하고 방해받지 않는 독방이나 혼자만의 공간이 있어야 한다. 방에 다른 사람이 한 명만 있어도 집중하는 데 방해가 된다. 자신의 마음을 송두리째 한 가지 문제에 두는 게 아니라 상대의 말이나 행동 등에 반응을 보이기 위해 뇌의 일부를 대기 상태로 준비하고 있기 때문이다.\n몰입을 할 때는 뇌 전체가 문제를 푸는 데 전력해야 하는데 그중 일부가 다른 자극에 대기 상태가 되면 집중도를 올리기가 어려워진다. 그러므로 반드시 혼자만의 공간을 확보한다. 목까지 받칠 수 있는 편안한 의자나 소파를 준비하면 더욱 좋다. 자세가 편할수록 집중이 잘 된다는 점을 기억하기 바란다.\n\n\n\n\n규칙적이고 땀 흘리는 운동\n\n몰입은 극단적인 두뇌 활동이기 때문에 규칙적인 운동을 하지 않으면 생각에 빠져 헤어나오지 못하는 문제가 생길 수 있다. 따라서 아무런 문제 없이 몰입을 지속하기 위해서는 반드시 규칙적인 운동을 해야 한다. 운동을 할 때는 의식적으로 주어진 문제를 잊고, 다른 일에 열중할 수 있기 때문이다. 운동을 규칙적으로 일주일만 해도 기분이 한결 상쾌하고 컨디션이 좋아지며 자신감과 의욕이 생기는 것을 경험할 수 있다. 이런 최상의 컨디션, 그리고 자신감과 의욕이 몰입을 시도하는 데 대단히 중요한 역할을 한다. - <몰입 확장판>, 황농문 - 밀리의 서재\nhttps://www.millie.co.kr/v3/bookDetail/503b546390cd4267\n\n혼자만의 공간과 운동'}]
CSV 파일에 데이터 저장 중...
CSV 파일에 데이터 저장 완료
성공/실패 평가 중...
성공한 사람: ['terrys_reading', 'rdnmgo', '42lines_', 'euiclee.books', 'ai.gi.book']
실패한 사람: []
요약 이미지 생성 중...
요약 이미지 생성 완료
포스트 이미지 생성 중...
terrys_reading의 이미지 생성 중...
terrys_reading의 이미지 생성 완료
terrys_reading의 텍스트 이미지 생성 중...
terrys_reading의 텍스트 이미지 생성 완료
rdnmgo의 이미지 생성 중...
rdnmgo의 이미지 생성 완료
rdnmgo의 텍스트 이미지 생성 중...
rdnmgo의 텍스트 이미지 생성 완료
42lines_의 이미지 생성 중...
42lines_의 이미지 생성 완료
42lines_의 텍스트 이미지 생성 중...
42lines_의 텍스트 이미지 생성 완료
euiclee.books의 이미지 생성 중...
euiclee.books의 이미지 생성 완료
euiclee.books의 텍스트 이미지 생성 중...
euiclee.books의 텍스트 이미지 생성 완료
ai.gi.book의 이미지 생성 중...
ai.gi.book의 이미지 생성 완료
ai.gi.book의 텍스트 이미지 생성 중...
ai.gi.book의 텍스트 이미지 생성 완료
포스트 이미지 생성 완료
이미지 업로드 시작...
사진 업로드 중...
새 게시물 버튼 클릭 완료
다음 버튼 클릭 중...
다음 버튼 클릭 완료
다음 버튼 클릭 중...
다음 버튼 클릭 완료
성공/실패 평가 중...
성공한 사람: ['terrys_reading', 'rdnmgo', '42lines_', 'euiclee.books', 'ai.gi.book']
실패한 사람: []
설명 입력 중...
설명 입력 완료
게시물 공유 중...
게시물 공유 완료
사진 업로드 완료
이미지 업로드 완료
드라이버 종료
프로그램 시작
드라이버 설정 중...
드라이버 설정 완료
인스타그램 로그인 시도 중...
로그인 정보 입력 완료
로그인 정보 저장 버튼 클릭 중...
로그인 정보 저장 버튼 클릭 완료
정보 수집 시작...
terrys_reading의 정보 수집 중...
terrys_reading의 게시물에 '더 보기' 버튼 없음
좋아요 버튼을 클릭했습니다.
terrys_reading의 정보 수집 완료
rdnmgo의 정보 수집 중...
rdnmgo의 게시물에 '더 보기' 버튼 없음
좋아요 버튼을 클릭했습니다.
rdnmgo의 정보 수집 완료
42lines_의 정보 수집 중...
42lines_의 게시물에 '더 보기' 버튼 없음
좋아요 버튼을 클릭했습니다.
42lines_의 정보 수집 완료
euiclee.books의 정보 수집 중...
euiclee.books의 게시물에 '더 보기' 버튼 없음
좋아요 버튼을 클릭했습니다.
euiclee.books의 정보 수집 완료
ai.gi.book의 정보 수집 중...
ai.gi.book의 게시물에 '더 보기' 버튼 없음
좋아요 버튼을 클릭했습니다.
ai.gi.book의 정보 수집 완료
정보 수집 완료
[{'user_id': 'terrys_reading', 'posts_count': '35', 'post_text': 'Photo by @terrys_reading on August 06, 2024. May be an image of text.', 'post_image': 'https://scontent-ssn1-1.cdninstagram.com/v/t51.29350-15/454363871_805996814677984_3013717254285171962_n.jpg?stp=dst-jpg_e15&efg=eyJ2ZW5jb2RlX3RhZyI6ImltYWdlX3VybGdlbi4xMDgweDEwODAuc2RyLmYyOTM1MCJ9&_nc_ht=scontent-ssn1-1.cdninstagram.com&_nc_cat=104&_nc_ohc=aURJp4yzaE0Q7kNvgFgnz-A&edm=AEhyXUkBAAAA&ccb=7-5&ig_cache_key=MzQyODcyODg0MzAzOTg3MTc5NA%3D%3D.2-ccb7-5&oh=00_AYARqG8DUgCLHsWjpmk-MDdJMOfHYBaF-uFLkkv52hGw9Q&oe=66B823E1&_nc_sid=8f1549', 'post_datetime': '2024-08-06 23:59:11', 'post_description': '테니스 이너 게임\n\n빌 게이츠가 추천한 책이다. 저자는 게임을 두 가지로 나눈다. 실제 성과를 가져다주며 물리적 사회적 환경과 싸워야 하는 외부적 게임과, 내 감정과 싸워야 하는 이너 게임.\n\n저자는 세 가지 단계의 이너 게임 방식을 제안한다.\n1. 분별을 버린다. 내가 지금 하고 있는 동작의 행동에 대한 감정 판단을 하지 않는다. 그저 관찰한다.\n2. 내가 이상적으로 생각하는 이미지를 그린다. 그리고 그 이미지를 그대로 모방한다.\n3. 내 몸과 육체를 신뢰하고 끝없이 이 과정을 반복한다.\n\n저자는 책 전반에 걸쳐 인간이 분별의 과정에서 느끼는 압박감이 어떻게 인간의 재능을 죽이는지를 피력한다. 내 가능성을 있는 그대로 인정하면서 나아가는 태도, 그것을 스포츠에서 발견한 듯 하다.'}, {'user_id': 'rdnmgo', 'posts_count': '37', 'post_text': 'Photo by @rdnmgo on August 06, 2024. May be an image of poster, book, magazine and text.', 'post_image': 'https://scontent-ssn1-1.cdninstagram.com/v/t51.29350-15/454377893_1022558389592336_6826258511316245507_n.jpg?stp=dst-jpg_e15&efg=eyJ2ZW5jb2RlX3RhZyI6ImltYWdlX3VybGdlbi43MjB4NzIwLnNkci5mMjkzNTAifQ&_nc_ht=scontent-ssn1-1.cdninstagram.com&_nc_cat=108&_nc_ohc=VVYySdI4Br4Q7kNvgGYYu1p&edm=AEhyXUkBAAAA&ccb=7-5&ig_cache_key=MzQyODcyMzYyMzA4OTUyNDg1MQ%3D%3D.2-ccb7-5&oh=00_AYABPBQ08wi3sp2qkcpZRohpFa-lHIRsKYAZwhhEQbV29A&oe=66B82645&_nc_sid=8f1549', 'post_datetime': '2024-08-06 23:48:48', 'post_description': '## <게으름이 습관이 되기 전에> 6-4 하기 싫은 일 먼저\n\n하루를 시작하는 최고의 방법이, 음… “개구리를 먹는 것”이라고 주장합니다.\n\n“매일 아침 가장 먼저 하는 일이 살아 있는 개구리를 먹는 것이라면, 그것이 아마도 아침부터 밤까지 일어날 수 있는 최악의 일이라는 생각으로 만족감을 느끼며 하루를 보낼 수 있을 것이다.”\n\n### 기분 좋은 만족감\n\n**트레이시의 주장은, 가장 힘든 일을 하루 중 가장 먼저 완수하고 나면 뒤이은 업무나 잡무를 모두 덜 버겁게 느낀다는 것입니다. 그뿐만 아니라 뒤로 미룰 가능성이 가장 농후한 일 한 가지를 이미 해치웠다는 사실이 꽤나 고무적으로 느껴지겠죠.**\n\n이 조언은 집중력과 고된 노력이 필요한 업무들을 자주 미루는 사람에게 딱 알맞은 것입니다. **일단 가장 힘든 일을 곧바로 시작해 온 힘을 다해 몰두해 보세요. 막상 해 보고 나면 생각했던 것만큼 그 일을 하는 것이 최악은 아니란 사실을 알게 될 것입니다.**\n\n다시 한번, 내 글쓰기 사례로 되돌아가 보겠습니다. **글쓰기는 내가 종종 두려워하거나 꺼리는 일 중 하나입니다. 나중에 하겠다고 미뤄 버리면 그냥 거르고 넘어가거나 다른 활동에 정신이 팔려 아예 잊어버릴지도 모릅니다. 그런데 아침에 개구리를 가장 먼저 먹기로 결심한 나는 30~60분가량 눈을 질끈 감고 글쓰기에 몰입합니다. 그러고 나면 마침내 그날의 가장 힘겨운 일을 끝냈다는 만족감이 온몸을 기분 좋은 나른함으로 뒤덮습니다.**\n\n내 말을 믿어도 좋아요. **오전 9시 이전에 가장 힘든 일을 이미 완료했다는 걸 깨닫는 것. 이는 분명 살면서 가장 고무적인 경험이 될 것입니다.**\n\n## 6-5 아이젠하워 매트릭스는 유용한 도구\n\n오직 MIT에만 전념할 수 있는 완벽한 환경을 상상해 보세요. 그야말로 ‘일하기 좋은’ 환경이죠. 하지만 이는 현실 세계에선 거의 만나기 힘든 환경입니다.\n\n**중요한 일들과 중요하지 않은 일들을 구분하게 해 주는 체계가 없다면, 여러분은 이로 인해 항상 압박감을 느낄 수밖에 없습니다.**\n\n### 네 개의 사분면을 만들어라\n\n육군을 지휘하던 시절, 아이젠하워는 날마다 업무 관련해 힘든 결정을 내려야만 했던 위치였습니다. 그러다 보니 긴급성과 중요도에 따라 업무의 우선순위를 정해 오늘날 우리에게 도움이 되는 원칙을 고안하게 된 것이죠.\n\n아이젠하워 매트릭스는 긴급성과 중요도에 따라 업무의 우선순위를 정해 줍니다.\n\n#### 제1사분면: 긴급하고 중요한 일\n\n제1사분면에 속하는 업무는 여러분의 인생이나 경력에 대단히 중요한, 먼저 실행해야 하는 일들입니다.\n\n#### 제2사분면: 중요하지만 긴급하지 않은 일\n\n간단히 말해, 제2사분면 업무들은 대체로 장기적인 목표들과 관련이 있습니다. **이상적으로 생각하면, 여러분이 대부분의 시간을 투자하고 싶은 분야일 것입니다. 하지만 안타깝게도 여러분이 다른 우선 사항들에 지나치게 몰두하는 바람에 가장 무시하기 쉬운 분야기도 합니다.**\n\n대개는 누구도 여러분에게 제2사분면의 업무들을 완료하라고 요구하지 않습니다. 그래서 이 업무들은 관심에서 저만치 밀려나기 십상입니다.\n\n#### 제3사분면: 긴급하지만 중요하지 않은 일\n\n이는 긴급해 보이기는 하지만, 효율을 올리기 위해 자동화되거나 그 일을 해결할 능력이 더 뛰어난 사람에게 넘겨지는 경우가 잦습니다.\n\n**제3사분면 업무의 경우, 특정한 일들을 위임하는 방법을 배우고 기억하는 게 중요합니다.**\n\n**시급하지 않은 일이 시급하게 느껴진다면 대부분은 여러분의 정신을 어지럽히는 외부 요인 때문일 것입니다.**\n그래서 하던 일을 멈추고 그 문제를 해결하려 들겠지만, 한 번 더 생각해 보면 그 문제는 그리 중요하지 않을 때가 많습니다.\n\n#### 제4사분면: 긴급하지도 않고 중요하지도 않은 일\n\n이 일들을 하는 건 ‘완벽한 시간 낭비’죠. **제4사분면의 일들을 모두 확인하고 제거할 수 있다면, 제2사분면 일들에 재투자하는 데 필요한 시간을 넉넉히 마련할 수 있습니다.**\n\n그렇다면, 제4사분면의 어떤 일도 우리 인생의 한 부분이 되지 못한다는 뜻일까요? 절대 그렇진 않습니다. 일과 일상 사이의 균형을 잡는 것은 대단히 중요하며, 한가한 휴식 시간은 에너지를 재충전하는 데 도움이 됩니다. ‘완벽한 시간 낭비’도 분명 필요하긴 하다는 것입니다. **문제는 이 일들이 결코 우선순위에 들 수는 없기 때문에, 밸런스를 해치지 않을 정도로만 해야 한다는 점입니다.**'}, {'user_id': '42lines_', 'posts_count': '36', 'post_text': "Photo by @42lines_ on August 05, 2024. May be an illustration of one or more people, magazine, poster, calendar and text that says '12 트렌드노트 테레디 라 라이프-스타일, 라이프-스타일,마침내분화 이 마침내 분화 삶의 다양한 같래가 만들어내는 습관의 소비, 경험의 소비, 지성의 소비 점석한· 박법명 이정희 김총민 김정구 정연아 신예은 자몸 Jesay 복스톤 ョーに'.", 'post_image': 'https://scontent-ssn1-1.cdninstagram.com/v/t51.29350-15/454406849_801587078801433_4685724712247064861_n.jpg?stp=dst-jpg_e15&efg=eyJ2ZW5jb2RlX3RhZyI6ImltYWdlX3VybGdlbi4xMDgweDEwODAuc2RyLmYyOTM1MCJ9&_nc_ht=scontent-ssn1-1.cdninstagram.com&_nc_cat=109&_nc_ohc=Iae8PLXAucQQ7kNvgGlM7_E&edm=AEhyXUkBAAAA&ccb=7-5&ig_cache_key=MzQyODM4Mzc3NTQyMzExNjQwNA%3D%3D.2-ccb7-5&oh=00_AYC4U78bbmS61CP2CRf5S8lmjvb9hU0ptnaZqkR6rmwL-A&oe=66B8035B&_nc_sid=8f1549', 'post_datetime': '2024-08-06 12:33:35', 'post_description': '식문화에서 웨이팅이라는 행태가 보편화되고 있다. 웨이팅은 얼마나 많은 사람이 여기를 기다리고 있는지 알려주는 지표이기도 하다. 그러나 효율을 중시하는 사람들에게 맛집 앞에서 무작정 기다리게 하는 것은 효율적인 웨이팅이 아니다. 효율적인 웨이팅은 ‘테이블링’ 등의 어플을 활용해 나의 시간을 헛되이 쓰지 않는 것이다. ‘맛집’이라는 공간, ‘웨이팅’이라는 행위, 그리고 이를 돕는 수단 ‘어플’이 삼위일체로 작동한다. 웨이팅이 있기에 맛집으로 인식되고 어플이 있기에 웨이팅을 한다. 무엇보다 이를 수용하는 사람들이 있기에 새로운 외식 생태계가 가능하다.\n\n<2024 트렌드 노트>, 정석환, 박현영, 이원희, 김종민, 김정구, 정현아, 신예은'}, {'user_id': 'euiclee.books', 'posts_count': '36', 'post_text': '🖋️ 자기계발서가 하는 말을 대부분 동일하다.\n\n어떻게 보면 너무나도 당연한 말들이 적혀있는 것 같지만, 또다른 측면으로 봤을 때는 정말 진부한 말임에도 불구하고 무시하지 못할 통찰이 적혀있는 경우도 많다.\n\n�아무리 많은 자기계발서를 읽는다고 해도 중요한 것은 내가 그것을 실행하느냐 못하느냐의 차이이다. 뭘 하던 작심삼일인 경우가 많고 아예 실행조차 안하는 경우가 많기 때문이다.\n\n수십권의 자기계발서를 읽어본 결과 가장 중요하게 뽑을 수 있는 키워드는 목표였다. 목표가 확실해야 그것을 이루기 위한 단계를 설정하기 시작할 것이고, 그 단계들을 밟아가기 위해 시간관리를 시작하는 것이다.\n\n자기계발서는 책에 나와있는 모든 내용을 따라하려다가 못하는 자신의 모습을 보고 낙심하는 것이 아니라. 정신이 나태해졌을 때 나 자신을 객관적으로 바라보며 되돌아보고 목표를 재설정할 때 ,가끔식 가볍게 읽어보기에 좋은 것 같다.\n\n📗 #거인이보낸편지 #토니로빈스 #알에이치코리아\n\n🔖 #독서 #북스타그램 #책 #독서스타그램 #자기계발 #동기부여', 'post_image': 'https://scontent-ssn1-1.cdninstagram.com/v/t51.29350-15/454405918_27221367654128640_6045455357580256577_n.jpg?stp=dst-jpg_e15&efg=eyJ2ZW5jb2RlX3RhZyI6ImltYWdlX3VybGdlbi4xMDgweDEwODAuc2RyLmYyOTM1MCJ9&_nc_ht=scontent-ssn1-1.cdninstagram.com&_nc_cat=100&_nc_ohc=aYKVuDoPu4IQ7kNvgFJsAaU&edm=AEhyXUkBAAAA&ccb=7-5&ig_cache_key=MzQyODcwNzM4MDcwNjg4NDk3MQ%3D%3D.2-ccb7-5&oh=00_AYDOcnmHusy7bO8iCXaX9cNwf_Un1IQ4z--ByjFXyo8-Pw&oe=66B80A6B&_nc_sid=8f1549', 'post_datetime': '2024-08-06 23:16:33', 'post_description': '🖋️ 자기계발서가 하는 말을 대부분 동일하다.\n\n어떻게 보면 너무나도 당연한 말들이 적혀있는 것 같지만, 또다른 측면으로 봤을 때는 정말 진부한 말임에도 불구하고 무시하지 못할 통찰이 적혀있는 경우도 많다.\n\n�아무리 많은 자기계발서를 읽는다고 해도 중요한 것은 내가 그것을 실행하느냐 못하느냐의 차이이다. 뭘 하던 작심삼일인 경우가 많고 아예 실행조차 안하는 경우가 많기 때문이다.\n\n수십권의 자기계발서를 읽어본 결과 가장 중요하게 뽑을 수 있는 키워드는 목표였다. 목표가 확실해야 그것을 이루기 위한 단계를 설정하기 시작할 것이고, 그 단계들을 밟아가기 위해 시간관리를 시작하는 것이다.\n\n자기계발서는 책에 나와있는 모든 내용을 따라하려다가 못하는 자신의 모습을 보고 낙심하는 것이 아니라. 정신이 나태해졌을 때 나 자신을 객관적으로 바라보며 되돌아보고 목표를 재설정할 때 ,가끔식 가볍게 읽어보기에 좋은 것 같다.\n\n📗 #거인이보낸편지 #토니로빈스 #알에이치코리아\n\n🔖 #독서 #북스타그램 #책 #독서스타그램 #자기계발 #동기부여'}, {'user_id': 'ai.gi.book', 'posts_count': '39', 'post_text': 'Photo by @ai.gi.book on August 06, 2024. May be an image of book, poster and text.', 'post_image': 'https://scontent-ssn1-1.cdninstagram.com/v/t51.29350-15/454399843_514371904495226_5555831210118369577_n.jpg?stp=dst-jpg_e35&efg=eyJ2ZW5jb2RlX3RhZyI6ImltYWdlX3VybGdlbi4xNDQweDE4MDAuc2RyLmYyOTM1MCJ9&_nc_ht=scontent-ssn1-1.cdninstagram.com&_nc_cat=102&_nc_ohc=L7HrtkqZ2Q8Q7kNvgEckw-Y&edm=AEhyXUkBAAAA&ccb=7-5&ig_cache_key=MzQyODY1MjYzMzU4ODQ0NTQ1Ng%3D%3D.2-ccb7-5&oh=00_AYAZ5gg9t3e7hMsdBcF6vJcvd9lOaKAvK3Q6FYR8W4PS1A&oe=66B81F64&_nc_sid=8f1549', 'post_datetime': '2024-08-06 21:27:46', 'post_description': '숙면을 유도하고 베타아밀로이드 등을 제거하는 데 도움을 주는 물질이 두뇌신경영양인자Brain Derived Neurotropic Factor, BDNF다. BDNF는 운동을 할 때 생성된다. 이는 숨이 차고, 땀을 흘릴 정도의 운동을 30분 이상 매일매일 규칙적으로 함으로써 7년 동안 고도의 몰입을 해도 전혀 부작용이 없었던 내 경험과도 일치한다. 나는 강한 몰입을 시도하는 사람에게는 운동뿐 아니라 두뇌에 좋은 영양제인 비타민D와 오메가3를 권하기도 한다. 그리고 긴장된 상태의 몰입이 아닌 이완된 상태의 몰입, 즉 느긋한 마음으로 천천히 생각하는 방식이어야 한다고 이야기한다. - <몰입 확장판>, 황농문 - 밀리의 서재\nhttps://www.millie.co.kr/v3/bookDetail/503b546390cd4267\n\n30분씩 운동'}]
CSV 파일에 데이터 저장 중...
CSV 파일에 데이터 저장 완료
성공/실패 평가 중...
성공한 사람: ['terrys_reading', 'rdnmgo', '42lines_', 'euiclee.books', 'ai.gi.book']
실패한 사람: []
요약 이미지 생성 중...
요약 이미지 생성 완료
포스트 이미지 생성 중...
terrys_reading의 이미지 생성 중...
terrys_reading의 이미지 생성 완료
terrys_reading의 텍스트 이미지 생성 중...
terrys_reading의 텍스트 이미지 생성 완료
rdnmgo의 이미지 생성 중...
rdnmgo의 이미지 생성 완료
rdnmgo의 텍스트 이미지 생성 중...
rdnmgo의 텍스트 이미지 생성 완료
42lines_의 이미지 생성 중...
42lines_의 이미지 생성 완료
42lines_의 텍스트 이미지 생성 중...
42lines_의 텍스트 이미지 생성 완료
euiclee.books의 이미지 생성 중...
euiclee.books의 이미지 생성 완료
euiclee.books의 텍스트 이미지 생성 중...
euiclee.books의 텍스트 이미지 생성 완료
ai.gi.book의 이미지 생성 중...
ai.gi.book의 이미지 생성 완료
ai.gi.book의 텍스트 이미지 생성 중...
ai.gi.book의 텍스트 이미지 생성 완료
포스트 이미지 생성 완료
이미지 업로드 시작...
사진 업로드 중...
새 게시물 버튼 클릭 완료
다음 버튼 클릭 중...
다음 버튼 클릭 완료
다음 버튼 클릭 중...
다음 버튼 클릭 완료
성공/실패 평가 중...
성공한 사람: ['terrys_reading', 'rdnmgo', '42lines_', 'euiclee.books', 'ai.gi.book']
실패한 사람: []
설명 입력 중...
설명 입력 완료
게시물 공유 중...
게시물 공유 완료
사진 업로드 완료
이미지 업로드 완료
드라이버 종료
프로그램 시작
드라이버 설정 중...
드라이버 설정 완료
인스타그램 로그인 시도 중...
로그인 정보 입력 완료
로그인 정보 저장 버튼 클릭 중...
로그인 정보 저장 버튼 클릭 완료
정보 수집 시작...
terrys_reading의 정보 수집 중...
terrys_reading의 게시물에 '더 보기' 버튼 없음
좋아요 버튼을 클릭했습니다.
terrys_reading의 정보 수집 완료
rdnmgo의 정보 수집 중...
rdnmgo의 게시물에 '더 보기' 버튼 없음
좋아요 버튼을 클릭했습니다.
rdnmgo의 정보 수집 완료
42lines_의 정보 수집 중...
42lines_의 게시물에 '더 보기' 버튼 없음
좋아요 버튼을 클릭했습니다.
42lines_의 정보 수집 완료
euiclee.books의 정보 수집 중...
euiclee.books의 게시물에 '더 보기' 버튼 없음
좋아요 버튼을 클릭했습니다.
euiclee.books의 정보 수집 완료
ai.gi.book의 정보 수집 중...
ai.gi.book의 게시물에 '더 보기' 버튼 없음
좋아요 버튼을 클릭했습니다.
ai.gi.book의 정보 수집 완료
정보 수집 완료
[{'user_id': 'terrys_reading', 'posts_count': '36', 'post_text': 'Photo by @terrys_reading on August 07, 2024. May be an image of text that says \'240807(令） 테니스이너게임 테니스 이너 게임 최고의 최고외기방을병취하기위한 기망을 쌀휘하기 위한 정신적 측편에 대한지 지침 티어시 젤루이 제용 기법 물경 정 "내면의 안정은 무슨 일이 일어나고 있는지를 를 꿰뚫어보고 이에 적절하게 대처할 수 있는 능력이 있을 때 얻을 수 있다" 212p\'.', 'post_image': 'https://scontent-ssn1-1.cdninstagram.com/v/t51.29350-15/454401548_792311936405863_5257433718501224331_n.jpg?stp=dst-jpg_e15&efg=eyJ2ZW5jb2RlX3RhZyI6ImltYWdlX3VybGdlbi4xMDgweDEwODAuc2RyLmYyOTM1MCJ9&_nc_ht=scontent-ssn1-1.cdninstagram.com&_nc_cat=107&_nc_ohc=2zVrr9Jx66gQ7kNvgGYHzO2&edm=AEhyXUkBAAAA&ccb=7-5&ig_cache_key=MzQyOTQ0NjkxNDE4NDQ2MzYzMw%3D%3D.2-ccb7-5&oh=00_AYBcEmZfzKrdCIScg2GJrgwT92hBTMA1b_JL5YhGCHBMBw&oe=66B964D2&_nc_sid=8f1549', 'post_datetime': '2024-08-07 23:45:51', 'post_description': '테니스 이너 게임\n\n승리가 지니는 본질적 의미는 무엇일까? 테니스는 인간과 경쟁한다. 서퍼는 파도와 경쟁한다. 그렇다면 서퍼는 왜 큰 파도를 기다리는 것일까?\n\n이러한 장애물, 즉 강력한 힘으로 몰아부치는 집채만 한 파도야 말로 서퍼가 최선을 다하도록 만들기 때문이다. 큰 파도를 상대할 떄만 자신의 모든 능력을 총동원하고, 자신의 한계를 느끼며, 최고의 역량을 발휘하기 떄문이다.\n\n경쟁의 의미는 서로에게 가장 큰 파도가 되어주는 것을 의미한다. 공정하고, 정당한 방법의 경쟁은 서로의 잠재력을 이끌어내는 가장 좋은 방법 중 하나인 것이다.\n\n이와 같은 의미에서 경쟁을 부정적으로 바라볼 필오만은 없고, 참여자들에게 실질적 혜택을 부여하기에, 경쟁의 참된 의미를 느끼는 것은 중요하다.'}, {'user_id': 'rdnmgo', 'posts_count': '38', 'post_text': 'Photo by @rdnmgo on August 06, 2024. May be an image of poster, book, magazine and text.', 'post_image': 'https://scontent-ssn1-1.cdninstagram.com/v/t51.29350-15/454403388_860624282596495_7971434631170712744_n.jpg?stp=dst-jpg_e15&efg=eyJ2ZW5jb2RlX3RhZyI6ImltYWdlX3VybGdlbi43MjB4NzIwLnNkci5mMjkzNTAifQ&_nc_ht=scontent-ssn1-1.cdninstagram.com&_nc_cat=107&_nc_ohc=s_OhwRZ8qKYQ7kNvgGVJfTD&edm=AEhyXUkBAAAA&ccb=7-5&ig_cache_key=MzQyOTEwNjI4NjM0NjQxMjcyOA%3D%3D.2-ccb7-5&oh=00_AYBrajj8wcO4OyQPivL5vCkR4elD5J1V-VVhIpmgaZOBhQ&oe=66B94AD2&_nc_sid=8f1549', 'post_datetime': '2024-08-07 12:29:05', 'post_description': '## <게으름이 습관이 되기 전에> 6-6 즉시 해결할 수 있으면 당장!\n\n그런데도 우리가 이런 자잘한 일들을 끊임없이 미루게 되는 이유는 너무 바쁘거나 귀찮거나 그 일을 할 시간이 없다고 생각하기 때문입니다.\n\n**쉽게 해결할 수 있는 활동들을 계속 무시하다 보면, 마음속에서 그 일이 실제보다 더 어렵게 느껴져 나중에는 커다란 부담으로 돌아오게 됩니다. 반면, 사소한 문제에 대해 즉시 조치를 취하는 법을 배운다면, 그런 일들이 쌓이고 밀리는 걸 막을 수 있습니다.** 그러기 위해 사용할 수 있는 두 가지 전략이 있습니다.\n\n### 2분 법칙을 따르라\n\n어떤 업무를 처리하는 데 겨우 몇 분밖에 걸리지 않는다는 걸 알아차리게 된다면, 여러분은 그것을 할 일 목록에 적어 넣거나 나중에 하겠다고 마음먹기보다는 그 자리에서 해치울 것입니다.\n\n**반드시 완료해야 한다고 생각하는 일을 떠올릴 때마다 스스로에게 질문을 던져 보세요.**\n\n**“이 일은 얼마나 오래 걸릴까?”**\n\n**겨우 1~2분밖에 걸리지 않는 일이라면 미루지 말고 당장 해치우자고요.** 이렇게 꾸준히 하다 보면, 완수해야 할 기나긴 업무 목록을 만들 때마다 생기는 부정적인 생각이 대부분 사라질 것입니다. **1~2분 내로 끝날 일이 아니라면, 캘린더에 적어 두고 일정을 따로 잡습니다.**\n\n### 단숨에 처리하라\n\n2분 법칙과 밀접한 관련이 있는 두 번째 전략은 모든 업무를 단숨에 처리하는 것입니다.\n\n**지체 없이 일을 처리하면 뒤로 미뤄 버린 사소한 업무들로 인해 발생한 스트레스가 사라집니다. 여기서 핵심은 무언가를 시작할 때마다 결론에 도달할 때까지 쉬는 일 없이 단숨에 해치워야 한다는 것입니다.**\n\n다음은 몇 가지 사례들입니다.\n\n● 이메일을 열어 보고 답장을 하거나 메시지를 처리하기 위해 필요한 구체적인 행동 일정을 계획한다.\n● 식사가 끝나면 싱크대에 그릇을 담그는 대신 가볍게 헹궈서 설거지 기계에 집어넣는다.\n● 정크 메일은 받은 즉시 쓰레기통에 집어넣는다.\n● 옷을 입고 나면 의자에 걸쳐 두지 말고 바로 치운다.\n● 음성 메시지를 받을 때마다 곧바로 상대방에게 전화해 준다.\n\n**일상적인 업무에 부담감을 느끼면 일을 미루기가 쉽습니다. 하지만 1~2분의 시간을 따로 마련해 간단한 행동을 완수한다면, 엄청난 잡무 목록을 작성하느라 생긴 스트레스를 말끔히 없애기가 그리 어렵지 않다는 걸 알게 될 것입니다.**\n\n## 6-7 어려운 프로젝트에는 작은 습관을\n\n사람들이 일을 미루는 이유 중 하나는 ‘엄청난 노력을 기울여야 한다’는 사실이 부담스럽기 때문입니다. **정신적 또는 육체적으로 자기 자신을 몰아붙여야 하므로, 그 일을 계속 미루고 즉각적인 만족감으로 도파민을 분출시키는 다른 일을 하게 되는 것입니다.**\n\n**가장 좋은 방법은 ‘작은 습관\u2006Mini Habits’을 만드는 것입니다.**\n\n### 괜찮아, 내일 하지 뭐\n\n**작은 습관의 목적은 어렵거나 시간을 잡아먹는 업무를 시작할 때 느끼는 저항감을 없애는 것입니다.**\n\n**작은 습관이 효과를 거두는 이유는 동기 부여를 할 필요가 없어지기 때문입니다. 이것의 시작은 ‘대단히 어려운’ 목표를 세우는 대신, 간단히 시작할 수 있는 ‘대단히 저평가된’ 목표를 설정하는 것입니다.**\n\n### 너무 쉬워 꾸준히 할 수 있는 일\n\n어떤 업무가 너무 어려워서 완수하지 못하겠다는 생각이 들 때 느끼는 부담감을 없애 주기 때문이죠.\n\n현재 당신이 지닌 능력을 활용해 더 나은 당신을 만들어 낼 전략이 필요할 뿐이다.”\n\n**결과적으로, 지속적인 변화를 만들어 내기 위한 가장 단순하고 효과적인 방법은 너무 쉬워서 꾸준히 해낼 수 있을 법한 목표를 정하는 것입니다. 자신에게 특정한 활동을 자주 미루는 버릇이 있다면, 마음을 다잡고 시작하려 할 때 떠올릴 수 있는 가장 간단하고 실행 가능성 있는 습관을 만들어 보세요.** 몇 가지 예를 살펴보겠습니다.\n\n● **글쓰기를 시작하고 싶다면, 문장 하나를 쓰겠다는 목표를 세운다.**\n● 더 오래 달리고 싶다면, 운동복을 입겠다는 목표를 세운다.\n● 판매 기록을 갱신하고 싶다면, 전화기를 들고 대화의 주도권을 잡겠다는 목표를 세운다.\n● **성적을 올리고 싶다면, 5분간 필기 내용을 검토하겠다는 목표를 세운다.**\n● 영양 상태를 개선하고 싶다면, 샐러드부터 한 입 먹겠다는 목표를 세운다.'}, {'user_id': '42lines_', 'posts_count': '37', 'post_text': 'Photo by @42lines_ on August 06, 2024. May be an illustration of one or more people, magazine, poster, calendar and text.', 'post_image': 'https://scontent-ssn1-1.cdninstagram.com/v/t51.29350-15/454518885_860481105577889_401343951316218372_n.jpg?stp=dst-jpg_e15&efg=eyJ2ZW5jb2RlX3RhZyI6ImltYWdlX3VybGdlbi4xMDgweDEwODAuc2RyLmYyOTM1MCJ9&_nc_ht=scontent-ssn1-1.cdninstagram.com&_nc_cat=105&_nc_ohc=yscFt7cj14AQ7kNvgHeskaK&edm=AEhyXUkBAAAA&ccb=7-5&ig_cache_key=MzQyOTA1OTQ3NDc2OTI4MTI0Ng%3D%3D.2-ccb7-5&oh=00_AYBCbAFOAIfNgBIMJKa0HFHPqMn3OnPO-9kU_44jZwbYZQ&oe=66B94E7F&_nc_sid=8f1549', 'post_datetime': '2024-08-07 10:56:05', 'post_description': '페어링은 식음뿐 아니라 모든 브랜드가 주목해야 할 키워드다. 페어링은 소비자가 직접 만들어내는 콜라보레이션이다. 페어링이 가능할 때 우리 브랜드의 가능성이 무한히 커진다. 콘텐츠와의 페어링, 자연과의 페어링, 식음과의 페어링, 특정 시간대와의 페어링을 관측해보자. 브랜드 단독으로 만들어낼 수 있는 그림에는 한계가 있다. 변주를 위해서는 잘 어울리는 친구가 필요하다.\n\n<2024 트렌드 노트>, 정석환, 박현영, 이원희, 김종민, 김정구, 정현아, 신예은'}, {'user_id': 'euiclee.books', 'posts_count': '37', 'post_text': '🖋️ 유지혜 작가와의 3번째 만남이자. 작가의 첫번째 여행 에세이이다.\n\n나와 비슷한 나이에 떠난 여행기, 나와는 다른 경험과 이야기들이 궁금해진다.\n\n📗 #조용한흥분 #유지혜 #북노마드\n\n🔖 #독서 #북스타그램 #책 #독서스타그램', 'post_image': 'https://scontent-ssn1-1.cdninstagram.com/v/t51.29350-15/454411816_1027443738497787_68878493965032729_n.jpg?stp=dst-jpg_e15&efg=eyJ2ZW5jb2RlX3RhZyI6ImltYWdlX3VybGdlbi4xMDgweDEwODAuc2RyLmYyOTM1MCJ9&_nc_ht=scontent-ssn1-1.cdninstagram.com&_nc_cat=103&_nc_ohc=hp-poMLldwwQ7kNvgHwzQKI&edm=AEhyXUkBAAAA&ccb=7-5&ig_cache_key=MzQyOTM3ODgzMjY2NTgxOTU4MA%3D%3D.2-ccb7-5&oh=00_AYChf5_jm6Nkscu4fZ9tEF0aau-sy-h982q2QAhMccreeA&oe=66B97089&_nc_sid=8f1549', 'post_datetime': '2024-08-07 21:30:36', 'post_description': '🖋️ 유지혜 작가와의 3번째 만남이자. 작가의 첫번째 여행 에세이이다.\n\n나와 비슷한 나이에 떠난 여행기, 나와는 다른 경험과 이야기들이 궁금해진다.\n\n📗 #조용한흥분 #유지혜 #북노마드\n\n🔖 #독서 #북스타그램 #책 #독서스타그램'}, {'user_id': 'ai.gi.book', 'posts_count': '40', 'post_text': 'Photo by @ai.gi.book on August 07, 2024. May be an image of poster and text that says \'Happiness happincuraChoiceYou.Make sa Choice You Make 만일 만일나에게 나에게 단한번의 아침이 남아 있다면 오늘이 끝나기 반드시 깨달아야 것돌 품릴언드 자음| 회인마을 "나는 가치 있는 삶을 살고 있는가" 내 삶의 가치를 찾는 이 이섯 번의 번의 인생 수업 S 베스트셀러 祈 타임스) (피플) 선정 BestNew Bee (커커스 리뷰카 퍼블리셔스 취클라 เูเร้ 압도책극찬 만일 나에게 단 한 번의 아침이 남아 있다면 오늘이 끝나기 전 반드시 깨달아야 할 것들 존 릴런드 지음 최인하 옮김 북모먼트· 인문. 202407.19\'.', 'post_image': 'https://scontent-ssn1-1.cdninstagram.com/v/t51.29350-15/454510776_858732686185263_120934342145347311_n.jpg?stp=dst-jpg_e35&efg=eyJ2ZW5jb2RlX3RhZyI6ImltYWdlX3VybGdlbi4xNDQweDE4MDAuc2RyLmYyOTM1MCJ9&_nc_ht=scontent-ssn1-1.cdninstagram.com&_nc_cat=103&_nc_ohc=CD-cLgRstA0Q7kNvgHnKmrG&edm=AEhyXUkBAAAA&ccb=7-5&ig_cache_key=MzQyOTQ1MjIzMzU5NzI2MDk0Nw%3D%3D.2-ccb7-5&oh=00_AYDWt1XuV3-af6vXyLw92enWyz6WQMs1k4g6vZ74Qh9ajg&oe=66B96404&_nc_sid=8f1549', 'post_datetime': '2024-08-07 23:56:26', 'post_description': '이 접시는 내 천국이야. 나는 더 이상 바라는 게 없어. 대저택, 차, 시골 별장이나 보험도 필요 없고 부자가 되는 것도 바라지 않아. 내가 원하는 건 바로 이 포도 한 접시야. 이 접시 하나만 있으면 나는 정말로 행복해. 이 포도를 맛있게 먹는 걸로 충분해. 그게 행복이지. 난 그거면 행복해. - <만일 나에게 단 한 번의 아침이 남아 있다면>, 존 릴런드 - 밀리의 서재\nhttps://www.millie.co.kr/v3/bookDetail/81bd4120eb354ef9\n\n행복은 별거 아니다'}]
CSV 파일에 데이터 저장 중...
CSV 파일에 데이터 저장 완료
성공/실패 평가 중...
성공한 사람: ['terrys_reading', 'rdnmgo', '42lines_', 'euiclee.books', 'ai.gi.book']
실패한 사람: []
요약 이미지 생성 중...
요약 이미지 생성 완료
포스트 이미지 생성 중...
terrys_reading의 이미지 생성 중...
terrys_reading의 이미지 생성 완료
terrys_reading의 텍스트 이미지 생성 중...
terrys_reading의 텍스트 이미지 생성 완료
rdnmgo의 이미지 생성 중...
rdnmgo의 이미지 생성 완료
rdnmgo의 텍스트 이미지 생성 중...
rdnmgo의 텍스트 이미지 생성 완료
42lines_의 이미지 생성 중...
42lines_의 이미지 생성 완료
42lines_의 텍스트 이미지 생성 중...
42lines_의 텍스트 이미지 생성 완료
euiclee.books의 이미지 생성 중...
euiclee.books의 이미지 생성 완료
euiclee.books의 텍스트 이미지 생성 중...
euiclee.books의 텍스트 이미지 생성 완료
ai.gi.book의 이미지 생성 중...
ai.gi.book의 이미지 생성 완료
ai.gi.book의 텍스트 이미지 생성 중...
ai.gi.book의 텍스트 이미지 생성 완료
포스트 이미지 생성 완료
이미지 업로드 시작...
사진 업로드 중...
새 게시물 버튼 클릭 완료
다음 버튼 클릭 중...
다음 버튼 클릭 완료
다음 버튼 클릭 중...
다음 버튼 클릭 완료
성공/실패 평가 중...
성공한 사람: ['terrys_reading', 'rdnmgo', '42lines_', 'euiclee.books', 'ai.gi.book']
실패한 사람: []
설명 입력 중...
설명 입력 완료
게시물 공유 중...
게시물 공유 완료
사진 업로드 완료
이미지 업로드 완료
드라이버 종료
프로그램 시작
드라이버 설정 중...
드라이버 설정 완료
인스타그램 로그인 시도 중...
로그인 정보 입력 완료
로그인 정보 저장 버튼 클릭 중...
로그인 정보 저장 버튼 클릭 완료
정보 수집 시작...
terrys_reading의 정보 수집 중...
terrys_reading의 게시물에 '더 보기' 버튼 없음
좋아요 버튼을 클릭했습니다.
terrys_reading의 정보 수집 완료
rdnmgo의 정보 수집 중...
rdnmgo의 게시물에 '더 보기' 버튼 없음
좋아요 버튼을 클릭했습니다.
rdnmgo의 정보 수집 완료
42lines_의 정보 수집 중...
42lines_의 게시물에 '더 보기' 버튼 없음
좋아요 버튼을 클릭했습니다.
42lines_의 정보 수집 완료
euiclee.books의 정보 수집 중...
euiclee.books의 게시물에 '더 보기' 버튼 없음
좋아요 버튼을 클릭했습니다.
euiclee.books의 정보 수집 완료
ai.gi.book의 정보 수집 중...
ai.gi.book의 게시물에 '더 보기' 버튼 없음
좋아요 버튼을 클릭했습니다.
ai.gi.book의 정보 수집 완료
정보 수집 완료
[{'user_id': 'terrys_reading', 'posts_count': '37', 'post_text': 'Photo by @terrys_reading on August 08, 2024. May be an image of poster, magazine, book and text.', 'post_image': 'https://scontent-ssn1-1.cdninstagram.com/v/t51.29350-15/454522548_1537317416867225_7986113908106165857_n.jpg?stp=dst-jpg_e15&efg=eyJ2ZW5jb2RlX3RhZyI6ImltYWdlX3VybGdlbi4xMDgweDEwODAuc2RyLmYyOTM1MCJ9&_nc_ht=scontent-ssn1-1.cdninstagram.com&_nc_cat=105&_nc_ohc=Tb7AVJts85UQ7kNvgG9K1P7&edm=AEhyXUkBAAAA&ccb=7-5&ig_cache_key=MzQzMDE3NTI2MDYwMjA4ODQwMg%3D%3D.2-ccb7-5&oh=00_AYCwZVgmxo3uC9dJ9jdCQJWIZVkv_uSm6st2iQ_eWjYnJA&oe=66BAAA47&_nc_sid=8f1549', 'post_datetime': '2024-08-08 23:52:57', 'post_description': '세븐 파워\n\n전략이란 무엇인가? 기업의 잠재적 가치를 유지하고 증대하기 위해 취할 수 있는 행동의 옵션이다.\n\n기업 정역학이란 무엇인가? 기업의 현 상태에 대한 분석을 내리는 것이다. 기업의 동역학이란 무엇인가? 기업이 어떻게 이 우위를 누릴 수 있게 되었는지 분석한 것이다.\n\n빠르게 성장한 기업도, 돈을 많이 버는 기업도 어느 세대나 존재했다. 하지만, 자신의 우위를 지속적으로 유지하는 기업은 적었다. 자신의 가치를 보존하는 기업은 적었다. 이 책은 그 기업에 관한 이야기이다.'}, {'user_id': 'rdnmgo', 'posts_count': '39', 'post_text': 'Photo by @rdnmgo on August 07, 2024. May be an image of poster, book, magazine and text.', 'post_image': 'https://scontent-ssn1-1.cdninstagram.com/v/t51.29350-15/454533438_1190810458710012_1087197223643991771_n.jpg?stp=dst-jpg_e15&efg=eyJ2ZW5jb2RlX3RhZyI6ImltYWdlX3VybGdlbi43MjB4NzIwLnNkci5mMjkzNTAifQ&_nc_ht=scontent-ssn1-1.cdninstagram.com&_nc_cat=100&_nc_ohc=2XaHOXz3NOIQ7kNvgEeecrT&edm=AEhyXUkBAAAA&ccb=7-5&ig_cache_key=MzQyOTcyNTY2OTMxMDM1OTY5Nw%3D%3D.2-ccb7-5&oh=00_AYCNwmrj4XqWFj5ppAirEmeVCMIXEvJxa89bOJA-HrxRYQ&oe=66BA954C&_nc_sid=8f1549', 'post_datetime': '2024-08-08 08:59:42', 'post_description': '## <게으름이 습관이 되기 전에> 6-8 코끼리 습관을 아시나요\n\n“코끼리를 먹으려면 어떻게 해야 하지?”\n\n여러분이라면 이 질문에 대해 뭐라고 대답하시겠습니까? 널리 알려진 답이 하나 있습니다. **바로 “한 번에 한 입씩”입니다.**\n\n**이 이야기는 거대하고 복잡한 목표를 마주했을 때 우리가 해야 할 일이 무엇인지 정확히 가르쳐 줍니다. 바로 그 목표를 잘게 조각내어 야금야금 해결해 나가야 한다는 것입니다.**\n\n### 15분어치의 일로 쪼개라\n\n반면에 내가 코끼리 습관이라 부르는 방법을 활용하면, 어떤 거대한 프로젝트라도 맡아서 야금야금 처리할 수 있습니다. 이 방법은 내 책 《해빗 스태킹\u2006Habit Stacking》에서 자세히 설명한 바 있는데요. **코끼리 습관이란, 자칫 부담스러워질 수 있는 거대한 프로젝트를 억지로 수행해야 할 때마다 느끼게 되는 자연스러운 저항감을 극복하기 위해 고안한 것입니다.**\n**이럴 때는 한 번에 한 입씩 프로젝트를 완수해 가는 코끼리 습관이 제격입니다.**\n\n**전체 프로젝트를 대체로 15분 내에 해결할 수 있을 만큼 잘게 쪼개어 날마다 조금씩 해결하는 것입니다.**\n\n다음은 이 전략을 활용해 해결할 수 있는 몇 가지 예들입니다.\n\n● 집안의 잡동사니들 정리하기\n● 이삿짐 싸기\n● 체계적으로 서류 정리하기(예를 들면, 세금 신고 기간을 대비해서)\n● 시험 공부하기\n● 시간을 잡아먹는 과제 완료하기\n● 어려운 책 읽기\n\n**마음속에서 그 일을 무서운 시련처럼 키워 가기보다는 매일 15분씩 일정을 잡아 그 프로젝트를 조금씩 해치워 나가는 방식으로 무력감을 극복합니다. 대체로, 정해진 아침 일과나 기존의 덩어리 시간에 추가해 실행하곤 합니다.**\n\n코끼리 습관은 조금 전에 살펴봤던 작은 습관의 개념과 비슷한 체계를 가지고 있습니다. 내 시간이 ‘고작’ 5분밖에 들지 않는 일이라고 자신을 다독인다면, 그 일을 시작해야 한다고 자신을 설득하기가 더 쉬워집니다. 그리고 흔히 그런 것처럼 일단 시작하고 나면 처음에 세운 계획 이상으로 그 일을 잘 해내게 마련입니다.\n\n## 6-9 전력 질주가 필요한 순간\n\n**영리한 사람은 단거리 ‘전력 질주’에 집약적인 노력을 기울이고, 타이머를 이용해 진행 상황을 체크해 가면서 미루는 버릇을 고칩니다. 이때 중요한 것은 짧은 시간 동안 일하고, 휴식 시간을 자주 갖는 것입니다.**\n\n**단거리 전력 질주의 장점은 명확한 시작 지점과 정지 지점이 있어서 자신을 다독여 가며 일을 시작하기가 쉽다는 것입니다.** 일단 전력 질주를 마치고 나면 짧은 휴식을 취한 다음, 두 번째 전력 질주에 나서면 됩니다.\n\n### 25분의 전력 질주\n\n**단거리 전력 질주를 끝까지 제대로 해내기 위해 내가 추천하는 전략은 ‘포모도로 기법\u2006Pomodoro Technique’입니다.**\n\n시릴로는 사람들이 아주 짧은 시간 동안 집중하곤 이내 다른 데 정신이 팔린다는 것을 알아차렸습니다. 그는 짧은 시간 동안 집중하다가 적극적으로 휴식을 취한 뒤, 다음 질주를 시작하는 편이 더 낫다고 판단했습니다. 이에 따라 포모도로 기법을 개발해 낸 것인데요.\n\n포모도로 기법을 이용할 때는 다음 과정을 밟으면 됩니다.\n\n● 할 일을 하나 선택한다.\n● 타이머를 25분으로 설정한다.\n● 집중력을 방해하는 어떤 상황에도 굴복하지 말고 25분 동안 일한다.\n● **일어나서 주변을 산책하는 식으로 5분 동안 휴식한다.**\n● 다시 제자리로 돌아가 25분 동안 일한다.\n● 이 덩어리 시간이 네 번 지나고 나면 15~30분 동안 휴식을 취한다.\n\n**여러분은 이 기법이 휴식 없이 일하는 것만큼 효과적이진 않다고 생각할지 모릅니다. 하지만 오랜 시간 동안 일하려고 노력하던 때를 돌이켜 보세요. 십중팔구, 처음에는 활기가 넘쳤겠지만 얼마 지나지 않아 집중력이 떨어지는 순간이 찾아왔을 것입니다.**\n\n포모도로 기법은 정신을 맑게 해 주고 집중력을 유지하게 해 주므로, 주의를 어지럽히는 것들로부터 나를 지켜 줍니다. 휴식 시간이 일정에 포함되어 있으니, 몇 분간 심신의 긴장을 풀 기회도 갖게 되는 셈이고요.'}, {'user_id': '42lines_', 'posts_count': '38', 'post_text': "Photo by @42lines_ on August 07, 2024. May be an illustration of one or more people, magazine, poster, calendar and text that says '12 트렌드노트 테레디 라 라이프-스타일, 라이프-스타일,마침내분화 이 마침내 분화 삶의 다양한 같래가 만들어내는 습관의 소비, 경험의 소비, 지성의 소비 점석한· 박법명 이정희 김총민 김정구 정연아 신예은 자몸 Jesay 복스톤 ョーに'.", 'post_image': 'https://scontent-ssn1-1.cdninstagram.com/v/t51.29350-15/454382946_1287805782184241_916593676540561940_n.jpg?stp=dst-jpg_e15&efg=eyJ2ZW5jb2RlX3RhZyI6ImltYWdlX3VybGdlbi4xMDgweDEwODAuc2RyLmYyOTM1MCJ9&_nc_ht=scontent-ssn1-1.cdninstagram.com&_nc_cat=105&_nc_ohc=t3nDzmfBY5QQ7kNvgFOe8H0&edm=AEhyXUkBAAAA&ccb=7-5&ig_cache_key=MzQyOTgxNDM4NjAxMjYyODQwOA%3D%3D.2-ccb7-5&oh=00_AYBgaIAJSMDe-X0CTSsriVIlfTseq-HWqSPhXcRcDEyv-A&oe=66BAA984&_nc_sid=8f1549', 'post_datetime': '2024-08-08 11:55:57', 'post_description': '정보 하나하나가 트렌드는 아니다. 새로운 정보체계도 트렌드가 되기에 충분하지 않다. 정보체계에 차이가 발생한다는 것이 트렌드를 만들어낸다. 나는 알고 너는 모르고, 너는 해보았고 나는 안 해보았기에 그 차이를 메우고 싶은 욕망이 트렌드를 추동한다. 아라비카 커피는 트렌드가 아니다. 하지만 이 장면, 코엑스라는 서울 한복판에서 이해하지 못하는 1인과 당연한 듯 줄을 서는 3인의 만남은 트렌드다.\n\n<2024 트렌드 노트>, 정석환, 박현영, 이원희, 김종민, 김정구, 정현아, 신예은'}, {'user_id': 'euiclee.books', 'posts_count': '38', 'post_text': '🖋️ 여유. \n\n여행을 가고 싶은 마음은 어쩌면 정신없이 흘러가는 삶에 지쳐 누구에게도 방해받지 않는 여유가 필요해서 생기는 것일지도 모르겠다.\n\n아무도 나를 모르는 곳. 내가 평소의 나와 정반대로 행동해도 그모습이 내가 되는 곳. 그렇기 때문에 여행을 갈때 설렘과 기대감이 찾아오는 것이 아닐까.\n\n📗 #조용한흥분 #유지혜 #북노마드\n\n🔖 #독서 #북스타그램 #책 #독서스타그램 #여행 #여행에세이', 'post_image': 'https://scontent-ssn1-1.cdninstagram.com/v/t51.29350-15/451394344_1150458339346945_577778775468755678_n.jpg?stp=dst-jpg_e15&efg=eyJ2ZW5jb2RlX3RhZyI6ImltYWdlX3VybGdlbi4xMDgweDEwODAuc2RyLmYyOTM1MCJ9&_nc_ht=scontent-ssn1-1.cdninstagram.com&_nc_cat=101&_nc_ohc=cAzXPxKtw7YQ7kNvgHjdfY2&edm=AEhyXUkBAAAA&ccb=7-5&ig_cache_key=MzQzMDE0NzIwNTMwOTgxMDk1Nw%3D%3D.2-ccb7-5&oh=00_AYD4XDf71jhK4KlrMTAnAzrZrKNIoDdBY0GqXZ-6bearig&oe=66BAC015&_nc_sid=8f1549', 'post_datetime': '2024-08-08 22:57:13', 'post_description': '🖋️ 여유.\n\n여행을 가고 싶은 마음은 어쩌면 정신없이 흘러가는 삶에 지쳐 누구에게도 방해받지 않는 여유가 필요해서 생기는 것일지도 모르겠다.\n\n아무도 나를 모르는 곳. 내가 평소의 나와 정반대로 행동해도 그모습이 내가 되는 곳. 그렇기 때문에 여행을 갈때 설렘과 기대감이 찾아오는 것이 아닐까.\n\n📗 #조용한흥분 #유지혜 #북노마드\n\n🔖 #독서 #북스타그램 #책 #독서스타그램 #여행 #여행에세이'}, {'user_id': 'ai.gi.book', 'posts_count': '42', 'post_text': 'Photo by @ai.gi.book on August 08, 2024. May be an image of poster and text that says \'Happiness happincuraChoiceYou.Make sa Choice You Make 만일 만일나에게 나에게 단한번의 아침이 남아 있다면 오늘이 끝나기 반드시 깨달아야 것돌 품릴언드 자음| 회인마을 "나는 가치 있는 삶을 살고 있는가" 내 삶의 가치를 찾는 이 이섯 번의 번의 인생 수업 S 베스트셀러 祈 타임스) (피플) 선정 BestNew Bee (커커스 리뷰카 퍼블리셔스 취클라 เูเร้ 압도책극찬 만일 나에게 단 한 번의 아침이 남아 있다면 오늘이 끝나기 전 반드시 깨달아야 할 것들 존 릴런드 지음 최인하 옮김 북모먼트· 인문. 202407.19\'.', 'post_image': 'https://scontent-ssn1-1.cdninstagram.com/v/t51.29350-15/454405891_1224045435216862_7070294355046900288_n.jpg?stp=dst-jpg_e35&efg=eyJ2ZW5jb2RlX3RhZyI6ImltYWdlX3VybGdlbi4xNDQweDE4MDAuc2RyLmYyOTM1MCJ9&_nc_ht=scontent-ssn1-1.cdninstagram.com&_nc_cat=110&_nc_ohc=TFMxIlgz8U8Q7kNvgHRZxfP&edm=AEhyXUkBAAAA&ccb=7-5&ig_cache_key=MzQzMDE1ODY0ODEwMDExNjk4Ng%3D%3D.2-ccb7-5&oh=00_AYA0Vpp-8ZZ2sMmz1G3Vc8FDMmIDaFF9l-IN9gkvTYzzsg&oe=66BABDEF&_nc_sid=8f1549', 'post_datetime': '2024-08-08 23:19:57', 'post_description': '핑을 처음 만난 순간부터 그녀의 인생 수업은 시작됐다. 핑은 노년이 여느 나이와 다름없는 인생의 한 단계라며 “최대한 즐겁게 살려고 노력해야 한다”고 했다. 누구나 나이가 든다고 그녀는 말했다. “경험이랑 비슷한 거야. 늘 명랑하게 지내야 해. 끔찍한 생각들은 절대 하지 말고. 아름다운 것들만 생각해. 어렸을 때나 좋아하는 것들. 나는 남편이 얼마나 좋은 사람이었는지 같은 것들을 떠올려. 나는 ‘아, 내 남편이 죽었지. 슬퍼’ 이런 생각은 안 해. 절대로. 나는 항상 그이가 나랑 쭉 같이 있다고 생각해. 그래서 내가 늘 명랑한 거야.” - <만일 나에게 단 한 번의 아침이 남아 있다면>, 존 릴런드 - 밀리의 서재\nhttps://www.millie.co.kr/v3/bookDetail/81bd4120eb354ef9\n\n최대한 즐겁게 살아야 해'}]
CSV 파일에 데이터 저장 중...
CSV 파일에 데이터 저장 완료
성공/실패 평가 중...
성공한 사람: ['terrys_reading', 'rdnmgo', '42lines_', 'euiclee.books', 'ai.gi.book']
실패한 사람: []
요약 이미지 생성 중...
요약 이미지 생성 완료
포스트 이미지 생성 중...
terrys_reading의 이미지 생성 중...
terrys_reading의 이미지 생성 완료
terrys_reading의 텍스트 이미지 생성 중...
terrys_reading의 텍스트 이미지 생성 완료
rdnmgo의 이미지 생성 중...
rdnmgo의 이미지 생성 완료
rdnmgo의 텍스트 이미지 생성 중...
rdnmgo의 텍스트 이미지 생성 완료
42lines_의 이미지 생성 중...
42lines_의 이미지 생성 완료
42lines_의 텍스트 이미지 생성 중...
42lines_의 텍스트 이미지 생성 완료
euiclee.books의 이미지 생성 중...
euiclee.books의 이미지 생성 완료
euiclee.books의 텍스트 이미지 생성 중...
euiclee.books의 텍스트 이미지 생성 완료
ai.gi.book의 이미지 생성 중...
ai.gi.book의 이미지 생성 완료
ai.gi.book의 텍스트 이미지 생성 중...
ai.gi.book의 텍스트 이미지 생성 완료
포스트 이미지 생성 완료
이미지 업로드 시작...
사진 업로드 중...
새 게시물 버튼 클릭 완료
다음 버튼 클릭 중...
다음 버튼 클릭 완료
다음 버튼 클릭 중...
다음 버튼 클릭 완료
성공/실패 평가 중...
성공한 사람: ['terrys_reading', 'rdnmgo', '42lines_', 'euiclee.books', 'ai.gi.book']
실패한 사람: []
설명 입력 중...
설명 입력 완료
게시물 공유 중...
게시물 공유 완료
사진 업로드 완료
이미지 업로드 완료
드라이버 종료
프로그램 시작
드라이버 설정 중...
드라이버 설정 완료
인스타그램 로그인 시도 중...
로그인 정보 입력 완료
로그인 정보 저장 버튼 클릭 중...
로그인 정보 저장 버튼 클릭 완료
정보 수집 시작...
terrys_reading의 정보 수집 중...
terrys_reading의 게시물에 '더 보기' 버튼 없음
좋아요 버튼을 클릭했습니다.
terrys_reading의 정보 수집 완료
rdnmgo의 정보 수집 중...
rdnmgo의 게시물에 '더 보기' 버튼 없음
좋아요 버튼을 클릭했습니다.
rdnmgo의 정보 수집 완료
42lines_의 정보 수집 중...
42lines_의 게시물에 '더 보기' 버튼 없음
좋아요 버튼을 클릭했습니다.
42lines_의 정보 수집 완료
euiclee.books의 정보 수집 중...
euiclee.books의 게시물에 '더 보기' 버튼 없음
좋아요 버튼을 클릭했습니다.
euiclee.books의 정보 수집 완료
ai.gi.book의 정보 수집 중...
ai.gi.book의 게시물에 '더 보기' 버튼 없음
좋아요 버튼을 클릭했습니다.
ai.gi.book의 정보 수집 완료
정보 수집 완료
[{'user_id': 'terrys_reading', 'posts_count': '38', 'post_text': 'Photo by @terrys_reading on August 09, 2024. May be an image of poster, book, magazine and text.', 'post_image': 'https://scontent-ssn1-1.cdninstagram.com/v/t51.29350-15/454734221_515570514371765_2830318669113592343_n.jpg?stp=dst-jpg_e15&efg=eyJ2ZW5jb2RlX3RhZyI6ImltYWdlX3VybGdlbi4xMDgweDEwODAuc2RyLmYyOTM1MCJ9&_nc_ht=scontent-ssn1-1.cdninstagram.com&_nc_cat=105&_nc_ohc=ii9rwsNMiqgQ7kNvgEFl6q_&edm=AEhyXUkBAAAA&ccb=7-5&ig_cache_key=MzQzMDkwMzA2MzY4NDk1NTg0Mw%3D%3D.2-ccb7-5&oh=00_AYArjxolhw_oj94Qfpwk_jMQsvLJ831E1ghd9tsUiBzRoA&oe=66BBEF43&_nc_sid=8f1549', 'post_datetime': '2024-08-09 23:58:58', 'post_description': '세븐 파워\n\n1. 규모의 경제란 사업 규모가 커질수록 단위 비용이 감소하는 특성을 말한다. 효과적 가격 책정과 투자 요구 감소로 인한 현금 흐름의 개선과 비용 절감이 이득이다. 장벽은 경쟁자들의 이득을 낮추거나 없앰으로써 행동의 인센티브를 낮춰버리는 것이다.\n\n2. 네트워크 경제는 새로운 고객이 네트워크에 합류함에 따라 각 고객에게 제공하는 서비스의 가치가 높아지며, 경쟁자의 고객 확보 비용이 기하급수적으로 높아지는 특성을 가지고 있다. 이득은 가격 책정력이며, 장벽은 고객 확보 비용이다. 카카오톡의 유저를 새로운 플랫폼으로 이동시키기 위해서는 얼마의 시간과 비용이 필요할 것인가?'}, {'user_id': 'rdnmgo', 'posts_count': '40', 'post_text': 'Photo by @rdnmgo on August 08, 2024. May be an image of poster, book, magazine and text.', 'post_image': 'https://scontent-ssn1-1.cdninstagram.com/v/t51.29350-15/454629238_3367428143401503_1806464800383053100_n.jpg?stp=dst-jpg_e15&efg=eyJ2ZW5jb2RlX3RhZyI6ImltYWdlX3VybGdlbi43MjB4NzIwLnNkci5mMjkzNTAifQ&_nc_ht=scontent-ssn1-1.cdninstagram.com&_nc_cat=103&_nc_ohc=wkbOpdZwQI4Q7kNvgFEJ_ZO&edm=AEhyXUkBAAAA&ccb=7-5&ig_cache_key=MzQzMDQ1ODYwOTM4ODY4MjQ0NA%3D%3D.2-ccb7-5&oh=00_AYCxO-NfpruVg7z43xi6m0Q8Z1pTRjdsqxGd_kv3sB9n4A&oe=66BC19AA&_nc_sid=8f1549', 'post_datetime': '2024-08-09 09:15:55', 'post_description': '## <게으름이 습관이 되기 전에> 6-10 불편함과 함께하는 습관\n\n**미루는 버릇을 완전히 고치기 위해 사용할 수 있는 최고의 전략 중 하나는 불편한 것을 편안하게 여기는 것입니다. 이 기술을 숙달하고 나면, 여러분은 거의 무슨 일이나 해낼 수 있을 것입니다.**\n\n### 작은 불편은 유익하다\n\n대부분의 사람들은 불편한 것을 피하려고 합니다. 그래서 고되게 일하는 것도, 고통을 느껴 가며 무언가를 하는 것도 웬만하면 하지 않으려고 하죠.\n\n**하지만 어떻게 해서든 일단 시작하고 나면, 어느 순간부턴가는 운동이 더는 고문이 아닌 것으로 여겨지는 순간이 옵니다.** 약간의 노력이 들고 기꺼이 불편함을 감수하면 되는 일일 뿐이죠.\n\n**우리가 기억해야 할 중요한 사실은, ‘작은 불편은 유익하다’는 것입니다. 불편함은 실제로 우리가 두려워하는 무언가를 즐거운 습관으로 변화시킬 수 있습니다. 오로지 처음에만 기꺼이 자신을 채찍질한다면 말이죠.**\n\n### 불편함에 익숙해지는 방법\n\n일단 불편함에 익숙해지기로 결심하고 나면, 여러분은 그 작업을 편안하게 해낼 수 있습니다. 자신에게 맞는 속도로 한 번에 조금씩 할 일을 하면 됩니다.\n\n다음은 베스트셀러 작가 리오 바바우타\u2006Leo Babauta가 <불편 지대\u2006Discomfort Zone>라는 제목의 논문에서 간단히 설명한 ‘성공으로 가는 다섯 단계’입니다.\n\n#### 1단계: 쉬운 일을 선택하라\n\n**작은 일로 시작하는 게 좋다.** 당신의 목표가 신체 활동 수준을 높이는 것이라면 하루에 30분 정도 밖을 걸어 다니자.\n\n#### 2단계: 일을 조금만 하라\n\n익숙지 않은 일을 처음부터 30분씩 하려고 하지 마라. **처음에는 5분이면 족하다. 어디에서 출발하는지는 중요하지 않으므로 확실히 실행하기만 하면 된다.**\n\n#### 3단계: 서서히 자신을 다독여 안전지대에서 벗어나라\n\n**멈추고 싶은 순간이 오면, 조금만 더 멀리 가자고 스스로를 설득하라. 불편한 순간들을 끝까지 버텨 내기 시작해 그 상태에 익숙해지면, 일이 어떻게 돌아가는지 찬찬히 지켜보라. 무언가를 새롭게 시도할 때마다 불편한 시기를 한 번 더 통과하다 보면, 어느 순간부터는 편안한 마음으로 안전지대를 벗어나는 방법을 스스로 깨달을 수 있을 것이다.**\n\n#### 4단계: 자신의 불편함에 주의를 기울여라\n\n**불편해지기 시작할 때 자신의 생각에 주의를 기울여라.** 부정적인 생각이 드는가? 머릿속으로 조용히 불평을 늘어 놓기 시작하는가? 빠져나갈 방법을 찾게 되는가?\n**불편함을 인지하는 것만으로도 그에 대한 자기 감정을 어느 정도 조절할 수 있을 것이다.**\n\n#### 5단계: 웃어라\n\n**불편할 때 웃는 법을 배우면 불편한 것에 만족하는 데 도움이 된다. 미소는 당신이 행복하고 모든 일이 잘 되고 있다는 메시지를 뇌에 보낸다. 그뿐만 아니라 지금 하는 일을 확신한다는 메시지를 다른 사람들에게도 보낸다.** 그러면 내 마음도 더 편안해질 것이다.\n\n**불편한 상태를 편안하게 느끼기 시작하면, 일을 시작하는 데 필요한 정신력과 의지력을 키울 수 있습니다.** 비록 처음에는 일을 미루고 싶은 기분이 들더라도 말이죠.\n\n**불편함을 연습하는 것은 근육을 기르는 것과 같습니다. 불편함을 받아들이려고 꾸준히 노력하다 보면, 어떤 일을 시작하는 것이 생각만큼 나쁘지 않다는 사실을 깨닫게 될 것입니다. 도전 의식을 북돋워 단 5분만이라도 실천해 보세요.** 아마 여러분의 예상만큼 나쁘지 않다는 사실을 곧 깨닫게 될 것입니다.'}, {'user_id': '42lines_', 'posts_count': '39', 'post_text': 'Photo by @42lines_ on August 09, 2024. May be an illustration of one or more people, magazine, poster, calendar and text.', 'post_image': 'https://scontent-ssn1-1.cdninstagram.com/v/t51.29350-15/454540317_487560043892384_969922361331495069_n.jpg?stp=dst-jpg_e15&efg=eyJ2ZW5jb2RlX3RhZyI6ImltYWdlX3VybGdlbi4xMDgweDEwODAuc2RyLmYyOTM1MCJ9&_nc_ht=scontent-ssn1-1.cdninstagram.com&_nc_cat=108&_nc_ohc=IeFBqWKEUoQQ7kNvgGuN85O&edm=AEhyXUkBAAAA&ccb=7-5&ig_cache_key=MzQzMDY4MDU1MDEwNDMzNzIwOA%3D%3D.2-ccb7-5&oh=00_AYCxv_jfWlFvuOAC80ZkCTtLEIOoxh6zExPHlcKdqZ_3sA&oe=66BC06EF&_nc_sid=8f1549', 'post_datetime': '2024-08-09 16:36:52', 'post_description': '브랜드 입장에서 우리 제품이나 브랜드가 경험 소비에 포함되었다는 것은 인지되기 시작했다는 의미다. 앞으로의 과제는 지속성이다. 한 번은 쉽지만 두 번이 어렵다. 경험 소비의 대표주자인 팝업스토어만 봐도 연관 브랜드가 해마다 바뀐다. 2020년에는 리빙 브랜드, 2021년은 명품 브랜드, 2022년은 식음 브랜드, 2023년에는 콘텐츠 팝업스토어가 두각을 나타냈다.\n\n<2024 트렌드 노트>, 정석환, 박현영, 이원희, 김종민, 김정구, 정현아, 신예은'}, {'user_id': 'euiclee.books', 'posts_count': '39', 'post_text': '🖋️ 나는 아는게 없다.\n\n그렇기 때문에 여행하고, 읽고, 만나며 나 자신을 새로운 환경에 던진다. 그리고 새로운 환경을 마주할 때 나는 조금씩 더 배우며 성장한다.\n\n📗 #조용한흥분 #유지혜 #북노마드\n\n🔖 #독서 #북스타그램 #책 #독서스타그램 #여행 #여행에세이', 'post_image': 'https://scontent-ssn1-1.cdninstagram.com/v/t51.29350-15/454513744_1059239302490214_3879296715625875289_n.jpg?stp=dst-jpg_e15&efg=eyJ2ZW5jb2RlX3RhZyI6ImltYWdlX3VybGdlbi4xMDgweDEwODAuc2RyLmYyOTM1MCJ9&_nc_ht=scontent-ssn1-1.cdninstagram.com&_nc_cat=106&_nc_ohc=zT1JIW0FQCwQ7kNvgEvxVvv&edm=AEhyXUkBAAAA&ccb=7-5&ig_cache_key=MzQzMDg3MTU0ODAwNDY1MDc3NQ%3D%3D.2-ccb7-5&oh=00_AYDLsZzOEFiWPpZkGcrR8x0lVkwhy_QePHMu8_wGriqOlw&oe=66BC04F5&_nc_sid=8f1549', 'post_datetime': '2024-08-09 22:56:22', 'post_description': '🖋️ 나는 아는게 없다.\n\n그렇기 때문에 여행하고, 읽고, 만나며 나 자신을 새로운 환경에 던진다. 그리고 새로운 환경을 마주할 때 나는 조금씩 더 배우며 성장한다.\n\n📗 #조용한흥분 #유지혜 #북노마드\n\n🔖 #독서 #북스타그램 #책 #독서스타그램 #여행 #여행에세이'}, {'user_id': 'ai.gi.book', 'posts_count': '43', 'post_text': 'Photo by @ai.gi.book on August 09, 2024. May be an image of poster and text that says \'Happiness happincuraChoiceYou.Make sa Choice You Make 만일 만일나에게 나에게 단한번의 아침이 남아 있다면 오늘이 끝나기 반드시 깨달아야 것돌 품릴언드 자음| 회인마을 "나는 가치 있는 삶을 살고 있는가" 내 삶의 가치를 찾는 이 이섯 번의 번의 인생 수업 S 베스트셀러 祈 타임스) (피플) 선정 BestNew Bee (커커스 리뷰카 퍼블리셔스 취클라 เูเร้ 압도책극찬 만일 나에게 단 한 번의 아침이 남아 있다면 오늘이 끝나기 전 반드시 깨달아야 할 것들 존 릴런드 지음 최인하 옮김 북모먼트· 인문. 202407.19\'.', 'post_image': 'https://scontent-ssn1-1.cdninstagram.com/v/t51.29350-15/454620196_1141801340220877_2551219863202148456_n.jpg?stp=dst-jpg_e35&efg=eyJ2ZW5jb2RlX3RhZyI6ImltYWdlX3VybGdlbi4xNDQweDE4MDAuc2RyLmYyOTM1MCJ9&_nc_ht=scontent-ssn1-1.cdninstagram.com&_nc_cat=101&_nc_ohc=LGYnbjeIzfMQ7kNvgHUfFb9&edm=AEhyXUkBAAAA&ccb=7-5&ig_cache_key=MzQzMDg4OTU0NjQ1ODI3ODg2Ng%3D%3D.2-ccb7-5&oh=00_AYDuHRGNivwJxkW8kudHtafsGW0CA4YkOVfcx3a4rhsBSw&oe=66BC1290&_nc_sid=8f1549', 'post_datetime': '2024-08-09 23:32:07', 'post_description': '수많은 젊은이가 가장 두려워하는 병인 치매에 걸린 환자들조차도 자신의 삶을 훨씬 더 괜찮게 평가하고 있는 것으로 밝혀졌다.18 2010년 영국정신건강재단British Mental Health Foundation이 치매 환자 44명을 대상으로 조사한 결과였다. 연구원들은 사람들이 건강 상태에 따라 자신의 삶의 질을 평가할 것이라고 예상했다. 치매가 심할수록 삶의 질 역시 더 나쁠 것이라고 본 것이다. 하지만 이것은 가족을 간병하는 대리인들의 관점일 뿐이었다. 그들은 아버지의 삶의 질이 나쁘며 점점 나빠지고 있다고 보았다. 그러나 정작 치매를 앓고 있는 사람들은 자신의 삶을 다른 눈으로 보고 있었다. 그들은 잃은 것보다는 현재 그들이 한 일로 삶의 가치를 판단했다. 그들은 이웃이나 가족과 함께 시간을 보내고 머리를 써서 골치 아픈 문제를 해결하며 자연을 즐겼다. 그들은 치매가 그들에게 가장 중요한 것이라고 생각하지 않았다.\n\n연구자들은 “치매는 감정이나 기분 그리고 정신건강과 관련해 삶의 질에 예상과 달리 큰 영향을 미치지 못할지 모른다”고 밝혔다. 병이 악화되어 기억이나 인지력이 더 나빠진다 해도 삶의 가치에 대한 그들의 평가는 그대로였다. 연구자들은 이를 “직관에 어긋나는” 동시에 “특히 향후 특정 상태로 사는 기분이 어떨지를 예상해 생전 유언을 작성해두는 사람들의 수가 늘고 있는 시점에 중요한 발견이다”라고 했다. - <만일 나에게 단 한 번의 아침이 남아 있다면>, 존 릴런드 - 밀리의 서재\nhttps://www.millie.co.kr/v3/bookDetail/81bd4120eb354ef9'}]
CSV 파일에 데이터 저장 중...
CSV 파일에 데이터 저장 완료
성공/실패 평가 중...
성공한 사람: ['terrys_reading', 'rdnmgo', '42lines_', 'euiclee.books', 'ai.gi.book']
실패한 사람: []
요약 이미지 생성 중...
요약 이미지 생성 완료
포스트 이미지 생성 중...
terrys_reading의 이미지 생성 중...
terrys_reading의 이미지 생성 완료
terrys_reading의 텍스트 이미지 생성 중...
terrys_reading의 텍스트 이미지 생성 완료
rdnmgo의 이미지 생성 중...
rdnmgo의 이미지 생성 완료
rdnmgo의 텍스트 이미지 생성 중...
rdnmgo의 텍스트 이미지 생성 완료
42lines_의 이미지 생성 중...
42lines_의 이미지 생성 완료
42lines_의 텍스트 이미지 생성 중...
42lines_의 텍스트 이미지 생성 완료
euiclee.books의 이미지 생성 중...
euiclee.books의 이미지 생성 완료
euiclee.books의 텍스트 이미지 생성 중...
euiclee.books의 텍스트 이미지 생성 완료
ai.gi.book의 이미지 생성 중...
ai.gi.book의 이미지 생성 완료
ai.gi.book의 텍스트 이미지 생성 중...
ai.gi.book의 텍스트 이미지 생성 완료
포스트 이미지 생성 완료
이미지 업로드 시작...
사진 업로드 중...
새 게시물 버튼 클릭 완료
다음 버튼 클릭 중...
다음 버튼 클릭 완료
다음 버튼 클릭 중...
다음 버튼 클릭 완료
성공/실패 평가 중...
성공한 사람: ['terrys_reading', 'rdnmgo', '42lines_', 'euiclee.books', 'ai.gi.book']
실패한 사람: []
설명 입력 중...
설명 입력 완료
게시물 공유 중...
게시물 공유 완료
사진 업로드 완료
이미지 업로드 완료
드라이버 종료
프로그램 시작
드라이버 설정 중...
드라이버 설정 완료
인스타그램 로그인 시도 중...
로그인 정보 입력 완료
로그인 정보 저장 버튼 클릭 중...
로그인 정보 저장 버튼 클릭 완료
정보 수집 시작...
terrys_reading의 정보 수집 중...
terrys_reading의 게시물에 '더 보기' 버튼 없음
좋아요 버튼을 클릭했습니다.
terrys_reading의 정보 수집 완료
rdnmgo의 정보 수집 중...
rdnmgo의 게시물에 '더 보기' 버튼 없음
좋아요 버튼을 클릭했습니다.
rdnmgo의 정보 수집 완료
42lines_의 정보 수집 중...
42lines_의 게시물에 '더 보기' 버튼 없음
좋아요 버튼을 클릭했습니다.
42lines_의 정보 수집 완료
euiclee.books의 정보 수집 중...
euiclee.books의 게시물에 '더 보기' 버튼 없음
좋아요 버튼을 클릭했습니다.
euiclee.books의 정보 수집 완료
ai.gi.book의 정보 수집 중...
ai.gi.book의 게시물에 '더 보기' 버튼 없음
좋아요 버튼을 클릭했습니다.
ai.gi.book의 정보 수집 완료
정보 수집 완료
[{'user_id': 'terrys_reading', 'posts_count': '39', 'post_text': 'Photo by @terrys_reading on August 10, 2024. May be an image of book, poster, magazine and text.', 'post_image': 'https://scontent-ssn1-1.cdninstagram.com/v/t51.29350-15/454567756_1284808779563414_6397961538648846528_n.jpg?stp=dst-jpg_e15&efg=eyJ2ZW5jb2RlX3RhZyI6ImltYWdlX3VybGdlbi4xMDgweDEwODAuc2RyLmYyOTM1MCJ9&_nc_ht=scontent-ssn1-1.cdninstagram.com&_nc_cat=102&_nc_ohc=oeQnlucqWRAQ7kNvgGL_9tp&edm=AEhyXUkBAAAA&ccb=7-5&ig_cache_key=MzQzMTYyNjY0NTUyOTAxMjk3NQ%3D%3D.2-ccb7-5&oh=00_AYBlxguVhDoEJ0yK4t9tl2QwVEXhoe9HOVT-hJjvHPRejw&oe=66BD5AE3&_nc_sid=8f1549', 'post_datetime': '2024-08-10 23:56:36', 'post_description': '세븐 파워\n\n카운터 포지셔닝은 기존 사업부에 피해가 갈 것을 우려하여 새로운 모델과 기술을 도입하지 못하는 기업의 약점을 공략한 기업이 가질 수 있는 우위이다. 코닥이 가장 대표적 예이다. 코닥은 디지털 카메라를 처음으로 발명했지만, 인화 카메라 산업의 우위를 염려했고, 이를 간과했다. 그렇게 기존 산업이 파괴되고 새로운 산업이 일어나며, 코닥은 무너졌다.\n\n뱅가드와 피델리티의 관계도 그렇다 기존에 높은 수수료로 운영되던 소규모 펀드에게 있어 낮은 수수료의 인덱스 펀드는 이익에 도움이 되지 않았다. 그렇게 뱅가드는 규모를 키워나갔고 규모의 압도적 차이로 인해, 피델리티는 시장과 우위를 잃었다.\n\n싸이월드와 카카오의 관계도 그렇다. 싸이월드가 가진 네트워크로 모바일 메신저를 만들고자 하였지만, 모회사였던 SK의 통신 사업과의 이해 충돌로 결국 메신저 시장을 카카오에게 넘겨주었다.'}, {'user_id': 'rdnmgo', 'posts_count': '41', 'post_text': 'Photo by @rdnmgo on August 10, 2024. May be an image of poster, book, magazine and text.', 'post_image': 'https://scontent-ssn1-1.cdninstagram.com/v/t51.29350-15/454833394_524917683364383_1350867261682227959_n.jpg?stp=dst-jpg_e15&efg=eyJ2ZW5jb2RlX3RhZyI6ImltYWdlX3VybGdlbi43MjB4NzIwLnNkci5mMjkzNTAifQ&_nc_ht=scontent-ssn1-1.cdninstagram.com&_nc_cat=103&_nc_ohc=ljFutI60vhoQ7kNvgGPgPlU&edm=AEhyXUkBAAAA&ccb=7-5&ig_cache_key=MzQzMTYyNDkyMTA3ODE0ODUzOQ%3D%3D.2-ccb7-5&oh=00_AYBiDPvPNrzDmtuC0YHS2dHqOjI2wPwLL4R38Qu31Zz4kw&oe=66BD3E5A&_nc_sid=8f1549', 'post_datetime': '2024-08-10 23:53:10', 'post_description': '## <게으름이 습관이 되기 전에> 6-11 숨겨진 장애물 제거하기\n\n**미루는 버릇을 고치는 가장 간단한 방법 중 하나로 ‘인식하는 습관’을 익혀야 한다고 이야기합니다.**\n\n**미루는 버릇으로 인해 흔히 겪는 중요한 문제는, 지금 어떤 일을 한다는 사실조차 인식하지 못할 때가 많다는 것입니다. 따라서 이 현상을 예방하려면, 미루고 싶은 충동을 추적하는 습관을 길러야 합니다.**\n\n### 미루고 싶은 마음 알아채는 법\n\n#### 알리미 만들기\n\n종이에 직접 메모해서 곳곳에 붙여 두세요. 컴퓨터나 휴대전화의 바탕화면에 메모를 만들어 두는 것도 좋습니다. 이를테면, “기억하자!” 같은 문구를 써서 중요한 일을 미루지 않도록 알리미로 활용하는 것이죠.\n\n#### 탤리 마크 활용하기\n\n작은 공책과 펜을 들고 다니세요. 일을 미루고 싶은 충동을 알아차렸을 때 그냥 종이에 작은 ‘탤리 마크\u2005tally marks(세로로 획을 하나씩 그어 숫자를 표시하는 오래된 방법–옮긴이)’를 그어 보세요.\n우리는 그저 내게 미루고 싶은 욕망이 생겨났다는 인식을 기르려고 하는 것뿐입니다.\n\n#### 일지 작성하기\n\n하루가 저물면, 여러분이 성공적으로 완수한 일을 이용해 인식 습관을 추적해야 합니다. 다른 습관과 마찬가지로, 그날 하루에 할 일을 완수했다는 사실을 추적해 확인해 보세요. 인식하는 습관을 추적하기 위해 ‘코치미\u2006Coach.me(무료 습관 추적 앱을 제공하고 유로 습관 추적 서비스를 제공하는 사이트–옮긴이)’에 가입해도 좋습니다.\n\n### 미루고 싶은 마음 알아채는 법\n\n**미루는 버릇에 대해 스스로 질문을 던지는 습관을 기르고 나면, 이 정보를 활용해 여러 문제를 즉시 해결할 수 있습니다.** 우선, 스스로에게 다음과 같은 질문을 던져 보세요.\n\n● 이 일을 미루는 이유는 무엇인가?\n● 이 일을 하기가 너무 어렵다고 생각하는 이유는 무엇인가?\n● 과거에 몇 번이나 이 일을 성공적으로 완수했는가?\n● 그 당시에는 일을 시작하기 위해 무엇을 했는가?\n● 지금 당장 시작하기 위해 할 수 있는 가장 쉬운 방법은 무엇인가?\n\n**여러분이 특정한 일을 잘 미룬다는 사실을 인식하는 것이야말로 이 습관을 고치는 가장 좋은 방법입니다. 인식하는 습관을 기르게 되면, 여러분은 자신이 어떤 일을 제대로 해내지 못하는 원인들과 구체적인 양상을 알아차릴 수 있습니다. 그러고 난 후에는 무언가를 미루고 싶은 유혹을 느낄 때마다 어떻게 스스로 반응할 것인지 계획을 세우면 됩니다.**'}, {'user_id': '42lines_', 'posts_count': '40', 'post_text': 'Photo by @42lines_ on August 09, 2024. May be an illustration of one or more people, magazine, poster, calendar and text.', 'post_image': 'https://scontent-ssn1-1.cdninstagram.com/v/t51.29350-15/454727053_471418109107484_5582536268860063938_n.jpg?stp=dst-jpg_e15&efg=eyJ2ZW5jb2RlX3RhZyI6ImltYWdlX3VybGdlbi4xMDgweDEwODAuc2RyLmYyOTM1MCJ9&_nc_ht=scontent-ssn1-1.cdninstagram.com&_nc_cat=108&_nc_ohc=gDSkO4FnJaoQ7kNvgHloszz&edm=AEhyXUkBAAAA&ccb=7-5&ig_cache_key=MzQzMTIyMzE0MzcxNjI1ODg3Nw%3D%3D.2-ccb7-5&oh=00_AYCiLBtfD0GJQ5jo8gyOTe7yTh8ny9vLDAc1QGySHp5B5A&oe=66BD4F2B&_nc_sid=8f1549', 'post_datetime': '2024-08-10 10:34:54', 'post_description': '음악만이 아니다. 공간의 모양, 인테리어, 디자인, 테마 이 모든 것을 선택할 때 이유가 있어야 한다. 브랜드가 왜 굳이 이 재질을 사용했는지, 왜 이 향을 공간에 퍼지게 한 것인지, 왜 이 전시를 여는지, 왜 이 테마를 골랐는지 다 의미가 있어야 한다. 그 의미를 부여할 수 있는 것이 브랜드의 철학, 즉 브랜드다움이다.\n\n<2024 트렌드 노트>, 정석환, 박현영, 이원희, 김종민, 김정구, 정현아, 신예은'}, {'user_id': 'euiclee.books', 'posts_count': '40', 'post_text': '🖋️ 어쩌면 인생 자체가 하나의 여행이 아닐까.\n\n늘 전체를 보는 사람이기를, 일상이 여행인 사람이 되기를, 어떤 것을 봐도 특별함을 주입할 수 있는 사람이 되기를 스스로에게 바란다.\n\n📗 #조용한흥분 #유지혜 #북노마드\n\n🔖 #독서 #북스타그램 #책 #독서스타그램 #여행 #여행에세이', 'post_image': 'https://scontent-ssn1-1.cdninstagram.com/v/t51.29350-15/454853747_1265458438169138_8607372996443565271_n.jpg?stp=dst-jpg_e15&efg=eyJ2ZW5jb2RlX3RhZyI6ImltYWdlX3VybGdlbi4xMDgweDEwODAuc2RyLmYyOTM1MCJ9&_nc_ht=scontent-ssn1-1.cdninstagram.com&_nc_cat=102&_nc_ohc=G5hJ4B6NLdIQ7kNvgHD3Hh8&edm=AEhyXUkBAAAA&ccb=7-5&ig_cache_key=MzQzMTQ4ODA2NTM4NTI4NjcxMA%3D%3D.2-ccb7-5&oh=00_AYDJenpjhnW8t3UedAakoxem4K2d9WzvI6SfXYXRwUoB0A&oe=66BD382B&_nc_sid=8f1549', 'post_datetime': '2024-08-10 19:21:17', 'post_description': '🖋️ 어쩌면 인생 자체가 하나의 여행이 아닐까.\n\n늘 전체를 보는 사람이기를, 일상이 여행인 사람이 되기를, 어떤 것을 봐도 특별함을 주입할 수 있는 사람이 되기를 스스로에게 바란다.\n\n📗 #조용한흥분 #유지혜 #북노마드\n\n🔖 #독서 #북스타그램 #책 #독서스타그램 #여행 #여행에세이'}, {'user_id': 'ai.gi.book', 'posts_count': '44', 'post_text': 'Photo by @ai.gi.book on August 10, 2024. May be an image of 1 person, poster and text.', 'post_image': 'https://scontent-ssn1-1.cdninstagram.com/v/t51.29350-15/454833380_2236309030069355_7949647823128084436_n.jpg?stp=dst-jpg_e35&efg=eyJ2ZW5jb2RlX3RhZyI6ImltYWdlX3VybGdlbi4xNDQweDE4MDAuc2RyLmYyOTM1MCJ9&_nc_ht=scontent-ssn1-1.cdninstagram.com&_nc_cat=111&_nc_ohc=MFsN09R6iHAQ7kNvgFBwpfU&edm=AEhyXUkBAAAA&ccb=7-5&ig_cache_key=MzQzMTYwMjE4NDM1MTcyMjgwMw%3D%3D.2-ccb7-5&oh=00_AYBnLyNZcAoAKeFOfkNSZ9ROmPLAjM6_Fr5WfnpjcEe-2w&oe=66BD5931&_nc_sid=8f1549', 'post_datetime': '2024-08-10 23:08:00', 'post_description': '에픽테토스가 말하기를, ”당신이 자녀와 입맞춤을 하는 순 간에도 마음속으로 어쩌면 너는 내일 죽을지도 모른다고 생각 하라“라고 했다. 사람들이 너무 불길한 말씀이라고 투덜거리 자 그는 이렇게 답했다. ”그것은 전혀 불길한 말이 아니다. 단지 자연의 한 행위를 묘사했을 뿐이다. 이것이 불길하다면 잘 익은 옥수수를 수확한다는 것도 불길한 일이 아니겠는가!“\n죽음이란 출생과 마찬가지로 자연의 신비 중의 하나이다. 출 생할 때 결합되었던 요소들이 해체되면서 죽음에 이르게 된다.\n따라서 죽음은 전혀 수치스러운 일이 아니다. 어떤 존재라 할지 라도 죽음은 예외가 될 수 없고, 결코 창조의 섭리에 반하는 것 도 아니다.\n\n죽음은 예외가 없다'}]
CSV 파일에 데이터 저장 중...
CSV 파일에 데이터 저장 완료
성공/실패 평가 중...
성공한 사람: ['terrys_reading', 'rdnmgo', '42lines_', 'euiclee.books', 'ai.gi.book']
실패한 사람: []
요약 이미지 생성 중...
요약 이미지 생성 완료
포스트 이미지 생성 중...
terrys_reading의 이미지 생성 중...
terrys_reading의 이미지 생성 완료
terrys_reading의 텍스트 이미지 생성 중...
terrys_reading의 텍스트 이미지 생성 완료
rdnmgo의 이미지 생성 중...
rdnmgo의 이미지 생성 완료
rdnmgo의 텍스트 이미지 생성 중...
rdnmgo의 텍스트 이미지 생성 완료
42lines_의 이미지 생성 중...
42lines_의 이미지 생성 완료
42lines_의 텍스트 이미지 생성 중...
42lines_의 텍스트 이미지 생성 완료
euiclee.books의 이미지 생성 중...
euiclee.books의 이미지 생성 완료
euiclee.books의 텍스트 이미지 생성 중...
euiclee.books의 텍스트 이미지 생성 완료
ai.gi.book의 이미지 생성 중...
ai.gi.book의 이미지 생성 완료
ai.gi.book의 텍스트 이미지 생성 중...
ai.gi.book의 텍스트 이미지 생성 완료
포스트 이미지 생성 완료
이미지 업로드 시작...
사진 업로드 중...
새 게시물 버튼 클릭 완료
다음 버튼 클릭 중...
다음 버튼 클릭 완료
다음 버튼 클릭 중...
다음 버튼 클릭 완료
성공/실패 평가 중...
성공한 사람: ['terrys_reading', 'rdnmgo', '42lines_', 'euiclee.books', 'ai.gi.book']
실패한 사람: []
설명 입력 중...
설명 입력 완료
게시물 공유 중...
게시물 공유 완료
사진 업로드 완료
이미지 업로드 완료
드라이버 종료
프로그램 시작
드라이버 설정 중...
드라이버 설정 완료
인스타그램 로그인 시도 중...
로그인 정보 입력 완료
로그인 정보 저장 버튼 클릭 중...
로그인 정보 저장 버튼 클릭 완료
정보 수집 시작...
terrys_reading의 정보 수집 중...
terrys_reading의 게시물에 '더 보기' 버튼 없음
좋아요 버튼을 클릭했습니다.
terrys_reading의 정보 수집 완료
rdnmgo의 정보 수집 중...
rdnmgo의 게시물에 '더 보기' 버튼 없음
좋아요 버튼을 클릭했습니다.
rdnmgo의 정보 수집 완료
42lines_의 정보 수집 중...
42lines_의 게시물에 '더 보기' 버튼 없음
좋아요 버튼을 클릭했습니다.
42lines_의 정보 수집 완료
euiclee.books의 정보 수집 중...
euiclee.books의 게시물에 '더 보기' 버튼 없음
좋아요 버튼을 클릭했습니다.
euiclee.books의 정보 수집 완료
ai.gi.book의 정보 수집 중...
ai.gi.book의 게시물에 '더 보기' 버튼 없음
좋아요 버튼을 클릭했습니다.
ai.gi.book의 정보 수집 완료
정보 수집 완료
[{'user_id': 'terrys_reading', 'posts_count': '40', 'post_text': 'Photo by @terrys_reading on August 11, 2024. May be an image of poster, book, magazine and text that says \'240811(일) RESOURCE 135 SE 위대한 위디한기업이되는까까지전략 기업이 되는 7가지 전략 세븐 파워 7 7POWERS 비일판헬에제품|름지전 리드페어스팅스 추천사! "전환 비용이란, 추가 구매를 위해 대체 공급자로 전환할 때, 고객이 예상하는 가치 손실이다. 127P\'.', 'post_image': 'https://scontent-ssn1-1.cdninstagram.com/v/t51.29350-15/454981909_473332432167416_7665442818290236041_n.jpg?stp=dst-jpg_e15&efg=eyJ2ZW5jb2RlX3RhZyI6ImltYWdlX3VybGdlbi4xMDgweDEwODAuc2RyLmYyOTM1MCJ9&_nc_ht=scontent-ssn1-1.cdninstagram.com&_nc_cat=108&_nc_ohc=OOHbJZDGbzkQ7kNvgF_GGcz&edm=AEhyXUkBAAAA&ccb=7-5&ig_cache_key=MzQzMjMzOTQ4Njc1Mzk4MjQ3MA%3D%3D.2-ccb7-5&oh=00_AYBYEnK_O17SO_do5yqHAJ9sKycL_eKEtnWwnezBlyGo-g&oe=66BEB128&_nc_sid=8f1549', 'post_datetime': '2024-08-11 23:32:53', 'post_description': '세븐 파워\n\n전환 비용이란, 전환 할 때의 예측 손실이다. 이때 손실은 크게 세 가지로 나뉜다. 명백하게 발생하는 재무적 비용, 재교육과 전환 과정에서 불확실성에서 비롯되는 절차적 비용, 서비스 제공자와 사용자 간의 관계적 비용.\n\n브랜딩이란 판매자의 역사에 근거하여, 객관적으로 동일한 상품에 지속적으로 더 높은 가치를 부여하는 현상이다.'}, {'user_id': 'rdnmgo', 'posts_count': '42', 'post_text': 'Photo by @rdnmgo on August 11, 2024. May be an image of poster, book, magazine and text.', 'post_image': 'https://scontent-ssn1-1.cdninstagram.com/v/t51.29350-15/455009194_512009904639297_819414280822377217_n.jpg?stp=dst-jpg_e15&efg=eyJ2ZW5jb2RlX3RhZyI6ImltYWdlX3VybGdlbi43MjB4NzIwLnNkci5mMjkzNTAifQ&_nc_ht=scontent-ssn1-1.cdninstagram.com&_nc_cat=109&_nc_ohc=VjDbqC3lgPkQ7kNvgFhS89s&edm=AEhyXUkBAAAA&ccb=7-5&ig_cache_key=MzQzMjM1MDcyMDU4ODc1MzE0Mg%3D%3D.2-ccb7-5&oh=00_AYA5R_g3G2tnu_Pmwpv0T-3BafwiOnu4rIBS4pH_B5UR6g&oe=66BE944C&_nc_sid=8f1549', 'post_datetime': '2024-08-11 23:55:12', 'post_description': '## <게으름이 습관이 되기 전에> 6-12 숨겨진 장애물 제거하기\n\n**미루는 버릇을 고치는 가장 간단한 방법 중 하나로 ‘인식하는 습관’을 익혀야 한다고 이야기합니다.**\n\n**미루는 버릇으로 인해 흔히 겪는 중요한 문제는, 지금 어떤 일을 한다는 사실조차 인식하지 못할 때가 많다는 것입니다. 따라서 이 현상을 예방하려면, 미루고 싶은 충동을 추적하는 습관을 길러야 합니다.**\n\n### 미루고 싶은 마음 알아채는 법\n\n#### 알리미 만들기\n\n종이에 직접 메모해서 곳곳에 붙여 두세요. 컴퓨터나 휴대전화의 바탕화면에 메모를 만들어 두는 것도 좋습니다. 이를테면, “기억하자!” 같은 문구를 써서 중요한 일을 미루지 않도록 알리미로 활용하는 것이죠.\n\n#### 탤리 마크 활용하기\n\n작은 공책과 펜을 들고 다니세요. 일을 미루고 싶은 충동을 알아차렸을 때 그냥 종이에 작은 ‘탤리 마크\u2005tally marks(세로로 획을 하나씩 그어 숫자를 표시하는 오래된 방법–옮긴이)’를 그어 보세요.\n우리는 그저 내게 미루고 싶은 욕망이 생겨났다는 인식을 기르려고 하는 것뿐입니다.\n\n#### 일지 작성하기\n\n하루가 저물면, 여러분이 성공적으로 완수한 일을 이용해 인식 습관을 추적해야 합니다. 다른 습관과 마찬가지로, 그날 하루에 할 일을 완수했다는 사실을 추적해 확인해 보세요. 인식하는 습관을 추적하기 위해 ‘코치미\u2006Coach.me(무료 습관 추적 앱을 제공하고 유로 습관 추적 서비스를 제공하는 사이트–옮긴이)’에 가입해도 좋습니다.\n\n### 미루고 싶은 마음 알아채는 법\n\n**미루는 버릇에 대해 스스로 질문을 던지는 습관을 기르고 나면, 이 정보를 활용해 여러 문제를 즉시 해결할 수 있습니다.** 우선, 스스로에게 다음과 같은 질문을 던져 보세요.\n\n● 이 일을 미루는 이유는 무엇인가?\n● 이 일을 하기가 너무 어렵다고 생각하는 이유는 무엇인가?\n● 과거에 몇 번이나 이 일을 성공적으로 완수했는가?\n● 그 당시에는 일을 시작하기 위해 무엇을 했는가?\n● 지금 당장 시작하기 위해 할 수 있는 가장 쉬운 방법은 무엇인가?\n\n**여러분이 특정한 일을 잘 미룬다는 사실을 인식하는 것이야말로 이 습관을 고치는 가장 좋은 방법입니다. 인식하는 습관을 기르게 되면, 여러분은 자신이 어떤 일을 제대로 해내지 못하는 원인들과 구체적인 양상을 알아차릴 수 있습니다. 그러고 난 후에는 무언가를 미루고 싶은 유혹을 느낄 때마다 어떻게 스스로 반응할 것인지 계획을 세우면 됩니다.**'}, {'user_id': '42lines_', 'posts_count': '41', 'post_text': 'Photo by @42lines_ on August 10, 2024. May be an illustration of one or more people, magazine, poster, calendar and text.', 'post_image': 'https://scontent-ssn1-1.cdninstagram.com/v/t51.29350-15/454943552_2924867830996461_5249506104471073790_n.jpg?stp=dst-jpg_e15&efg=eyJ2ZW5jb2RlX3RhZyI6ImltYWdlX3VybGdlbi4xMDgweDEwODAuc2RyLmYyOTM1MCJ9&_nc_ht=scontent-ssn1-1.cdninstagram.com&_nc_cat=109&_nc_ohc=tLDWvObjElEQ7kNvgHUwBM0&edm=AEhyXUkBAAAA&ccb=7-5&ig_cache_key=MzQzMjAxNDkyOTcxMTg0ODU4NA%3D%3D.2-ccb7-5&oh=00_AYDfTyC35mILCFjXZ-I9C1IU9FHZdyZssxpeY9scqLEk1Q&oe=66BE974B&_nc_sid=8f1549', 'post_datetime': '2024-08-11 12:48:03', 'post_description': '정보가 귀찮음을 극복하게 하고 갈아타기를 종용한다. 내가 먹는 식단의 칼로리를 계산하고 탄단지, 즉 탄수화물 단백질 지방의 적정 비율을 계산하는 것도 개인의 기호가 아니라 외부에서 그렇게 하는 것이 좋다고 하는 방식을 따르는 것이다. 식단의 페어링, 전시에서 도슨트 역시 개인의 취향보다 전문 지식에 집중한다. 친환경은 코로나 이후 학습된 지성 소비의 고려 요인이다. 친환경을 포함해 소비에서 이것을 고려해야 한다고 집단지성이 개인에게 학습시키는 ‘지성’의 영역이 확장되고 있다.\n\n<2024 트렌드 노트>, 정석환, 박현영, 이원희, 김종민, 김정구, 정현아, 신예은'}, {'user_id': 'euiclee.books', 'posts_count': '41', 'post_text': '🖋️ 가볍게 읽을 수 있는 에세이지만 작가가 전하는 메시지는 가볍지만은 않다.\n\n한문장 한문장 음미하며 읽을 수 있는 책이랄까. 나도 언젠가는 이렇게 글을 쓸 수 있겠지라는 생각을 해본다.\n\n여행은 쉼이자 배움의 기회이다. 빨리 성장하고 싶은 조바심이 늘 존재하지만 그럴 수가 없다. 일보 후퇴하는 날도 있겠지만 매일매일 한발이라도 전진할 수 있으면 언젠가 확연히 성장한 나를 발견할 수 있지 않을까.\n\n📗 #조용한흥분 #유지혜 #북노마드\n\n🔖 #독서 #북스타그램 #책 #독서스타그램 #여행 #여행에세이', 'post_image': 'https://scontent-ssn1-1.cdninstagram.com/v/t51.29350-15/454867238_819427309959225_1232515670508408965_n.jpg?stp=dst-jpg_e15&efg=eyJ2ZW5jb2RlX3RhZyI6ImltYWdlX3VybGdlbi4xMDgweDEwODAuc2RyLmYyOTM1MCJ9&_nc_ht=scontent-ssn1-1.cdninstagram.com&_nc_cat=109&_nc_ohc=w1wcvjPqX3wQ7kNvgG436k8&edm=AEhyXUkBAAAA&ccb=7-5&ig_cache_key=MzQzMjMyMTMzNTU1NTU1NDY2NA%3D%3D.2-ccb7-5&oh=00_AYC7RGhwJvzJLmUmjB5Gv35I1mhbyy1pSo2PYWx1Ju_FYQ&oe=66BEA455&_nc_sid=8f1549', 'post_datetime': '2024-08-11 22:56:50', 'post_description': '🖋️ 가볍게 읽을 수 있는 에세이지만 작가가 전하는 메시지는 가볍지만은 않다.\n\n한문장 한문장 음미하며 읽을 수 있는 책이랄까. 나도 언젠가는 이렇게 글을 쓸 수 있겠지라는 생각을 해본다.\n\n여행은 쉼이자 배움의 기회이다. 빨리 성장하고 싶은 조바심이 늘 존재하지만 그럴 수가 없다. 일보 후퇴하는 날도 있겠지만 매일매일 한발이라도 전진할 수 있으면 언젠가 확연히 성장한 나를 발견할 수 있지 않을까.\n\n📗 #조용한흥분 #유지혜 #북노마드\n\n🔖 #독서 #북스타그램 #책 #독서스타그램 #여행 #여행에세이'}, {'user_id': 'ai.gi.book', 'posts_count': '45', 'post_text': 'Photo by @ai.gi.book on August 11, 2024. May be a Twitter screenshot of text.', 'post_image': 'https://scontent-ssn1-1.cdninstagram.com/v/t51.29350-15/455026053_979419297294116_2419786504803627752_n.jpg?stp=dst-jpg_e35&efg=eyJ2ZW5jb2RlX3RhZyI6ImltYWdlX3VybGdlbi4xNDQweDE4MDAuc2RyLmYyOTM1MCJ9&_nc_ht=scontent-ssn1-1.cdninstagram.com&_nc_cat=108&_nc_ohc=JCcq25GlbKYQ7kNvgFPLyl0&edm=AEhyXUkBAAAA&ccb=7-5&ig_cache_key=MzQzMjMxMzExOTI5MDgwODg5NA%3D%3D.2-ccb7-5&oh=00_AYCYKoQgq-rweE4O5GJRZi9nTafF0rfTlL4iVKL7sHDLtw&oe=66BEBFFE&_nc_sid=8f1549', 'post_datetime': '2024-08-11 22:40:30', 'post_description': '생명이 남아있을때 선한일을 해라'}]
CSV 파일에 데이터 저장 중...
CSV 파일에 데이터 저장 완료
성공/실패 평가 중...
성공한 사람: ['terrys_reading', 'rdnmgo', '42lines_', 'euiclee.books', 'ai.gi.book']
실패한 사람: []
요약 이미지 생성 중...
요약 이미지 생성 완료
포스트 이미지 생성 중...
terrys_reading의 이미지 생성 중...
terrys_reading의 이미지 생성 완료
terrys_reading의 텍스트 이미지 생성 중...
terrys_reading의 텍스트 이미지 생성 완료
rdnmgo의 이미지 생성 중...
rdnmgo의 이미지 생성 완료
rdnmgo의 텍스트 이미지 생성 중...
rdnmgo의 텍스트 이미지 생성 완료
42lines_의 이미지 생성 중...
42lines_의 이미지 생성 완료
42lines_의 텍스트 이미지 생성 중...
42lines_의 텍스트 이미지 생성 완료
euiclee.books의 이미지 생성 중...
euiclee.books의 이미지 생성 완료
euiclee.books의 텍스트 이미지 생성 중...
euiclee.books의 텍스트 이미지 생성 완료
ai.gi.book의 이미지 생성 중...
ai.gi.book의 이미지 생성 완료
ai.gi.book의 텍스트 이미지 생성 중...
ai.gi.book의 텍스트 이미지 생성 완료
포스트 이미지 생성 완료
이미지 업로드 시작...
사진 업로드 중...
새 게시물 버튼 클릭 완료
다음 버튼 클릭 중...
다음 버튼 클릭 완료
다음 버튼 클릭 중...
다음 버튼 클릭 완료
성공/실패 평가 중...
성공한 사람: ['terrys_reading', 'rdnmgo', '42lines_', 'euiclee.books', 'ai.gi.book']
실패한 사람: []
설명 입력 중...
설명 입력 완료
게시물 공유 중...
게시물 공유 완료
사진 업로드 완료
이미지 업로드 완료
드라이버 종료
프로그램 시작
드라이버 설정 중...
드라이버 설정 완료
인스타그램 로그인 시도 중...
로그인 정보 입력 완료
로그인 정보 저장 버튼 클릭 중...
로그인 정보 저장 버튼 클릭 완료
정보 수집 시작...
terrys_reading의 정보 수집 중...
terrys_reading의 게시물에 '더 보기' 버튼 없음
좋아요 버튼을 클릭했습니다.
terrys_reading의 정보 수집 완료
rdnmgo의 정보 수집 중...
rdnmgo의 게시물에 '더 보기' 버튼 없음
좋아요 버튼을 클릭했습니다.
rdnmgo의 정보 수집 완료
42lines_의 정보 수집 중...
42lines_의 게시물에 '더 보기' 버튼 없음
좋아요 버튼을 클릭했습니다.
42lines_의 정보 수집 완료
euiclee.books의 정보 수집 중...
euiclee.books의 게시물에 '더 보기' 버튼 없음
좋아요 버튼을 클릭했습니다.
euiclee.books의 정보 수집 완료
ai.gi.book의 정보 수집 중...
ai.gi.book의 게시물에 '더 보기' 버튼 없음
좋아요 버튼을 클릭했습니다.
ai.gi.book의 정보 수집 완료
정보 수집 완료
[{'user_id': 'terrys_reading', 'posts_count': '41', 'post_text': 'Photo by @terrys_reading on August 12, 2024. May be an image of book, poster, magazine and text.', 'post_image': 'https://scontent-ssn1-1.cdninstagram.com/v/t51.29350-15/455104501_895546655805869_3627044187726679270_n.jpg?stp=dst-jpg_e15&efg=eyJ2ZW5jb2RlX3RhZyI6ImltYWdlX3VybGdlbi4xMDgweDEwODAuc2RyLmYyOTM1MCJ9&_nc_ht=scontent-ssn1-1.cdninstagram.com&_nc_cat=105&_nc_ohc=SPvDp6chWEUQ7kNvgF518hC&edm=ADW0ovcBAAAA&ccb=7-5&ig_cache_key=MzQzMzA3NjgyNzY3MjEwNDkyMQ%3D%3D.2-ccb7-5&oh=00_AYA-rVBrcGYbo1bxT3YZRq0ZV_a71I0zzUvCn_37lEppdQ&oe=66C009F3&_nc_sid=db7772', 'post_datetime': '2024-08-12 23:57:51', 'post_description': '세븐 파워\n\n놀라운 책이다. 파워에 도달하기 위해서 무엇을 해야 하는가? 언제 어떤 파워를 얻을 수 있는가에 대한 통찰이 담겨져있다.\n\n파워를 얻기 위한 근본적 방법은 발명이다. 그리고 이 발명은 세 가지 측면에서 이루어진다. 고객 주도, 역량 주도, 경쟁 주도. 고객 주도 방식에서 이미 고객의 니즈는 명확하다. 하지만 그를 만족시키는 방식을 아무도 제시하지 못했기에, 이를 제시하는 기업이 우위를 갖는다. 비만에 대한 치료제를 출시한 일라일릴리가 그 예라 할 수 있다. 자사 역량 방식에서는 고객의 니즈가 정해지지 않은 새로운 시장이다. 그렇기에, 자사의 제품이 시장에 수요가 존재하는지 검증해야 한다. 정해진 형식으로 문서를 볼 수 있게 만든 아크로뱃이 대표적 예이다. 경쟁 주도에서는 기존 경쟁자들에 의해 시장이 존재하지만, 경쟁자들보다 명확하게 나은 가치를 제공해 시장에 진입하는 것을 의미한다. 닌텐도, 세가에 의해 점유된 시장을 소니가 3d 그래픽 게임과 함꼐 진입한 것이 그 예이다.'}, {'user_id': 'rdnmgo', 'posts_count': '43', 'post_text': 'Photo by @rdnmgo on August 12, 2024. May be an image of poster, book, magazine and text.', 'post_image': 'https://scontent-ssn1-1.cdninstagram.com/v/t51.29350-15/455234487_1528144751115045_4304538673910289734_n.jpg?stp=dst-jpg_e15&efg=eyJ2ZW5jb2RlX3RhZyI6ImltYWdlX3VybGdlbi43MjB4NzIwLnNkci5mMjkzNTAifQ&_nc_ht=scontent-ssn1-1.cdninstagram.com&_nc_cat=109&_nc_ohc=gArYFrRYBbcQ7kNvgHHlz8M&edm=ADW0ovcBAAAA&ccb=7-5&ig_cache_key=MzQzMzA1NjY4MDg1Njc0MjI5OQ%3D%3D.2-ccb7-5&oh=00_AYA9VNPrpOxX_8Wf25gWEImyiVT4qCkVcX_W7cp1FMGUIA&oe=66C00128&_nc_sid=db7772', 'post_datetime': '2024-08-12 23:17:49', 'post_description': '## <게으름이 습관이 되기 전에> 6-13 모든 일은 목표와 연관되도록\n\n**정말 놀라운 사실이 있습니다. 관점이 달라지는 것만으로도, 충분히 동기 부여가 된다는 점이죠. 문제는, 이런 상태가 오래 지속되진 않는다는 것입니다. 따라서 여러분이 매일 실천해야 할 일 중 하나는 이 동기 부여가 지속되도록 자신의 관점을 섬세하게 재조정하는 것입니다. 정말 하고 싶지 않은데 꼭 해야 하는 일을 만날 때마다, 잊지 말고 이런 질문을 던져 보세요.**\n\n**“이 일은 내가 가장 중요하게 생각하는 목표들 중 하나와 어떤 관련이 있는가?”**\n\n십중팔구, **가장 일상적인 활동조차 여러분이 소중히 여기는 가치와 관련이 있다는 걸 깨닫게 될 것입니다.**\n\n그렇긴 해도 나는 행복한 마음으로 설거지를 합니다. 이 일은 내가 아내와 좋은 관계를 유지하겠다고 하는, 정말 중요한 내 핵심 가치관과 관련이 있기 때문입니다.\n\n이런 마음가짐은 여러분이 지금껏 피해 온 어떤 일에도 적용할 수 있습니다. 사적인 의무와 공적인 의무를 나열한 목록을 작성해 보세요. 그러고 나서 각각의 의무를 중요한 가치나 목표와 연결시켜 보세요. 매일 자신에게 이 목록에 추가할 새로운 것이 생겼는지 점검하고, 이 작업을 반복해 보세요. 나의 가치관에 부합하는 핵심 목표와 이 의무가 연결된다는 사실을 아는 순간, 여러분의 태도는 완전히 재설정될 것입니다.\n\n## 6-14 각별한 독려가 필요해\n\n“반복해서 하루를 게으름으로 시작하는 사람을 움직이게 만들려면 각별한 ‘독려’가 필요하다.”\n\n사람들이 곧잘 일을 미루는 이유 중 하나는 억지로 자신을 독려해 마음이 불편해질 법한 일을 하는 것보다 아무것도 하지 않는 편이 더 쉽기 때문이라는 점.\n**이에 따라 나는 모든 중요한 목표에 대해 되도록 책임을 얹으려 하는 편입니다.**\n\n개인적인 헌신만으로는 부족합니다. **중요한 일들을 제대로 해내려면 견고한 실천 방안은 물론이요, 장애물에 부딪힐 때마다 활용할 수 있는 지원망이 반드시 필요합니다.** 이는 경력을 제대로 쌓고 개인적인 성장을 이뤄 가는 데 모두 적용됩니다. **여러분의 성공을 응원해 주는(또는 여러분이 해이해지면 엉덩이를 걷어차 주는) 사람이 있다면 포기할 가능성이 줄어든다는 사실을 명심하세요.**\n\n**책임을 얹는 방법은 다양합니다. 가령, 일의 진행 과정을 SNS에 게시한다거나, 내 새로운 일과에 대해 중요한 사람들에게 말해 두는 것 등이 있을 수 있습니다.** 그 밖에 나는 최상의 결과를 만들어 내는 세 가지 전략을 알아냈습니다.\n\n첫째, 강력한 습관 형성 앱인 ‘비마인더\u2006Beeminder’를 사용하는 것입니다.\n**심지어 목표를 달성하지 못하면, 비마인더가 요금을 청구합니다.** 정말 철저하지 않습니까?\n\n비마인더를 가장 잘 활용하는 방법은 체육관에 갈 때 휴대전화 위치 앱을 켜 놓고 비마인더와 ‘이행 계약’을 맺어 매주 특정한 시간 동안 이 장소에 가겠다고 약속하는 것입니다.\n\n둘째, 새로운 습관을 익히고 유지하는 데 유용한 또 다른 앱, ‘코치미’를 이용하는 것입니다.\n**누군가에게 내 일의 진행 상황을 계속 알려 준다는 사실을 인식하는 간단한 행동만으로도 하고자 하는 일을 제때 끝낼 가능성이 훨씬 커지니까요.**\n\n**셋째, ‘책임 파트너’를 마련하는 것입니다. 나의 비전과 미래 계획을 공유할 수 있는 파트너를 물색해 공동의 목표에 도전해 보세요.** 특히 운동이나 공부를 시작할 때 도움이 되는 방법인데요. 물론 함께하지 않는 게 차라리 나은 파트너도 더러 있습니다만, **신중하게 합을 맞춘 파트너는 내가 어려움에 부딪쳐 의욕이 사그라들 때마다 정신을 차리게 해 줄 것입니다. 또한 돌파구가 필요하거나 누군가의 의견을 듣고 싶을 때 마음을 털어놓을 사람이 있다는 건 참 소중한 일이기도 하죠.**'}, {'user_id': '42lines_', 'posts_count': '42', 'post_text': 'Photo by @42lines_ on August 11, 2024. May be an illustration of one or more people, magazine, poster, calendar and text.', 'post_image': 'https://scontent-ssn1-1.cdninstagram.com/v/t51.29350-15/455053372_512942581307740_946848153964796895_n.jpg?stp=dst-jpg_e15&efg=eyJ2ZW5jb2RlX3RhZyI6ImltYWdlX3VybGdlbi4xMDgweDEwODAuc2RyLmYyOTM1MCJ9&_nc_ht=scontent-ssn1-1.cdninstagram.com&_nc_cat=104&_nc_ohc=_jPvLfnO6LwQ7kNvgH4WDYA&edm=ADW0ovcBAAAA&ccb=7-5&ig_cache_key=MzQzMjY5MDg5NjAwODUxNzY2Mw%3D%3D.2-ccb7-5&oh=00_AYAjMfoRiZkEX8UvvkBx9jp4ceUPe4G4qk4GcmRkMzBeZQ&oe=66BFEC19&_nc_sid=db7772', 'post_datetime': '2024-08-12 11:11:04', 'post_description': '친환경 트렌드를 인지하고, 이왕이면 친환경 제품을 구입하고자 하지만 제품이 나와 맞지 않거나 친환경이라는 이유만으로 가격이 비싸다면 바로 선택지에서 제외된다. 비건 화장품에 대한 관심이 상승하는 것은 사실이지만 비건이라는 이유만으로 제품이 선택되지는 않는다.\n\n<2024 트렌드 노트>, 정석환, 박현영, 이원희, 김종민, 김정구, 정현아, 신예은'}, {'user_id': 'euiclee.books', 'posts_count': '42', 'post_text': '🖋️ 성공이라는 키워드가 들어있는 책들은 모두 공통적인 말을 한다. 실패를 해봐야 한다고.\n\n하지만 그렇다고 그 실패의 크기가 게임에 참여하지 못할 정도로 크게 실패하면 안되고, 고통스러운 경험을 통해 큰 교훈을 얻을 수 있도록 잘 실패해야 한다고 이야기한다.\n\n나는 잘 실패하고 있는가? 수많은 도전을 함으로써 실패의 경험을 쌓고 그 실패를 기반으로 한뼘씩 더 성장하고 있는가? \n\n📗 #원칙 #레이달리오 #한빛비즈\n\n🔖 #독서 #북스타그램 #책 #독서스타그램', 'post_image': 'https://scontent-ssn1-1.cdninstagram.com/v/t51.29350-15/454866974_1007162387559975_6987139314256290019_n.jpg?stp=dst-jpg_e15&efg=eyJ2ZW5jb2RlX3RhZyI6ImltYWdlX3VybGdlbi4xMDgweDEwODAuc2RyLmYyOTM1MCJ9&_nc_ht=scontent-ssn1-1.cdninstagram.com&_nc_cat=103&_nc_ohc=WkMkFrYPKcwQ7kNvgHMKpQw&edm=ADW0ovcBAAAA&ccb=7-5&ig_cache_key=MzQzMjk3MTQxOTU2NTkzNTU5NA%3D%3D.2-ccb7-5&oh=00_AYAunuQACoMuuSMAJlm7qITL-D0MjDApmD8JQj4N9TZdEg&oe=66BFEF19&_nc_sid=db7772', 'post_datetime': '2024-08-12 20:28:26', 'post_description': '🖋️ 성공이라는 키워드가 들어있는 책들은 모두 공통적인 말을 한다. 실패를 해봐야 한다고.\n\n하지만 그렇다고 그 실패의 크기가 게임에 참여하지 못할 정도로 크게 실패하면 안되고, 고통스러운 경험을 통해 큰 교훈을 얻을 수 있도록 잘 실패해야 한다고 이야기한다.\n\n나는 잘 실패하고 있는가? 수많은 도전을 함으로써 실패의 경험을 쌓고 그 실패를 기반으로 한뼘씩 더 성장하고 있는가?\n\n📗 #원칙 #레이달리오 #한빛비즈\n\n🔖 #독서 #북스타그램 #책 #독서스타그램'}, {'user_id': 'ai.gi.book', 'posts_count': '46', 'post_text': 'Photo by @ai.gi.book on August 12, 2024. May be an image of 1 person, poster and text.', 'post_image': 'https://scontent-ssn1-1.cdninstagram.com/v/t51.29350-15/455039919_1027035559101014_7940480013649468839_n.jpg?stp=dst-jpg_e35&efg=eyJ2ZW5jb2RlX3RhZyI6ImltYWdlX3VybGdlbi4xNDQweDE4MDAuc2RyLmYyOTM1MCJ9&_nc_ht=scontent-ssn1-1.cdninstagram.com&_nc_cat=102&_nc_ohc=l3Cr_FNxaQwQ7kNvgFswI40&edm=ADW0ovcBAAAA&ccb=7-5&ig_cache_key=MzQzMzAzMTY1MTQwNjIzNzk0OA%3D%3D.2-ccb7-5&oh=00_AYBVZd7iw2S3yxrUIqqv_XsxioERD7lAdCyNDDqK8UuRvw&oe=66C00E6E&_nc_sid=db7772', 'post_datetime': '2024-08-12 22:28:05', 'post_description': '설사 당신을 기억하는 사람들이 영원히 죽지 않는다든지, 그 들의 기억이 영원히 지속된다고 할지라도 그것이 당신에게 무슨 의미가 있겠는가? 무덤 속에 있는 당신에게 명성 따위는 분명 아무 것도 아니다. 심지어 당신의 살아생전에조차 약간의 도움 을 주는 경우를 제외한다면 사람들의 칭송이 가져다주는 것이 도대체 무엇인가? 장차 사람들이 나를 어떻게 평가할 것인가에 집착하고 있다면, 확실히 당신은 자연이 오늘 당신에게 베푼 은 혜를 거절하면서 허송세월하고 있는 것이다.\n\n명성 칭송이 가져다 주는게 무엇인가, 사람들의 평가에 집착하는게 맞는건가'}]
CSV 파일에 데이터 저장 중...
CSV 파일에 데이터 저장 완료
성공/실패 평가 중...
성공한 사람: ['terrys_reading', 'rdnmgo', '42lines_', 'euiclee.books', 'ai.gi.book']
실패한 사람: []
요약 이미지 생성 중...
요약 이미지 생성 완료
포스트 이미지 생성 중...
terrys_reading의 이미지 생성 중...
terrys_reading의 이미지 생성 완료
terrys_reading의 텍스트 이미지 생성 중...
terrys_reading의 텍스트 이미지 생성 완료
rdnmgo의 이미지 생성 중...
rdnmgo의 이미지 생성 완료
rdnmgo의 텍스트 이미지 생성 중...
rdnmgo의 텍스트 이미지 생성 완료
42lines_의 이미지 생성 중...
42lines_의 이미지 생성 완료
42lines_의 텍스트 이미지 생성 중...
42lines_의 텍스트 이미지 생성 완료
euiclee.books의 이미지 생성 중...
euiclee.books의 이미지 생성 완료
euiclee.books의 텍스트 이미지 생성 중...
euiclee.books의 텍스트 이미지 생성 완료
ai.gi.book의 이미지 생성 중...
ai.gi.book의 이미지 생성 완료
ai.gi.book의 텍스트 이미지 생성 중...
ai.gi.book의 텍스트 이미지 생성 완료
포스트 이미지 생성 완료
이미지 업로드 시작...
사진 업로드 중...
새 게시물 버튼 클릭 완료
다음 버튼 클릭 중...
다음 버튼 클릭 완료
다음 버튼 클릭 중...
다음 버튼 클릭 완료
성공/실패 평가 중...
성공한 사람: ['terrys_reading', 'rdnmgo', '42lines_', 'euiclee.books', 'ai.gi.book']
실패한 사람: []
설명 입력 중...
설명 입력 완료
게시물 공유 중...
게시물 공유 완료
사진 업로드 완료
이미지 업로드 완료
드라이버 종료
프로그램 시작
드라이버 설정 중...
드라이버 설정 완료
인스타그램 로그인 시도 중...
로그인 정보 입력 완료
로그인 정보 저장 버튼 클릭 중...
로그인 정보 저장 버튼 클릭 완료
정보 수집 시작...
terrys_reading의 정보 수집 중...
terrys_reading의 게시물에 '더 보기' 버튼 없음
좋아요 버튼을 클릭했습니다.
terrys_reading의 정보 수집 완료
rdnmgo의 정보 수집 중...
rdnmgo의 게시물에 '더 보기' 버튼 없음
좋아요 버튼을 클릭했습니다.
rdnmgo의 정보 수집 완료
42lines_의 정보 수집 중...
42lines_의 게시물에 '더 보기' 버튼 없음
좋아요 버튼을 클릭했습니다.
42lines_의 정보 수집 완료
euiclee.books의 정보 수집 중...
euiclee.books의 게시물에 '더 보기' 버튼 없음
좋아요 버튼을 클릭했습니다.
euiclee.books의 정보 수집 완료
ai.gi.book의 정보 수집 중...
ai.gi.book의 게시물에 '더 보기' 버튼 없음
좋아요 버튼을 클릭했습니다.
ai.gi.book의 정보 수집 완료
정보 수집 완료
[{'user_id': 'terrys_reading', 'posts_count': '42', 'post_text': 'Photo by @terrys_reading on August 13, 2024. May be an image of poster, magazine, book and text that says \'240813(화) (화) B0% RESOURCE 위대한 위디한기업이되는까까지전략 기업이 되는 7가지 전략 세븐 파워 7 7POWERS 매일민법과에제품|지전벌 리드페이스팅스 추천사! "인텔 성공의 핵심을 가장 잘 이해하는 방법은 수십 년 동안 유능하고 열성적인 경쟁자들이 어째서 그러한 성공 방안을 모방하고, 약화하는 데 실패했는지 되짚어 보는것이다." 36\'.', 'post_image': 'https://scontent-ssn1-1.cdninstagram.com/v/t51.29350-15/455309414_479081208348507_619161616579269376_n.jpg?stp=dst-jpg_e15&efg=eyJ2ZW5jb2RlX3RhZyI6ImltYWdlX3VybGdlbi4xMDgweDEwODAuc2RyLmYyOTM1MCJ9&_nc_ht=scontent-ssn1-1.cdninstagram.com&_nc_cat=103&_nc_ohc=_god9AvMgnwQ7kNvgGQK6BZ&edm=ADW0ovcBAAAA&ccb=7-5&ig_cache_key=MzQzMzgwMDUzMDAyMjM0NjQxMw%3D%3D.2-ccb7-5&oh=00_AYA655dlS57nsxf6DLh0BjIX6pCfJDwBfmRUo9hwOkM-uA&oe=66C13B89&_nc_sid=db7772', 'post_datetime': '2024-08-13 23:55:43', 'post_description': '세븐 파워\n\n사업의 핵심은 성장과 이득이 아니다. 장벽이다. 전략의 본질은 비즈니스의 잠재 가치를 유지하고 향상시키는 것이다. 전략은 의미있는 시장에서 파워를 유지하는 방법이다. 파워는 지속적이고 차별적인 수익 잠재력을 창출하는 특정 요건들이다. 이때, 이 책에서 언급한 7가지 장벽이 바로 파워이며, 시장을 지킬 수 있는 핵심이다. 그렇기에, 어떤 단계에 있는 사업자 혹은 투자자이든 이 장벽을 생각해야 한다.'}, {'user_id': 'rdnmgo', 'posts_count': '44', 'post_text': 'Photo by @rdnmgo on August 12, 2024. May be an image of poster, book, magazine and text.', 'post_image': 'https://scontent-ssn1-1.cdninstagram.com/v/t51.29350-15/455234446_506658965081861_5172743879176767028_n.jpg?stp=dst-jpg_e15&efg=eyJ2ZW5jb2RlX3RhZyI6ImltYWdlX3VybGdlbi43MjB4NzIwLnNkci5mMjkzNTAifQ&_nc_ht=scontent-ssn1-1.cdninstagram.com&_nc_cat=105&_nc_ohc=1MikOCPAExAQ7kNvgEkVQqe&edm=ADW0ovcBAAAA&ccb=7-5&ig_cache_key=MzQzMzQ2Njg4NzE2ODUyMzU3OA%3D%3D.2-ccb7-5&oh=00_AYBdvewqXYM5sr77H_5RBTB1GHFd8WbVNT1nCfpe67Rpkw&oe=66C1599E&_nc_sid=db7772', 'post_datetime': '2024-08-13 12:52:50', 'post_description': '## <게으름이 습관이 되기 전에> 6-15 연습7 매일 열네 가지 습관 실천하기\n\n**미루는 버릇을 고치는 것은 생각보다 어렵다는 걸 잘 아실 겁니다. 그러므로 매일의 적극적인 몸부림이 필요합니다.** 그런 이유에서 나는 여러분이 그날의 일정으로 잡아 둔 업무들을 미루지 않게 돕는 이 단계의 매일 실천 사항 열네 가지를 꼭 해 보라고 권합니다.\n\n### 비상사태 해결은 무조건 1순위\n일어날지도 모르는 비상사태를 모두 해결하기 위해 다음 질문들에 대답해 보고, 답이 나오는 대로 행동에 옮기세요.\n\n● 이 문제를 무시할 때 전개될 최악의 시나리오는 무엇인가?\n● 이 일어날지도 모를 비상사태는 친구와 가족에게 어떤 식으로 부정적인 영향을 미치는가?\n● 이 잠재적인 비상사태를 해결하기 위해 뒤로 미뤄도 괜찮을, 딱히 중요하지 않은 업무나 의무는 무엇인가?\n● 이 문제를 해결하기 위해 오늘 취할 수 있는 간단한 조치는 무엇인가?\n● 목숨을 위협하는 문제도 아니고 오늘 문제를 해결할 시간도 없다면, 그 문제에 대처할 수 있는 가장 빠른 시기는 언제인가?\n\n### 일간 점검은 5~10분이면 끝\n**5~10분간의 매일 점검을 통해 반드시 적절한 일에 몰두할 수 있어야 합니다.**\n\n● 정해진 시간에 특정 장소로 반드시 가야 하는 약속이나 회의가 있는가?\n● 당장 대응해야 할 긴급 이메일이 있는가?\n**● 같은 시간대로 묶어 둔 일정이 있다면, 그중 구체적으로 어떤 업무를 끝까지 완료할 수 있을까?**\n**● 예상보다 더 오래 걸릴 법한 약속이나 활동이 있는가? 이 일이 다른 업무 처리 시간을 침범한다면 일정은 어떻게 달라지겠는가?**\n**● 장기적인 성공에 가장 큰 영향을 줄 80 대 20 법칙은 무엇인가?**\n**● 각각의 업무는 3개월 스마트 목표와 어떻게 연결되는가?**\n● 지금 내가 두려워하는, 가장 어렵고 힘든 업무는 무엇인가?\n\n### 나만의 MIT에 집중하라\n**MIT 중에서 두세 가지를 완수하면서 하루를 시작하세요.** 이 활동들은 여러분의 직장 생활과 일상생활에 장기적으로 가장 큰 영향을 미칠 것입니다.\n\n### 하기 싫은 일 먼저\n‘개구리를 먹어라’란 격언을 명심하세요. **즉, 가장 힘든 일을 제일 먼저 완수하되, 가급적이면 뒤로 미룰 가능성이 제일 큰 일을 고르세요.**\n\n### 아이젠하워 매트릭스는 유용한 도구\n**아이젠하워 매트릭스를 사용해 착수할 가능성이 있는 새로운 활동을 빨리 결정하세요.**\n\n### 즉시 해결할 수 있으면 당장!\n**2분 법칙을 적용하고, 대부분의 일과를 한 번에 처리하는 방식으로 사소한 일들을 완수하세요.**\n\n### 어려운 프로젝트에는 작은 습관을\n**시작을 간단하게 만들어 주는 저평가된 목표를 설정함으로써 힘든 일에 맞는 작은 습관을 키워 보세요.**\n\n### 코끼리 습관을 아시나요\n**날마다 5~10분 정도 늘어난 시간 동안 벅찬 업무를 한 번에 조금씩 야금야금 해결하는 식으로 일해 보세요.** 잊지 마세요. “당신의 코끼리를 먹어라.”\n\n### 전력 질주가 필요한 순간\n**포모도로 기법을 활용해, 현재 진행 중인 거대한 프로젝트들을 완수하기 위한 전력 질주를 연이어 실행해 보세요.**\n\n### 불편함과 함께하는 습관\n**불편한 상태를 편안하게 느끼기 위한 습관을 길러 보세요. 그러면 어려운 업무들을 완수하는 데 필요한 인내심이 커집니다.**\n\n### 숨겨진 장애물 제거하기\n**인식 습관을 이용해 여러분이 일을 미룰 가능성이 있다고 알려 주는 신호들을 확인해 보세요.** 다음과 같은 질문들이 도움이 될 것입니다.\n\n**● 이 일을 미루는 이유는 무엇인가?**\n**● 이 일을 하기가 너무 어렵다고 생각하는 이유는 무엇인가?**\n● 과거에 몇 번이나 이 일을 성공적으로 완수했는가?\n● 그 당시에는 일을 시작하기 위해 무엇을 했는가?\n**● 지금 당장 시작하기 위해 할 수 있는 가장 쉬운 방법은 무엇인가?**\n\n### 행동과 보상을 한데 묶자\n보상과 행동을 같이 묶어서, 장기적으로 볼 때 여러분에게 도움이 되는 일을 할 때만 특정한 경험을 즐겨도 좋다고 허용하는 규칙을 만들어 보세요.\n\n### 모든 일은 목표와 연관되도록\n**사적인 의무와 공적인 의무를 적은 목록을 작성하고 각각의 의무를 중요한 가치나 목표와 연결하는 방식으로 모든 업무를 목표와 연관 지어 보세요.**\n\n### 각별한 독려가 필요해\n**책임을 이용해서 반드시 맡은 일을 끝까지 해내고 일을 미루지 않도록 만들어야 합니다.**'}, {'user_id': '42lines_', 'posts_count': '43', 'post_text': 'Photo by @42lines_ on August 12, 2024. May be an illustration of one or more people, magazine, poster, calendar and text.', 'post_image': 'https://scontent-ssn1-1.cdninstagram.com/v/t51.29350-15/455096223_820171903583688_965969082040923361_n.jpg?stp=dst-jpg_e15&efg=eyJ2ZW5jb2RlX3RhZyI6ImltYWdlX3VybGdlbi4xMDgweDEwODAuc2RyLmYyOTM1MCJ9&_nc_ht=scontent-ssn1-1.cdninstagram.com&_nc_cat=100&_nc_ohc=komVMEEo_NcQ7kNvgGiTOLB&edm=ADW0ovcBAAAA&ccb=7-5&ig_cache_key=MzQzMzQ2NjIyOTUyNzcyMjM5MA%3D%3D.2-ccb7-5&oh=00_AYDfPPnt9LD72M5oCLn0VRB4Mpi5KJg7v26RS_LreegLYQ&oe=66C13DBF&_nc_sid=db7772', 'post_datetime': '2024-08-13 12:51:31', 'post_description': '습관의 소비는 구매는 쉽게 일어나지만 브랜드 자산이 쌓이지 않는다. 경험 소비는 대세감을 얻으면 한 번의 시도는 쉽게 일어나지만 재구매를 일으키기 어렵다. 지성 소비는 인지에는 긍정적이지만 지성만으로는 구매를 일으키기에 충분하지 않다. 국내 여행지에 비유하면 습관에 머문 속초, 습관으로 승화하지 못한 전주, 엄두가 나지 않는 한라산이 그렇다.\n\n<2024 트렌드 노트>, 정석환, 박현영, 이원희, 김종민, 김정구, 정현아, 신예은'}, {'user_id': 'euiclee.books', 'posts_count': '43', 'post_text': '🖋️ 우리는 가능한 한 최선의 방법으로 현실에 다가설 수 있을 뿐이다.\n\n어떻게 하던 우리는 결정을 내리면서 살아갈 수 밖에 없다. 그리고 그 결정을 내리는데에 있어서 항상 최선의 결정을 내릴 수는 없지만 가능한 한 최선의 방법을 찾으려고 노력한다.\n\n📗 #원칙 #레이달리오 #한빛비즈\n\n🔖 #독서 #북스타그램 #책 #독서스타그램', 'post_image': 'https://scontent-ssn1-1.cdninstagram.com/v/t51.29350-15/454884209_1235947110739458_8142324156920938547_n.jpg?stp=dst-jpg_e15&efg=eyJ2ZW5jb2RlX3RhZyI6ImltYWdlX3VybGdlbi4xMDgweDEwODAuc2RyLmYyOTM1MCJ9&_nc_ht=scontent-ssn1-1.cdninstagram.com&_nc_cat=106&_nc_ohc=TVsUXcfsb94Q7kNvgFUwNxR&edm=ADW0ovcBAAAA&ccb=7-5&ig_cache_key=MzQzMzc1MjA2OTgxODUxMDQ2OQ%3D%3D.2-ccb7-5&oh=00_AYDBy1uNo179uLm-OVJuinA0zfRYifPcQvh1P3B1ogaqaA&oe=66C1627F&_nc_sid=db7772', 'post_datetime': '2024-08-13 22:19:27', 'post_description': '🖋️ 우리는 가능한 한 최선의 방법으로 현실에 다가설 수 있을 뿐이다.\n\n어떻게 하던 우리는 결정을 내리면서 살아갈 수 밖에 없다. 그리고 그 결정을 내리는데에 있어서 항상 최선의 결정을 내릴 수는 없지만 가능한 한 최선의 방법을 찾으려고 노력한다.\n\n📗 #원칙 #레이달리오 #한빛비즈\n\n🔖 #독서 #북스타그램 #책 #독서스타그램'}, {'user_id': 'ai.gi.book', 'posts_count': '48', 'post_text': 'Photo by @ai.gi.book on August 13, 2024. May be an image of 1 person, poster and text.', 'post_image': 'https://scontent-ssn1-1.cdninstagram.com/v/t51.29350-15/455207846_900078658804042_4157396623569447217_n.jpg?stp=dst-jpg_e35&efg=eyJ2ZW5jb2RlX3RhZyI6ImltYWdlX3VybGdlbi4xNDQweDE4MDAuc2RyLmYyOTM1MCJ9&_nc_ht=scontent-ssn1-1.cdninstagram.com&_nc_cat=110&_nc_ohc=c6lL9_Wd-iwQ7kNvgHThiY_&edm=ADW0ovcBAAAA&ccb=7-5&ig_cache_key=MzQzMzc4Nzc3ODAxNjI2ODUyNg%3D%3D.2-ccb7-5&oh=00_AYBFOOD56XW3SzQ7VbhJGJXbo2g9S0xZR38S2FFsUJ4Wfg&oe=66C1448E&_nc_sid=db7772', 'post_datetime': '2024-08-13 23:30:23', 'post_description': '스스로 설 것인가, 아니면 남에게 기대어 설 것인가? 날마다 자신에게 일어나는 일들을 경건하게 받아들이고, 날마다 만나 는 사람들에게 바르게 행동하며, 날마다 여과되지 않은 그 어떤 생각도 품지 않도록 세심한 주의를 기울이는 것은 언제 어디서 나 당신의 능력으로 할 수 있는 일들이다.\n모든 행동에 있어서 그것이 누구에 의해 행해지든, 이것을 하 는 목적이 무엇인가?‘라고 질문하는 습관을 들여라. 그러나 이 질문을 누구보다도 먼저 자기 자신에게 하라. 당신이 직면한 문 제, 그것이 의견이든 행동이든 원리든 혹은 말이든, 오직 그것 에만 온 신경을 집중하라. 당신이 이런 일들로 인해 힘들어하는 것은 어쩌면 당연하다. 왜냐하면 당신은 오늘보다 내일 더 선해 지기를 바라고 있기 때문이다\n\n오늘 보다 내일 선해지길'}]
CSV 파일에 데이터 저장 중...
CSV 파일에 데이터 저장 완료
성공/실패 평가 중...
성공한 사람: ['terrys_reading', 'rdnmgo', '42lines_', 'euiclee.books', 'ai.gi.book']
실패한 사람: []
요약 이미지 생성 중...
요약 이미지 생성 완료
포스트 이미지 생성 중...
terrys_reading의 이미지 생성 중...
terrys_reading의 이미지 생성 완료
terrys_reading의 텍스트 이미지 생성 중...
terrys_reading의 텍스트 이미지 생성 완료
rdnmgo의 이미지 생성 중...
rdnmgo의 이미지 생성 완료
rdnmgo의 텍스트 이미지 생성 중...
rdnmgo의 텍스트 이미지 생성 완료
42lines_의 이미지 생성 중...
42lines_의 이미지 생성 완료
42lines_의 텍스트 이미지 생성 중...
42lines_의 텍스트 이미지 생성 완료
euiclee.books의 이미지 생성 중...
euiclee.books의 이미지 생성 완료
euiclee.books의 텍스트 이미지 생성 중...
euiclee.books의 텍스트 이미지 생성 완료
ai.gi.book의 이미지 생성 중...
ai.gi.book의 이미지 생성 완료
ai.gi.book의 텍스트 이미지 생성 중...
ai.gi.book의 텍스트 이미지 생성 완료
포스트 이미지 생성 완료
이미지 업로드 시작...
사진 업로드 중...
새 게시물 버튼 클릭 완료
다음 버튼 클릭 중...
다음 버튼 클릭 완료
다음 버튼 클릭 중...
다음 버튼 클릭 완료
성공/실패 평가 중...
성공한 사람: ['terrys_reading', 'rdnmgo', '42lines_', 'euiclee.books', 'ai.gi.book']
실패한 사람: []
설명 입력 중...
설명 입력 완료
게시물 공유 중...
게시물 공유 완료
사진 업로드 완료
이미지 업로드 완료
드라이버 종료
프로그램 시작
드라이버 설정 중...
드라이버 설정 완료
인스타그램 로그인 시도 중...
로그인 정보 입력 완료
로그인 정보 저장 버튼 클릭 중...
로그인 정보 저장 버튼 클릭 완료
정보 수집 시작...
terrys_reading의 정보 수집 중...
terrys_reading의 게시물에 '더 보기' 버튼 없음
좋아요 버튼을 클릭했습니다.
terrys_reading의 정보 수집 완료
rdnmgo의 정보 수집 중...
rdnmgo의 게시물에 '더 보기' 버튼 없음
좋아요 버튼을 클릭했습니다.
rdnmgo의 정보 수집 완료
42lines_의 정보 수집 중...
42lines_의 게시물에 '더 보기' 버튼 없음
좋아요 버튼을 클릭했습니다.
42lines_의 정보 수집 완료
euiclee.books의 정보 수집 중...
euiclee.books의 게시물에 '더 보기' 버튼 없음
좋아요 버튼을 클릭했습니다.
euiclee.books의 정보 수집 완료
ai.gi.book의 정보 수집 중...
ai.gi.book의 게시물에 '더 보기' 버튼 없음
좋아요 버튼을 클릭했습니다.
ai.gi.book의 정보 수집 완료
정보 수집 완료
[{'user_id': 'terrys_reading', 'posts_count': '43', 'post_text': 'Photo by @terrys_reading on August 14, 2024. May be an image of poster, book, magazine and text.', 'post_image': 'https://scontent-ssn1-1.cdninstagram.com/v/t51.29350-15/455365948_1028921175307799_2536307734317817952_n.jpg?stp=dst-jpg_e15&efg=eyJ2ZW5jb2RlX3RhZyI6ImltYWdlX3VybGdlbi4xMDgweDEwODAuc2RyLmYyOTM1MCJ9&_nc_ht=scontent-ssn1-1.cdninstagram.com&_nc_cat=111&_nc_ohc=ioXhbGT3jSEQ7kNvgHf7ZUW&edm=ADW0ovcBAAAA&ccb=7-5&ig_cache_key=MzQzNDUyMjE4NzgyNTE4MTU2MQ%3D%3D.2-ccb7-5&oh=00_AYAXMTt6WhrY4_KFe0b7JDz6fMvSjXNFlKZNoJo8VZHatA&oe=66C28EB2&_nc_sid=db7772', 'post_datetime': '2024-08-14 23:49:31', 'post_description': '세븐파워\n\n토요타는 1980년대 미국 자동차 업계를 평정했다. 토요타는 자사의 운영 방식을 공개했고, 수천개의 기업, 수십만명의 경영자가 일본과 미국의 토요타 공장을 견학했다. 그럼에도, 그 어떤 기업도 성공적으로 모방하지 못했다.\n\n그들은 오로지 공장의 보여지는 것들에만 신경썼다. 하지만, 중요한 것은 조직에 필요한 다른 모든 기능을 종합하여 어떻게 그 시스템을 지원하는이다.\n\n프로세스는 복제가 어려우며 오랜 기간에 걸쳐 지속적, 점진적으로 발전한다. 생산 물류 체인의 복잡성과, 명문화되지 않은 암묵적 지식이 이 프로세스의 장벽이다.'}, {'user_id': 'rdnmgo', 'posts_count': '45', 'post_text': "Photo by @rdnmgo on August 14, 2024. May be an image of poster, book, magazine and text that says '자꾸 미루는 지꾸미투는버꽃올이기는7단계촌런법 버룻을 이기는 7단계 훈련법 THE ANTI- PROCRA- STINATION HASHIT 燈 防 게으름이 게으름이습관이되기전에 습관이 되기 전에 할일은 할일은제시간에, 할일은제시간에,사는건느곳하게! 제시간에, 사는 건느긋하게! 세계 최고 습관 세계최고습판전물가가말하는제폐지기는 전문가가 말하는 제때 지키는 법' 환정 수백단을 변화시킨 90일 습관 습관의 신 플래너 증정 송정'.", 'post_image': 'https://scontent-ssn1-1.cdninstagram.com/v/t51.29350-15/455703914_3106906192782755_5461843582546456421_n.jpg?stp=dst-jpg_e15&efg=eyJ2ZW5jb2RlX3RhZyI6ImltYWdlX3VybGdlbi43MjB4NzIwLnNkci5mMjkzNTAifQ&_nc_ht=scontent-ssn1-1.cdninstagram.com&_nc_cat=111&_nc_ohc=GCYBT_UPAxwQ7kNvgFb5x1v&edm=ADW0ovcBAAAA&ccb=7-5&ig_cache_key=MzQzNDUyMDQ1NDMwNjM4MTAzNg%3D%3D.2-ccb7-5&oh=00_AYBiTBAlUzTlCA_5fFhxQdgNfxy_2YqdMRBickdc-OA4ew&oe=66C2AFBD&_nc_sid=db7772', 'post_datetime': '2024-08-14 23:46:05', 'post_description': '# <게으름이 습관이 되기 전에> 7단계 미루는 버릇을 완전히 고치려면\n\n## <게으름이 습관이 되기 전에> 7-1 네 가지 일회성 연습\n\n내게 당면한 우선순위를 명확히 이해하는 것이 얼마나 중요한지는 더 설명하지 않아도 될 거라 믿습니다. 지금부터는 이를 위한 네 가지 일회성 연습을 간략히 설명하겠습니다.\n\n## <게으름이 습관이 되기 전에> 7-2 주간 계획과 주간 점검\n\n주간 점검은 일을 미루는 버릇과, 일과로 인해 생기는 부담감에 맞서는 가장 좋은 방어 막입니다. **이를 통해 반드시 완료해야 할 모든 업무를 살펴보고, 7일마다 실제로 얼마큼의 시간이 있는지를 확실히 알게 될 것입니다.**\n\n**이 행동을 수행하기 위해서는 매주 60분의 시간을 일정에 끼워 넣어야 합니다(가급적 금요일이나 일요일이 좋습니다). 이 덩어리 시간 동안 여러분은 다음의 다섯 가지 단계를 완수하게 될 것입니다.**\n\n### 첫째, 세 가지 질문에 답하기\n주의를 기울일 만한 가치가 있는 일인지 알기 위해, 세 가지 기본적인 질문에 대답해 보세요.\n\n● 개인적인 의무들은 어떤 것인가?\n● 우선으로 삼는 프로젝트들은 어떤 것인가?\n● 이번 주에는 얼마나 시간이 있는가?\n\n### 둘째, 80 대 20 법칙 적용하기\n**80 대 20 법칙을 충분히 활용하여, 직장 생활과 일상생활에 가장 큰 영향을 미치는 일들에 최대한 많은 시간을 할당하는 식으로 일정을 짜세요.** 다른 무엇보다 먼저 이 일의 일정을 계획하세요.\n\n### 셋째, 캘린더에 덩어리 시간 표시하기\n**우선적인 업무와 취미를 위한 시간, 주중에 느닷없이 생겨난 새로운 기회(또는 비상사태)에 대해 곰곰이 생각해 볼 ‘가변 시간’을 따로 표시하는 식으로 덩어리 시간을 확보해 캘린더에 표시하세요.**\n\n### 넷째, 테마 데이 만들기\n특정한 시간이나 일련의 업무들을 완료할 수 있는 테마 데이에 비슷한 업무들을 한데 묶어 일괄 처리하세요.\n\n### 다섯째, 딥워크를 위한 시간을 확보하기\n딥워크를 위한 시간을 확보해 정신을 사납게 만드는 모든 요소들을 제거하고, 고도의 집중력이 필요한 활동에 온전히 몰두하세요.'}, {'user_id': '42lines_', 'posts_count': '44', 'post_text': 'Photo by @42lines_ on August 13, 2024. May be an illustration of one or more people, magazine, poster, calendar and text.', 'post_image': 'https://scontent-ssn1-1.cdninstagram.com/v/t51.29350-15/455180673_966162198528711_2146690372062772459_n.jpg?stp=dst-jpg_e15&efg=eyJ2ZW5jb2RlX3RhZyI6ImltYWdlX3VybGdlbi4xMDgweDEwODAuc2RyLmYyOTM1MCJ9&_nc_ht=scontent-ssn1-1.cdninstagram.com&_nc_cat=103&_nc_ohc=hnpyJSwKnFAQ7kNvgHNFzc5&edm=ADW0ovcBAAAA&ccb=7-5&ig_cache_key=MzQzNDE1MzA0MjY4OTA4NzY2Mg%3D%3D.2-ccb7-5&oh=00_AYAbkXndSP5eh2GuSh9bzDO5S0492bxDZqt20_e-_ivjyw&oe=66C298C6&_nc_sid=db7772', 'post_datetime': '2024-08-14 11:36:06', 'post_description': '습관의 소비는 경험으로, 경험 소비는 습관으로 자리잡아야 한다. 그러기 위해서는 학습과 변주가 필요하다. 행동은 루틴으로 반복되지만 그 안의 내용은 바뀌어서 반복이 지루하지 않게 여겨지는 것이다. 아침마다 커피를 내려서 출근하는 사람이 커피콩을 바꾸거나, 커피를 담는 텀블러를 바꾸거나, 커피와 곁들이는 음식을 바꿀 때 그의 모닝커피는 루틴이지만 지루하지 않은 것과 같다.\n\n<2024 트렌드 노트>, 정석환, 박현영, 이원희, 김종민, 김정구, 정현아, 신예은'}, {'user_id': 'euiclee.books', 'posts_count': '44', 'post_text': '🖋️ 정보의 홍수 시대.\n\n아는 것이 힘이고, 아는 만큼 볼 수 있게 된다. 수많은 정보들 중 정말 필요하고 올바른 정보를 선별할 수 있는 능력은 날이 갈 수록 더 중요해질 것임이 분명하다.\n\n📗 #원칙 #레이달리오 #한빛비즈\n\n🔖 #독서 #북스타그램 #책 #독서스타그램', 'post_image': 'https://scontent-ssn1-1.cdninstagram.com/v/t51.29350-15/455086028_1458156598207359_4702971775096658777_n.jpg?stp=dst-jpg_e15&efg=eyJ2ZW5jb2RlX3RhZyI6ImltYWdlX3VybGdlbi4xMDgweDEwODAuc2RyLmYyOTM1MCJ9&_nc_ht=scontent-ssn1-1.cdninstagram.com&_nc_cat=103&_nc_ohc=EKp6D1hAjy0Q7kNvgGy6E8p&edm=ADW0ovcBAAAA&ccb=7-5&ig_cache_key=MzQzNDQ3ODM1Mjg0ODM0NDc4MQ%3D%3D.2-ccb7-5&oh=00_AYD56ZZEGLEnwbIGhwR_0Uj1koA93HYf1Z___wUYv9fPiw&oe=66C29C66&_nc_sid=db7772', 'post_datetime': '2024-08-14 22:22:27', 'post_description': '🖋️ 정보의 홍수 시대.\n\n아는 것이 힘이고, 아는 만큼 볼 수 있게 된다. 수많은 정보들 중 정말 필요하고 올바른 정보를 선별할 수 있는 능력은 날이 갈 수록 더 중요해질 것임이 분명하다.\n\n📗 #원칙 #레이달리오 #한빛비즈\n\n🔖 #독서 #북스타그램 #책 #독서스타그램'}, {'user_id': 'ai.gi.book', 'posts_count': '49', 'post_text': 'Photo by @ai.gi.book on August 14, 2024. May be an image of 1 person, poster and text.', 'post_image': 'https://scontent-ssn1-1.cdninstagram.com/v/t51.29350-15/455363106_927003422518407_4256751836709859352_n.jpg?stp=dst-jpg_e35&efg=eyJ2ZW5jb2RlX3RhZyI6ImltYWdlX3VybGdlbi4xNDQweDE4MDAuc2RyLmYyOTM1MCJ9&_nc_ht=scontent-ssn1-1.cdninstagram.com&_nc_cat=103&_nc_ohc=qrrWzmcEZvoQ7kNvgHwazWV&edm=ADW0ovcBAAAA&ccb=7-5&ig_cache_key=MzQzNDUyNTI0Mjk2ODI5NzM5MQ%3D%3D.2-ccb7-5&oh=00_AYD2lgyiA9pXgxzj5C4kapzY_xfFoZXciDhYndE7rJE7rQ&oe=66C2A1F4&_nc_sid=db7772', 'post_datetime': '2024-08-14 23:55:35', 'post_description': '건강한 눈은 눈에 보이는 모든 것을 본다. 만약 눈이 초록색 이외에 다른 색깔은 받아들이지 않으려고 한다면 이는 분명 색 맹인 눈이라고 해야 마땅할 것이다. 청각도, 후각도 마찬가지 다. 이상이 없다면 모든 종류의 소리와 냄새를 지각할 수 있어 야 한다. 건강한 위 또한 마치 맷돌이 무슨 곡식이든지 빻을 준 비가 되어 있는 것처럼 어떤 종류의 고기라도 소화해 낼 수 있어 야 한다.\n이처럼 건강한 정신은 벌어지는 모든 일들을 기꺼이 받아들 여야만 한다. "오 하나님, 내 아이만은 살려주십시오!"라고 한 다든지, 혹은 "나의 모든 행동을 세상이 칭송하게 하소서."라고 부르짖는 정신이 있다면, 이는 초록색만을 고집하는 눈이나 부 드러운 것만을 소화하려고 하는 위와 전혀 다를 바가 없을 것 이다.\n\n건강한 눈이 되자'}]
CSV 파일에 데이터 저장 중...
CSV 파일에 데이터 저장 완료
성공/실패 평가 중...
성공한 사람: ['terrys_reading', 'rdnmgo', '42lines_', 'euiclee.books', 'ai.gi.book']
실패한 사람: []
요약 이미지 생성 중...
요약 이미지 생성 완료
포스트 이미지 생성 중...
terrys_reading의 이미지 생성 중...
terrys_reading의 이미지 생성 완료
terrys_reading의 텍스트 이미지 생성 중...
terrys_reading의 텍스트 이미지 생성 완료
rdnmgo의 이미지 생성 중...
rdnmgo의 이미지 생성 완료
rdnmgo의 텍스트 이미지 생성 중...
rdnmgo의 텍스트 이미지 생성 완료
42lines_의 이미지 생성 중...
42lines_의 이미지 생성 완료
42lines_의 텍스트 이미지 생성 중...
42lines_의 텍스트 이미지 생성 완료
euiclee.books의 이미지 생성 중...
euiclee.books의 이미지 생성 완료
euiclee.books의 텍스트 이미지 생성 중...
euiclee.books의 텍스트 이미지 생성 완료
ai.gi.book의 이미지 생성 중...
ai.gi.book의 이미지 생성 완료
ai.gi.book의 텍스트 이미지 생성 중...
ai.gi.book의 텍스트 이미지 생성 완료
포스트 이미지 생성 완료
이미지 업로드 시작...
사진 업로드 중...
새 게시물 버튼 클릭 완료
다음 버튼 클릭 중...
다음 버튼 클릭 완료
다음 버튼 클릭 중...
다음 버튼 클릭 완료
성공/실패 평가 중...
성공한 사람: ['terrys_reading', 'rdnmgo', '42lines_', 'euiclee.books', 'ai.gi.book']
실패한 사람: []
설명 입력 중...
설명 입력 완료
게시물 공유 중...
게시물 공유 완료
사진 업로드 완료
이미지 업로드 완료
드라이버 종료
프로그램 시작
드라이버 설정 중...
드라이버 설정 완료
인스타그램 로그인 시도 중...
로그인 정보 입력 완료
로그인 정보 저장 버튼 클릭 중...
로그인 정보 저장 버튼 클릭 완료
정보 수집 시작...
terrys_reading의 정보 수집 중...
terrys_reading의 게시물에 '더 보기' 버튼 없음
좋아요 버튼을 클릭했습니다.
terrys_reading의 정보 수집 완료
rdnmgo의 정보 수집 중...
rdnmgo의 게시물에 '더 보기' 버튼 없음
좋아요 버튼을 클릭했습니다.
rdnmgo의 정보 수집 완료
42lines_의 정보 수집 중...
42lines_의 게시물에 '더 보기' 버튼 없음
좋아요 버튼을 클릭했습니다.
42lines_의 정보 수집 완료
euiclee.books의 정보 수집 중...
euiclee.books의 게시물에 '더 보기' 버튼 없음
좋아요 버튼을 클릭했습니다.
euiclee.books의 정보 수집 완료
ai.gi.book의 정보 수집 중...
ai.gi.book의 게시물에 '더 보기' 버튼 없음
좋아요 버튼을 클릭했습니다.
ai.gi.book의 정보 수집 완료
정보 수집 완료
[{'user_id': 'terrys_reading', 'posts_count': '44', 'post_text': 'Photo by @terrys_reading on August 15, 2024. May be an image of 1 person and text.', 'post_image': 'https://scontent-ssn1-1.cdninstagram.com/v/t51.29350-15/455462838_365665983247458_6426103506321457016_n.jpg?stp=dst-jpg_e15&efg=eyJ2ZW5jb2RlX3RhZyI6ImltYWdlX3VybGdlbi4xMDgweDEwODAuc2RyLmYyOTM1MCJ9&_nc_ht=scontent-ssn1-1.cdninstagram.com&_nc_cat=106&_nc_ohc=UYItOONfY8IQ7kNvgESd9XT&edm=ADW0ovcBAAAA&ccb=7-5&ig_cache_key=MzQzNTI0OTgyODUyNjI0MzY4NQ%3D%3D.2-ccb7-5&oh=00_AYDI1HuAEh-wLIAaJUKvOjsYt9DzQhTa9hCffQlJBozMtg&oe=66C3EF8E&_nc_sid=db7772', 'post_datetime': '2024-08-15 23:55:13', 'post_description': '창업자 지원\n그런 점에서, 창업자와 비교하여 VC의 평판에 대한 과대평가(31% VS 55%)와 인간적 케미(74% VS 50%) 분야별 전문성(52% vs 29%)과 관계를 맺은 기간(24% VS 10%)에 대한 과소평가가 눈에 띈다. 물론, VC 평판은 중요한 요소이지만 그럼에도, 더 핵심적이고 간과된 요소가인 개인적 유대와 분야별 전문성, 관계를 맺은 기간이라는 점을 고려해야 할 것이다. 그리고, 실제 네트워크, 운영 등도 약 30% 정도가 중요하다고 했으므로 절대 무시할 수 없는 요소이긴 하다.\n그렇기에, 투자관, 역량에 따라 집중하는 부분이 많이 차이 날 것이다.\n\n창업자에게 호평을 받는 VC VS 운용 자금이 큰 VC\n아래 자료는 창업자들의 VC 평판 사이트인 Founder’s choice에서 조사한 VC 업계의 평판 순위이다. 그리고 그 아래는 AUM에 따른 하우스 랭킹이다. 현재 시계열에선 AUM 규모와 평판 사이트의 순위가 상당 부분 불일치하는 것으로 보인다. 그래서 아래 부분들에 대한 질문을 생각해볼법 한 것 같다.\n벤처 캐피탈의 성공은 무엇으로 측정되는가?\n운용 규모, 투자 수익률, 창업가들로부터 얻은 평판?\n어떤 요소가 운용 규모에 가장 직접적인 영향을 미치는가?\n창업가들로부터 얻은 평판은 장기 수익률에 유의미한 영향을 미치는가?\n좋은 VC라고 해서 높은 수익률을 올릴 것이라 단정할 수는 없다. 수익률은 창업 팀의 역량과 투자 회사의 성장에 달렸다. 그럼에도, 창업자에게 좋은 인상을 남기는 VC들은 더 넓은 사회 자본을 갖추게 되고, 더 많은 투자 기회를 갖게 될 확률이 높을 것이다. 멱 법칙의 게임이기에, 소수의 승자에 투자할 수 있는 기회를 얻는 것은 승자를 고를 수 있는 확률을 높여주지 않을까 싶다.\n\n결국은 도움을 구하고 싶은 사람이 되어야 하지 않을까.\n창업자가 도움을 원하지 않으면 value add는 부담이고, 강요이다. 그렇기에, 네트워킹, 운영상 도움 등 이전에 가장 기본에 깔려있는 가치는, 신뢰와 존중의 관계가 아닐까 싶다. 창업자의 뒤에서 신뢰를 가득 내뿜고, 도움을 구할 땐 두 발 벗고 나서는 그런 모습이 가장 중요한 가치 증대의 기반일 것이다. 그리고 그것이 자본가가 기업가에게 제공'}, {'user_id': 'rdnmgo', 'posts_count': '46', 'post_text': 'Photo by @rdnmgo on August 15, 2024. May be an image of poster, book, magazine and text.', 'post_image': 'https://scontent-ssn1-1.cdninstagram.com/v/t51.29350-15/455686203_1488307435163971_1732257279904318685_n.jpg?stp=dst-jpg_e15&efg=eyJ2ZW5jb2RlX3RhZyI6ImltYWdlX3VybGdlbi43MjB4NzIwLnNkci5mMjkzNTAifQ&_nc_ht=scontent-ssn1-1.cdninstagram.com&_nc_cat=107&_nc_ohc=ejMRa1E2jJUQ7kNvgFGemIb&edm=ADW0ovcBAAAA&ccb=7-5&ig_cache_key=MzQzNTEzMzExNzg2ODU5NjAwOA%3D%3D.2-ccb7-5&oh=00_AYAbP0v6cKDJ93Hv6LawVUG2K2ueMCYyc6UCWh3JIOOBiw&oe=66C3F660&_nc_sid=db7772', 'post_datetime': '2024-08-15 20:03:20', 'post_description': '## <게으름이 습관이 되기 전에> 7-3 미루는 버릇을 뿌리 뽑는 순서\n\n당연히 해야 한다고 생각하는 활동들을 토대로 완벽한 일정을 짜 놓았다고 해도, 스스로를 독려해 어려운 업무의 첫발을 떼는 것은 때때로 무척이나 버겁게 느껴집니다. **이럴 때는 ‘습관 쌓기’를 활용해 일련의 행동을 일과에 집어넣으면 좋습니다.**\n\n**습관 쌓기는 이미 정해진 일과에 여러 개의 새로운 습관들을 더하기 어렵다는 전제를 기반으로 합니다.**\n**전부 다 기억하려 애쓰지 말고 사소한 습관들을 묶어서 일과에 포함시키고, 날마다 구체적인 시간에 이 일과를 완수하길 권합니다. 구체적으로, 간단한 13단계 과정을 거치면 됩니다.**\n\n### 1단계: 습관 덩어리 만들기\n**자신의 삶에서 개선하고자 하는 부분을 확인하고, 5분짜리 습관 덩어리를 만들어 이를 시작하세요.**\n\n### 2단계: 작은 성과에 집중하기\n**많은 의지력이 필요하지 않은 간단한 습관을 골라 작은 성과에 집중하세요.**\n\n● 5~10분의 간단한 점검 시간으로 하루를 열되, 그 시간 동안 자신이 할 일과 약속을 살펴보세요.\n● 가장 중요한 업무 두세 가지를 확인하고 다른 무엇보다 이를 완수하는 데 몰두하세요.\n● 가장 힘든 일부터 시작하되, 가급적 미룰 가능성이 제일 크다고 생각하는 일을 하나 고르세요.\n● 자신이 세운 목표들에 완벽히 부합하지 않는 업무나 프로젝트, 의무라면 무엇이든 거절하세요.\n● 시작을 간단하게 만들어 주는 저평가된 목표를 설정해, 힘든 일에 맞는 작은 습관을 만드세요.\n● 날마다 5~10분쯤 늘어난 시간 동안 현재 진행 중인 프로젝트들을 조금씩 해결함으로써 그 프로젝트에 맞는 코끼리 습관을 기르세요.\n● 2분 법칙을 적용하고, 대부분의 일과를 한 번에 처리하는 방식으로 사소한 일들을 해치우세요.\n\n### 3단계: 시간과 장소 정하기\n**미루는 버릇을 뿌리 뽑기 위한 ‘습관 쌓기’를 완수하는 데 적합한 시간과 장소를 정하세요. 시간의 경우, 하루를 시작할 때가 좋은데 이는 여러분이 이뤄 낼 성취와 임의의 비상사태에 대응할 여력을 만들 수 있어서입니다.**\n\n### 4단계: 도화선 행동 실천하기\n**여러 습관의 도화선이 되는 행동을 기반으로 습관 쌓기를 하세요. 그 도화선은 날마다 자동적으로 실천하는 것입니다.**\n\n### 5단계: 점검표 작성하기\n**논리적인 점검표를 작성하세요. 여기에는 행동들의 순서, 각 행동을 완수하는 데 걸리는 시간, 행동을 실행할 장소가 포함됩니다.**\n\n### 6단계: 책임 파트너 활용하기\n코치미 같은 앱을 활용해 **진척 상황을 추적하고, 돌파구와 도전, 미래 계획을 공유할 책임 파트너와 자주 이야기를 나누며 서로 독려해 주세요.**\n\n### 7단계: 보상 만들기\n**일과를 지키고 중요한 이정표를 달성하는 데 도움이 되는 소소하지만 즐거운 보상을 만드세요.**\n\n### 8단계: 일관성 유지하기\n**하루도 거르지 말고 반복하는 데 몰두하세요. 일과를 잘 지키는 것은 대단히 중요합니다.**\n\n### 9단계: 습관을 패턴으로 정착시키기\n하루를 빼먹은 것에 대해 어떤 변명도 용납하지 않음으로써 **습관이 패턴으로 정착할 수 있도록 하세요. 무슨 일이 일어나도 달성할 수 있는, 실행 가능한 일상적 목표를 설정하고 어떤 식으로도 자신을 설득해선 안 됩니다.** 어쩌면 여러분은 두세 가지 습관을 완수하기만 하면 되는 작은 목표를 설정할지도 모릅니다. **중요한 것은 심지어 일이 잘 안 풀리는 날에도 달성할 수 있는 목표를 정하는 것입니다.**\n\n### 10단계: 차질에 대비하기\n**이따금 어려움이나 차질이 생길 수 있음을 기억하세요. 사실, 그런 문제가 발생하면 해결 방안에 관한 계획을 세우는 것이 더 좋습니다. 일이 진척되지 않으면 조금 전에 살펴본 여섯 가지 어려움을 점검하고, 여러분이 마주친 특별한 장애물에 해당하는 조언을 실천해 보세요.**\n\n### 11단계: 습관의 실행 빈도 정하기\n**매일, 매주, 매달 실행할 일련의 행동들로 구성된 일과에 전념함으로써 습관 덩어리의 실행 빈도를 정해 일정을 짜세요. 나는 간단한 매일의 일과로 시작하라고 권하고 싶습니다.** 하지만 더 많은 습관을 기르고 싶다면 주간 또는 월간 업무에 추가하세요.\n\n### 12단계: 덩어리 습관의 규모 키우기\n**더 많은 습관을 덧붙이고 일과를 수행하는 총 시간을 늘림으로써 습관 덩어리의 규모를 키워 보세요. 하지만 이 단계는 아주 신중하게 접근해야 합니다.'}, {'user_id': '42lines_', 'posts_count': '45', 'post_text': 'Photo by @42lines_ on August 14, 2024. May be an illustration of one or more people, magazine, poster, calendar and text.', 'post_image': 'https://scontent-ssn1-1.cdninstagram.com/v/t51.29350-15/455296530_2202285180131712_1270105236709940681_n.jpg?stp=dst-jpg_e15&efg=eyJ2ZW5jb2RlX3RhZyI6ImltYWdlX3VybGdlbi4xMDgweDEwODAuc2RyLmYyOTM1MCJ9&_nc_ht=scontent-ssn1-1.cdninstagram.com&_nc_cat=100&_nc_ohc=1Jj84Y7fzUkQ7kNvgGBv6jL&edm=ADW0ovcBAAAA&ccb=7-5&ig_cache_key=MzQzNDkxNTI3Nzk4NDIyNDI1NQ%3D%3D.2-ccb7-5&oh=00_AYBbrSbW4Ua_FRiFJKP-IylYwsqZ4SaASNUXoYiI2I2pSw&oe=66C3EF72&_nc_sid=db7772', 'post_datetime': '2024-08-15 12:50:31', 'post_description': '뜨는 공간이 전달하는 새로운 경험은 시각에서 후각을 거쳐 미각까지 도달했다. 다시 강조하지만 앞으로의 공간에서 새롭게 다가올 감각은 청각과 촉각이다. 이 감각의 전문가가 되자. 감각 경험이 깊어지면 개인적 취향 만족을 넘어 높은 안목을 요구할 것이다.\n\n<2024 트렌드 노트>, 정석환, 박현영, 이원희, 김종민, 김정구, 정현아, 신예은'}, {'user_id': 'euiclee.books', 'posts_count': '45', 'post_text': '🖋️ 내가 틀릴 수 있음을 늘 인정하고, 다른 의견을 수용할 수 있어야 한다.\n\n1. 나의 생각에 동의하지 않는 가장 똑똑한 사람들을 찾아서 그들의 생각을 이해하려고 노력하라.\n2. 의견을 밝히지 말아야 하는 때를 알아야 한다.\n3. 시간에 구애받지 않는 보편적인 원칙들을 개발하고 시험하고 체계화하라.\n4. 큰 이익을 지키고 손실을 줄이는 방법으로 위험의 균형을 유지하라.\n\n📗\xa0#원칙\xa0#레이달리오\xa0#한빛비즈\n\n🔖\xa0#독서\xa0#북스타그램\xa0#책\xa0#독서스타그램', 'post_image': 'https://scontent-ssn1-1.cdninstagram.com/v/t51.29350-15/455237650_508343388403589_7117042547480536647_n.jpg?stp=dst-jpg_e35&efg=eyJ2ZW5jb2RlX3RhZyI6ImltYWdlX3VybGdlbi4xMDAweDEwMDAuc2RyLmYyOTM1MCJ9&_nc_ht=scontent-ssn1-1.cdninstagram.com&_nc_cat=105&_nc_ohc=7NJun4pIwI8Q7kNvgGgG4wy&edm=ADW0ovcBAAAA&ccb=7-5&ig_cache_key=MzQzNDg2MjY3NTY1NzA5NTMzNw%3D%3D.2-ccb7-5&oh=00_AYCQiSVNrUciWM85GJsx1JDpT7JURnMOiXH66EcLolBYog&oe=66C3E329&_nc_sid=db7772', 'post_datetime': '2024-08-15 18:00:00', 'post_description': '🖋️ 내가 틀릴 수 있음을 늘 인정하고, 다른 의견을 수용할 수 있어야 한다.\n\n1. 나의 생각에 동의하지 않는 가장 똑똑한 사람들을 찾아서 그들의 생각을 이해하려고 노력하라.\n2. 의견을 밝히지 말아야 하는 때를 알아야 한다.\n3. 시간에 구애받지 않는 보편적인 원칙들을 개발하고 시험하고 체계화하라.\n4. 큰 이익을 지키고 손실을 줄이는 방법으로 위험의 균형을 유지하라.\n\n📗 #원칙 #레이달리오 #한빛비즈\n\n🔖 #독서 #북스타그램 #책 #독서스타그램'}, {'user_id': 'ai.gi.book', 'posts_count': '50', 'post_text': 'Photo by @ai.gi.book on August 15, 2024. May be an image of 1 person, poster and text.', 'post_image': 'https://scontent-ssn1-1.cdninstagram.com/v/t51.29350-15/455638270_1019335669882027_8707363621002845613_n.jpg?stp=dst-jpg_e35&efg=eyJ2ZW5jb2RlX3RhZyI6ImltYWdlX3VybGdlbi4xNDQweDE4MDAuc2RyLmYyOTM1MCJ9&_nc_ht=scontent-ssn1-1.cdninstagram.com&_nc_cat=107&_nc_ohc=AwooK5Mtf8AQ7kNvgGquXuh&edm=ADW0ovcBAAAA&ccb=7-5&ig_cache_key=MzQzNTAxNDQyNTI3MzA4NzUxOQ%3D%3D.2-ccb7-5&oh=00_AYC_WwrfcH6iEA0uhgE2UJK0tNnD4EEgeYN2qAehY7bkhQ&oe=66C3EA82&_nc_sid=db7772', 'post_datetime': '2024-08-15 16:07:30', 'post_description': '견딜 수 없는 일들이 사람에게 일어나는 법은 결코 없다. 마 찬가지로 소나 포도나무나 돌들에게도 각각 그 자신의 본성에 걸맞는 일들만 일어나는 것이다. 이처럼 모든 사물은 자신에게 일상적이고 자연스러운 일들만 경험하게 되는데, 어찌하여 당신 은 불평하는가? 우주의 본성은 결코 당신이 견딜 수 없는 일들 을 일으키지 않는다.\n당신에게 일어나는 모든 일들은 당신이 이겨낼 수 있는 것이 든지, 아니면 그럴 수 없는 것이든지 둘 중 하나이다. 만약 당신 이 견뎌낼 수 있는 능력의 범위 안에 있는 일이라면 불평하지 말 고 당신의 이성이 그것을 감당해 나가도록 참아라. 그러나 혹 당신이 이겨낼 수 없는 일이 벌어진다 할지라도 그것에 반감을 나타내지는 마라. 비록 그 일이 당신을 정복했다 할지라도 그것 역시 언젠가는 소멸되고 말 것이기 때문이다\n\n당신이 견딜 수 없는 일은 없다'}]
CSV 파일에 데이터 저장 중...
CSV 파일에 데이터 저장 완료
성공/실패 평가 중...
성공한 사람: ['terrys_reading', 'rdnmgo', '42lines_', 'euiclee.books', 'ai.gi.book']
실패한 사람: []
요약 이미지 생성 중...
요약 이미지 생성 완료
포스트 이미지 생성 중...
terrys_reading의 이미지 생성 중...
terrys_reading의 이미지 생성 완료
terrys_reading의 텍스트 이미지 생성 중...
terrys_reading의 텍스트 이미지 생성 완료
rdnmgo의 이미지 생성 중...
rdnmgo의 이미지 생성 완료
rdnmgo의 텍스트 이미지 생성 중...
rdnmgo의 텍스트 이미지 생성 완료
42lines_의 이미지 생성 중...
42lines_의 이미지 생성 완료
42lines_의 텍스트 이미지 생성 중...
42lines_의 텍스트 이미지 생성 완료
euiclee.books의 이미지 생성 중...
euiclee.books의 이미지 생성 완료
euiclee.books의 텍스트 이미지 생성 중...
euiclee.books의 텍스트 이미지 생성 완료
ai.gi.book의 이미지 생성 중...
ai.gi.book의 이미지 생성 완료
ai.gi.book의 텍스트 이미지 생성 중...
ai.gi.book의 텍스트 이미지 생성 완료
포스트 이미지 생성 완료
이미지 업로드 시작...
사진 업로드 중...
새 게시물 버튼 클릭 완료
다음 버튼 클릭 중...
다음 버튼 클릭 완료
다음 버튼 클릭 중...
다음 버튼 클릭 완료
성공/실패 평가 중...
성공한 사람: ['terrys_reading', 'rdnmgo', '42lines_', 'euiclee.books', 'ai.gi.book']
실패한 사람: []
설명 입력 중...
설명 입력 완료
게시물 공유 중...
게시물 공유 완료
사진 업로드 완료
이미지 업로드 완료
드라이버 종료
프로그램 시작
드라이버 설정 중...
드라이버 설정 완료
인스타그램 로그인 시도 중...
로그인 정보 입력 완료
로그인 정보 저장 버튼 클릭 중...
로그인 정보 저장 버튼 클릭 완료
정보 수집 시작...
terrys_reading의 정보 수집 중...
terrys_reading의 게시물에 '더 보기' 버튼 없음
좋아요 버튼을 클릭했습니다.
terrys_reading의 정보 수집 완료
rdnmgo의 정보 수집 중...
rdnmgo의 게시물에 '더 보기' 버튼 없음
좋아요 버튼을 클릭했습니다.
rdnmgo의 정보 수집 완료
42lines_의 정보 수집 중...
42lines_의 게시물에 '더 보기' 버튼 없음
좋아요 버튼을 클릭했습니다.
42lines_의 정보 수집 완료
euiclee.books의 정보 수집 중...
euiclee.books의 게시물에 '더 보기' 버튼 없음
좋아요 버튼을 클릭했습니다.
euiclee.books의 정보 수집 완료
ai.gi.book의 정보 수집 중...
ai.gi.book의 게시물에 '더 보기' 버튼 없음
좋아요 버튼을 클릭했습니다.
ai.gi.book의 정보 수집 완료
정보 수집 완료
[{'user_id': 'terrys_reading', 'posts_count': '45', 'post_text': "Photo by @terrys_reading on August 16, 2024. May be an image of magazine and text that says 'X Accelerated Learning: Learn Faster and Remember More You can train your brain to retain knowledge and insight better by understanding how you learn. Once you understand the keys to learning, everything change changes-from from the way you ask questions to the way you consume information. People will think you have a superpower.'.", 'post_image': 'https://scontent-ssn1-1.cdninstagram.com/v/t51.29350-15/455755143_1236830380669228_587072134531943427_n.jpg?stp=dst-jpg_e35&efg=eyJ2ZW5jb2RlX3RhZyI6ImltYWdlX3VybGdlbi4xNDQweDE4MDAuc2RyLmYyOTM1MCJ9&_nc_ht=scontent-ssn1-1.cdninstagram.com&_nc_cat=104&_nc_ohc=bMpNh0vyAGIQ7kNvgHaD0c6&edm=ADW0ovcBAAAA&ccb=7-5&ig_cache_key=MzQzNTk3NTA2NDcxMTYwMzQ4NA%3D%3D.2-ccb7-5&oh=00_AYABNGGS2iiU4ViSEB2rsgm9jQaHIBx5sxnf8UtmVtWUkA&oe=66C54AA3&_nc_sid=db7772', 'post_datetime': '2024-08-16 23:56:08', 'post_description': '학습에 대하여\n\n1. 학습이란 새로운 지식과 개념을 자신의 지식 체계에 통합 적용하는 과정이다.\n2. 이 과정에서 가장 핵심적인 학습법은 그것을 6살 아이한테 설명하는 과정을 거치는 것이다.\n3. 당신이 학습하는 것은 모든 것은 결국 직접 지식과 간접 지식으로 나뉜다.\n4. 인간은 직접 지식에 강하게 영향을 받는다. 그렇지만, 역사와 같은 타인의 경험또한 그에 못지 않게 중요시 해야한다.'}, {'user_id': 'rdnmgo', 'posts_count': '47', 'post_text': 'Photo by @rdnmgo on August 15, 2024. May be an image of poster, book, magazine and text.', 'post_image': 'https://scontent-ssn1-1.cdninstagram.com/v/t51.29350-15/455832755_1176705246948729_1280580318346076457_n.jpg?stp=dst-jpg_e15&efg=eyJ2ZW5jb2RlX3RhZyI6ImltYWdlX3VybGdlbi43MjB4NzIwLnNkci5mMjkzNTAifQ&_nc_ht=scontent-ssn1-1.cdninstagram.com&_nc_cat=109&_nc_ohc=in2ADfvX8QMQ7kNvgGvcBgn&edm=ADW0ovcBAAAA&ccb=7-5&ig_cache_key=MzQzNTYyODYyMTU3NjY3NDI3Mg%3D%3D.2-ccb7-5&oh=00_AYCcay3RvbZzKPuIfBqGrN207nLLcG7mpBXYyHaZYCLHew&oe=66C5440A&_nc_sid=db7772', 'post_datetime': '2024-08-16 12:27:48', 'post_description': '## <게으름이 습관이 되기 전에> 7-4 미루는 버릇에 문제 제기\n\n**일을 미루고 싶은 일상적인 충동을 느낄 때마다 활용할 수 있는 방법 여섯 가지를 소개합니다.**\n\n### 하루 5분, 그날 갑자기 발생한 잠재적 비상사태를 평가하라\n이것을 무시할 때 전개될 수 있는 최악의 시나리오를 생각해 보세요. **만약 끔찍한 결과가 생길 가능성이 조금이라도 있으면, 하던 일을 멈추고 그 문제를 해결하기 위한 첫걸음을 내디뎌야 합니다.**\n\n### 아이젠하워 매트릭스를 이용, 새로운 일에 대해 빨리 결정을 내려라\n아이젠하워 매트릭스의 사분면 4개를 이용해 모든 업무를 평가하세요. 직장 생활과 일상생활에서 정말로 중요한 것이 무엇인지 알아차리는 데 도움이 될 것입니다.\n\n### 불편함을 유발하는 장치를 만들어라\n단지 즐겁지 않다는 이유로 어려운 업무들을 계속 미루고 있다면 불편함을 유발하는 장치를 길러야 합니다.\n\n### 일을 미룰 것 같은 조짐을 확인하는 데 인식 습관을 활용하라\n날마다 자기 행동을 계속 추적하면, 특정한 활동들을 뒤로 미루고 싶게 만드는 요인이 무엇인지 알아볼 수 있습니다.\n\n### 유혹 묶기를 하라\n‘장기적으로 도움이 되는 일을 할 때만 특정한 경험을 즐겨도 좋다’는 규칙을 만들기 위해 유혹 묶기를 활용하세요.\n\n### 모든 일을 목표와 연결하라\n사적인 의무와 공적인 의무를 적은 목록을 작성하고, 각각의 의무를 중요한 가치나 목표와 연결함으로써 모든 업무를 목표와 연관 지으세요.\n\n**다음 한 주 동안 날마다 30~60분을 확보해 일회성 업무들을 실천하기 바랍니다. 그런 뒤에는 좀 전에 언급한 습관들을 하루 일과로 만들라고 강력히 권합니다.**'}, {'user_id': '42lines_', 'posts_count': '46', 'post_text': 'Photo by @42lines_ on August 15, 2024. May be an illustration of one or more people, magazine, poster, calendar and text.', 'post_image': 'https://scontent-ssn1-1.cdninstagram.com/v/t51.29350-15/455606557_846510234092675_7879912748537612425_n.jpg?stp=dst-jpg_e35&efg=eyJ2ZW5jb2RlX3RhZyI6ImltYWdlX3VybGdlbi4xMDgweDEwODAuc2RyLmYyOTM1MCJ9&_nc_ht=scontent-ssn1-1.cdninstagram.com&_nc_cat=111&_nc_ohc=ThO73zlysp4Q7kNvgFMVxMY&edm=ADW0ovcBAAAA&ccb=7-5&ig_cache_key=MzQzNTY5NTk2OTE5NTcyMTQ5NQ%3D%3D.2-ccb7-5&oh=00_AYB5F54Xn1KZ4mFgIaG8q14OcJUdvBpHOKAPwlZ8vr5E5w&oe=66C552D0&_nc_sid=db7772', 'post_datetime': '2024-08-16 14:41:37', 'post_description': '‘자기 브랜딩’이라는 평생의 과제를 안고 사는 직장인 입장에서 직장은 이 과제를 해결하는 데 도움이 되어야 한다. 월급을 받으니 희생을 감내해야 하는 곳이 더이상 아니다. 합리적인 방식으로 서로 윈윈하는 관계여야 한다. 회사가 그렇지 않을 경우 이들은 참지 않고 퇴사를 선택한다.\n\n<2024 트렌드 노트>, 정석환, 박현영, 이원희, 김종민, 김정구, 정현아, 신예은'}, {'user_id': 'euiclee.books', 'posts_count': '46', 'post_text': '🖋️ 사람들은 저마다 각자 살아온 삶이 다르기 때문에 관점이 다를 수 밖에 없다.\n\n그리고 우리는 살아가면서 정말 다양한 사람들과 부딪히며 살아갈 것이다. 그렇기 때문에 다른 관점으로 사물을 보는 사람들이 어떤 방식으로 생각하는지 이해하기 위한 호기심을 가질 필요성이 있다.\n\n📗\xa0#원칙\xa0#레이달리오\xa0#한빛비즈\n\n🔖\xa0#독서\xa0#북스타그램\xa0#책\xa0#독서스타그램', 'post_image': 'https://scontent-ssn1-1.cdninstagram.com/v/t51.29350-15/455359957_1568668267070288_6787909649374886017_n.jpg?stp=dst-jpg_e35&efg=eyJ2ZW5jb2RlX3RhZyI6ImltYWdlX3VybGdlbi4xMDAweDEwMDAuc2RyLmYyOTM1MCJ9&_nc_ht=scontent-ssn1-1.cdninstagram.com&_nc_cat=108&_nc_ohc=uny_iIoNsOgQ7kNvgF3PMF5&edm=ADW0ovcBAAAA&ccb=7-5&ig_cache_key=MzQzNDg2NTMzMTQwNjQ0MTk2MA%3D%3D.2-ccb7-5&oh=00_AYBBOVYAq6bYNL4JBgphk6YduinEw3ryg8P9zCPFbKKU_A&oe=66C5240C&_nc_sid=db7772', 'post_datetime': '2024-08-16 11:35:00', 'post_description': '🖋️ 사람들은 저마다 각자 살아온 삶이 다르기 때문에 관점이 다를 수 밖에 없다.\n\n그리고 우리는 살아가면서 정말 다양한 사람들과 부딪히며 살아갈 것이다. 그렇기 때문에 다른 관점으로 사물을 보는 사람들이 어떤 방식으로 생각하는지 이해하기 위한 호기심을 가질 필요성이 있다.\n\n📗 #원칙 #레이달리오 #한빛비즈\n\n🔖 #독서 #북스타그램 #책 #독서스타그램'}, {'user_id': 'ai.gi.book', 'posts_count': '51', 'post_text': 'Photo by @ai.gi.book on August 16, 2024. May be an image of 1 person, poster and text.', 'post_image': 'https://scontent-ssn1-1.cdninstagram.com/v/t51.29350-15/455817172_865320825044306_8225138220653091949_n.jpg?stp=dst-jpg_e35&efg=eyJ2ZW5jb2RlX3RhZyI6ImltYWdlX3VybGdlbi4xNDQweDE4MDAuc2RyLmYyOTM1MCJ9&_nc_ht=scontent-ssn1-1.cdninstagram.com&_nc_cat=102&_nc_ohc=wURHdKCoKmoQ7kNvgEcH6m8&edm=AEhyXUkBAAAA&ccb=7-5&ig_cache_key=MzQzNTc1OTc1MDAyMzU1OTM0OA%3D%3D.2-ccb7-5&oh=00_AYCSQ1h8bvz6Qv9OGLPiAi3DQ6qKs-l-7yU8BAy5PxAr5Q&oe=66C554EF&_nc_sid=8f1549', 'post_datetime': '2024-08-16 16:48:20', 'post_description': '당신을 괴롭히는 고민들 가운데 상당 부분은 전적으로 당신 의 공상이 빚어낸 쓸데없는 것들이다. 당신에게서 이런 것들을 제외하고, 보다 넓은 세계로 들어갈 수 있도록 하라.\n당신의 생각이 우주를 포용하고, 영원한 시간을 묵상하며, 모든 피조물들의 빠른 변화에 유의하고, 당신의 출생에서 죽음 에 이르는 짧은 순간을 출생 이전의 무한과 죽음 이후의 영원 과 비교하면서 자기를 넓혀가라.\n\n결국 내가 다 만들어낸 허상에 내가 고통받고 내가 스트레스 받는것'}]
CSV 파일에 데이터 저장 중...
CSV 파일에 데이터 저장 완료
성공/실패 평가 중...
성공한 사람: ['terrys_reading', 'rdnmgo', '42lines_', 'euiclee.books', 'ai.gi.book']
실패한 사람: []
요약 이미지 생성 중...
요약 이미지 생성 완료
포스트 이미지 생성 중...
terrys_reading의 이미지 생성 중...
terrys_reading의 이미지 생성 완료
terrys_reading의 텍스트 이미지 생성 중...
terrys_reading의 텍스트 이미지 생성 완료
rdnmgo의 이미지 생성 중...
rdnmgo의 이미지 생성 완료
rdnmgo의 텍스트 이미지 생성 중...
rdnmgo의 텍스트 이미지 생성 완료
42lines_의 이미지 생성 중...
42lines_의 이미지 생성 완료
42lines_의 텍스트 이미지 생성 중...
42lines_의 텍스트 이미지 생성 완료
euiclee.books의 이미지 생성 중...
euiclee.books의 이미지 생성 완료
euiclee.books의 텍스트 이미지 생성 중...
euiclee.books의 텍스트 이미지 생성 완료
ai.gi.book의 이미지 생성 중...
ai.gi.book의 이미지 생성 완료
ai.gi.book의 텍스트 이미지 생성 중...
ai.gi.book의 텍스트 이미지 생성 완료
포스트 이미지 생성 완료
이미지 업로드 시작...
사진 업로드 중...
새 게시물 버튼 클릭 완료
다음 버튼 클릭 중...
다음 버튼 클릭 완료
다음 버튼 클릭 중...
다음 버튼 클릭 완료
성공/실패 평가 중...
성공한 사람: ['terrys_reading', 'rdnmgo', '42lines_', 'euiclee.books', 'ai.gi.book']
실패한 사람: []
설명 입력 중...
설명 입력 완료
게시물 공유 중...
게시물 공유 완료
사진 업로드 완료
이미지 업로드 완료
드라이버 종료
프로그램 시작
드라이버 설정 중...
드라이버 설정 완료
인스타그램 로그인 시도 중...
로그인 정보 입력 완료
로그인 정보 저장 버튼 클릭 중...
로그인 정보 저장 버튼 클릭 완료
정보 수집 시작...
terrys_reading의 정보 수집 중...
terrys_reading의 게시물에 '더 보기' 버튼 없음
좋아요 버튼을 클릭했습니다.
terrys_reading의 정보 수집 완료
rdnmgo의 정보 수집 중...
rdnmgo의 게시물에 '더 보기' 버튼 없음
좋아요 버튼을 클릭했습니다.
rdnmgo의 정보 수집 완료
42lines_의 정보 수집 중...
42lines_의 게시물에 '더 보기' 버튼 없음
좋아요 버튼을 클릭했습니다.
42lines_의 정보 수집 완료
euiclee.books의 정보 수집 중...
euiclee.books의 게시물에 '더 보기' 버튼 없음
좋아요 버튼을 클릭했습니다.
euiclee.books의 정보 수집 완료
ai.gi.book의 정보 수집 중...
ai.gi.book의 게시물에 '더 보기' 버튼 없음
좋아요 버튼을 클릭했습니다.
ai.gi.book의 정보 수집 완료
정보 수집 완료
[{'user_id': 'terrys_reading', 'posts_count': '46', 'post_text': 'Photo by @terrys_reading on August 17, 2024. May be an image of poster, magazine, book and text.', 'post_image': 'https://scontent-ssn1-1.cdninstagram.com/v/t51.29350-15/455828349_1568250053778221_1782342276000109544_n.jpg?stp=dst-jpg_e15&efg=eyJ2ZW5jb2RlX3RhZyI6ImltYWdlX3VybGdlbi4xMDgweDEwODAuc2RyLmYyOTM1MCJ9&_nc_ht=scontent-ssn1-1.cdninstagram.com&_nc_cat=105&_nc_ohc=qMk_Ir46rXYQ7kNvgGOy2lK&edm=ADW0ovcBAAAA&ccb=7-5&ig_cache_key=MzQzNjY5NzY5OTQ4MTg5NTU3Ng%3D%3D.2-ccb7-5&oh=00_AYAWy0US6S6UWS5fs3BeCipyW2Heq4q-aMnOtMSviLgDGg&oe=66C6961D&_nc_sid=db7772', 'post_datetime': '2024-08-17 23:51:52', 'post_description': '세븐 파워\n\n가치의 공리는 결국 비즈니스 가치의 극대화이다.\n\n파워의 세 가지 열쇠는 3S이다. superior, siginificant, sustainable. 잉여 현금 흐름이 개선되고 우수해야 한다. 그리고 그 현금 흐름의 개선이 실제 사업에 중됴애해야 하며, 이는 지속 가능해야 한다. 이때 우수성과 중요성은 이득에, 지속 가능성은 장벽에 대응된다.'}, {'user_id': 'rdnmgo', 'posts_count': '48', 'post_text': 'Photo by @rdnmgo on August 17, 2024. May be an image of poster, book, magazine and text.', 'post_image': 'https://scontent-ssn1-1.cdninstagram.com/v/t51.29350-15/455956570_809918367622459_5515760184098486912_n.jpg?stp=dst-jpg_e15&efg=eyJ2ZW5jb2RlX3RhZyI6ImltYWdlX3VybGdlbi43MjB4NzIwLnNkci5mMjkzNTAifQ&_nc_ht=scontent-ssn1-1.cdninstagram.com&_nc_cat=107&_nc_ohc=I8SYxMem6oMQ7kNvgGtxifF&edm=ADW0ovcBAAAA&ccb=7-5&ig_cache_key=MzQzNjY5MjAwNzc0Nzk5NTA4OQ%3D%3D.2-ccb7-5&oh=00_AYACmIMs98lzyNDRs5Kt1RHjKIzyF8VhsV3LI1FPmlXNbA&oe=66C6768E&_nc_sid=db7772', 'post_datetime': '2024-08-17 23:40:34', 'post_description': '## <게으름이 습관이 되기 전에> 7-5'}, {'user_id': '42lines_', 'posts_count': '49', 'post_text': 'Photo by @42lines_ on August 17, 2024. May be an illustration of one or more people, poster, calendar, magazine and text.', 'post_image': 'https://scontent-ssn1-1.cdninstagram.com/v/t51.29350-15/456076055_805239648455571_7885064686281675420_n.jpg?stp=dst-jpg_e35&efg=eyJ2ZW5jb2RlX3RhZyI6ImltYWdlX3VybGdlbi41NDB4NTQwLnNkci5mMjkzNTAifQ&_nc_ht=scontent-ssn1-1.cdninstagram.com&_nc_cat=103&_nc_ohc=JOLEQ5UboKoQ7kNvgETzKba&edm=ADW0ovcBAAAA&ccb=7-5&ig_cache_key=MzQzNjUyMzc3NDY0MDgyMjE1Ng%3D%3D.2-ccb7-5&oh=00_AYA15hq15pGLPCrUnZzzYYJXg0_Zn8PwJSJbISmm7sljjw&oe=66C69383&_nc_sid=db7772', 'post_datetime': '2024-08-17 18:06:19', 'post_description': 'test\n\nasdf'}, {'user_id': 'euiclee.books', 'posts_count': '47', 'post_text': '🖋️ 실수는 누구나 할 수 있다.\n\n그렇지만 그 실수를 반복할 경우에는 문제가 생긴다. 그리고 그 실수를 반복하지 않기 위해서는 기록을 하고 늘 되돌아볼 줄 알아야 한다. \n\n발전을 한다는 것이. 무언가 계속 새로운 것을 찾고 잘하는 것을 만들어 나가는 것도 있겠지만, 내 실수들을 돌아보며 하나씩만 줄여나가도 오늘의 나는 내일의 나보다 한걸음 더 성장해있지 않을까.\n\n📗\xa0#원칙\xa0#레이달리오\xa0#한빛비즈\n\n🔖\xa0#독서\xa0#북스타그램\xa0#책\xa0#독서스타그램', 'post_image': 'https://scontent-ssn1-1.cdninstagram.com/v/t51.29350-15/455071218_542924988071519_410588334030027992_n.jpg?stp=dst-jpg_e35&efg=eyJ2ZW5jb2RlX3RhZyI6ImltYWdlX3VybGdlbi4xMDAweDEwMDAuc2RyLmYyOTM1MCJ9&_nc_ht=scontent-ssn1-1.cdninstagram.com&_nc_cat=111&_nc_ohc=hqkTrDFlGfAQ7kNvgGobMx2&edm=AEhyXUkBAAAA&ccb=7-5&ig_cache_key=MzQzNDg2NTYyNjE0MDIxNTQzOA%3D%3D.2-ccb7-5&oh=00_AYArubdNDIDk2vAmNNgSEZxpGwRdl6yrYmcimnDXgPMV8g&oe=66C679CD&_nc_sid=8f1549', 'post_datetime': '2024-08-17 11:35:00', 'post_description': '🖋️ 실수는 누구나 할 수 있다.\n\n그렇지만 그 실수를 반복할 경우에는 문제가 생긴다. 그리고 그 실수를 반복하지 않기 위해서는 기록을 하고 늘 되돌아볼 줄 알아야 한다.\n\n발전을 한다는 것이. 무언가 계속 새로운 것을 찾고 잘하는 것을 만들어 나가는 것도 있겠지만, 내 실수들을 돌아보며 하나씩만 줄여나가도 오늘의 나는 내일의 나보다 한걸음 더 성장해있지 않을까.\n\n📗 #원칙 #레이달리오 #한빛비즈\n\n🔖 #독서 #북스타그램 #책 #독서스타그램'}, {'user_id': 'ai.gi.book', 'posts_count': '52', 'post_text': 'Photo by @ai.gi.book on August 17, 2024. May be an image of 1 person, poster and text.', 'post_image': 'https://scontent-ssn1-1.cdninstagram.com/v/t51.29350-15/456031468_1550618032204705_771870785634830214_n.jpg?stp=dst-jpg_e35&efg=eyJ2ZW5jb2RlX3RhZyI6ImltYWdlX3VybGdlbi4xNDQweDE4MDAuc2RyLmYyOTM1MCJ9&_nc_ht=scontent-ssn1-1.cdninstagram.com&_nc_cat=101&_nc_ohc=ezUbeqSOTSsQ7kNvgGGXtmo&edm=ADW0ovcBAAAA&ccb=7-5&ig_cache_key=MzQzNjU3MzM0MDEyNTEwMzY1Mw%3D%3D.2-ccb7-5&oh=00_AYBJJ_15fgFQmgr0u2-XtOMROJHsbfoDnDARNShKVE7lrg&oe=66C69543&_nc_sid=db7772', 'post_datetime': '2024-08-17 19:44:48', 'post_description': '누군가 ”나는 당신을 아주 공정히 대하기로 작정했소“라고 말한다면, 이는 얼마나 무의미하고 허울 좋은 말인가. 도대체 그 게 무슨 말인가? 그런 말은 미리 할 필요가 없다. 진실은 곧 드 러날 것이기 때문이다. 진실은 얼굴에 쓰여 있고, 목소리의 음색 에 묻어난다. 단 한 번의 눈길만으로도 상대방의 모든 것을 간 파하는 연인들처럼, 당신의 눈빛에서도 진실은 일순간에 뿜어져 나온다. 진실하고 선한 사람에게서는 진한 향기가 풍겨나기 때 문에 그를 마주하는 사람은 이내 그 향내를 감지하게 된다.\n그러나 가장된 진실은 가슴에 숨긴 단도와 같다. 탈을 쓴 늑 대의 우정처럼 가증스러운 것은 없다. 그러므로 무엇보다 이런 위선을 피하라. 참으로 선하고 진실하고 좋은 의도를 가진 사 람은 그의 모습으로 자신의 마음을 보여주기 때문에 그것을 보 지 못할 사람은 아무도 없는 것이다.\n\n진실되고 좋은 의도를 가진 사람이 되기'}]
CSV 파일에 데이터 저장 중...
CSV 파일에 데이터 저장 완료
성공/실패 평가 중...
성공한 사람: ['terrys_reading', 'rdnmgo', '42lines_', 'euiclee.books', 'ai.gi.book']
실패한 사람: []
요약 이미지 생성 중...
요약 이미지 생성 완료
포스트 이미지 생성 중...
terrys_reading의 이미지 생성 중...
terrys_reading의 이미지 생성 완료
terrys_reading의 텍스트 이미지 생성 중...
terrys_reading의 텍스트 이미지 생성 완료
rdnmgo의 이미지 생성 중...
rdnmgo의 이미지 생성 완료
rdnmgo의 텍스트 이미지 생성 중...
rdnmgo의 텍스트 이미지 생성 완료
42lines_의 이미지 생성 중...
42lines_의 이미지 생성 완료
42lines_의 텍스트 이미지 생성 중...
42lines_의 텍스트 이미지 생성 완료
euiclee.books의 이미지 생성 중...
euiclee.books의 이미지 생성 완료
euiclee.books의 텍스트 이미지 생성 중...
euiclee.books의 텍스트 이미지 생성 완료
ai.gi.book의 이미지 생성 중...
ai.gi.book의 이미지 생성 완료
ai.gi.book의 텍스트 이미지 생성 중...
ai.gi.book의 텍스트 이미지 생성 완료
포스트 이미지 생성 완료
이미지 업로드 시작...
사진 업로드 중...
새 게시물 버튼 클릭 완료
다음 버튼 클릭 중...
다음 버튼 클릭 완료
다음 버튼 클릭 중...
다음 버튼 클릭 완료
성공/실패 평가 중...
성공한 사람: ['terrys_reading', 'rdnmgo', '42lines_', 'euiclee.books', 'ai.gi.book']
실패한 사람: []
설명 입력 중...
설명 입력 완료
게시물 공유 중...
게시물 공유 완료
사진 업로드 완료
이미지 업로드 완료
드라이버 종료
프로그램 시작
드라이버 설정 중...
드라이버 설정 완료
인스타그램 로그인 시도 중...
로그인 정보 입력 완료
로그인 정보 저장 버튼 클릭 중...
로그인 정보 저장 버튼 클릭 완료
정보 수집 시작...
terrys_reading의 정보 수집 중...
terrys_reading의 게시물에 '더 보기' 버튼 없음
좋아요 버튼을 클릭했습니다.
terrys_reading의 정보 수집 완료
rdnmgo의 정보 수집 중...
rdnmgo의 게시물에 '더 보기' 버튼 없음
좋아요 버튼을 클릭했습니다.
rdnmgo의 정보 수집 완료
42lines_의 정보 수집 중...
42lines_의 게시물에 '더 보기' 버튼 없음
좋아요 버튼을 클릭했습니다.
42lines_의 정보 수집 완료
euiclee.books의 정보 수집 중...
euiclee.books의 게시물에 '더 보기' 버튼 없음
좋아요 버튼을 클릭했습니다.
euiclee.books의 정보 수집 완료
ai.gi.book의 정보 수집 중...
ai.gi.book의 게시물에 '더 보기' 버튼 없음
좋아요 버튼을 클릭했습니다.
ai.gi.book의 정보 수집 완료
정보 수집 완료
[{'user_id': 'terrys_reading', 'posts_count': '47', 'post_text': 'Photo by @terrys_reading on August 18, 2024. May be an image of 2 people, money, card, magazine and text.', 'post_image': 'https://scontent-ssn1-1.cdninstagram.com/v/t51.29350-15/455924474_1052743856562577_5182915905756961596_n.jpg?stp=dst-jpg_e15&efg=eyJ2ZW5jb2RlX3RhZyI6ImltYWdlX3VybGdlbi4xMDgweDEwODAuc2RyLmYyOTM1MCJ9&_nc_ht=scontent-ssn1-1.cdninstagram.com&_nc_cat=101&_nc_ohc=Z2Ps3mqLWWwQ7kNvgHmdGYD&edm=ADW0ovcBAAAA&ccb=7-5&ig_cache_key=MzQzNzQyNTYwNDQ5MTEyOTc1MA%3D%3D.2-ccb7-5&oh=00_AYC3mmJc-gnSSw48Y1LoyFXNTMv6fBQ968TyvtqtMGTbSQ&oe=66C7D6DD&_nc_sid=db7772', 'post_datetime': '2024-08-18 23:58:05', 'post_description': 'these guys are different\n\n안드레슨 호로위츠는 단순한 벤처캐피탈을 세우는 것이 아니다. 그들이 추구하는 것은 알파가 아니라, 벤처 캐피탈이라는 자산 운용업의 과점으로 보인다. 그렇지 않으면, 프로젝트 펀딩 혹은 투자 심사 외의 운영 조직을 둘 인센티브가 적다. 그렇게 그들은 벤처 캐피탈로 시작하여 운용 자본을 키우고, 자산 운용업으로 진출하여 21세기의 JP 모건이 되고 싶어하는 것이다.'}, {'user_id': 'rdnmgo', 'posts_count': '49', 'post_text': 'Photo by @rdnmgo on August 18, 2024. May be an image of poster, book, magazine and text.', 'post_image': 'https://scontent-ssn1-1.cdninstagram.com/v/t51.29350-15/455851657_1199049847910149_8617019123572301258_n.jpg?stp=dst-jpg_e15&efg=eyJ2ZW5jb2RlX3RhZyI6ImltYWdlX3VybGdlbi43MjB4NzIwLnNkci5mMjkzNTAifQ&_nc_ht=scontent-ssn1-1.cdninstagram.com&_nc_cat=101&_nc_ohc=ZWt3o_mGSjEQ7kNvgE4Wtr7&edm=ADW0ovcBAAAA&ccb=7-5&ig_cache_key=MzQzNzQxNzczNjU2NzcwMTY3OA%3D%3D.2-ccb7-5&oh=00_AYD3CeGThcbbWqQjtrURwyuXfvlSzCMTBNEvHLt0WfS4xA&oe=66C7F47A&_nc_sid=db7772', 'post_datetime': '2024-08-18 23:42:28', 'post_description': '<게으름이 습관이 되기 전에> 마무리'}, {'user_id': '42lines_', 'posts_count': '48', 'post_text': 'Photo by @42lines_ on August 17, 2024. May be an illustration of one or more people, magazine, poster, calendar and text.', 'post_image': 'https://scontent-ssn1-1.cdninstagram.com/v/t51.29350-15/455853709_353393184375800_5779132662210949427_n.jpg?stp=dst-jpg_e35&efg=eyJ2ZW5jb2RlX3RhZyI6ImltYWdlX3VybGdlbi4xMDgweDEwODAuc2RyLmYyOTM1MCJ9&_nc_ht=scontent-ssn1-1.cdninstagram.com&_nc_cat=108&_nc_ohc=a_S43QBWtbIQ7kNvgFc20g-&edm=ADW0ovcBAAAA&ccb=7-5&ig_cache_key=MzQzNzAwNzUzNzQ5MTUzODA4MQ%3D%3D.2-ccb7-5&oh=00_AYAi4B8JCbYxiotpvk1rWmarb2kqEYOOFz-4fUcqsQ2IFQ&oe=66C7F802&_nc_sid=db7772', 'post_datetime': '2024-08-18 10:07:28', 'post_description': '워케이션을 실제 이용하는 주체는 개인이지만 비용을 누가 지불하느냐에 따라 워케이션에 기대하는 바와 어려움이 달라진다. 프리랜서들은 자신이 비용을 부담하므로 자신의 필요에 따라 워케이션을 선택한다. 대부분 목적은 번아웃 방지와 디지털 노마드의 실현이며, 만족도도 높다. 반면 기업이 워케이션을 통해 기대하는 바는 크게 3가지다. 직원들의 리프레시, 리프레시 후의 업무 몰입도 제고, 회사에 대한 로열티 획득이다.\n\n<2024 트렌드 노트>, 정석환, 박현영, 이원희, 김종민, 김정구, 정현아, 신예은'}, {'user_id': 'euiclee.books', 'posts_count': '48', 'post_text': '🖋️ 약점을 아는 것이 약점을 극복하는 첫 단계이다. \n\n약점을 드러내는 것을 누가 좋아하겠는가. 그렇다고 내 약점을 숨기고 모른척을 한다면 나에게 성장이란 없을 것이다.\n\n처음부터 잘하는 사람이 어디에 있겠는가. 부족하고 모르는 것은 당연하다. 내 약점을 마주하고 극복해나아가는 것은 성장에 있어 필수불가결한 것이 아닐까.\n\n📗 #원칙 #레이달리오 #한빛비즈\n\n🔖 #독서 #북스타그램 #책 #독서스타그램', 'post_image': 'https://scontent-ssn1-1.cdninstagram.com/v/t51.29350-15/455815345_403161846212625_7009953758808494427_n.jpg?stp=dst-jpg_e15&efg=eyJ2ZW5jb2RlX3RhZyI6ImltYWdlX3VybGdlbi4xMDgweDEwODAuc2RyLmYyOTM1MCJ9&_nc_ht=scontent-ssn1-1.cdninstagram.com&_nc_cat=109&_nc_ohc=J5GM5zwUeV8Q7kNvgG5FWGq&edm=AEhyXUkBAAAA&ccb=7-5&ig_cache_key=MzQzNzM0NDE5NzU1MTExMzgzMg%3D%3D.2-ccb7-5&oh=00_AYAeAwzFiRhlzvSRlZ4csKkDPfFjd6i-rCK_sJuSoopjaA&oe=66C7DF51&_nc_sid=8f1549', 'post_datetime': '2024-08-18 21:16:22', 'post_description': '🖋️ 약점을 아는 것이 약점을 극복하는 첫 단계이다.\n\n약점을 드러내는 것을 누가 좋아하겠는가. 그렇다고 내 약점을 숨기고 모른척을 한다면 나에게 성장이란 없을 것이다.\n\n처음부터 잘하는 사람이 어디에 있겠는가. 부족하고 모르는 것은 당연하다. 내 약점을 마주하고 극복해나아가는 것은 성장에 있어 필수불가결한 것이 아닐까.\n\n📗 #원칙 #레이달리오 #한빛비즈\n\n🔖 #독서 #북스타그램 #책 #독서스타그램'}, {'user_id': 'ai.gi.book', 'posts_count': '53', 'post_text': 'Photo by @ai.gi.book on August 18, 2024. May be an image of 1 person, poster and text.', 'post_image': 'https://scontent-ssn1-1.cdninstagram.com/v/t51.29350-15/456231524_3769837229896094_4917596461713675626_n.jpg?stp=dst-jpg_e35&efg=eyJ2ZW5jb2RlX3RhZyI6ImltYWdlX3VybGdlbi4xNDQweDE4MDAuc2RyLmYyOTM1MCJ9&_nc_ht=scontent-ssn1-1.cdninstagram.com&_nc_cat=102&_nc_ohc=xVkZuVDr4pkQ7kNvgGRKsPC&edm=ADW0ovcBAAAA&ccb=7-5&ig_cache_key=MzQzNzQyMDM1OTE2NTM1NDY5NQ%3D%3D.2-ccb7-5&oh=00_AYA55_3VGhSejJm0r9-UBQiDM56EnowoChQb95BvqP1nOg&oe=66C7D33B&_nc_sid=db7772', 'post_datetime': '2024-08-18 23:47:40', 'post_description': '그러나 가장된 진실은 가슴에 숨긴 단도와 같다. 탈을 쓴 늑 대의 우정처럼 가증스러운 것은 없다. 그러므로 무엇보다 이런 위선을 피하라. 참으로 선하고 진실하고 좋은 의도를 가진 사 람은 그의 모습으로 자신의 마음을 보여주기 때문에 그것을 보 지 못할 사람은 아무도 없는 것이다'}]
CSV 파일에 데이터 저장 중...
CSV 파일에 데이터 저장 완료
성공/실패 평가 중...
성공한 사람: ['terrys_reading', 'rdnmgo', '42lines_', 'euiclee.books', 'ai.gi.book']
실패한 사람: []
요약 이미지 생성 중...
요약 이미지 생성 완료
포스트 이미지 생성 중...
terrys_reading의 이미지 생성 중...
terrys_reading의 이미지 생성 완료
terrys_reading의 텍스트 이미지 생성 중...
terrys_reading의 텍스트 이미지 생성 완료
rdnmgo의 이미지 생성 중...
rdnmgo의 이미지 생성 완료
rdnmgo의 텍스트 이미지 생성 중...
rdnmgo의 텍스트 이미지 생성 완료
42lines_의 이미지 생성 중...
42lines_의 이미지 생성 완료
42lines_의 텍스트 이미지 생성 중...
42lines_의 텍스트 이미지 생성 완료
euiclee.books의 이미지 생성 중...
euiclee.books의 이미지 생성 완료
euiclee.books의 텍스트 이미지 생성 중...
euiclee.books의 텍스트 이미지 생성 완료
ai.gi.book의 이미지 생성 중...
ai.gi.book의 이미지 생성 완료
ai.gi.book의 텍스트 이미지 생성 중...
ai.gi.book의 텍스트 이미지 생성 완료
포스트 이미지 생성 완료
이미지 업로드 시작...
사진 업로드 중...
새 게시물 버튼 클릭 완료
다음 버튼 클릭 중...
다음 버튼 클릭 완료
다음 버튼 클릭 중...
다음 버튼 클릭 완료
성공/실패 평가 중...
성공한 사람: ['terrys_reading', 'rdnmgo', '42lines_', 'euiclee.books', 'ai.gi.book']
실패한 사람: []
설명 입력 중...
설명 입력 완료
게시물 공유 중...
게시물 공유 완료
사진 업로드 완료
이미지 업로드 완료
드라이버 종료
프로그램 시작
드라이버 설정 중...
드라이버 설정 완료
인스타그램 로그인 시도 중...
로그인 정보 입력 완료
로그인 정보 저장 버튼 클릭 중...
로그인 정보 저장 버튼 클릭 완료
정보 수집 시작...
terrys_reading의 정보 수집 중...
terrys_reading의 게시물에 '더 보기' 버튼 없음
좋아요 버튼을 클릭했습니다.
terrys_reading의 정보 수집 완료
rdnmgo의 정보 수집 중...
rdnmgo의 게시물에 '더 보기' 버튼 없음
좋아요 버튼을 클릭했습니다.
rdnmgo의 정보 수집 완료
42lines_의 정보 수집 중...
42lines_의 게시물에 '더 보기' 버튼 없음
좋아요 버튼을 클릭했습니다.
42lines_의 정보 수집 완료
euiclee.books의 정보 수집 중...
euiclee.books의 게시물에 '더 보기' 버튼 없음
좋아요 버튼을 클릭했습니다.
euiclee.books의 정보 수집 완료
ai.gi.book의 정보 수집 중...
ai.gi.book의 게시물에 '더 보기' 버튼 없음
좋아요 버튼을 클릭했습니다.
ai.gi.book의 정보 수집 완료
정보 수집 완료
[{'user_id': 'terrys_reading', 'posts_count': '48', 'post_text': 'Photo by @terrys_reading on August 19, 2024. May be a graphic of poster and text.', 'post_image': 'https://scontent-ssn1-1.cdninstagram.com/v/t51.29350-15/455947913_1215050823272436_1950482644509773051_n.jpg?stp=dst-jpg_e15&efg=eyJ2ZW5jb2RlX3RhZyI6ImltYWdlX3VybGdlbi4xMDgweDEwODAuc2RyLmYyOTM1MCJ9&_nc_ht=scontent-ssn1-1.cdninstagram.com&_nc_cat=100&_nc_ohc=aJEu6WiNUkIQ7kNvgFVY08M&edm=ADW0ovcBAAAA&ccb=7-5&ig_cache_key=MzQzODE1MTA1NDcxNjY0NTI1Mw%3D%3D.2-ccb7-5&oh=00_AYCJmRLYepXMEA0YAkD2jBhb-Z-hknhpNlq-6jAbsdIASA&oe=66C92C47&_nc_sid=db7772', 'post_datetime': '2024-08-19 23:59:26', 'post_description': '당신이 과정의 변화없이 시간의 압박과 감정의 압박을 느낀다면 그것은 조급함이다. 토요타의 조작, 보잉의 안전문제가 바로 그것이다. 하지만 비효율성을 발견하고 프로세스의 개선을 생각한다면, 그것은 조급함이 아니다. 문제 해결의 의지이다.'}, {'user_id': 'rdnmgo', 'posts_count': '50', 'post_text': 'Photo by @rdnmgo on August 19, 2024. May be an image of poster, book, magazine and text.', 'post_image': 'https://scontent-ssn1-1.cdninstagram.com/v/t51.29350-15/456228098_2884511061712740_4883367313380741664_n.jpg?stp=dst-jpg_e15&efg=eyJ2ZW5jb2RlX3RhZyI6ImltYWdlX3VybGdlbi43MjB4NzIwLnNkci5mMjkzNTAifQ&_nc_ht=scontent-ssn1-1.cdninstagram.com&_nc_cat=100&_nc_ohc=K3sdk7nw9XYQ7kNvgFtlkO2&edm=ADW0ovcBAAAA&ccb=7-5&ig_cache_key=MzQzODEwMzE4NTM3MjE5NzAzNg%3D%3D.2-ccb7-5&oh=00_AYA5prgK_6xJSs7o00LVPGZiD9vk0yr63e-8jil57xjEbg&oe=66C93D43&_nc_sid=db7772', 'post_datetime': '2024-08-19 22:24:19', 'post_description': '## <게으름이 습관이 되기 전에> 독자에게 전하는 선물\n\n내 사이트에는 이 책에 언급한 수많은 자료들이 올라와 있습니다. 올린 자료들 중 몇 가지만 소개하면 아래와 같습니다.\n\n● 이 책의 모든 연습 항목과 점검 사항, 행동 사항들에 관한 참고 설명서\n● 덩어리 시간 만들기 기법을 활용한 내 주간 캘린더\n● 투두이스트 사용법 및 에버노트 소개 영상\n● 아이젠하워 매트릭스를 실행할 때 사용할 출력 가능한 자료\n● 습관 쌓기 방법에 관한 13단계 전 과정\n\n- www.developgoodhabits.com/\n- www.developgoodhabits.com/procrastination-website\n\n‘해빗 그룹’ 사이트에 있는 ‘좋은 습관 기르기\u2006DGH’커뮤니티에 초대합니다.\n\n여기서 여러분은 아주 효과적인 습관 기르기에 도움되는 간단한 전략들을 살펴보고 책임 파트너를 찾아 힘든 부분에 관해 여러 가지 질문을 던질 수 있습니다.\n\n- www.HabitsGroup.com\n\n## <게으름이 습관이 되기 전에> 독자에게 전하는 감사의 말\n\n마지막 장을 덮기 전에 내 책을 구매해 주어 감사하다는 인사를 전하고 싶습니다. 여러분은 나쁜 습관을 없애고 좋은 습관을 키우는 법을 다룬 다른 책들을 고를 수도 있었겠지만, 모험하는 셈치고 이 책을 선택했을 것입니다. 그 선택과 더불어 끝까지 이 책을 읽어 준 데 대해 깊은 감사의 마음을 전합니다.\n\n● 《해빗 스태킹\u2006Habit Stacking》\n● 《초보부터 전문가까지: 무엇이든 배우기 위한 6단계, 지식을 넓히고 새로운 기술을 숙달하라\u2006Novice to Expert: 6 Steps to Learn Anything, Increase Your Knowledge, and Master New Skills)\n● 《마음을 정돈하라: 걱정을 멈추고 불안을 덜며 부정적인 생각을 없애는 방법\u2006Declutter Your Mind: How to Stop Worrying, Relieve Anxiety, and Eliminate Negative Thinking》\n● 《작가들을 위한 기적의 아침: 당신의 영향력과 수입을 늘리는 글쓰기 절차를 만드는 방법\u2006The Miracle Morning For Writers: How to Build a Writing Ritual That Increases Your Impact and Your Income》\n● 《10분 디지털 정돈: 기술 과잉을 없애는 간단한 습관\u200610-Minute Digital Declutter: The Simple Habit to Eliminate Technology Overload》\n● 《10분 정돈: 집을 간소화해 스트레스 없애는 습관\u200610-Minute Declutter: The Stress-Free Habit for Simplifying your Home》\n● 《책임감 선언문: 책임감을 이용해 목표를 고수하는 방법\u2006The Accountability Manifesto: How Accountability Helps You Stick to Goals》\n● 《자신감 넘치는 당신: 내성적인 사람이 인생과 비즈니스에서 성공하는 법\u2006Confident You: An Introvert’s Guide to Success in Life and Business》\n● 《매일 운동하기: (아무리 운동을 싫어해도) 운동 습관을 기르기 위한 32가지 작전\u2006Exercise Every Day: 32 Tactics for Building the Exercise Habit (Even If You Hate Working Out)》\n● 《사업가의 일상: 소상공인, 프리랜스, 직장인을 벗어나려는 예술가 지망생 들을 위한 33가지 성공 습관\u2006The Daily Entrepreneur: 33 Success Habits for Small Business Owners, Freelancers and Aspiring 9-to-5 Escape Artists》\n● 《에버노트 완전정복: 에버노트로 생활의 체계를 잡기 위한 비공식 안내서\u2006Master Evernote: The Unofficial Guide to Organizing Your Life with Evernote》\n● 《나쁜 습관은 이제 그만: 나쁜 습관을 고치는 25단계\u2006Bad Habits No More: 25 Steps to Break Any Bad Habit》'}, {'user_id': '42lines_', 'posts_count': '49', 'post_text': 'Photo by @42lines_ on August 18, 2024. May be an illustration of one or more people, magazine, poster, calendar and text.', 'post_image': 'https://scontent-ssn1-1.cdninstagram.com/v/t51.29350-15/455322741_3278646108935358_1483015364030391645_n.jpg?stp=dst-jpg_e35&efg=eyJ2ZW5jb2RlX3RhZyI6ImltYWdlX3VybGdlbi4xMDgweDEwODAuc2RyLmYyOTM1MCJ9&_nc_ht=scontent-ssn1-1.cdninstagram.com&_nc_cat=106&_nc_ohc=3xFgg9biBGoQ7kNvgEpy1ug&edm=ADW0ovcBAAAA&ccb=7-5&ig_cache_key=MzQzNzc5MDExNzc1MzA5ODc5Mg%3D%3D.2-ccb7-5&oh=00_AYBx9wphKr7yy8U3k1CY5S57GiavlAEpYqdiAM5U-jcHKA&oe=66C91997&_nc_sid=db7772', 'post_datetime': '2024-08-19 12:02:19', 'post_description': '누구도 나를 책임져주지 않는 세상, 자신은 자신이 책임지고 감당해야 한다는 명제가 지금 2030세대에 강력하게 작동한다. 한쪽에서는 AI나 로봇에 일자리를 위협당할 것을 두려워하고, 다른 한쪽에서는 인구감소로 좋은 인력을 유치하지 못하는 미래를 걱정한다. 고령화, 저출산, 자동화라는 암울한 미래 전망이 지배적이다. 그러나, 아니 그렇기 때문에 더 자유롭고 주체적으로 스스로 결정하는 삶을 원하는 미래 인재들이 많아지고 있다.\n\n<2024 트렌드 노트>, 정석환, 박현영, 이원희, 김종민, 김정구, 정현아, 신예은'}, {'user_id': 'euiclee.books', 'posts_count': '49', 'post_text': '🖋️ 인생은 3단계로 구성되어 있다고 저자는 이야기한다.\n\n첫번째는 내가 다른 사람들에게 의존하고 배우는 단계. 두번째는 다른 사람들이 나에게 의지하고 함께 일하는 단계. 마지막 세번째는 다른 사람들이 더 이상 나에게 의존하지 않고, 나도 더 이상 일할 필요가 없는 인생의 풍미를 맛보는 단계.\n\n나는 가장 첫번째인 배우는 단계에 속해 있다. 두번째 단계로 나아가려면 내가 끊임없이 성장을 향해 노력해야 함은 당연하다.\n\n내가 무엇을 하든 그 분야에서 지속 가능하도록 빠르게 변하면 그것을 발판으로 성공할 것이다. 무조건 도전에 뛰어들고, 무엇을 해야 하는지 알아내어 그 해결책을 실행에 옮기도록 하자.\n\n📗 #원칙 #레이달리오 #한빛비즈\n\n🔖 #독서 #북스타그램 #책 #독서스타그램 #경험 #실수 #성공 #실행 #노력 #인생 #도전', 'post_image': 'https://scontent-ssn1-1.cdninstagram.com/v/t51.29350-15/456074213_411735884764688_3535533131804839882_n.jpg?stp=dst-jpg_e15&efg=eyJ2ZW5jb2RlX3RhZyI6ImltYWdlX3VybGdlbi4xMDgweDEwODAuc2RyLmYyOTM1MCJ9&_nc_ht=scontent-ssn1-1.cdninstagram.com&_nc_cat=108&_nc_ohc=1-7CLmssBJQQ7kNvgGKJbPd&edm=ADW0ovcBAAAA&ccb=7-5&ig_cache_key=MzQzODEzNDQ1OTUzNzkxMDM0Nw%3D%3D.2-ccb7-5&oh=00_AYCSB2xC-EinhKhAZRBrj-sr7Ci2VX-pxhsw1rJOk0gq_w&oe=66C9348D&_nc_sid=db7772', 'post_datetime': '2024-08-19 23:26:28', 'post_description': '🖋️ 인생은 3단계로 구성되어 있다고 저자는 이야기한다.\n\n첫번째는 내가 다른 사람들에게 의존하고 배우는 단계. 두번째는 다른 사람들이 나에게 의지하고 함께 일하는 단계. 마지막 세번째는 다른 사람들이 더 이상 나에게 의존하지 않고, 나도 더 이상 일할 필요가 없는 인생의 풍미를 맛보는 단계.\n\n나는 가장 첫번째인 배우는 단계에 속해 있다. 두번째 단계로 나아가려면 내가 끊임없이 성장을 향해 노력해야 함은 당연하다.\n\n내가 무엇을 하든 그 분야에서 지속 가능하도록 빠르게 변하면 그것을 발판으로 성공할 것이다. 무조건 도전에 뛰어들고, 무엇을 해야 하는지 알아내어 그 해결책을 실행에 옮기도록 하자.\n\n📗 #원칙 #레이달리오 #한빛비즈\n\n🔖 #독서 #북스타그램 #책 #독서스타그램 #경험 #실수 #성공 #실행 #노력 #인생 #도전'}, {'user_id': 'ai.gi.book', 'posts_count': '54', 'post_text': 'Photo by @ai.gi.book on August 19, 2024. May be an image of 1 person, poster and text.', 'post_image': 'https://scontent-ssn1-1.cdninstagram.com/v/t51.29350-15/456317292_899211828911256_8754661195772554691_n.jpg?stp=dst-jpg_e35&efg=eyJ2ZW5jb2RlX3RhZyI6ImltYWdlX3VybGdlbi4xNDQweDE4MDAuc2RyLmYyOTM1MCJ9&_nc_ht=scontent-ssn1-1.cdninstagram.com&_nc_cat=100&_nc_ohc=jE5v-Ywic0wQ7kNvgGS5cZv&edm=ADW0ovcBAAAA&ccb=7-5&ig_cache_key=MzQzODEwNjIyNzQ2NzMxOTAyNw%3D%3D.2-ccb7-5&oh=00_AYB7MjS54ibNHYtpeR_8Ff9n5WUe2Morib5vIXEdQbiA3A&oe=66C93579&_nc_sid=db7772', 'post_datetime': '2024-08-19 22:30:22', 'post_description': '당신은 지난날 신이나 부모, 형제, 아내, 자녀, 스승, 친구, 친 척들에게 어떻게 처신해왔는가? 지금까지 이 모든 인간 관계에 있어서 ”어느 누구에게도 거칠게 말하거나 부당하게 행동하지 마라!“는 어느 시인의 금언에 부합하는 삶을 살아왔는가?\n당신이 지금까지 경험했던 일들, 그리고 그동안 감내했던 모 든 일들을 회상해보라. 그리고 당신의 인생의 막이 내려지고, 삶 의 모든 짐이 벗어질 때를 생각해보라. 당신은 한평생 얼마나 많은 아름다운 일들을 보아왔는지, 쾌락이나 고통은 얼마나 멀리해왔는지, 명예를 얼마나 무시해왔는지, 소외된 사람들에 게는 얼마나 많은 관심과 사랑을 베풀어왔는지를 곰곰이 돌이 켜보라.\n\n거칠게 얘기하지 마라'}]
CSV 파일에 데이터 저장 중...
CSV 파일에 데이터 저장 완료
성공/실패 평가 중...
성공한 사람: ['terrys_reading', 'rdnmgo', '42lines_', 'euiclee.books', 'ai.gi.book']
실패한 사람: []
요약 이미지 생성 중...
요약 이미지 생성 완료
포스트 이미지 생성 중...
terrys_reading의 이미지 생성 중...
terrys_reading의 이미지 생성 완료
terrys_reading의 텍스트 이미지 생성 중...
terrys_reading의 텍스트 이미지 생성 완료
rdnmgo의 이미지 생성 중...
rdnmgo의 이미지 생성 완료
rdnmgo의 텍스트 이미지 생성 중...
rdnmgo의 텍스트 이미지 생성 완료
42lines_의 이미지 생성 중...
42lines_의 이미지 생성 완료
42lines_의 텍스트 이미지 생성 중...
42lines_의 텍스트 이미지 생성 완료
euiclee.books의 이미지 생성 중...
euiclee.books의 이미지 생성 완료
euiclee.books의 텍스트 이미지 생성 중...
euiclee.books의 텍스트 이미지 생성 완료
ai.gi.book의 이미지 생성 중...
ai.gi.book의 이미지 생성 완료
ai.gi.book의 텍스트 이미지 생성 중...
ai.gi.book의 텍스트 이미지 생성 완료
포스트 이미지 생성 완료
이미지 업로드 시작...
사진 업로드 중...
새 게시물 버튼 클릭 완료
다음 버튼 클릭 중...
다음 버튼 클릭 완료
다음 버튼 클릭 중...
다음 버튼 클릭 완료
성공/실패 평가 중...
성공한 사람: ['terrys_reading', 'rdnmgo', '42lines_', 'euiclee.books', 'ai.gi.book']
실패한 사람: []
설명 입력 중...
설명 입력 완료
게시물 공유 중...
게시물 공유 완료
사진 업로드 완료
이미지 업로드 완료
드라이버 종료
프로그램 시작
드라이버 설정 중...
드라이버 설정 완료
인스타그램 로그인 시도 중...
로그인 정보 입력 완료
로그인 정보 저장 버튼 클릭 중...
로그인 정보 저장 버튼 클릭 완료
정보 수집 시작...
terrys_reading의 정보 수집 중...
terrys_reading의 게시물에 '더 보기' 버튼 없음
좋아요 버튼을 클릭했습니다.
terrys_reading의 정보 수집 완료
rdnmgo의 정보 수집 중...
rdnmgo의 게시물에 '더 보기' 버튼 없음
좋아요 버튼을 클릭했습니다.
rdnmgo의 정보 수집 완료
42lines_의 정보 수집 중...
42lines_의 게시물에 '더 보기' 버튼 없음
좋아요 버튼을 클릭했습니다.
42lines_의 정보 수집 완료
euiclee.books의 정보 수집 중...
euiclee.books의 게시물에 '더 보기' 버튼 없음
좋아요 버튼을 클릭했습니다.
euiclee.books의 정보 수집 완료
ai.gi.book의 정보 수집 중...
ai.gi.book의 게시물에 '더 보기' 버튼 없음
좋아요 버튼을 클릭했습니다.
ai.gi.book의 정보 수집 완료
정보 수집 완료
[{'user_id': 'terrys_reading', 'posts_count': '49', 'post_text': 'Photo by @terrys_reading on August 20, 2024. May be an image of poster, magazine, book and text.', 'post_image': 'https://scontent-ssn1-1.cdninstagram.com/v/t51.29350-15/456369182_908563017963883_7164095867545820395_n.jpg?stp=dst-jpg_e15&efg=eyJ2ZW5jb2RlX3RhZyI6ImltYWdlX3VybGdlbi4xMDgweDEwODAuc2RyLmYyOTM1MC5kZWZhdWx0X2ltYWdlIn0&_nc_ht=scontent-ssn1-1.cdninstagram.com&_nc_cat=107&_nc_ohc=DvdIqSsKtlgQ7kNvgGzvBFm&edm=ADW0ovcBAAAA&ccb=7-5&ig_cache_key=MzQzODg2Mjc0Njg0NDk4NDcwNg%3D%3D.2-ccb7-5&oh=00_AYB_2nybeoVHkUKJtymr_YyLuVBKOGxegqa2_cq3dMkOyA&oe=66CA940F&_nc_sid=db7772', 'post_datetime': '2024-08-20 23:33:26', 'post_description': '들어가기 전\n\n\n\n과거 블로그에 독후감을 작성했지만 간략하게 작성한 측면이 있다. 이 책은 투자, 경영, 구직 등의 다양한 영역에서 기업을 식별하는 가장 훌륭한 틀이라고 생각한다. 그렇기에, 이 책을 다시 곱씹고자 보다 더 자세하게 이 책을 정리한다.\n\n\n\n왜 위대한 기업을 알아보는 것이 중요한가?\n\n\n\n2024년 현재, 우리는 모두 자본주의 사회에서 살아가고 있다. 이 사회에서 피할 수 없는 것이 바로 기업에 관한 결정이다. 그리고 그 선택이 우리의 생존과 직결될 때, 판단의 중요성은 더욱 커진다. "어떤 회사에 들어가야 할까?", "어떤 주식을 사야 할까?", "어떻게 기업을 운영해야 할까?"와 같은 질문들이 떠오른다. 이러한 노동, 투자, 경영 등의 결정에서 우리가 공통적으로 고려하는 요소들이 있다. 매출의 성장, 안정적인 현금 흐름, 사업의 지속성과 같은 요소들이다.\n\n\n\n\n\n왜 위대한 기업을 발견하는 것은 어려운가?\n\n\n\n그러나, 이득을 쫓아 경쟁자가 따라붙는 자본주의의 속성 때문에 장기간 승리하는 기업을 찾기는 어렵다. 1920년대에 설립되어 항공 시장을 가장 먼저 선점한 팬 아메리칸 항공을 기억하는가? 1990년대에 스프레드시트 소프트웨어를 처음 개발한 로터스라는 기업을 기억하는가? 2010년에 파산한 비디오 대여 업체인 블록버스터를 기억하는가? 이러한 기업들은 빠르게 성장했고, 막대한 이득을 벌어들였다. 하지만 경쟁자들의 진입으로 인해 역사의 뒤안길로 사라졌다.\n\n\n\n\n\n왜 해자를 발견하는 것이 어려웠는가?\n\n\n\n이러한 자본주의의 경쟁적 속성을 잘 알기에, 워렌 버핏을 위시한 가치 투자자들은 기업의 \'해자\'를 중요하게 생각한다. 즉, 경쟁자의 진입을 막아낼 수 있는 방어 장치가 있어야 한다는 것이다. 하지만, 이러한 해자에 관한 개념은 여러 책과 말로 파편화되어 있을 뿐, 하나의 틀로 집대성된 바가 없다. 물론 마이클 포터가 경쟁 우위 이론을 제시한 바 있지만, 내부 역량에 대한 과소평가, 디지털 경제와 네트워크 효과에 대한 간과, 그리고 동적 환경에서의 적용 부족 등으로 인해 40년이 지난 현재에는 적용하기에 부족한 점이 있다. 이처럼 기업의 잠재 비즈니스 가치에 관한 전략은 "본질을 해치지는 않되 최대한 간단해야 한다"라는 원칙을 따르지 못하며 부재했었다.\n\n\n\n\n\n왜 세븐 파워는 기업 해자에 관한 적절한 프레임워크인가?\n\n\n\n해밀턴 헬머는 \'세븐 파워\' 개념을 통해 위와 같은 한계를 대부분 극복한 것으로 보인다. 그는 기업의 현 상태를 분석할 때, 기업이 지닐 수 있는 이득과 장벽을 중심으로 7개의 파워 개념을 만들어 기업 경쟁력을 분석할 수 있었다. 이 과정에서 전환 비용, 네트워크 효과와 같은 개념을 통해 디지털 경제를 설명할 수 있었다. 또한, 기업이 언제 어떻게 파워를 지니게 되는가에 관한 연구를 통해 파워를 지니는 과정을 구체화하여 전략 동적 환경에 관한 연구의 단초를 제공했다.\n\n\n\n\n\n어떠한 사람에게 이 책이 도움이 되는가?\n\n\n\n이러한 점에서, 이 책은 기업이 지속적으로 차별적 이익을 창출할 수 있는지를 판단하고자 하는 투자자와 구직자에게 큰 도움이 될 것이다. 또한, 이익을 창출하고자 하는 창업가의 사고에도 큰 도움이 될 것으로 생각한다.\n\n\n\n\n\n다음 글들에서 기업 전략 정역학, 전략 동역학, 이 책의 한계와 더 알아보아야 할 점 등을 살펴보도록 하겠다.'}, {'user_id': 'rdnmgo', 'posts_count': '51', 'post_text': 'Photo by @rdnmgo on August 20, 2024. May be an image of 1 person, poster, book, magazine and text.', 'post_image': 'https://scontent-ssn1-1.cdninstagram.com/v/t51.29350-15/456423518_26720946894220414_4726454549697586517_n.jpg?stp=dst-jpg_e15&efg=eyJ2ZW5jb2RlX3RhZyI6ImltYWdlX3VybGdlbi42MTJ4NjEyLnNkci5mMjkzNTAuZGVmYXVsdF9pbWFnZSJ9&_nc_ht=scontent-ssn1-1.cdninstagram.com&_nc_cat=110&_nc_ohc=VNTbhFPbXWMQ7kNvgHHD0jn&edm=ADW0ovcBAAAA&ccb=7-5&ig_cache_key=MzQzODg3NTE1Mjk0NTUxNTA5MA%3D%3D.2-ccb7-5&oh=00_AYCBeZq81UZBpQc_PhVQa7jxHiOOdKzg7NynV_n9F7gRyQ&oe=66CA767D&_nc_sid=db7772', 'post_datetime': '2024-08-20 23:58:05', 'post_description': '<흔들리지 않는 돈의 법칙>'}, {'user_id': '42lines_', 'posts_count': '50', 'post_text': 'Photo by @42lines_ on August 19, 2024. May be an illustration of one or more people, magazine, poster, calendar and text.', 'post_image': 'https://scontent-ssn1-1.cdninstagram.com/v/t51.29350-15/456308814_1404830726849813_1428897287715087466_n.jpg?stp=dst-jpg_e35&efg=eyJ2ZW5jb2RlX3RhZyI6ImltYWdlX3VybGdlbi4xMDgweDEwODAuc2RyLmYyOTM1MC5kZWZhdWx0X2ltYWdlIn0&_nc_ht=scontent-ssn1-1.cdninstagram.com&_nc_cat=105&_nc_ohc=u5nkBt2hMy0Q7kNvgEpaj65&edm=ADW0ovcBAAAA&ccb=7-5&ig_cache_key=MzQzODQ1OTk3MTk4NDMzNTQyNQ%3D%3D.2-ccb7-5&oh=00_AYADxEyf-yPxWJ1RohezZ7aZSmaB84VVV9vWECrtqdf_kw&oe=66CA6ED9&_nc_sid=db7772', 'post_datetime': '2024-08-20 10:13:12', 'post_description': '세상이 이렇게 빨리 변하는데 5년 전의 기획이 어떻게 5년 후에도 유효할까? 5년 후를 위해 현재의 데이터를 본다. 데이터를 통해 트렌드를 보는 것은 엄밀한 의미에서 ‘예측’이 아니다. 아무도 모르는 그 무엇을 상상해내는 것이 아니라 현재의 흐름을 포착하는 것이다. 일정한 방향성이 있으면 앞으로도 그 흐름이 강화된다고 보는 것이 합리적이다.\n\n<2024 트렌드 노트>, 정석환, 박현영, 이원희, 김종민, 김정구, 정현아, 신예은'}, {'user_id': 'euiclee.books', 'posts_count': '50', 'post_text': '🖋️ \u200b나는 어쩌면 이상주의자에 가깝다.\n\n하지만 현실을 바라보지 않고 상상만 하다가는 이상주의자라기 보다는 몽상가라는 말이 더 어울릴 것이다. 이 말이 꿈을 꾸지 않는다는 말이 아니다. 나는 꿈이 실현될 것을 믿는다. 꿈을 추구하는 것은 인생에 있어 항로를 정하는 것이나 다름없다.\n\n가슴은 늘 뜨겁게, 머리는 늘 차갑게. 꿈을 이루려면 철저히 현실에 기초해야 한다. 꿈을 꾸는 것은 정말 아름다운 일이고, 꿈에 한계는 없다고 생각한다. 제일 힘든 일이지만 그 꿈에 다가가기 위해서는 가만히 있는 것이 아니라 하루하루 조금씩이라도 나아가야함을 잊지 말자. \n\n📗 #원칙 #레이달리오 #한빛비즈\n\n🔖 #독서 #북스타그램 #책 #독서스타그램 #꿈 #이상주의 #몽상가 #목표 #인생', 'post_image': 'https://scontent-ssn1-1.cdninstagram.com/v/t51.29350-15/456141931_772461061518697_2847737111090651237_n.jpg?stp=dst-jpg_e15&efg=eyJ2ZW5jb2RlX3RhZyI6ImltYWdlX3VybGdlbi4xMDgweDEwODAuc2RyLmYyOTM1MC5kZWZhdWx0X2ltYWdlIn0&_nc_ht=scontent-ssn1-1.cdninstagram.com&_nc_cat=101&_nc_ohc=yo9g5e-9EsoQ7kNvgHpA6p_&edm=ADW0ovcBAAAA&ccb=7-5&ig_cache_key=MzQzODg2NjA3MDEyMjQ5MjY4NQ%3D%3D.2-ccb7-5&oh=00_AYDSg4hA5KdnI2wGh0T2h6u-htt24jsfBA8msjIAiShf3Q&oe=66CA98FD&_nc_sid=db7772', 'post_datetime': '2024-08-20 23:40:03', 'post_description': '🖋️ 나는 어쩌면 이상주의자에 가깝다.\n\n하지만 현실을 바라보지 않고 상상만 하다가는 이상주의자라기 보다는 몽상가라는 말이 더 어울릴 것이다. 이 말이 꿈을 꾸지 않는다는 말이 아니다. 나는 꿈이 실현될 것을 믿는다. 꿈을 추구하는 것은 인생에 있어 항로를 정하는 것이나 다름없다.\n\n가슴은 늘 뜨겁게, 머리는 늘 차갑게. 꿈을 이루려면 철저히 현실에 기초해야 한다. 꿈을 꾸는 것은 정말 아름다운 일이고, 꿈에 한계는 없다고 생각한다. 제일 힘든 일이지만 그 꿈에 다가가기 위해서는 가만히 있는 것이 아니라 하루하루 조금씩이라도 나아가야함을 잊지 말자.\n\n📗 #원칙 #레이달리오 #한빛비즈\n\n🔖 #독서 #북스타그램 #책 #독서스타그램 #꿈 #이상주의 #몽상가 #목표 #인생'}, {'user_id': 'ai.gi.book', 'posts_count': '55', 'post_text': 'Photo by @ai.gi.book on August 20, 2024. May be an image of 1 person, poster and text.', 'post_image': 'https://scontent-ssn1-1.cdninstagram.com/v/t51.29350-15/456423896_389170387528604_5440513941515454098_n.jpg?stp=dst-jpg_e35&efg=eyJ2ZW5jb2RlX3RhZyI6ImltYWdlX3VybGdlbi4xNDQweDE4MDAuc2RyLmYyOTM1MC5kZWZhdWx0X2ltYWdlIn0&_nc_ht=scontent-ssn1-1.cdninstagram.com&_nc_cat=108&_nc_ohc=gO-KLgFG-XYQ7kNvgH4XQHg&edm=ADW0ovcBAAAA&ccb=7-5&ig_cache_key=MzQzODg3NTI0MTkwNjcwMDY1Mg%3D%3D.2-ccb7-5&oh=00_AYC3y65Xp-ZdV3OsBOiRyBy4lkehCHal56P5v8QK1V0F1Q&oe=66CA8357&_nc_sid=db7772', 'post_datetime': '2024-08-20 23:58:16', 'post_description': '나는 무엇을 하든 인류에 봉사하는 일과 관련해 행동할 것 이다. 나에게 무슨 일이 일어나는 우주적 근원과 관련해 받아들 일 것이다. 운명이 부여한 환경에 당신을 적응시키되, 그 운명이 그대와 더불어 살도록 한 이웃들을 참되게 사랑하라. 사람이 잘못하는 것은 어떤 옳지 않은 일을 행하기 때문만은 아니다.\n해야 할 일을 하지 않는 것 또한 잘못이다.\n당신이 옳다고 생각하는 일을 행할 때에는 몸이 얼어붙는 추 위에서든 따뜻한 불가에서든, 눈꺼풀이 무겁든지 숙면으로 몸 이 개운하든지, 비난을 받든 칭찬을 듣든, 목숨이 위태롭든지 아니면 그 밖의 다른 곤경에 처해 있든지 개의치 마라. 왜냐하면 죽는다는 것조차도 삶의 한 부분이며, 죽는 그 순간에서도 우 리가 해야 할 일은 ’수행해야 될 일이 잘 마쳐지는지를 확인하 는 것‘이기 때문이다.\n\n죽는 그 순간해도 우리가 해야 할 일은 수행해야 될 일이 잘 마쳐지는지를 확인'}]
CSV 파일에 데이터 저장 중...
CSV 파일에 데이터 저장 완료
성공/실패 평가 중...
성공한 사람: ['terrys_reading', 'rdnmgo', '42lines_', 'euiclee.books', 'ai.gi.book']
실패한 사람: []
요약 이미지 생성 중...
요약 이미지 생성 완료
포스트 이미지 생성 중...
terrys_reading의 이미지 생성 중...
terrys_reading의 이미지 생성 완료
terrys_reading의 텍스트 이미지 생성 중...
terrys_reading의 텍스트 이미지 생성 완료
rdnmgo의 이미지 생성 중...
rdnmgo의 이미지 생성 완료
rdnmgo의 텍스트 이미지 생성 중...
rdnmgo의 텍스트 이미지 생성 완료
42lines_의 이미지 생성 중...
42lines_의 이미지 생성 완료
42lines_의 텍스트 이미지 생성 중...
42lines_의 텍스트 이미지 생성 완료
euiclee.books의 이미지 생성 중...
euiclee.books의 이미지 생성 완료
euiclee.books의 텍스트 이미지 생성 중...
euiclee.books의 텍스트 이미지 생성 완료
ai.gi.book의 이미지 생성 중...
ai.gi.book의 이미지 생성 완료
ai.gi.book의 텍스트 이미지 생성 중...
ai.gi.book의 텍스트 이미지 생성 완료
포스트 이미지 생성 완료
이미지 업로드 시작...
사진 업로드 중...
새 게시물 버튼 클릭 완료
다음 버튼 클릭 중...
다음 버튼 클릭 완료
다음 버튼 클릭 중...
다음 버튼 클릭 완료
성공/실패 평가 중...
성공한 사람: ['terrys_reading', 'rdnmgo', '42lines_', 'euiclee.books', 'ai.gi.book']
실패한 사람: []
설명 입력 중...
설명 입력 완료
게시물 공유 중...
게시물 공유 완료
사진 업로드 완료
이미지 업로드 완료
드라이버 종료
프로그램 시작
드라이버 설정 중...
드라이버 설정 완료
인스타그램 로그인 시도 중...
로그인 정보 입력 완료
로그인 정보 저장 버튼 클릭 중...
로그인 정보 저장 버튼 클릭 완료
정보 수집 시작...
terrys_reading의 정보 수집 중...
terrys_reading의 게시물에 '더 보기' 버튼 없음
좋아요 버튼을 클릭했습니다.
terrys_reading의 정보 수집 완료
rdnmgo의 정보 수집 중...
rdnmgo의 게시물에 '더 보기' 버튼 없음
좋아요 버튼을 클릭했습니다.
rdnmgo의 정보 수집 완료
42lines_의 정보 수집 중...
42lines_의 게시물에 '더 보기' 버튼 없음
좋아요 버튼을 클릭했습니다.
42lines_의 정보 수집 완료
euiclee.books의 정보 수집 중...
euiclee.books의 게시물에 '더 보기' 버튼 없음
좋아요 버튼을 클릭했습니다.
euiclee.books의 정보 수집 완료
ai.gi.book의 정보 수집 중...
ai.gi.book의 게시물에 '더 보기' 버튼 없음
좋아요 버튼을 클릭했습니다.
ai.gi.book의 정보 수집 완료
정보 수집 완료
[{'user_id': 'terrys_reading', 'posts_count': '50', 'post_text': 'Photo by @terrys_reading on August 21, 2024. May be an image of book, poster, magazine and text.', 'post_image': 'https://scontent-ssn1-1.cdninstagram.com/v/t51.29350-15/456340481_2254149921620089_5959594240863385843_n.jpg?stp=dst-jpg_e15&efg=eyJ2ZW5jb2RlX3RhZyI6ImltYWdlX3VybGdlbi4xMDgweDEwODAuc2RyLmYyOTM1MC5kZWZhdWx0X2ltYWdlIn0&_nc_ht=scontent-ssn1-1.cdninstagram.com&_nc_cat=101&_nc_ohc=kYWZPaZtsVAQ7kNvgF5Njrk&edm=ADW0ovcBAAAA&ccb=7-5&ig_cache_key=MzQzOTU5NzE4MTc0ODA1NjE4Ng%3D%3D.2-ccb7-5&oh=00_AYCwhDP63eKpeAeEgHguFoBaqupdu-7eTwnGfHnQsbF0Ww&oe=66CBD1D1&_nc_sid=db7772', 'post_datetime': '2024-08-21 23:52:38', 'post_description': '세븐 파워\n\n본론 1. 전략 정역학의 세븐 파워\n\n먼저 이 책은 전략, 파워 등을 정의한다. 그리고 그 각각의 파워를 정역학 파트에서 설명한다. 이때, 먼저 한 기업의 성공 사례를 예로 들어 파워를 소개하고, 이어서 각 파워가 지닌 이득과 장벽에 대해 설명한다. 또한 추가적으로 그 파워를 식별할 수 있도록 파워가 가진 특징들에 대해서도 설명을 덧붙이며, 마지막으로 각 파워의 수식을 부록에 담아 핵심 요소들을 재강조하며 파워를 소개한다. 이와 같은 구조를 머리에 담고 파워들을 정리해보도록 하겠다.'}, {'user_id': 'rdnmgo', 'posts_count': '52', 'post_text': 'Photo by @rdnmgo on August 21, 2024. May be an image of 1 person, poster, book, magazine and text.', 'post_image': 'https://scontent-ssn1-1.cdninstagram.com/v/t51.29350-15/456548549_1215966336108746_5301397248850014453_n.jpg?stp=dst-jpg_e15&efg=eyJ2ZW5jb2RlX3RhZyI6ImltYWdlX3VybGdlbi42MTJ4NjEyLnNkci5mMjkzNTAuZGVmYXVsdF9pbWFnZSJ9&_nc_ht=scontent-ssn1-1.cdninstagram.com&_nc_cat=102&_nc_ohc=3JCPp4NNPYsQ7kNvgE6BMax&edm=ADW0ovcBAAAA&ccb=7-5&ig_cache_key=MzQzOTQ5OTA2NDkzNTA0ODE1NQ%3D%3D.2-ccb7-5&oh=00_AYBn2D0iZYYGQz0nO3NnKoJhNKvPJe78zczei_z_oUxEDg&oe=66CBD64E&_nc_sid=db7772', 'post_datetime': '2024-08-21 20:37:41', 'post_description': '### <흔들리지 않는 돈의 법칙> 07-2 곰을 만날 준비를 하라\n\n> 곰을 만날 준비를 하라\n> - 피터 멀록\n\n> 내 주식 매입 법칙은 간단합니다. 다른 사람들이 욕심을 부릴 때 겁을 내고, 다른 사람들이 겁을 낼 때 욕심을 부리는 겁니다.\n> - 워런 버핏, 2008년 10월 ‘왜 증시가 하락할 때 주식을 매입하는가’라는 질문에 대한 답\n\n#### 폭풍의 눈 1\n\n약세장은 ‘당신’의 결정에 따라 최악의 시기가 될 수도 있고 최상의 시기가 될 수도 있다. 약세장에서 잘못된 결정을 내리면, 2008년에서 2009년에 대부분의 사람들이 그랬듯이 재정적으로 치명적인 타격을 입고 몇 년, 혹은 수십 년까지도 절룩거릴 수 있다. 그러나 우리 회사와 고객들처럼 올바른 결정을 내린다면 두려워할 필요가 없다. 어쩌면 당신은 오히려 냉정한 사냥꾼에게는 절호의 기회를 선사하는 약세장을 두 팔 벌려 환영하게 될지도 모른다.\n\n가장 먼저 우리는 좋은 배를 타고 있었다! 약세장이 등장하기 한참 전부터 우리는 언젠가 맑고 푸른 하늘에 먹구름이 끼고 치명적인 허리케인이 찾아올 때를 위해 단단히 대비했다. 다만 그런 약세장이 ‘언제’ 닥칠지, 얼마나 ‘지독하고’, 얼마나 ‘오래’ 지속될지 몰랐을 뿐이다. 하지만 2장에서 배운 것처럼 지난 115년간 평균 3년에 한 번 꼴로 찾아왔던 겨울은 결국 언젠가 온다. 두려움에 떠는 것은 합리적인 행동이 아니다. 어떤 풍파가 몰아쳐도 당신의 배가 안전하고 튼튼하게 견딜 수 있도록 준비하는 것이야말로 합리적인 행동이다.\n\n금융시장 변동에 대비하는 방법에는 크게 2가지가 있다. 첫 번째는 자산배분이다. 자산배분이란 투자 포트폴리오를 주식과 채권, 부동산과 다른 대안 투자에 이르기까지 다양한 자산군에 골고루 분산하는 행위를 다소 근사하게 부르는 용어다.\n\n두 번째는 주가가 하락할 때에도 주식을 매각할 필요가 없도록 (궂은 날에도 수입을 얻을 수 있게) 자산을 보수적으로 배치하는 것이다. 요컨대 항해를 떠나기 전에 식량을 준비하고 안전 장치와 구명조끼를 챙기는 것과 비슷하다. 약세장에서의 생존 여부는 90%가 이런 준비를 갖추는 데 달려 있다.\n\n그렇다면 나머지 10%는 뭘까? 폭풍우를 만났을 때 당신의 감정적인 대처 방식이다. 많은 사람들이 자기 몸에는 얼음장처럼 차갑고 냉혹한 피가 흐른다고 생각한다. 그러나 이미 경험했겠지만, 시장이 휘청거리고 공기 중에 당혹감이 퍼지면 정신적으로 위기에 몰릴 수밖에 없다. 바로 이런 때 전투 경험이 풍부한 재무상담사가 큰 도움이 된다. 그들은 육중한 닻이 되어 당신의 감정을 잡아주고, 최악의 시기에도 강물에 뛰어들지 않게 마음을 안정시켜준다.\n\n그들은 특정 자산을 ‘왜’ 보유하고 있는지 이해하고 있었고, 그런 자산들이 앞으로 약세장에서 어떤 성과를 낼지도 잘 알고 있었다.'}, {'user_id': '42lines_', 'posts_count': '51', 'post_text': 'Photo by @42lines_ on August 20, 2024. May be an illustration of one or more people, magazine, poster, calendar and text.', 'post_image': 'https://scontent-ssn1-1.cdninstagram.com/v/t51.29350-15/456421513_1041255374106284_6468227759591172705_n.jpg?stp=dst-jpg_e35&efg=eyJ2ZW5jb2RlX3RhZyI6ImltYWdlX3VybGdlbi4xMDgweDEwODAuc2RyLmYyOTM1MC5kZWZhdWx0X2ltYWdlIn0&_nc_ht=scontent-ssn1-1.cdninstagram.com&_nc_cat=108&_nc_ohc=uhQBYSVLeEcQ7kNvgFSpARE&edm=AEhyXUkBAAAA&ccb=7-5&ig_cache_key=MzQzOTIxMjY2OTU1NzgyMzE5OQ%3D%3D.2-ccb7-5&oh=00_AYBlV1BkddePu1UgGBGtVnXgQNk0yQinEy8jGtgDJ-8o7Q&oe=66CBCEA0&_nc_sid=8f1549', 'post_datetime': '2024-08-21 11:08:40', 'post_description': '사실 사람들이 주목한 것은 역사가 아니라 오리지널리티다. 오래된 것이어서가 아니라 어디서도 볼 수 없는 것이기에, 지금 만들어진 것이 아니라 흉내낼 수 없는 것이기에, 꾸며낸 것이 아니라 진짜이기에 열광했다.\n\n<2024 트렌드 노트>, 정석환, 박현영, 이원희, 김종민, 김정구, 정현아, 신예은'}, {'user_id': 'euiclee.books', 'posts_count': '51', 'post_text': '🖋️ 대부분의 사람은 본능적으로 고통을 피한다.\n\n솔직히 힘든일을 좋아하는 사람이 어디에 있겠는가. 신체나 정신에 관해서도 마찬가지다. 사람들은 자신의 불완전성이라는 가혹한 현실에 직면할 때에도 고통을 피하고 싶어 한다.\n\n하지만 우리를 죽이지 못하는 고통은 우리를 더 강하게 만든다.\n\n📗 #원칙 #레이달리오 #한빛비즈\n\n🔖 #독서 #북스타그램 #책 #독서스타그램', 'post_image': 'https://scontent-ssn1-1.cdninstagram.com/v/t51.29350-15/456370116_476907275224475_4335901044440684620_n.jpg?stp=dst-jpg_e15&efg=eyJ2ZW5jb2RlX3RhZyI6ImltYWdlX3VybGdlbi4xMDgweDEwODAuc2RyLmYyOTM1MC5kZWZhdWx0X2ltYWdlIn0&_nc_ht=scontent-ssn1-1.cdninstagram.com&_nc_cat=111&_nc_ohc=y5O0JUNEGp8Q7kNvgH2l8k8&edm=ADW0ovcBAAAA&ccb=7-5&ig_cache_key=MzQzOTU2NTk2MTE1NzEwMjUyMg%3D%3D.2-ccb7-5&oh=00_AYCkJLAbOOnXXZ5oC3GEZOhN9cc-FmW0FAkHe_Hi-sKH3Q&oe=66CBB855&_nc_sid=db7772', 'post_datetime': '2024-08-21 22:50:37', 'post_description': '🖋️ 대부분의 사람은 본능적으로 고통을 피한다.\n\n솔직히 힘든일을 좋아하는 사람이 어디에 있겠는가. 신체나 정신에 관해서도 마찬가지다. 사람들은 자신의 불완전성이라는 가혹한 현실에 직면할 때에도 고통을 피하고 싶어 한다.\n\n하지만 우리를 죽이지 못하는 고통은 우리를 더 강하게 만든다.\n\n📗 #원칙 #레이달리오 #한빛비즈\n\n🔖 #독서 #북스타그램 #책 #독서스타그램'}, {'user_id': 'ai.gi.book', 'posts_count': '56', 'post_text': 'Photo by @ai.gi.book on August 21, 2024. May be an image of text.', 'post_image': 'https://scontent-ssn1-1.cdninstagram.com/v/t51.29350-15/456474691_523785666778792_1361038568183201960_n.jpg?stp=dst-jpg_e35&efg=eyJ2ZW5jb2RlX3RhZyI6ImltYWdlX3VybGdlbi4xNDQweDE4MDAuc2RyLmYyOTM1MC5kZWZhdWx0X2ltYWdlIn0&_nc_ht=scontent-ssn1-1.cdninstagram.com&_nc_cat=104&_nc_ohc=4ZmvNfd2l5AQ7kNvgErKvbi&edm=ADW0ovcBAAAA&ccb=7-5&ig_cache_key=MzQzOTU5ODczNzAyNDg0MTM5NA%3D%3D.2-ccb7-5&oh=00_AYC2kv3SFJjJMzAszsAtizlnxKtfjpoSv2EDSlIVmkskTg&oe=66CBD804&_nc_sid=db7772', 'post_datetime': '2024-08-21 23:55:43', 'post_description': '자신을 대단치 않은 인간이라 폄하해서는 안 된다. 그 같은 생각은 자신의 행동과 사고를 옭아매려 들기 때문이다. 오히려 먼저 자신을 존경하는 것부터 시작하라. 아직 아무것도 하지 않은 자신을, 아직 아무런 실적도 이루지 못한 자신을 인간으로서 존경하는 것이다. 자신을 존경하면 악한 일은 결코 행하지 않는다. 인간으로서 손가락질 당할 행동 따윈 하지 않게 된다. 그렇게 자신의 삶을 변화시키고 이상에 차츰 다가가다 보면, 어느 사이엔가 타인의 본보기가 되는 인간으로 완성되어 간다. 그리고 그것은 자신의 가능성을 활짝 열어 꿈을 이루는 데 필요한 능력이 된다. 자신의 인생을 완성시키기 위해 가장 먼저 스스로를 존경하라.” - <지금은 아우렐리우스를 읽어야 할 때>, 김옥림 - 밀리의 서재\nhttps://www.millie.co.kr/v3/bookDetail/2f66e5384b5240d4\n\n자신을 존경하라'}]
CSV 파일에 데이터 저장 중...
CSV 파일에 데이터 저장 완료
성공/실패 평가 중...
성공한 사람: ['terrys_reading', 'rdnmgo', '42lines_', 'euiclee.books', 'ai.gi.book']
실패한 사람: []
요약 이미지 생성 중...
요약 이미지 생성 완료
포스트 이미지 생성 중...
terrys_reading의 이미지 생성 중...
terrys_reading의 이미지 생성 완료
terrys_reading의 텍스트 이미지 생성 중...
terrys_reading의 텍스트 이미지 생성 완료
rdnmgo의 이미지 생성 중...
rdnmgo의 이미지 생성 완료
rdnmgo의 텍스트 이미지 생성 중...
rdnmgo의 텍스트 이미지 생성 완료
42lines_의 이미지 생성 중...
42lines_의 이미지 생성 완료
42lines_의 텍스트 이미지 생성 중...
42lines_의 텍스트 이미지 생성 완료
euiclee.books의 이미지 생성 중...
euiclee.books의 이미지 생성 완료
euiclee.books의 텍스트 이미지 생성 중...
euiclee.books의 텍스트 이미지 생성 완료
ai.gi.book의 이미지 생성 중...
ai.gi.book의 이미지 생성 완료
ai.gi.book의 텍스트 이미지 생성 중...
ai.gi.book의 텍스트 이미지 생성 완료
포스트 이미지 생성 완료
이미지 업로드 시작...
사진 업로드 중...
새 게시물 버튼 클릭 완료
다음 버튼 클릭 중...
다음 버튼 클릭 완료
다음 버튼 클릭 중...
다음 버튼 클릭 완료
성공/실패 평가 중...
성공한 사람: ['terrys_reading', 'rdnmgo', '42lines_', 'euiclee.books', 'ai.gi.book']
실패한 사람: []
설명 입력 중...
설명 입력 완료
게시물 공유 중...
게시물 공유 완료
사진 업로드 완료
이미지 업로드 완료
드라이버 종료
프로그램 시작
드라이버 설정 중...
드라이버 설정 완료
인스타그램 로그인 시도 중...
로그인 정보 입력 완료
로그인 정보 저장 버튼 클릭 중...
로그인 정보 저장 버튼 클릭 완료
정보 수집 시작...
terrys_reading의 정보 수집 중...
terrys_reading의 게시물에 '더 보기' 버튼 없음
좋아요 버튼을 클릭했습니다.
terrys_reading의 정보 수집 완료
rdnmgo의 정보 수집 중...
rdnmgo의 게시물에 '더 보기' 버튼 없음
좋아요 버튼을 클릭했습니다.
rdnmgo의 정보 수집 완료
42lines_의 정보 수집 중...
42lines_의 게시물에 '더 보기' 버튼 없음
좋아요 버튼을 클릭했습니다.
42lines_의 정보 수집 완료
euiclee.books의 정보 수집 중...
euiclee.books의 게시물에 '더 보기' 버튼 없음
좋아요 버튼을 클릭했습니다.
euiclee.books의 정보 수집 완료
ai.gi.book의 정보 수집 중...
ai.gi.book의 게시물에 '더 보기' 버튼 없음
좋아요 버튼을 클릭했습니다.
ai.gi.book의 정보 수집 완료
정보 수집 완료
[{'user_id': 'terrys_reading', 'posts_count': '51', 'post_text': 'Photo by @terrys_reading on August 22, 2024. May be an illustration of card, poster, book, magazine and text.', 'post_image': 'https://scontent-ssn1-1.cdninstagram.com/v/t51.29350-15/456377614_3851070068509591_998014257718450069_n.jpg?stp=dst-jpg_e15&efg=eyJ2ZW5jb2RlX3RhZyI6ImltYWdlX3VybGdlbi4xMDgweDEwODAuc2RyLmYyOTM1MC5kZWZhdWx0X2ltYWdlIn0&_nc_ht=scontent-ssn1-1.cdninstagram.com&_nc_cat=107&_nc_ohc=aQYx65ELwYUQ7kNvgHUF_O8&edm=ADW0ovcBAAAA&ccb=7-5&ig_cache_key=MzQ0MDMyNTM2MjkxMDAzNzI5NA%3D%3D.2-ccb7-5&oh=00_AYDOJGAPx3IP-Qs_N5wS1GbtXBoIaCUbCBuuPU-epk2-Rg&oe=66CD1D12&_nc_sid=db7772', 'post_datetime': '2024-08-22 23:59:24', 'post_description': '세븐 파워\n\n전략 동역학에서 저자는 어떻게 도달하는가? 언제 도달하는가? 이 두 가지 큰 질문에 대한 답을 찾아간다. 이때 어떻게 도달하는가?의 답을 저자는 발명이라고 답한다. 그리고 이 발명이 시장에 접근하는 세 가지 방법으로 설명한다. 또한, 언제 도달하는가라는 질문의 답은 실제 파워를 가지고 있는 기업의 생애 주기를 통해 파악한다. 그리고, 대부분의 파워들이 산업 초중반에 언제 형성되는지 데이터 가능했다.'}, {'user_id': 'rdnmgo', 'posts_count': '53', 'post_text': 'Photo by @rdnmgo on August 21, 2024. May be an image of 1 person, poster, book, magazine and text that says \'UN SHAKEABLE YOUR FINANCIAL FREEDOM PLAYBOOK 토니 로인스 지음 박습라 요경 청협진 감수 흔들리지 않는 돈의법칙 세계 세계0.001%부의거인들의머니시크맛 10.001%单 0,001% 거인들의 머니 시크릿 위런 버핏, 존 템플펀, 억만장자들의 비밀을 푼단 하나의 "혼들리지 마라, 현흑되지 마라, 부자 부자될기회 될 기회 있다!" 뉴욕타임스 베스트셀러 1위 아마존 베스트셀러 베스트 셀러 1위 <네 인에 장든 거인을 깨워라> 저자 신작! 존보글 엘런그린스편 강력 강력수천! 추천! RHK ግግዓታጣ\'.', 'post_image': 'https://scontent-ssn1-1.cdninstagram.com/v/t51.29350-15/456489706_809504631376090_6784383695318058396_n.jpg?stp=dst-jpg_e15&efg=eyJ2ZW5jb2RlX3RhZyI6ImltYWdlX3VybGdlbi42MTJ4NjEyLnNkci5mMjkzNTAuZGVmYXVsdF9pbWFnZSJ9&_nc_ht=scontent-ssn1-1.cdninstagram.com&_nc_cat=110&_nc_ohc=tQrpxwgF00sQ7kNvgE8Fhoe&edm=ADW0ovcBAAAA&ccb=7-5&ig_cache_key=MzQzOTk4NzM5Njg2MTI5NDA2NQ%3D%3D.2-ccb7-5&oh=00_AYDMogX9I2tUAnCkrqV_6gytlo_bpuFsCZ6hnt57Nc4eRw&oe=66CD1C58&_nc_sid=db7772', 'post_datetime': '2024-08-22 12:47:55', 'post_description': '#### <흔들리지 않는 돈의 법칙> 07-2 곰을 만날 준비를 하라 - 폭풍의 눈 2\n\n그럼에도 불구하고 어떤 고객들은 안심시키기가 다소 어려웠다. 그들은 우리를 찾아와서 이렇게 물었다. “주식은 포기하고 현금을 챙겨야 하지 않을까요?” “이번에는 다르지 않을까요?” 존 템플턴 경의 유명한 말이 떠오르는 질문이다.\n“투자 세계에서 가장 돈이 많이 드는 말은 ‘이번에는 다를 거야’다.”\n\n시장이 급락하면 사람들은 ‘늘’ 이번만은 다를 거라고 생각한다. 그들은 날마다 언론매체에서 날아오는 비보를 들으면서 이번만큼은 시장이 회복되지 않을지도 모른다고, 또는 근본적으로 뭔가 무너진 것은 아닐까 두려워한다.\n\n나는 고객들에게 역사적으로 미국의 약세장이 당시에는 아무리 암울해 보여도 결국에는 강세장으로 돌아섰다는 사실을 끊임없이 주지시켰다. 20세기에 발생한 수많은 참사와 비극과 위기들을 떠올려보라. 전 세계 5,000만 명에 달하는 사람들의 목숨을 앗아간 1918년의 인플루엔자와 1929년의 주가 대폭락과 대공황, 두 번의 세계대전과 베트남전에서 걸프전에 이르기까지 무수한 피투성이 무력 충돌, 닉슨 대통령이 사임한 워터게이트 사건, 헤아릴 수 없이 많은 경기 침체와 경제 공황도 있었다. 그런 충격과 혼란으로 가득했던 100년 동안 주식시장은 어떻게 됐을까? 놀랍게도 다우존스지수는 66포인트에서 1만 1,497포인트까지 상승했다.\n\n여기서 명심해야 할 점은 지난 세기의 역사를 되짚어볼 때, 단기적 전망이 아무리 어두워도 주식시장은 ‘항상’ 반등한다는 것이다. 그렇다면 이런 장기적인 회복 패턴을 부인할 필요가 있을까? 역사적 증거는 내게 확고한 마음의 평화를 안겨주었고, 그러므로 당신 또한 앞으로 수십 년 동안 어떤 조정장이나 하락장을 마주해도 자신이 얻을 수 있는 것에만 관심을 집중하길 기원한다.'}, {'user_id': '42lines_', 'posts_count': '52', 'post_text': 'Photo by @42lines_ on August 21, 2024. May be a doodle of poster and text.', 'post_image': 'https://scontent-ssn1-1.cdninstagram.com/v/t51.29350-15/456566723_884342660251930_660525560026913261_n.webp?stp=dst-jpg_e35&efg=eyJ2ZW5jb2RlX3RhZyI6ImltYWdlX3VybGdlbi40MDB4NTAwLnNkci5mMjkzNTAuZGVmYXVsdF9pbWFnZSJ9&_nc_ht=scontent-ssn1-1.cdninstagram.com&_nc_cat=110&_nc_ohc=0G8fU5HcWUYQ7kNvgHF0i1D&edm=ADW0ovcBAAAA&ccb=7-5&ig_cache_key=MzQzOTg2OTQwMzk1MTg2NTA0NA%3D%3D.2-ccb7-5&oh=00_AYBFfhvcEs7HSe9ZHD5iVUpjPHfIHKuqtZDVXhlszXE1hg&oe=66CD28AD&_nc_sid=db7772', 'post_datetime': '2024-08-22 08:53:29', 'post_description': '지방러의 시각을 만든 데 지방자치와 공공기관 지방 이전이 있다면 서울에 대한 외국인의 시각을 만든 데는 K-콘텐츠의 기여가 크다. 고층빌딩을 뒤로 한 서울의 골목 풍경, 고개를 들면 시야를 가로지르는 전선과 켜켜이 쌓인 울긋불긋한 네온사인은 일부러 만들어내려 해도 만들 수가 없다.\n\n<2024 트렌드 노트>, 정석환, 박현영, 이원희, 김종민, 김정구, 정현아, 신예은 - 밀리의 서재'}, {'user_id': 'euiclee.books', 'posts_count': '52', 'post_text': '🖋️ 사람들은 각자 사고하는 방식이 다를 수 밖에 없다.\n\n각자 다른 환경에서 나고 자랐기 때문에 경험한 것이 다를 것이고, 사고하는 방식이 달라질 수 밖에 없다.\n\n그렇기 때문에 우리는 열린 사고방식을 가져야 한다. 늘 나는 틀릴 수 밖에 없는 가능성을 가지고 있고, 내가 발견하지 못한 것을 다른 사람이 발견할 수도 있으며, 나의 관점으로만 현실을 바라보는 것보다는 다른 사람의 관점으로도 현실을 바라볼 줄 알아야 객관적인 사고가 가능해지기 때문이다.\n\n📗 #원칙 #레이달리오 #한빛비즈\n\n🔖 #독서 #북스타그램 #책 #독서스타그램', 'post_image': 'https://scontent-ssn1-1.cdninstagram.com/v/t51.29350-15/456397977_2912385342249502_2404670676765931017_n.jpg?stp=dst-jpg_e15&efg=eyJ2ZW5jb2RlX3RhZyI6ImltYWdlX3VybGdlbi4xMDgweDEwODAuc2RyLmYyOTM1MC5kZWZhdWx0X2ltYWdlIn0&_nc_ht=scontent-ssn1-1.cdninstagram.com&_nc_cat=110&_nc_ohc=mA6jzh_3zioQ7kNvgFXnyCD&edm=ADW0ovcBAAAA&ccb=7-5&ig_cache_key=MzQ0MDI5NDYzMzg1ODAyMjU3Mw%3D%3D.2-ccb7-5&oh=00_AYCHH0QPuNEFm8Ri8aBiExnWC9-q0JpQ8oARbMiZcmBUzw&oe=66CD2269&_nc_sid=db7772', 'post_datetime': '2024-08-22 22:58:21', 'post_description': '🖋️ 사람들은 각자 사고하는 방식이 다를 수 밖에 없다.\n\n각자 다른 환경에서 나고 자랐기 때문에 경험한 것이 다를 것이고, 사고하는 방식이 달라질 수 밖에 없다.\n\n그렇기 때문에 우리는 열린 사고방식을 가져야 한다. 늘 나는 틀릴 수 밖에 없는 가능성을 가지고 있고, 내가 발견하지 못한 것을 다른 사람이 발견할 수도 있으며, 나의 관점으로만 현실을 바라보는 것보다는 다른 사람의 관점으로도 현실을 바라볼 줄 알아야 객관적인 사고가 가능해지기 때문이다.\n\n📗 #원칙 #레이달리오 #한빛비즈\n\n🔖 #독서 #북스타그램 #책 #독서스타그램'}, {'user_id': 'ai.gi.book', 'posts_count': '57', 'post_text': 'Photo by @ai.gi.book on August 22, 2024. May be an image of text.', 'post_image': 'https://scontent-ssn1-1.cdninstagram.com/v/t51.29350-15/456566759_488840370533085_869431954986130082_n.jpg?stp=dst-jpg_e35&efg=eyJ2ZW5jb2RlX3RhZyI6ImltYWdlX3VybGdlbi4xNDQweDE4MDAuc2RyLmYyOTM1MC5kZWZhdWx0X2ltYWdlIn0&_nc_ht=scontent-ssn1-1.cdninstagram.com&_nc_cat=109&_nc_ohc=Sr9ooZUeRSgQ7kNvgHSN4xN&edm=ADW0ovcBAAAA&ccb=7-5&ig_cache_key=MzQ0MDMyMzc2NzE2NTUzMzk5MA%3D%3D.2-ccb7-5&oh=00_AYCNaTlw-729bkH2S0tup3Zw5ToMI764M2SO_5ui5xoxKg&oe=66CD0E35&_nc_sid=db7772', 'post_datetime': '2024-08-22 23:56:13', 'post_description': '이 이야기에서 보듯 위계정은 말과 행동이 일치된 삶을 살았다. 그랬기에 그는 후세 사람들로부터 존경을 받음은 물론 역사적으로도 인정받는 인물이 될 수 있었다.\n앞에서도 말했지만 언행일치의 삶을 산다는 것은 쉽지 않다. 언행일치는 못하더라도 그처럼 살 수 있도록 노력해야 한다. 그것은 자신의 존재를 가치 있게 하는 것일 뿐만 아니라, 그것만으로도 충분히 많은 사람들로부터 귀감이 될 수 있기 때문이다.\n그렇다. 이런 관점에서 볼 때 “행동을 부주의하게 하지 말고, 말을 혼동되게 하지 말며, 생각을 두서없이 하지 말라”는 마르쿠스 아우렐리우스의 말은 매우 큰 의의를 지닌다고 하겠다. - <지금은 아우렐리우스를 읽어야 할 때>, 김옥림 - 밀리의 서재\nhttps://www.millie.co.kr/v3/bookDetail/2f66e5384b5240d4\n\n언행일치'}]
CSV 파일에 데이터 저장 중...
CSV 파일에 데이터 저장 완료
성공/실패 평가 중...
성공한 사람: ['terrys_reading', 'rdnmgo', '42lines_', 'euiclee.books', 'ai.gi.book']
실패한 사람: []
요약 이미지 생성 중...
요약 이미지 생성 완료
포스트 이미지 생성 중...
terrys_reading의 이미지 생성 중...
terrys_reading의 이미지 생성 완료
terrys_reading의 텍스트 이미지 생성 중...
terrys_reading의 텍스트 이미지 생성 완료
rdnmgo의 이미지 생성 중...
rdnmgo의 이미지 생성 완료
rdnmgo의 텍스트 이미지 생성 중...
rdnmgo의 텍스트 이미지 생성 완료
42lines_의 이미지 생성 중...
42lines_의 이미지 생성 완료
42lines_의 텍스트 이미지 생성 중...
42lines_의 텍스트 이미지 생성 완료
euiclee.books의 이미지 생성 중...
euiclee.books의 이미지 생성 완료
euiclee.books의 텍스트 이미지 생성 중...
euiclee.books의 텍스트 이미지 생성 완료
ai.gi.book의 이미지 생성 중...
ai.gi.book의 이미지 생성 완료
ai.gi.book의 텍스트 이미지 생성 중...
ai.gi.book의 텍스트 이미지 생성 완료
포스트 이미지 생성 완료
이미지 업로드 시작...
사진 업로드 중...
새 게시물 버튼 클릭 완료
다음 버튼 클릭 중...
다음 버튼 클릭 완료
다음 버튼 클릭 중...
다음 버튼 클릭 완료
성공/실패 평가 중...
성공한 사람: ['terrys_reading', 'rdnmgo', '42lines_', 'euiclee.books', 'ai.gi.book']
실패한 사람: []
설명 입력 중...
설명 입력 완료
게시물 공유 중...
게시물 공유 완료
사진 업로드 완료
이미지 업로드 완료
드라이버 종료
프로그램 시작
드라이버 설정 중...
드라이버 설정 완료
인스타그램 로그인 시도 중...
로그인 정보 입력 완료
로그인 정보 저장 버튼 클릭 중...
로그인 정보 저장 버튼 클릭 완료
정보 수집 시작...
terrys_reading의 정보 수집 중...
terrys_reading의 게시물에 '더 보기' 버튼 없음
좋아요 버튼을 클릭했습니다.
terrys_reading: 데이터 수집 실패 - Message: no such element: Unable to locate element: {"method":"css selector","selector":"h1._ap3a._aaco._aacu._aacx._aad7._aade"}
  (Session info: chrome=128.0.6613.84); For documentation on this error, please visit: https://www.selenium.dev/documentation/webdriver/troubleshooting/errors#no-such-element-exception
Stacktrace:
0   chromedriver                        0x0000000103ec22a8 chromedriver + 5096104
1   chromedriver                        0x0000000103eb9ada chromedriver + 5061338
2   chromedriver                        0x0000000103a44fd0 chromedriver + 389072
3   chromedriver                        0x0000000103a919ab chromedriver + 702891
4   chromedriver                        0x0000000103a91a81 chromedriver + 703105
5   chromedriver                        0x0000000103ad5cd4 chromedriver + 982228
6   chromedriver                        0x0000000103ab5f1d chromedriver + 851741
7   chromedriver                        0x0000000103ad3250 chromedriver + 971344
8   chromedriver                        0x0000000103ab5c93 chromedriver + 851091
9   chromedriver                        0x0000000103a84c79 chromedriver + 650361
10  chromedriver                        0x0000000103a8549e chromedriver + 652446
11  chromedriver                        0x0000000103e85020 chromedriver + 4845600
12  chromedriver                        0x0000000103e89f38 chromedriver + 4865848
13  chromedriver                        0x0000000103e8a605 chromedriver + 4867589
14  chromedriver                        0x0000000103e67c59 chromedriver + 4725849
15  chromedriver                        0x0000000103e8a8f9 chromedriver + 4868345
16  chromedriver                        0x0000000103e59b74 chromedriver + 4668276
17  chromedriver                        0x0000000103ea9dd8 chromedriver + 4996568
18  chromedriver                        0x0000000103ea9fd7 chromedriver + 4997079
19  chromedriver                        0x0000000103eb96de chromedriver + 5060318
20  libsystem_pthread.dylib             0x00007fff6ae39109 _pthread_start + 148
21  libsystem_pthread.dylib             0x00007fff6ae34b8b thread_start + 15

rdnmgo의 정보 수집 중...
rdnmgo의 게시물에 '더 보기' 버튼 없음
좋아요 버튼을 클릭했습니다.
rdnmgo의 정보 수집 완료
42lines_의 정보 수집 중...
42lines_의 게시물에 '더 보기' 버튼 없음
좋아요 버튼을 클릭했습니다.
42lines_의 정보 수집 완료
euiclee.books의 정보 수집 중...
euiclee.books의 게시물에 '더 보기' 버튼 없음
좋아요 버튼을 클릭했습니다.
euiclee.books의 정보 수집 완료
ai.gi.book의 정보 수집 중...
ai.gi.book의 게시물에 '더 보기' 버튼 없음
좋아요 버튼을 클릭했습니다.
ai.gi.book의 정보 수집 완료
정보 수집 완료
[{'user_id': 'rdnmgo', 'posts_count': '56', 'post_text': 'Photo by @rdnmgo on August 25, 2024. May be an image of 1 person, poster, book, magazine and text.', 'post_image': 'https://scontent-ssn1-1.cdninstagram.com/v/t51.29350-15/457125069_516381340859228_1701428251198145277_n.jpg?stp=dst-jpg_e15&efg=eyJ2ZW5jb2RlX3RhZyI6ImltYWdlX3VybGdlbi42MTJ4NjEyLnNkci5mMjkzNTAuZGVmYXVsdF9pbWFnZSJ9&_nc_ht=scontent-ssn1-1.cdninstagram.com&_nc_cat=108&_nc_ohc=qrJWpEy3NeYQ7kNvgHCJOaD&_nc_gid=00178d7cdbdb46fb9c6c2a5df11411f5&edm=ADW0ovcBAAAA&ccb=7-5&ig_cache_key=MzQ0MjQ5MjYzMTQyMDk1MTIyMw%3D%3D.2-ccb7-5&oh=00_AYA5B3h6S4DX8CwmxV2s3dpvaobYnbKKYU25VgE2KtVckA&oe=66D0FECB&_nc_sid=db7772', 'post_datetime': '2024-08-25 23:45:22', 'post_description': '##### <흔들리지 않는 돈의 법칙> 07-2-2-1 주식\n\n주식은 복권이 아니다. 주식을 보유한다는 것은 실제 영업 중인 사업의 일부분을 소유한다는 뜻이다. 당신이 가진 주식의 가치는 회사의 인지 가치 perceived fortunes에 따라 상승하거나 하락한다.\n\n> 주가는 결국 해당 기업의 실적과 성장성, 보유 자산, 브랜드 가치 등 다양한 가치의 좋고 나쁨에 따라 결정된다는 뜻이다. 따라서 주식투자란 기업을 규정하는 총요소의 한 부분을 소유한다는 뜻으로 해석할 수 있다.\n\n주가가 몇 년마다 20~50%까지 하락하는 것은 드문 일이 아니다. 평균적으로 주식시장은 4년마다 급락한다. 이런 현실을 미리 인식하고 있어야 주가가 떨어졌을 때도 충격받지 않고, 과도한 위험을 피해갈 수 있다. 물론 주식시장은 4년 가운데 3년은 수익을 안겨준다는 사실을 잊지 말라.\n\n주식시장을 단기적으로 예측하는 것은 문자 그대로 불가능하다. 비록 ‘전문가’들은 모든 걸 알고 있는 척하지만 말이다!\n\n“주가가 하락하는 데는 그럴 만한 이유가 없습니다. 회복하는 데도 마찬가지고요.”\n\n그러나 장기적으로는 주식시장만큼 경제 성장을 민감하게 반영하는 곳도 없을 것이다. 시간이 지날수록 경제는 계속해서 성장하고 인구와 노동자들의 생산성도 증가한다. 경제 상승의 물결은 기업의 수익성을 높이고 주가를 상승시킨다. 이는 20세기에 발생한 모든 전쟁과 시장 붕락, 경제위기에도 불구하고 주식시장이 승승장구한 이유를 뒷받침해준다. 이제 왜 주식시장에 장기적으로 투자해야 하는지 알겠는가?\n\n워런 버핏만큼 이런 흐름을 잘 알고 있는 사람도 없을 것이다. 그는 2008년 10월 &lt;뉴욕타임스>에 기고한 글에서, 비록 금융계가 ‘엉망’이며 ‘뉴스 헤드라인은 계속 겁을 줄 테지만’ 주가가 하락한 지금이야말로 미국 주식을 사야 할 때라고 격려했다. 그리고 이렇게 썼다.\n\n간단히 말해 나쁜 소식이야말로 투자자의 가장 가까운 친구다. 당신은 헐값으로 미국의 미래 지분을 보유할 수 있는 것이다. 장기적 관점으로 볼 때 주식시장 뉴스는 좋아질 것이다.’\n마지막 문장을 뇌리 깊숙이 새기기 바란다. ‘장기적 관점으로 볼 때 주식시장 뉴스는 좋아질 것이다.’ 이게 무슨 뜻인지 진정으로 이해한다면 당신은 인내심을 발휘해 흔들림 없이 나아가고 궁극적으로 부자가 될 수 있다.\n그렇다면 주식은 포트폴리오에서 자리를 얼마나 차지해야 할까? 앞으로 10년간 경제와 비즈니스가 지금보다 더 발전할 것이라고 믿는다면 투자의 상당 부분을 주식에 배분하는 것이 합리적이다. 과거 100년간 주식시장은 ‘거의’ 항상 상승했다. 그러나 앞으로도 반드시 그럴 것이라고 장담할 수는 없다.\n\n여기서 관건은 상승장을 즐길 수 있을 때까지 시장에 계속 머무르는 것이다. 기나긴 약세장을 버티지 못해 주식을 매각하는 것이야말로 당신이 가장 피하고 싶은 일이다. 그렇다면 어떻게 해야 할까? 일단 분수에 넘친 삶을 살거나 과도한 빚을 지지 마라.\n가능한 한 겹겹으로 경제적 보호막을 쳐서 시장이 폭락할 때도 주식을 매각할 필요가 없게 대비해야 한다. 그중 한 가지 방법이 채권에 투자하는 것이다.'}, {'user_id': '42lines_', 'posts_count': '55', 'post_text': 'Photo by @42lines_ on August 24, 2024. May be an illustration of one or more people, magazine, poster, calendar and text.', 'post_image': 'https://scontent-ssn1-1.cdninstagram.com/v/t51.29350-15/456709234_1046973746932696_6735921660018870318_n.jpg?stp=dst-jpg_e35&efg=eyJ2ZW5jb2RlX3RhZyI6ImltYWdlX3VybGdlbi4xMDgweDEwODAuc2RyLmYyOTM1MC5kZWZhdWx0X2ltYWdlIn0&_nc_ht=scontent-ssn1-1.cdninstagram.com&_nc_cat=104&_nc_ohc=jhiLA7NxHJcQ7kNvgE_eroi&edm=ADW0ovcBAAAA&ccb=7-5&ig_cache_key=MzQ0MjE5MDE1MDIyNzM2MzkxMQ%3D%3D.2-ccb7-5&oh=00_AYAd7Y42dB_q8ngyT5e5qDWzh0BVVvuQWZC3l8o-7PgPZg&oe=66D110B5&_nc_sid=db7772', 'post_datetime': '2024-08-25 13:44:24', 'post_description': '무엇이 사람들의 발걸음을 움직이게 하는가? 지겨운 밥벌이가, 나만 빠지고 싶지 않은 대세감이, 지적 욕구와 호기심이 무거운 발걸음을 옮기게 만든다.\n\n<2024 트렌드 노트>, 정석환, 박현영, 이원희, 김종민, 김정구, 정현아, 신예은'}, {'user_id': 'euiclee.books', 'posts_count': '55', 'post_text': '🖋️ 안네의 일기.\n\n그녀에게 기록이란 살아가기 위한 수단이었다. 뛰어난 기교로 남길 게 없는 무의미한 하루일지라도 적어야 할 이유가 있었던 것이다.\n\n자건거를 타는 일, 지하철에서 조는 일, 밖에서 러닝을 하는 일, 가족과 소박한 외식을 나누는 일이 결코 평범한 일이 아니었다.\n\n내게 주어진 하루하루가 누군가에게는 결코 평범한 하루가 아닐 수 있다. \n\n📗 #나와의연락 #유지혜 #북노마드\n\n🔖 #독서 #북스타그램 #책 #독서스타그램 #여행', 'post_image': 'https://scontent-ssn1-1.cdninstagram.com/v/t51.29350-15/456726010_539778615065777_5522566169496009464_n.jpg?stp=dst-jpg_e15&efg=eyJ2ZW5jb2RlX3RhZyI6ImltYWdlX3VybGdlbi4xMDgweDEwODAuc2RyLmYyOTM1MC5kZWZhdWx0X2ltYWdlIn0&_nc_ht=scontent-ssn1-1.cdninstagram.com&_nc_cat=105&_nc_ohc=1l2H1TsvgRAQ7kNvgEdc1HL&edm=ADW0ovcBAAAA&ccb=7-5&ig_cache_key=MzQ0MjQ2NDI5NTU1OTU5NTc2Ng%3D%3D.2-ccb7-5&oh=00_AYCIxCBU4ikj-v2T4DyizjGoiDLVOJW6eMZMcuvU8vLvZg&oe=66D10E39&_nc_sid=db7772', 'post_datetime': '2024-08-25 22:49:05', 'post_description': '🖋️ 안네의 일기.\n\n그녀에게 기록이란 살아가기 위한 수단이었다. 뛰어난 기교로 남길 게 없는 무의미한 하루일지라도 적어야 할 이유가 있었던 것이다.\n\n자건거를 타는 일, 지하철에서 조는 일, 밖에서 러닝을 하는 일, 가족과 소박한 외식을 나누는 일이 결코 평범한 일이 아니었다.\n\n내게 주어진 하루하루가 누군가에게는 결코 평범한 하루가 아닐 수 있다.\n\n📗 #나와의연락 #유지혜 #북노마드\n\n🔖 #독서 #북스타그램 #책 #독서스타그램 #여행'}, {'user_id': 'ai.gi.book', 'posts_count': '60', 'post_text': 'Photo by @ai.gi.book on August 25, 2024. May be an image of text.', 'post_image': 'https://scontent-ssn1-1.cdninstagram.com/v/t51.29350-15/456596634_1066507548197697_3140926992330615789_n.jpg?stp=dst-jpg_e35&efg=eyJ2ZW5jb2RlX3RhZyI6ImltYWdlX3VybGdlbi4xNDQweDE4MDAuc2RyLmYyOTM1MC5kZWZhdWx0X2ltYWdlIn0&_nc_ht=scontent-ssn1-1.cdninstagram.com&_nc_cat=109&_nc_ohc=H_HQ427nTPMQ7kNvgGj7AQl&edm=ADW0ovcBAAAA&ccb=7-5&ig_cache_key=MzQ0MjQ3MTAwNzA4MjU1MTM0OA%3D%3D.2-ccb7-5&oh=00_AYCtFTascKGme4lSJzfp0r_jXdWZcjT-HaSYejWnoVbY-g&oe=66D134B2&_nc_sid=db7772', 'post_datetime': '2024-08-25 23:02:24', 'post_description': '다른 사람의 마음속에서\n무슨 일이 일어나고 있는지에 대해\n무관심하다고 불행해지지 않는다.\n그러나 자신의 마음속 움직임에 주의를 기울이지\n않는 사람은 불행해질 수밖에 없을 것이다. - <지금은 아우렐리우스를 읽어야 할 때>, 김옥림 - 밀리의 서재\nhttps://www.millie.co.kr/v3/bookDetail/2f66e5384b5240d4'}]
CSV 파일에 데이터 저장 중...
CSV 파일에 데이터 저장 완료
성공/실패 평가 중...
성공한 사람: ['rdnmgo', '42lines_', 'euiclee.books', 'ai.gi.book']
실패한 사람: []
요약 이미지 생성 중...
요약 이미지 생성 완료
포스트 이미지 생성 중...
rdnmgo의 이미지 생성 중...
rdnmgo의 이미지 생성 완료
rdnmgo의 텍스트 이미지 생성 중...
rdnmgo의 텍스트 이미지 생성 완료
42lines_의 이미지 생성 중...
42lines_의 이미지 생성 완료
42lines_의 텍스트 이미지 생성 중...
42lines_의 텍스트 이미지 생성 완료
euiclee.books의 이미지 생성 중...
euiclee.books의 이미지 생성 완료
euiclee.books의 텍스트 이미지 생성 중...
euiclee.books의 텍스트 이미지 생성 완료
ai.gi.book의 이미지 생성 중...
ai.gi.book의 이미지 생성 완료
ai.gi.book의 텍스트 이미지 생성 중...
ai.gi.book의 텍스트 이미지 생성 완료
포스트 이미지 생성 완료
이미지 업로드 시작...
사진 업로드 중...
새 게시물 버튼 클릭 완료
다음 버튼 클릭 중...
다음 버튼 클릭 완료
다음 버튼 클릭 중...
다음 버튼 클릭 완료
성공/실패 평가 중...
성공한 사람: ['rdnmgo', '42lines_', 'euiclee.books', 'ai.gi.book']
실패한 사람: []
설명 입력 중...
설명 입력 완료
게시물 공유 중...
게시물 공유 완료
사진 업로드 완료
이미지 업로드 완료
드라이버 종료
프로그램 시작
드라이버 설정 중...
드라이버 설정 완료
인스타그램 로그인 시도 중...
로그인 정보 입력 완료
로그인 정보 저장 버튼 클릭 중...
로그인 정보 저장 버튼 클릭 완료
정보 수집 시작...
terrys_reading의 정보 수집 중...
terrys_reading의 게시물에 '더 보기' 버튼 없음
좋아요 버튼을 클릭했습니다.
terrys_reading의 정보 수집 완료
rdnmgo의 정보 수집 중...
rdnmgo의 게시물에 '더 보기' 버튼 없음
좋아요 버튼을 클릭했습니다.
rdnmgo의 정보 수집 완료
42lines_의 정보 수집 중...
42lines_의 게시물에 '더 보기' 버튼 없음
좋아요 버튼을 클릭했습니다.
42lines_의 정보 수집 완료
euiclee.books의 정보 수집 중...
euiclee.books의 게시물에 '더 보기' 버튼 없음
좋아요 버튼을 클릭했습니다.
euiclee.books의 정보 수집 완료
ai.gi.book의 정보 수집 중...
ai.gi.book의 게시물에 '더 보기' 버튼 없음
좋아요 버튼을 클릭했습니다.
ai.gi.book의 정보 수집 완료
정보 수집 완료
[{'user_id': 'terrys_reading', 'posts_count': '55', 'post_text': 'Photo by @terrys_reading on August 26, 2024. May be an image of book, poster and text.', 'post_image': 'https://scontent-ssn1-1.cdninstagram.com/v/t51.29350-15/457132307_3851588405162437_4676269188665812167_n.jpg?stp=dst-jpg_e15&efg=eyJ2ZW5jb2RlX3RhZyI6ImltYWdlX3VybGdlbi4xMDgweDEwODAuc2RyLmYyOTM1MC5kZWZhdWx0X2ltYWdlIn0&_nc_ht=scontent-ssn1-1.cdninstagram.com&_nc_cat=101&_nc_ohc=rpCEjmdYHX0Q7kNvgHf4BAj&edm=ADW0ovcBAAAA&ccb=7-5&ig_cache_key=MzQ0MzIxODk1MjczMjYzOTMyNA%3D%3D.2-ccb7-5&oh=00_AYD5MjxOSNUil-rqI-NeQlpQMoEwB8AY7VHeEZyvFqJczQ&oe=66D26D60&_nc_sid=db7772', 'post_datetime': '2024-08-26 23:48:26', 'post_description': '나만을 위한 레이달리오의 원칙\n\n1. 자신이 어떤 사람인가?\n2. 현 상황은 과거의 어떤 상황과 유사한가?\n3. 목표 설정, 문제 파악, 원인 진단, 변화 시도, 변화 발생의 사이클을 이해하는가?\n4. 자아와 사각 지대의 위험성을 인지하는가?\n5. 현재 내 인생의 단계가 어느 쯤에 있는지 인지하고 있는가?'}, {'user_id': 'rdnmgo', 'posts_count': '57', 'post_text': 'Photo by @rdnmgo on August 26, 2024. May be an image of 1 person, poster, book, magazine and text that says \'UN SHAKEABLE YOUR FINANCIAL FREEDOM PLAYBOOK 토니 로인스 지음 박습라 요경 청협진 감수 흔들리지 않는 돈의법칙 세계 세계0.001%부의거인들의머니시크맛 10.001%单 0,001% 거인들의 머니 시크릿 위런 버핏, 존 템플펀, 억만장자들의 비밀을 푼단 하나의 "혼들리지 마라, 현흑되지 마라, 부자 부자될기회 될 기회 있다!" 뉴욕타임스 베스트셀러 1위 아마존 베스트셀러 베스트 셀러 1위 <네 인에 장든 거인을 깨워라> 저자 신작! 존보글 엘런그린스편 강력 강력수천! 추천! RHK ግግዓታጣ\'.', 'post_image': 'https://scontent-ssn1-1.cdninstagram.com/v/t51.29350-15/457131237_1052273179895109_3744989756502509999_n.jpg?stp=dst-jpg_e15&efg=eyJ2ZW5jb2RlX3RhZyI6ImltYWdlX3VybGdlbi42MTJ4NjEyLnNkci5mMjkzNTAuZGVmYXVsdF9pbWFnZSJ9&_nc_ht=scontent-ssn1-1.cdninstagram.com&_nc_cat=109&_nc_ohc=kp7FK2EhE7kQ7kNvgFUHcAq&edm=ADW0ovcBAAAA&ccb=7-5&ig_cache_key=MzQ0MzA5NDQzOTUzNzIzNzI0Mw%3D%3D.2-ccb7-5&oh=00_AYDJPLwiuuauMKsH2NtgVAcZNyqqHvCy2gYBO405U885iA&oe=66D26602&_nc_sid=db7772', 'post_datetime': '2024-08-26 19:41:03', 'post_description': '##### <흔들리지 않는 돈의 법칙> 07-2-2-2 채권\n\n채권을 구입한다는 것은 정부나 기업, 또는 다른 독립체에 대출을 해주는 것과 같다.\n채권은 대여금이다. 연방정부에 빌려줄 때는 ‘국채’이고, 지방정부에 빌려줄 때는 ‘지방채’라고 부른다. 마이크로소프트 Microsoft 같은 기업에 빌려주는 것은 ‘회사채’다. 그리고 조금 덜 믿음직한 회사에 빌려주는 것은 ‘고수익채권 High-yield bond’ 또는 ‘정크본드 junk bond’라고 부른다. 자, 이제 채권개론 강좌가 끝났다.\n\n미국 정부에 대출을 해주면 돈을 많이 벌 수가 없다. 왜냐하면 빌린 돈을 떼어먹을 위험이 매우 낮기 때문이다. 반면에 베네수엘라 정부에 돈을 빌려주는 경우에는 위험률이 높기 때문에 이율도 증가한다.(올해 인플레이션율이 700%) 다시 말하지만 위험과 보상은 항상 비례한다.\n\n기업이 파산해 투자자들에게 빌린 돈을 갚지 못할 확률은 미국 정부가 파산할 확률보다 훨씬 높다. 그러므로 회사는 보다 높은 수익률로 이에 보답한다. 마찬가지로 자본이 필요한 신생 테크놀로지기업은 마이크로소프트 같은 우량 회사보다 훨씬 더 많은 이자를 돌려준다.\n\n다른 중요한 요소는 바로 대출 기간이다. 현재 미국 정부는 10년 대출에 대해 연 1.8% 이자를 지급한다. 만약 당신이 미국 정부에 30년 기한으로 돈을 빌려줬다면 연 2.4%의 이자를 받을 수 있다.· 기간이 길어질수록 이율이 증가하는 이유는 쉽게 짐작할 수 있을 것이다. 당연히 위험률이 높기 때문이다.\n\n어째서 사람들은 채권을 보유하고 싶어 하는가? 우선 채권은 주식보다 훨씬 안전하다. 왜냐하면 채무자가 빚을 갚아야 할 법적 의무를 갖고 있기 때문이다. 채권을 만기 시까지 보유한다면 처음 빌려준 돈을 전부 회수할 수 있을 뿐만 아니라 이자까지 받을 수 있다. 채권 발행자가 파산하지만 않는다면 말이다. 85%의 경우 채권은 매년 긍정적인 수익을 안겨준다.\n\n그렇다면 포트폴리오에서 채권의 비중은 얼마나 되어야 할까? 이미 은퇴했거나 주가의 변덕을 참을 수 없는 보수적 투자자들은 자산에서 꽤 높은 비중을 채권에 투자한다. 보다 덜 보수적인 성향의 투자자들은 우량회사채에 그보다 적은 비율을 투자해 앞으로 2~7년 사이 발생할 수 있는 금전적 필요를 충족시킨다. 공격적 투자자들은 평소에 채권에 약간의 돈을 넣어뒀다가 주식시장이 가격 할인에 들어가면 그것을 이른바 ‘드라이파우더 dry powder’\u2005·로 활용하기도 한다. 이는 실제로 크리에이티브 플래닝이 금융위기 때 사용한 방법이기도 하다. 우리는 고객들의 채권 일부를 매각해 주식시장에 투자함으로써 평생 다시 오기 힘든 할인 기회를 잡았다.\n> 금융업계에서 ‘드라이파우더’는 주식을 매수하지 않고 보유해둔 현금성 자산을 말한다. 책에서는 채권에 보관해둔 자산을 드라이파우더 삼아, 증시 하락 때 공격적 주식 매수에 활용한다는 의미로 말하고 있다.\n\n다만 한 가지 문제가 있다면 오늘날처럼 특이한 경제 상황에서는 채권이 그리 매력적이지 않다는 것이다. 수익률이 참담한 수준으로 낮기 때문에 위험에 비해 돌아오는 보상이 보잘것없다. 특히 금리가 사상 최악에 이른 미국 국채에 투자하는 것은 어리석은 일처럼 보인다. 해외의 경우에는 이보다도 더 심각하다. 현재 이탈리아 정부의 50년 만기 국채는 금리 2.8%에 불과하다.\n\n하지만 요즘 세상에서는 재산을 현금으로 갖고 있으면 ‘한 푼’도 벌 수 없다. 인플레이션을 고려하면 현금을 갖고 있을 경우 오히려 돈을 잃을 수도 있다. 적어도 채권은 ‘약간’의 소득이라도 보장해주지 않는가. 내가 보기에 채권은 세탁물 바구니 안에 든 더러운 옷들 중에서 그나마 가장 깨끗한 옷이다.'}, {'user_id': '42lines_', 'posts_count': '56', 'post_text': 'Photo by @42lines_ on August 25, 2024. May be an illustration of one or more people, magazine, poster, calendar and text.', 'post_image': 'https://scontent-ssn1-1.cdninstagram.com/v/t51.29350-15/456709189_1149365786166732_6670022722333646425_n.jpg?stp=dst-jpg_e35&efg=eyJ2ZW5jb2RlX3RhZyI6ImltYWdlX3VybGdlbi4xMDgweDEwODAuc2RyLmYyOTM1MC5kZWZhdWx0X2ltYWdlIn0&_nc_ht=scontent-ssn1-1.cdninstagram.com&_nc_cat=100&_nc_ohc=cldpX31pTosQ7kNvgGZB5i0&edm=ADW0ovcBAAAA&ccb=7-5&ig_cache_key=MzQ0MjgwODU0NjExNzY0NTYyOQ%3D%3D.2-ccb7-5&oh=00_AYA1zCc1YrARK5DAv_S2CT11SzaEUhaKAwHYtfBUlKL0sQ&oe=66D2834B&_nc_sid=db7772', 'post_datetime': '2024-08-26 10:13:02', 'post_description': '성수동의 심상이 ‘인더스트리얼’과 ‘빈티지’라면 북촌의 심상은 ‘빈티지’와 ‘이색적’이다. 빈티지는 오래된 것이 잘 보존된 상태를 넘어 가장 세련된 스타일로 현행화된 모습을 뜻한다. 성수동의 고유한 빈티지는 공업단지에서, 북촌의 고유함은 한옥에서 나온다.\n\n<2024 트렌드 노트>, 정석환, 박현영, 이원희, 김종민, 김정구, 정현아, 신예은'}, {'user_id': 'euiclee.books', 'posts_count': '56', 'post_text': '🖋️ 우리는 항상 고민을 갖고 살아간다.\n\n지나고 나면 정말 아무것도 아닌 경우도 있었고, 정말 간절했으나 처참하게 실패한 적, 처음에는 별 생각이 없었지만 날이 갈 수록 커졌던 고민도 있었다.\n\n고민이 없으면 어떨까라는 생각도 해보았지만, 크고 작은 고민들이 모여 지금의 나를 만들었고, 지금의 나는 앞으로 어떻게 이루어질지 모르는 새로운 고민들을 만들어 나가고 있다.\n\n📗 #나와의연락 #유지혜 #북노마드\n\n🔖 #독서 #북스타그램 #책 #독서스타그램 #여행', 'post_image': 'https://scontent-ssn1-1.cdninstagram.com/v/t51.29350-15/456857423_549194857459521_6103359994891164146_n.jpg?stp=dst-jpg_e15&efg=eyJ2ZW5jb2RlX3RhZyI6ImltYWdlX3VybGdlbi4xMDgweDEwODAuc2RyLmYyOTM1MC5kZWZhdWx0X2ltYWdlIn0&_nc_ht=scontent-ssn1-1.cdninstagram.com&_nc_cat=109&_nc_ohc=llHUqeYp4LkQ7kNvgGSxnOw&edm=ADW0ovcBAAAA&ccb=7-5&ig_cache_key=MzQ0MzIwMjEzODc5NTgzMzg2OQ%3D%3D.2-ccb7-5&oh=00_AYBNjW9oP-vYyXS4BDKrkmrQETGrvgT4t5RIWunuhTLsjw&oe=66D25CA9&_nc_sid=db7772', 'post_datetime': '2024-08-26 23:15:03', 'post_description': '🖋️ 우리는 항상 고민을 갖고 살아간다.\n\n지나고 나면 정말 아무것도 아닌 경우도 있었고, 정말 간절했으나 처참하게 실패한 적, 처음에는 별 생각이 없었지만 날이 갈 수록 커졌던 고민도 있었다.\n\n고민이 없으면 어떨까라는 생각도 해보았지만, 크고 작은 고민들이 모여 지금의 나를 만들었고, 지금의 나는 앞으로 어떻게 이루어질지 모르는 새로운 고민들을 만들어 나가고 있다.\n\n📗 #나와의연락 #유지혜 #북노마드\n\n🔖 #독서 #북스타그램 #책 #독서스타그램 #여행'}, {'user_id': 'ai.gi.book', 'posts_count': '61', 'post_text': 'Photo by @ai.gi.book on August 26, 2024. May be an image of text.', 'post_image': 'https://scontent-ssn1-1.cdninstagram.com/v/t51.29350-15/457305901_1017915652973331_9205566776077230113_n.jpg?stp=dst-jpg_e35&efg=eyJ2ZW5jb2RlX3RhZyI6ImltYWdlX3VybGdlbi4xNDQweDE4MDAuc2RyLmYyOTM1MC5kZWZhdWx0X2ltYWdlIn0&_nc_ht=scontent-ssn1-1.cdninstagram.com&_nc_cat=103&_nc_ohc=xC2E5leFsFEQ7kNvgHl08yS&edm=ADW0ovcBAAAA&ccb=7-5&ig_cache_key=MzQ0MzIxNDg2ODU5MTQyODIzNQ%3D%3D.2-ccb7-5&oh=00_AYDWUAUdj0WooSpiEYYOXMEE3TYMlTT4g-IUvR71f-Pixg&oe=66D25E69&_nc_sid=db7772', 'post_datetime': '2024-08-26 23:40:20', 'post_description': '올바른 일이 아니면 행하지 마라.\n진실이 아니라면 말하지 마라.\n그리고 당신의 욕망을 억제하라.\n명상록 07 - <지금은 아우렐리우스를 읽어야 할 때>, 김옥림 - 밀리의 서재\nhttps://www.millie.co.kr/v3/bookDetail/2f66e5384b5240d4\n\n올바른 일'}]
CSV 파일에 데이터 저장 중...
CSV 파일에 데이터 저장 완료
성공/실패 평가 중...
성공한 사람: ['terrys_reading', 'rdnmgo', '42lines_', 'euiclee.books', 'ai.gi.book']
실패한 사람: []
요약 이미지 생성 중...
요약 이미지 생성 완료
포스트 이미지 생성 중...
terrys_reading의 이미지 생성 중...
terrys_reading의 이미지 생성 완료
terrys_reading의 텍스트 이미지 생성 중...
terrys_reading의 텍스트 이미지 생성 완료
rdnmgo의 이미지 생성 중...
rdnmgo의 이미지 생성 완료
rdnmgo의 텍스트 이미지 생성 중...
rdnmgo의 텍스트 이미지 생성 완료
42lines_의 이미지 생성 중...
42lines_의 이미지 생성 완료
42lines_의 텍스트 이미지 생성 중...
42lines_의 텍스트 이미지 생성 완료
euiclee.books의 이미지 생성 중...
euiclee.books의 이미지 생성 완료
euiclee.books의 텍스트 이미지 생성 중...
euiclee.books의 텍스트 이미지 생성 완료
ai.gi.book의 이미지 생성 중...
ai.gi.book의 이미지 생성 완료
ai.gi.book의 텍스트 이미지 생성 중...
ai.gi.book의 텍스트 이미지 생성 완료
포스트 이미지 생성 완료
이미지 업로드 시작...
사진 업로드 중...
새 게시물 버튼 클릭 완료
다음 버튼 클릭 중...
다음 버튼 클릭 완료
다음 버튼 클릭 중...
다음 버튼 클릭 완료
성공/실패 평가 중...
성공한 사람: ['terrys_reading', 'rdnmgo', '42lines_', 'euiclee.books', 'ai.gi.book']
실패한 사람: []
설명 입력 중...
설명 입력 완료
게시물 공유 중...
게시물 공유 완료
사진 업로드 완료
이미지 업로드 완료
드라이버 종료
프로그램 시작
드라이버 설정 중...
드라이버 설정 완료
인스타그램 로그인 시도 중...
로그인 정보 입력 완료
로그인 정보 저장 버튼 클릭 중...
로그인 정보 저장 버튼 클릭 완료
정보 수집 시작...
terrys_reading의 정보 수집 중...
terrys_reading의 게시물에 '더 보기' 버튼 없음
좋아요 버튼을 클릭했습니다.
terrys_reading의 정보 수집 완료
rdnmgo의 정보 수집 중...
rdnmgo의 게시물에 '더 보기' 버튼 없음
좋아요 버튼을 클릭했습니다.
rdnmgo의 정보 수집 완료
42lines_의 정보 수집 중...
42lines_의 게시물에 '더 보기' 버튼 없음
좋아요 버튼을 클릭했습니다.
42lines_의 정보 수집 완료
euiclee.books의 정보 수집 중...
euiclee.books의 게시물에 '더 보기' 버튼 없음
좋아요 버튼을 클릭했습니다.
euiclee.books의 정보 수집 완료
ai.gi.book의 정보 수집 중...
ai.gi.book의 게시물에 '더 보기' 버튼 없음
좋아요 버튼을 클릭했습니다.
ai.gi.book의 정보 수집 완료
정보 수집 완료
[{'user_id': 'terrys_reading', 'posts_count': '56', 'post_text': 'Photo by @terrys_reading on August 27, 2024. May be an image of card, book, poster, magazine and text.', 'post_image': 'https://scontent-ssn1-1.cdninstagram.com/v/t51.29350-15/457298026_869624854615321_2796335101625496729_n.jpg?stp=dst-jpg_e15&efg=eyJ2ZW5jb2RlX3RhZyI6ImltYWdlX3VybGdlbi4xMDgweDEwODAuc2RyLmYyOTM1MC5kZWZhdWx0X2ltYWdlIn0&_nc_ht=scontent-ssn1-1.cdninstagram.com&_nc_cat=101&_nc_ohc=VoaLmUIIwIQQ7kNvgFg0CtS&_nc_gid=da3f6e6129fe4fca843de90621047200&edm=ADW0ovcBAAAA&ccb=7-5&ig_cache_key=MzQ0Mzk0OTI2NjAzNTczNDMzMw%3D%3D.2-ccb7-5&oh=00_AYA9QBQV9L-0qQ9C79FBsrN5IKq4SGaz0t87uO5iC5HyiQ&oe=66D3C71E&_nc_sid=db7772', 'post_datetime': '2024-08-27 23:59:26', 'post_description': '레이 달리오의 원칙\n\n결국 각 개별 문제의 대해 문제 해결 사이클을 얼마나 많이 효과적으로 돌리느냐에 따라 인생의 성과가 결정된다고 할 수 있다.\n\n1. 목표 설정 - 우선 순위, 갈망과의 분리, 현실 제약 무시, SMART\n2. 문제 파악 - 보다 구체적으로,\n3. 문제 근본 파악 - 어떤 부정적 결과였는가? 책임자가 누구인가? 능력의 문제인가? 왜 계획대로 되지 않았는가?\n\n4. 계획 수립 - 보다 큰 계획을 먼저 정하고 그 다음 2주간의 계획을 시간과 함께 수립한다. 이때, 시각화를 통해 계획을 함꼐 진행한다. ]\n5. 실행한다. 이때 균협 잡힌 투두리스트를 활용해야 한다. 그리고 이를 실천할 수 있는 것은 매우 큰 강단을 필요로 한다.'}, {'user_id': 'rdnmgo', 'posts_count': '58', 'post_text': 'Photo by @rdnmgo on August 27, 2024. May be an image of 1 person, poster, book, magazine and text.', 'post_image': 'https://scontent-ssn1-1.cdninstagram.com/v/t51.29350-15/457259955_1044975114008869_911785944519856732_n.jpg?stp=dst-jpg_e15&efg=eyJ2ZW5jb2RlX3RhZyI6ImltYWdlX3VybGdlbi42MTJ4NjEyLnNkci5mMjkzNTAuZGVmYXVsdF9pbWFnZSJ9&_nc_ht=scontent-ssn1-1.cdninstagram.com&_nc_cat=101&_nc_ohc=C1FSaiKzxlIQ7kNvgE_vwaq&edm=ADW0ovcBAAAA&ccb=7-5&ig_cache_key=MzQ0Mzc3MjE3NzEwNTMzMTM1Nw%3D%3D.2-ccb7-5&oh=00_AYCtxkp65wtK6Grpd03V3vmoi3VKBpApSQUPYCXKLm69wA&oe=66D3D87A&_nc_sid=db7772', 'post_datetime': '2024-08-27 18:07:36', 'post_description': '##### <흔들리지 않는 돈의 법칙> 07-2-2-3 대안 투자\n\n주식과 채권, 현금 이외에는 모두 대안 투자로 간주된다.\n\n우선 경고한다. 대안 투자는 대개 유동성이 낮고(매각이 어렵다), 세금효율도 낮으며 높은 비용이 수반된다. 한편 대안 투자는 2가지 점에서 매력적이다. 첫째, 때때로 수익률이 높고, 둘째로 주식이나 채권시장과 별개로 움직이기 때문에 포트폴리오를 다각화하고 전반적인 위험 수준을 낮출 수 있다.\n\n다음은 대표적인 대안 투자 5가지다. 앞의 3가지는 내가 선호하는 것이고 나머지는 개인적으로 별로 좋아하지 않는 것이다.\n\n• 부동산투자신탁\u2003리츠 REITs라고 불린다.\n주택이나 아파트를 소유하는 데는 많은 돈이 들기 때문에 대부분의 사람들은 부동산으로 분산투자를 꾀하기가 어렵다. 내가 공개 거래되는 부동산투자신탁을 선호하는 것도 바로 그런 이유에서다. 따로 수고를 기울여 관리할 필요도 없고, 지리적으로나 다양성 면에서나 적은 비용으로 폭넓게 다각화할 수 있다. 이를테면 아파트 건물과 사무용 건물, 요양시설, 진료소, 쇼핑몰 같은 자산에 투자하는 리츠를 보유하면 부동산 가격이 상승하면 이득을 볼 수 있고 정기적인 소득도 얻을 수도 있다.\n\n• 사모펀드\u2003사모펀드 Private Equity Fund 회사는 자금을 모아 현재 영업 중인 회사의 전부 혹은 일부를 매입한다. 그런 다음 회사를 구조조정하거나 예산을 삭감하거나 세금을 최소화해 회사의 가치를 높인다. 이들의 궁극적 목표는 회사를 키워서 인수했을 때보다 더 높은 가격으로 되파는 것이다. 사모펀드의 장점은 진짜 전문가들이 운영하는 사모펀드의 경우 예상외의 수익을 낼 수 있고 민간 부문에서 운영되기 때문에 포트폴리오에 다양성을 더해줄 수 있다는 점이다. 한편 단점은 유동성이 낮고 위험성이 높으며 수수료가 높다는 데 있다.\n\n• MLP 펀드\u2003나는 MLP 펀드의 팬이다. MLP는 대개 송유관과 가스관 등 에너지 시설에 투자하는 공개거래합자회사다.\n우리가 MLP를 권하는 이유는 세금효율이 뛰어나 수익률이 높기 때문이다. 모든 투자자들에게 유용한 건 아니지만(특히 나이가 젊거나 개인퇴직연금계좌를 납부하고 있는 경우) 50세 이상에 대규모 과세 계좌를 갖고 있는 투자자에게는 안성맞춤이다.\n\n• 금\u2003일부 사람들은 금이야말로 어떤 경제적 혼란이 닥쳐도 안정적인 완벽한 투자라는 거의 종교적 믿음을 갖고 있다. 이들은 경제가 붕괴하고 인플레이션이 활개치고 달러가 무너지면 금만이 진정한 통화가 될 것이라고 주장한다. 내 생각은 다르다. 금은 수익을 창출하지 않으며 필수 자원도 아니다. 워런 버핏은 말했다. “금은 아프리카 같은 지역에서 힘겹게 채굴된다. 그러면 우리는 다시 커다란 구멍을 파고 금을 묻은 다음, 사람들에게 그것을 지키라고 돈을 준다. 거기에 무슨 효용성이 있단 말인가? 화성인들이 이걸 보면 대관절 왜 그러고 있는지 의아해할 것이다.” 그럼에도 금값은 때때로 급상승하고, 그럴 때마다 사람들이 금을 사서 쌓아놓는다! 그리고 언제나 ‘단 한 번의 예외도 없이’ 결국 금값은 하락한다. 역사적으로 봐도 주식과 채권, 에너지 원자재, 부동산은 늘 금을 능가했다. 그러니 금에 투자할 거라면 나는 빼주기 바란다.\n\n• 헤지펀드\u2003크리에이티브 플래닝에서 관리하는 포트폴리오에는 헤지펀드가 없다. 이런 종류의 사적 펀드를 운영해 몇 년간 꾸준히 훌륭한 실적을 낸 이들은 정말 소수에 불과하며, 최고의 헤지펀드들은 새로운 투자자를 받아들이지 않기 때문이다. 또한 문제는 헤지펀드가 수수료와 세금, 위험 관리, 투명성, 유동성에 이르기까지 거의 모든 중요 범주에서 커다란 단점을 안고 있다는 것이다. 대부분은 실적에 상관없이 매년 2%의 수수료를 부과하고, 투자자들이 수익을 올릴 때마다 20%를 떼어간다.\n2009년부터 2015년까지 6년 동안 헤지펀드는 평균적으로 S&P500을 능가하지 못했고, 미국 최대의 연금펀드인 캘퍼스 CalPERS(캘리포니아 공무원 연금)는 2014년에 헤지펀드 투자를 완전히 중단했다. 내가 보기에 헤지펀드는 남들 말에 잘 속는 순진한 이들이나 큰 판에서 주사위 굴리기를 좋아하는 투기꾼들을 위한 것이다. ‘누군가’ 부자가 되긴 하겠지만 그게 나나 당신이라는 보장은 없다.'}, {'user_id': '42lines_', 'posts_count': '57', 'post_text': 'Photo by @42lines_ on August 26, 2024. May be an illustration of one or more people, magazine, poster, calendar and text.', 'post_image': 'https://scontent-ssn1-1.cdninstagram.com/v/t51.29350-15/457038705_1195754801462696_3236655135633947584_n.jpg?stp=dst-jpg_e35&efg=eyJ2ZW5jb2RlX3RhZyI6ImltYWdlX3VybGdlbi4xMDgweDEwODAuc2RyLmYyOTM1MC5kZWZhdWx0X2ltYWdlIn0&_nc_ht=scontent-ssn1-1.cdninstagram.com&_nc_cat=108&_nc_ohc=Eyr0SlOQhGkQ7kNvgG2V02Y&edm=ADW0ovcBAAAA&ccb=7-5&ig_cache_key=MzQ0MzYxOTUyMzMxMjU0NzQwMQ%3D%3D.2-ccb7-5&oh=00_AYAGaUkcjNvi-b8wREp4g47jSylPhu81UbV-XDpRUfJNyw&oe=66D3D58A&_nc_sid=db7772', 'post_datetime': '2024-08-27 13:04:18', 'post_description': '서울 여행의 뜨는 지역인 성수나 북촌에는 없고 롯데월드에만 있는 것은 어트랙션이 아니라 ‘기억’이다. 롯데월드 건설에 참여한 세대부터 처음 방문한 세대, 이제 아이와 방문하는 세대까지 모두 롯데월드에 대한 긍정적 기억을 안고 있다.\n\n<2024 트렌드 노트>, 정석환, 박현영, 이원희, 김종민, 김정구, 정현아, 신예은'}, {'user_id': 'euiclee.books', 'posts_count': '57', 'post_text': '🖋️ 아름답다.\n\n이 책을 한줄로 표현한다면 그렇다. 버스를 타는 것. 카페를 가는 것. 아침에 일어나는 것. 정말 소소한 일상이지만 저자의 눈으로 바라보고 표현한 일상은 부드럽게 다가와 마음 속에 자리 잡는다.\n\n일상이 여행이 된다면 얼마나 좋을까. 하루하루가 똑같고 지루하게 느껴져도 사소한 것 하나하나에 아름다움을 발견할 수 있는 사람이 되고 싶다.\n\n📗 #나와의연락 #유지혜 #북노마드\n\n🔖 #독서 #북스타그램 #책 #독서스타그램 #여행', 'post_image': 'https://scontent-ssn1-1.cdninstagram.com/v/t51.29350-15/457106859_837097221867039_4953029779682245827_n.jpg?stp=dst-jpg_e15&efg=eyJ2ZW5jb2RlX3RhZyI6ImltYWdlX3VybGdlbi4xMDgweDEwODAuc2RyLmYyOTM1MC5kZWZhdWx0X2ltYWdlIn0&_nc_ht=scontent-ssn1-1.cdninstagram.com&_nc_cat=103&_nc_ohc=9fkOeF8eOxEQ7kNvgF3-rhK&edm=ADW0ovcBAAAA&ccb=7-5&ig_cache_key=MzQ0MzkyMzM3NzYzODUxNzE5MA%3D%3D.2-ccb7-5&oh=00_AYDg-GjZ9f4wpvPF0Ic3pIZiF6cGgxZ7lNjv2OC58BgC-g&oe=66D3CE35&_nc_sid=db7772', 'post_datetime': '2024-08-27 23:08:01', 'post_description': '🖋️ 아름답다.\n\n이 책을 한줄로 표현한다면 그렇다. 버스를 타는 것. 카페를 가는 것. 아침에 일어나는 것. 정말 소소한 일상이지만 저자의 눈으로 바라보고 표현한 일상은 부드럽게 다가와 마음 속에 자리 잡는다.\n\n일상이 여행이 된다면 얼마나 좋을까. 하루하루가 똑같고 지루하게 느껴져도 사소한 것 하나하나에 아름다움을 발견할 수 있는 사람이 되고 싶다.\n\n📗 #나와의연락 #유지혜 #북노마드\n\n🔖 #독서 #북스타그램 #책 #독서스타그램 #여행'}, {'user_id': 'ai.gi.book', 'posts_count': '62', 'post_text': 'Photo by @ai.gi.book on August 26, 2024. May be an image of text.', 'post_image': 'https://scontent-ssn1-1.cdninstagram.com/v/t51.29350-15/457024893_1251460082963650_1330866893300619847_n.jpg?stp=dst-jpg_e35&efg=eyJ2ZW5jb2RlX3RhZyI6ImltYWdlX3VybGdlbi4xNDQweDE4MDAuc2RyLmYyOTM1MC5kZWZhdWx0X2ltYWdlIn0&_nc_ht=scontent-ssn1-1.cdninstagram.com&_nc_cat=110&_nc_ohc=ET0FYYiaAbUQ7kNvgFl3bqR&edm=ADW0ovcBAAAA&ccb=7-5&ig_cache_key=MzQ0MzUwMDk0MjM1NTEzMjY0Mg%3D%3D.2-ccb7-5&oh=00_AYCNLUQ9nQ-MalMMLpvcRf0vlp-03okMRa_0QfO5b6lxGQ&oe=66D3D11D&_nc_sid=db7772', 'post_datetime': '2024-08-27 09:08:42', 'post_description': '과도한 욕망보다 큰 참사는 없다. 불만족보다 큰 죄는 없다. 탐욕보다 큰 재앙은 없다.”\n \n노자老子의 말에서 보듯 탐욕은 재앙을 부르는 과도한 욕망일 뿐이다. 그런데도 인간은 이 단순한 진리를 모른다. 그것은 인간이란 우주의 하루살이에 불과한 존재이기 때문이다.\n마르쿠스 아우렐리우스 또한 인간을 하루살이로 비유했다.\n \n“우리는 모두 하루살이에 불과하다.” - <지금은 아우렐리우스를 읽어야 할 때>, 김옥림 - 밀리의 서재\nhttps://www.millie.co.kr/v3/bookDetail/2f66e5384b5240d4\n\n우리는 모두 하루살이'}]
CSV 파일에 데이터 저장 중...
CSV 파일에 데이터 저장 완료
성공/실패 평가 중...
성공한 사람: ['terrys_reading', 'rdnmgo', '42lines_', 'euiclee.books', 'ai.gi.book']
실패한 사람: []
요약 이미지 생성 중...
요약 이미지 생성 완료
포스트 이미지 생성 중...
terrys_reading의 이미지 생성 중...
terrys_reading의 이미지 생성 완료
terrys_reading의 텍스트 이미지 생성 중...
terrys_reading의 텍스트 이미지 생성 완료
rdnmgo의 이미지 생성 중...
rdnmgo의 이미지 생성 완료
rdnmgo의 텍스트 이미지 생성 중...
rdnmgo의 텍스트 이미지 생성 완료
42lines_의 이미지 생성 중...
42lines_의 이미지 생성 완료
42lines_의 텍스트 이미지 생성 중...
42lines_의 텍스트 이미지 생성 완료
euiclee.books의 이미지 생성 중...
euiclee.books의 이미지 생성 완료
euiclee.books의 텍스트 이미지 생성 중...
euiclee.books의 텍스트 이미지 생성 완료
ai.gi.book의 이미지 생성 중...
ai.gi.book의 이미지 생성 완료
ai.gi.book의 텍스트 이미지 생성 중...
ai.gi.book의 텍스트 이미지 생성 완료
포스트 이미지 생성 완료
이미지 업로드 시작...
사진 업로드 중...
새 게시물 버튼 클릭 완료
다음 버튼 클릭 중...
다음 버튼 클릭 완료
다음 버튼 클릭 중...
다음 버튼 클릭 완료
성공/실패 평가 중...
성공한 사람: ['terrys_reading', 'rdnmgo', '42lines_', 'euiclee.books', 'ai.gi.book']
실패한 사람: []
설명 입력 중...
설명 입력 완료
게시물 공유 중...
게시물 공유 완료
사진 업로드 완료
이미지 업로드 완료
드라이버 종료
프로그램 시작
드라이버 설정 중...
드라이버 설정 완료
인스타그램 로그인 시도 중...
로그인 정보 입력 완료
로그인 정보 저장 버튼 클릭 중...
로그인 정보 저장 버튼 클릭 완료
정보 수집 시작...
terrys_reading의 정보 수집 중...
terrys_reading의 게시물에 '더 보기' 버튼 없음
좋아요 버튼을 클릭했습니다.
terrys_reading의 정보 수집 완료
rdnmgo의 정보 수집 중...
rdnmgo의 게시물에 '더 보기' 버튼 없음
좋아요 버튼을 클릭했습니다.
rdnmgo의 정보 수집 완료
42lines_의 정보 수집 중...
42lines_의 게시물에 '더 보기' 버튼 없음
좋아요 버튼을 클릭했습니다.
42lines_의 정보 수집 완료
euiclee.books의 정보 수집 중...
euiclee.books의 게시물에 '더 보기' 버튼 없음
좋아요 버튼을 클릭했습니다.
euiclee.books의 정보 수집 완료
ai.gi.book의 정보 수집 중...
ai.gi.book의 게시물에 '더 보기' 버튼 없음
좋아요 버튼을 클릭했습니다.
ai.gi.book의 정보 수집 완료
정보 수집 완료
[{'user_id': 'terrys_reading', 'posts_count': '57', 'post_text': 'Photo by @terrys_reading on August 28, 2024. May be an image of poster, book and text.', 'post_image': 'https://scontent-ssn1-1.cdninstagram.com/v/t51.29350-15/457381239_1040604434389925_3407660373927578280_n.jpg?stp=dst-jpg_e15&efg=eyJ2ZW5jb2RlX3RhZyI6ImltYWdlX3VybGdlbi4xMDgweDEwODAuc2RyLmYyOTM1MC5kZWZhdWx0X2ltYWdlIn0&_nc_ht=scontent-ssn1-1.cdninstagram.com&_nc_cat=105&_nc_ohc=MBAu-m9fc-kQ7kNvgF4P055&edm=ADW0ovcBAAAA&ccb=7-5&ig_cache_key=MzQ0NDY3MzE2NjAyMTM4OTMxMQ%3D%3D.2-ccb7-5&oh=00_AYBJbYDfpDVweTAZG68CE_OSUPqHIIarAZOUK1M9TdW18g&oe=66D50882&_nc_sid=db7772', 'post_datetime': '2024-08-28 23:57:42', 'post_description': '컨설팅 다시보기\n\n가장 핵심적 역량은 문제 해결 역량, 프로젝트 관리 역량, 소통 역량이다. 훌륭한 컨설턴트가 되고자 한다면 1. 먼저 글로벌 기업에서 5년 정도 근무하고 2. 초기의 성실함으로 고객의 신뢰를 사야 하며 3. 시간을 갈아넣을 수 있을 정도의 체력이 존재해야 한다.'}, {'user_id': 'rdnmgo', 'posts_count': '59', 'post_text': 'Photo by @rdnmgo on August 28, 2024. May be an image of 1 person, poster, book, magazine and text.', 'post_image': 'https://scontent-ssn1-1.cdninstagram.com/v/t51.29350-15/457045351_1033651684872520_2316487449394798812_n.jpg?stp=dst-jpg_e15&efg=eyJ2ZW5jb2RlX3RhZyI6ImltYWdlX3VybGdlbi42MTJ4NjEyLnNkci5mMjkzNTAuZGVmYXVsdF9pbWFnZSJ9&_nc_ht=scontent-ssn1-1.cdninstagram.com&_nc_cat=104&_nc_ohc=dOfpaNSoTiQQ7kNvgHCIRfX&edm=ADW0ovcBAAAA&ccb=7-5&ig_cache_key=MzQ0NDU0MDI3MjUyMjc1MjU5NA%3D%3D.2-ccb7-5&oh=00_AYDazE4AUMxbAuyfQYCJ0YSMOhJl56nvRSqR9ipoNRnNvA&oe=66D526D8&_nc_sid=db7772', 'post_datetime': '2024-08-28 19:33:40', 'post_description': '### <흔들리지 않는 돈의 법칙> 07-3 맞춤식 자산배분\n\n이제 어떤 재료를 활용할 수 있는지 알았으니 그것들을 어떻게 완벽히 조합해 맛있는 식사를 만들 수 있는지 알아보자. 사실을 말하자면 모든 사람에게 꼭 들어맞는 하나의 정답은 없다. 그럼에도 많은 재무상담사들이 고객들의 다양한 니즈를 무시하고 판에 박힌 접근법을 사용한다.\n\n**그들이 공통적으로 사용하는, 그러나 잘못된 한 가지 방법은 투자자의 나이를 기준 삼아 포트폴리오의 채권 비율을 조정하는 것이다.** 예를 들어 고객이 55세라면 자산의 55%를 채권에 배분하는 식이다. 내가 보기에 이건 너무 단순한 방법이다. **투자 자산의 배분은 지금 ‘당신’이 개인적으로 달성하고자 하는 목표와 반드시 일치해야 한다.** 자녀의 대학등록금을 모으는 55세 싱글맘과 운영하던 사업체를 수백만 달러에 매각하고 자선사업에 전념하고 싶은 55세의 사업가는 완전히 다른 목표를 갖고 있기 때문이다.\n\n또 다른 흔한 자산배분 방식은 고객의 위험 감수 수준에 맞추는 것이다. 투자를 앞두고 보수적인 투자자인지 공격적인 투자자인지 묻는 질문지에 답한 적이 있을 것이다. 재무상담사들은 설문 결과에 맞춰 미리 설정되어 있는 모델 포트폴리오를 구입하라고 추천한다. 내가 보기에는 이런 접근법 역시 고객의 니즈를 무시하기 때문에 그리 권할 것이 못 된다.\n\n**그렇다면 자산배분이라는 어려운 과제에 어떤 식으로 접근해야 할까? 당신과 당신의 재무상담사가 대답해야 할 진짜 질문은 “어떠한 자산군이 지금 당신이 있는 곳에서 ‘도달해야 할 곳’까지 갈 수 있는 가능성을 가장 높여주는가?”다. 요컨대 포트폴리오는 당신만의 ‘니즈’에 맞춰져 있어야 한다.**\n\n**재무상담사가 가장 먼저 알아야 할 사항은 지금 당신이 있는 곳(시작점)과 당신이 돈을 얼마나 모을 의향이 있고 또 얼마나 모을 수 있는지, 그리고 목표를 달성하기 위해서는 얼마나 많은 자금이 필요하고 또 언제 그것을 필요로 할지(종착점)다.** 일단 고객의 니즈를 정확히 파악하고 난 뒤 이를 실현할 수 있는 ‘맞춤 솔루션’을 제시한다. 물론 전문가를 고용하지 않고 혼자 하는 방법도 있지만 그럴 경우 일이 잘못될 확률이 높고, 그렇게 되는 것은 당신도 원하지 않을 것이다. **그러므로 이 문제와 관련해 특별히 해박한 지식을 갖고 있지 않는 한 전문가의 도움을 구하는 편이 낫다.**\n\n은퇴를 하려면 앞으로 15년간 연 7% 수익을 올려야 한다고 가정해보자. 당신의 재무상담사는 포트폴리오의 75%를 주식에, 그리고 나머지 25%를 채권에 투자해야 한다는 결론을 내릴지도 모른다. 당신이 지금 50세인지 60세인지는 중요하지 않다. **자산배분을 결정짓는 것은 ‘나이’가 아니라 당신의 ‘니즈’라는 사실을 명심하라. 재무상담사가 당신의 니즈를 충족시킬 적절한 자산배분 비율을 결정했다면 이번에는 당신이 시장 변동성을 얼마나 감수할 수 있는지 판단한다. 당신이 변동성에 ‘취약하다면’ 목표를 하향조정하면 된다. 재무상담사는 하향조정된 목표에 맞춰 포트폴리오를 보다 보수적으로 구성할 것이다.**\n\n노련한 재무상담사는 고객의 재무 상황이 얼마나 독특하든 거기에 맞춰 포트폴리오를 최적화할 수 있다. 당신이 석유회사에서 일하고 있고 순자산의 상당 비율이 스톡옵션의 형태로 존재한다면, 재무상담사는 포트폴리오의 다른 자산군이 에너지 부문에 지나치게 의존하지 않게 조정할 것이다.\n\n**우선적으로 고려할 또 다른 사항은 세금을 최소화하는 계획을 짜는 것이다.**\n완벽한 세상이라면 그의 말이 옳을 것이다. 하지만 만일 당신이 지금껏 꽤 잘하고 있었고, 투자 자산을 팔 경우 자산소득 때문에 오히려 상당한 세금을 내야 한다면 어떨까? 어쩌면 그 때문에 목표 달성을 하기까지 지금보다 더 오랜 시간이 걸리는 전략을 사용해야 할지도 모른다. 예를 들면 정기 납입액을 늘려 보다 점진적으로 자산 재배분을 진행한다든가 말이다.\n\n**요는 당신의 특정 니즈를 충족시켜주는 포트폴리오를 구축할 능력과 지식을 갖춘 재무상담사가 필요하다는 뜻이다.**'}, {'user_id': '42lines_', 'posts_count': '58', 'post_text': 'Photo by @42lines_ on August 27, 2024. May be an illustration of one or more people, magazine, poster, calendar and text.', 'post_image': 'https://scontent-ssn1-1.cdninstagram.com/v/t51.29350-15/457079086_2178322222553417_5060312019038933185_n.jpg?stp=dst-jpg_e35&efg=eyJ2ZW5jb2RlX3RhZyI6ImltYWdlX3VybGdlbi4xMDgweDEwODAuc2RyLmYyOTM1MC5kZWZhdWx0X2ltYWdlIn0&_nc_ht=scontent-ssn1-1.cdninstagram.com&_nc_cat=105&_nc_ohc=F7VSLV_7nnwQ7kNvgGRd9z1&edm=ADW0ovcBAAAA&ccb=7-5&ig_cache_key=MzQ0NDMzNDcwMDAzNTA3MjEzNQ%3D%3D.2-ccb7-5&oh=00_AYBg-g5phyayYuXhnp_mHG6Myxwr3e0eApjoeb5GqDuC9Q&oe=66D5096D&_nc_sid=db7772', 'post_datetime': '2024-08-28 12:45:14', 'post_description': '근대는 기차에서 시작되었다. 기차 덕분에 멀리 나갈 수 있었고, 주말여행이 가능해지고, 시간 개념이 생겼다. 미래는 새로운 교통수단, 즉 자율주행 모빌리티에서 올 수 있다. 스스로 움직이는 공간 덕분에 높이 올라갈 수 있고, 짧은 여행이 가능해지고, 고도 개념이 생길 수 있다.\n\n<2024 트렌드 노트>, 정석환, 박현영, 이원희, 김종민, 김정구, 정현아, 신예은'}, {'user_id': 'euiclee.books', 'posts_count': '58', 'post_text': '🖋️ 혁신이란 무엇일까?\n\n혁신을 창조하는 것. 일상 속에서 정말 수많은 불편함과 문제들이 넘쳐난다. 그런 불편함과 문제들을 발견해 정의하고 새로운 방법으로 해결했을 때 우리는 그것을 혁신이라고 부른다.\n\n현실에 안주하게 되면 혁신은 존재할 수가 없다. 끊임없이 나아가고 발전해야 혁신을 이루고 있다고 말 할 수 있을 것이다.\n\n세상에는 정말 수많은 기업들이 있다. 기업 입장에서 어쩌면 혁신은 필수불가결하지 않을까 싶다. 이처럼 혁신도 물론 중요하지만 비즈니스 모델이 없이는 살아남을 수 없는 것이 기업이다. 수많은 기업들이 어떻게 비즈니스 모델을 적용시켰을지 궁금해진다.\n\n📗 #한장으로끝내는비즈니스모델100 #곤도데쓰로 #청림출판\n\n🔖 #독서 #북스타그램 #책 #독서스타그램 #혁신', 'post_image': 'https://scontent-ssn1-1.cdninstagram.com/v/t51.29350-15/457259676_540062998582957_2468440471294896784_n.jpg?stp=dst-jpg_e15&efg=eyJ2ZW5jb2RlX3RhZyI6ImltYWdlX3VybGdlbi4xMDgweDEwODAuc2RyLmYyOTM1MC5kZWZhdWx0X2ltYWdlIn0&_nc_ht=scontent-ssn1-1.cdninstagram.com&_nc_cat=101&_nc_ohc=nQ-5XW5mZQwQ7kNvgGUlOn_&edm=ADW0ovcBAAAA&ccb=7-5&ig_cache_key=MzQ0NDY0Mjg2NzY5OTExMTgyNw%3D%3D.2-ccb7-5&oh=00_AYAxH02k91TbmBqS_q3V-PjiFh1_nn4lS8YkMlGyK8YHlg&oe=66D50E12&_nc_sid=db7772', 'post_datetime': '2024-08-28 22:57:31', 'post_description': '🖋️ 혁신이란 무엇일까?\n\n혁신을 창조하는 것. 일상 속에서 정말 수많은 불편함과 문제들이 넘쳐난다. 그런 불편함과 문제들을 발견해 정의하고 새로운 방법으로 해결했을 때 우리는 그것을 혁신이라고 부른다.\n\n현실에 안주하게 되면 혁신은 존재할 수가 없다. 끊임없이 나아가고 발전해야 혁신을 이루고 있다고 말 할 수 있을 것이다.\n\n세상에는 정말 수많은 기업들이 있다. 기업 입장에서 어쩌면 혁신은 필수불가결하지 않을까 싶다. 이처럼 혁신도 물론 중요하지만 비즈니스 모델이 없이는 살아남을 수 없는 것이 기업이다. 수많은 기업들이 어떻게 비즈니스 모델을 적용시켰을지 궁금해진다.\n\n📗 #한장으로끝내는비즈니스모델100 #곤도데쓰로 #청림출판\n\n🔖 #독서 #북스타그램 #책 #독서스타그램 #혁신'}, {'user_id': 'ai.gi.book', 'posts_count': '63', 'post_text': 'Photo by @ai.gi.book on August 27, 2024. May be an image of text.', 'post_image': 'https://scontent-ssn1-1.cdninstagram.com/v/t51.29350-15/457303568_1041165931013101_5726068052176330568_n.jpg?stp=dst-jpg_e35&efg=eyJ2ZW5jb2RlX3RhZyI6ImltYWdlX3VybGdlbi4xNDQweDE4MDAuc2RyLmYyOTM1MC5kZWZhdWx0X2ltYWdlIn0&_nc_ht=scontent-ssn1-1.cdninstagram.com&_nc_cat=101&_nc_ohc=cw1MgoxS4PoQ7kNvgGO5i_q&edm=ADW0ovcBAAAA&ccb=7-5&ig_cache_key=MzQ0NDE4MTIzMTU1MzMwMDU0NA%3D%3D.2-ccb7-5&oh=00_AYCsKP15UcFh6BFz03gfE3Tj1Od-YXJFifXCkuo2vpX-4g&oe=66D4F8D1&_nc_sid=db7772', 'post_datetime': '2024-08-28 07:40:19', 'post_description': '허세는 무서운 사기꾼이다.\n그리고 당신이 하는 일이\n가장 가치 있는 것이라고 믿을 때야말로\n가장 속기 쉬운 때이다.\n명상록 16 - <지금은 아우렐리우스를 읽어야 할 때>, 김옥림 - 밀리의 서재\nhttps://www.millie.co.kr/v3/bookDetail/2f66e5384b5240d4\n\n허세 없이 살기'}]
CSV 파일에 데이터 저장 중...
CSV 파일에 데이터 저장 완료
성공/실패 평가 중...
성공한 사람: ['terrys_reading', 'rdnmgo', '42lines_', 'euiclee.books', 'ai.gi.book']
실패한 사람: []
요약 이미지 생성 중...
요약 이미지 생성 완료
포스트 이미지 생성 중...
terrys_reading의 이미지 생성 중...
terrys_reading의 이미지 생성 완료
terrys_reading의 텍스트 이미지 생성 중...
terrys_reading의 텍스트 이미지 생성 완료
rdnmgo의 이미지 생성 중...
rdnmgo의 이미지 생성 완료
rdnmgo의 텍스트 이미지 생성 중...
rdnmgo의 텍스트 이미지 생성 완료
42lines_의 이미지 생성 중...
42lines_의 이미지 생성 완료
42lines_의 텍스트 이미지 생성 중...
42lines_의 텍스트 이미지 생성 완료
euiclee.books의 이미지 생성 중...
euiclee.books의 이미지 생성 완료
euiclee.books의 텍스트 이미지 생성 중...
euiclee.books의 텍스트 이미지 생성 완료
ai.gi.book의 이미지 생성 중...
ai.gi.book의 이미지 생성 완료
ai.gi.book의 텍스트 이미지 생성 중...
ai.gi.book의 텍스트 이미지 생성 완료
포스트 이미지 생성 완료
이미지 업로드 시작...
사진 업로드 중...
새 게시물 버튼 클릭 완료
다음 버튼 클릭 중...
다음 버튼 클릭 완료
다음 버튼 클릭 중...
다음 버튼 클릭 완료
성공/실패 평가 중...
성공한 사람: ['terrys_reading', 'rdnmgo', '42lines_', 'euiclee.books', 'ai.gi.book']
실패한 사람: []
설명 입력 중...
설명 입력 완료
게시물 공유 중...
게시물 공유 완료
사진 업로드 완료
이미지 업로드 완료
드라이버 종료
프로그램 시작
드라이버 설정 중...
드라이버 설정 완료
인스타그램 로그인 시도 중...
로그인 정보 입력 완료
로그인 정보 저장 버튼 클릭 중...
로그인 정보 저장 버튼 클릭 완료
정보 수집 시작...
terrys_reading의 정보 수집 중...
terrys_reading의 게시물에 '더 보기' 버튼 없음
좋아요 버튼을 클릭했습니다.
terrys_reading의 정보 수집 완료
rdnmgo의 정보 수집 중...
rdnmgo의 게시물에 '더 보기' 버튼 없음
좋아요 버튼을 클릭했습니다.
rdnmgo의 정보 수집 완료
42lines_의 정보 수집 중...
42lines_의 게시물에 '더 보기' 버튼 없음
좋아요 버튼을 클릭했습니다.
42lines_의 정보 수집 완료
euiclee.books의 정보 수집 중...
euiclee.books의 게시물에 '더 보기' 버튼 없음
좋아요 버튼을 클릭했습니다.
euiclee.books의 정보 수집 완료
ai.gi.book의 정보 수집 중...
ai.gi.book의 게시물에 '더 보기' 버튼 없음
좋아요 버튼을 클릭했습니다.
ai.gi.book의 정보 수집 완료
정보 수집 완료
[{'user_id': 'terrys_reading', 'posts_count': '58', 'post_text': 'Photo by @terrys_reading on August 29, 2024. May be an image of book, poster and text.', 'post_image': 'https://scontent-ssn1-1.cdninstagram.com/v/t51.29350-15/456504134_3835866959990577_1205215120688669657_n.jpg?stp=dst-jpg_e15&efg=eyJ2ZW5jb2RlX3RhZyI6ImltYWdlX3VybGdlbi4xMDgweDEwODAuc2RyLmYyOTM1MC5kZWZhdWx0X2ltYWdlIn0&_nc_ht=scontent-ssn1-1.cdninstagram.com&_nc_cat=109&_nc_ohc=rLaFEiEQpTwQ7kNvgGVqMPs&edm=ADW0ovcBAAAA&ccb=7-5&ig_cache_key=MzQ0NTM5ODg2MDY2NTg2OTU5OA%3D%3D.2-ccb7-5&oh=00_AYCCFlFyxL1Z_40wbC_1wT8AqBNdO9Qaotw_dAtOrp2Ipg&oe=66D6694F&_nc_sid=db7772', 'post_datetime': '2024-08-29 23:59:32', 'post_description': '21세기 들어 컨설팅 산업은 아래와 같은 세 가지 특징이 발생하기 시작했다. 1. 회계와 컨설팅 부문이 구분되었고, 2. 컨설팅 영역 간의 구분이 희미해졌으며, 3. 사고 리더쉽 강화에 집중했다. 첫 번째 구분은 엔론 사태의 부정으로 인한 것이었다.'}, {'user_id': 'rdnmgo', 'posts_count': '60', 'post_text': 'Photo by @rdnmgo on August 28, 2024. May be an image of 1 person, poster, book, magazine and text that says \'UN SHAKEABLE YOUR FINANCIAL FREEDOM PLAYBOOK 토니 로빈스 지음 박습라 경 청철진 ዘፉ 一 흔들리지 않는 돈의법칙 세계0.00%부의거인플의어니시크맛 0.001% 거인들의 머니 시크릿 워런 버핏, 존 템플턴, 억만장자들의 비밀을 푼단 하나의 "혼들리지 마라, 현혹되지 마라, 부자 될 부자될기회 기회 있다!" 뉴욕타임스 베스트셀러 1위 아마즌 베스트셀러 베스트 셀러 1위 <네 인에 잡든 거인을 깨워라) 저자 신작! 존보글 앨런그린스편 강력 강력수천! 추천! RHK ግገዓታጣ\'.', 'post_image': 'https://scontent-ssn1-1.cdninstagram.com/v/t51.29350-15/455926274_352834511228224_2498500790395355905_n.jpg?stp=dst-jpg_e15&efg=eyJ2ZW5jb2RlX3RhZyI6ImltYWdlX3VybGdlbi42MTJ4NjEyLnNkci5mMjkzNTAuZGVmYXVsdF9pbWFnZSJ9&_nc_ht=scontent-ssn1-1.cdninstagram.com&_nc_cat=104&_nc_ohc=PBRNayO8FmwQ7kNvgFFMa1-&edm=ADW0ovcBAAAA&ccb=7-5&ig_cache_key=MzQ0NTA1MDc1MzEwMDQ3MTQ2Ng%3D%3D.2-ccb7-5&oh=00_AYCrkgKIpASIdyb9id8ueg9ORHD81OsRdc6K6eoxOE9VqA&oe=66D67067&_nc_sid=db7772', 'post_datetime': '2024-08-29 12:27:54', 'post_description': '### <흔들리지 않는 돈의 법칙> 07-4 포트폴리오를 구성할 때유념해야 할 6가지 원칙\n\n나는 크리에이티브 플래닝이 철석같이 준수하는 이 원칙이 맑은 날이든 흐린 날이든 당신에게 큰 도움이 될 것이라 자신한다!\n\n1. **자산배분은 수익을 창출한다.**\n**자산배분은 투자수익률을 결정하는 가장 중요한 요인이다. 그러므로 주식과 채권, 대안투자의 적절한 비율과 조합을 결정하는 것이야말로 투자에 있어 가장 중요한 결정이라 할 수 있다. 반드시 여러 종류의 자산군을 국제적으로 분산투자하라.**\n여기서 배울 교훈은 당신의 미래를 한 국가나 하나의 자산군에 맡기지 말라는 것이다.\n\n2. **인덱스펀드를 포트폴리오의 핵심으로 이용하라.**\n크리에이티브 플래닝은 자산배분에 있어 ‘핵심과 탐구’라고 부르는 접근법을 활용한다. **우리 고객들의 포트폴리오 ‘핵심’ 구성요소는 미국 주식과 해외 선진시장 주식이다. 우리는 인덱스펀드를 이용해 투자하는데, 비용이 적게 들고 세금도 적게 떼며 투자군이 무척 다양할 뿐만 아니라 장기적으로 거의 모든 액티브펀드를 능가하기 때문이다. 또한 우리는 다각화를 극대화하기 위해 대형주와 중형주, 소형주, 초소형주에 이르기까지 모든 규모의 주식에 골고루 투자한다.** 이 같은 폭넓은 분산투자는 시장의 한 부문(예를 들어 기술주나 은행주)이 폭락하더라도 위험에서 보호받을 수 있다. 또한 인덱스펀드에 투자하면 세금이나 기타 부대비용에 잠식되지 않고 장기적인 수익 효과를 만끽할 수 있다.\n\n3. **항상 보호막을 유지하라.**\n**상황이 악화되어 최악의 시점에 마지못해 주식을 팔고 싶지는 않을 것이다. 그런 일이 없도록 대비하려면 금전적인 방어 수단을 미리 마련해두는 것이 좋다.** 우리는 채권과 부동산투자신탁, MLP나 유배주(배당이 지급되는 주식) 등에 투자하여 고객들이 적당한 소득을 얻을 수 있도록 조처한다. 또 이러한 자산군 ‘내’에서도 폭넓은 다각화를 유지할 수 있도록, 가령 국채나 지방채, 회사채를 골고루 보유한다. **만일 주가가 폭락하면 이런 투자 지분을 일부 매각해(유동성이 있는 채권이 가장 안전하다) 저평가 주식에 투자할 수도 있다. 이는 약세장에 대한 두려움을 없애고 오히려 반가운 친구로 여길 수 있게 해준다.**\n\n4. 7의 법칙을 기억하라.\n우리는 고객들이 채권이나 MLP 같은 소득 창출형 투자에 7년 치 소득을 투자하는 것을 가장 이상적으로 여긴다. 주가가 폭락하면 이런 소득 창출 자산을 이용해 고객들의 단기적 니즈를 충족시킬 수 있기 때문이다. **그만한 저축을 할 여력이 없는 경우에는 어떻게 할까? 실현가능한 목표를 재설정하고, 진행 상황에 따라 목표를 천천히 올려가면 된다. 예를 들어 처음에는 3개월 혹은 6개월 치 소득을 목표로 시작해, 이후 오랜 기간에 걸쳐 7년 치 소득을 향해 전진하라.**\n여기서 배울 수 있는 교훈은 장기 복리와 꾸준한 저축이 결합했을 때 발생할 힘을 결코 과소평가하지 말라는 것이다.\n\n5. **계속해서 탐구하라.**\n**우리 포트폴리오의 ‘핵심’은 시장수익률과 일치하는 인덱스펀드에 투자하는 것이다. 그러나 여유가 있다면 그보다 좋은 성과를 낼 수도 있는 합리적인 전략을 ‘탐구’하는 것도 좋다.** 예를 들어 고소득 투자자라면 사모펀드 같은 고위험 고수익 투자를 추가할 수 있다. 워런 버핏 같은 거물 투자자가 다른 이들에 비해 뛰어나다고 판단한다면 그의 회사인 버크셔해서웨이 Berkshire Hathaway에 투자할 수도 있다.\n\n6. **포트폴리오를 재조정하라.**\n**나는 포트폴리오의 자산 비율을 정기적으로(가령 1년에 한 번) 재조정하는 이른바 ‘리밸런싱 Rebalancing’의 열렬한 신봉자다. 크리에이티브 플래닝의 경우에는 연말이나 특정 분기가 올 때까지 기다리는 것이 아니라 가능한 기회가 생길 때마다 포트폴리오를 조정한다. 예를 들어 당신의 포트폴리오가 주식 60%와 채권 40%로 구성되어 있다고 치자. 주가가 하락하자 당신의 자산 비율은 주식이 45%, 채권 55%로 변화했다. 그러면 당신은 채권 일부를 팔고 주식을 구입해 다시 처음과 같은 60\u2005대\u200540 비율로 조정할 수 있다.** 프린스턴대학교 교수인 버튼 맬킬이 토니에게 말했듯이, 성공하지 못한 투자자는 ‘가격이 오른 것을 사고 가격이 내린 것을 파는’ 경향이 있다. 맬킬에 따르면 리밸런싱의 한 가지 이점은 인기 없는 저평가된 자산을 구입함으로써 ‘정확히 그 반대로 하게’ 된다는 것이다.'}, {'user_id': '42lines_', 'posts_count': '59', 'post_text': 'Photo by @42lines_ on August 28, 2024. May be an illustration of one or more people, magazine, poster, calendar and text.', 'post_image': 'https://scontent-ssn1-1.cdninstagram.com/v/t51.29350-15/457390434_528234296381489_4051697630668155099_n.jpg?stp=dst-jpg_e35&efg=eyJ2ZW5jb2RlX3RhZyI6ImltYWdlX3VybGdlbi4xMDgweDEwODAuc2RyLmYyOTM1MC5kZWZhdWx0X2ltYWdlIn0&_nc_ht=scontent-ssn1-1.cdninstagram.com&_nc_cat=105&_nc_ohc=1MQSE6KLWlAQ7kNvgEm2Vhr&_nc_gid=c1f0931d70a94171a210c38d8e6dcaf5&edm=AEhyXUkBAAAA&ccb=7-5&ig_cache_key=MzQ0NTA3Mjg1NjY4Njc0Mjk3OQ%3D%3D.2-ccb7-5&oh=00_AYDMr_KIAq_P-omWJmsl36nHatmjXdc9yzvVJotuB7KOiA&oe=66D65464&_nc_sid=8f1549', 'post_datetime': '2024-08-29 13:11:49', 'post_description': '고유성은 시그너처 사진, 인생샷 포토존으로 대표될 수 있다. 사진만으로는 안 되지만 사진으로 표현되지 않아서는 널리 알려질 수가 없다. 최근 주목받는 대표적인 인생샷은 채석강의 요술램프 같은 해식동굴이다. ‘#채석강’만 검색해도 비슷한 사진들이 나온다. 가장 훌륭하고 아름다운 곳이 아니라 사람들이 인지하는 곳이 여행 후보지가 된다. 인지하기 위해서는 알려져야 하고, 알려지기 위해서는 시그너처 사진이 필요하다. 그런 면에서 채석강은 인근의 어떤 관광지보다 성공적이다.\n\n<2024 트렌드 노트>, 정석환, 박현영, 이원희, 김종민, 김정구, 정현아, 신예은'}, {'user_id': 'euiclee.books', 'posts_count': '59', 'post_text': '🖋️ 무엇을 하지 않을 것인지 선택하는 것.\n\n단순한 작업이나, 시간 낭비를 하지 마라. 즉 될 수 있으면 시간을 돈으로 사라는 말인 것 같다.\n�\n어쩌면 지금은 레버리지를 할 수 있기에 정말 좋은 시대가 아닐까하는 생각이 든다. ai의 등장으로 대체될 수도 있다는 두려움과 동시에 잘만 활용한다면 생산성을 엄청나게 끌어올려줄 수 있는 도구로 활용할 수가 있다.\n�\n혼자 힘으로 할 수 있는 것은 한계가 분명히 존재한다. 내 한계를 인정하는 것. 그리고 그 한계를 돌파하기 위해 사람을 보는 눈과 어떤 것을 버려야하고 선택해야 하는지 결정할 수 있는 눈을 기르는 것이 가장 중요하지 않을까 싶다.\n\n📗 #레버리지 #롭무어 #다산북스\n\n🔖 #독서 #북스타그램 #책 #독서스타그램', 'post_image': 'https://scontent-ssn1-1.cdninstagram.com/v/t51.29350-15/457367093_762255349270395_2634152547285045884_n.jpg?stp=dst-jpg_e15&efg=eyJ2ZW5jb2RlX3RhZyI6ImltYWdlX3VybGdlbi4xMDgweDEwODAuc2RyLmYyOTM1MC5kZWZhdWx0X2ltYWdlIn0&_nc_ht=scontent-ssn1-1.cdninstagram.com&_nc_cat=103&_nc_ohc=A7sgQ1d6kfcQ7kNvgE8v6fV&edm=AEhyXUkBAAAA&ccb=7-5&ig_cache_key=MzQ0NTM0ODk0NzQ3OTUxMzQxNg%3D%3D.2-ccb7-5&oh=00_AYCDov6wjJ-TueF7tFtrG_0hNhUCVPTegYOCBCokW2azCw&oe=66D66A16&_nc_sid=8f1549', 'post_datetime': '2024-08-29 22:20:22', 'post_description': '🖋️ 무엇을 하지 않을 것인지 선택하는 것.\n\n단순한 작업이나, 시간 낭비를 하지 마라. 즉 될 수 있으면 시간을 돈으로 사라는 말인 것 같다.\n�\n어쩌면 지금은 레버리지를 할 수 있기에 정말 좋은 시대가 아닐까하는 생각이 든다. ai의 등장으로 대체될 수도 있다는 두려움과 동시에 잘만 활용한다면 생산성을 엄청나게 끌어올려줄 수 있는 도구로 활용할 수가 있다.\n�\n혼자 힘으로 할 수 있는 것은 한계가 분명히 존재한다. 내 한계를 인정하는 것. 그리고 그 한계를 돌파하기 위해 사람을 보는 눈과 어떤 것을 버려야하고 선택해야 하는지 결정할 수 있는 눈을 기르는 것이 가장 중요하지 않을까 싶다.\n\n📗 #레버리지 #롭무어 #다산북스\n\n🔖 #독서 #북스타그램 #책 #독서스타그램'}, {'user_id': 'ai.gi.book', 'posts_count': '65', 'post_text': 'Photo by @ai.gi.book on August 29, 2024. May be an image of text.', 'post_image': 'https://scontent-ssn1-1.cdninstagram.com/v/t51.29350-15/457629702_366279959865430_2124288770078270180_n.jpg?stp=dst-jpg_e35&efg=eyJ2ZW5jb2RlX3RhZyI6ImltYWdlX3VybGdlbi4xNDQweDE4MDAuc2RyLmYyOTM1MC5kZWZhdWx0X2ltYWdlIn0&_nc_ht=scontent-ssn1-1.cdninstagram.com&_nc_cat=110&_nc_ohc=DQ6gW4ET-3oQ7kNvgHtpAQ6&_nc_gid=8619b3a598154804b6255f118c9ed947&edm=ADW0ovcBAAAA&ccb=7-5&ig_cache_key=MzQ0NTM0MDU2Mzc2OTY4Mjg2OQ%3D%3D.2-ccb7-5&oh=00_AYAhZ8KrDVwznpzuTRcox5G1o-I6QabMYvn-jkj5MVufBw&oe=66D66A88&_nc_sid=db7772', 'post_datetime': '2024-08-29 22:03:42', 'post_description': '우리는 두 손 두 발처럼\n위아래 눈꺼풀처럼 윗니 아랫니처럼\n서로 도우며 살아가야 한다.\n서로에게 화를 내거나 미워하거나 괴롭히는 것은\n자연의 법칙에서 어긋나는 행동이다.\n명상록 25 - <지금은 아우렐리우스를 읽어야 할 때>, 김옥림 - 밀리의 서재\nhttps://www.millie.co.kr/v3/bookDetail/2f66e5384b5240d4\n\n상부상조'}]
CSV 파일에 데이터 저장 중...
CSV 파일에 데이터 저장 완료
성공/실패 평가 중...
성공한 사람: ['terrys_reading', 'rdnmgo', '42lines_', 'euiclee.books', 'ai.gi.book']
실패한 사람: []
요약 이미지 생성 중...
요약 이미지 생성 완료
포스트 이미지 생성 중...
terrys_reading의 이미지 생성 중...
terrys_reading의 이미지 생성 완료
terrys_reading의 텍스트 이미지 생성 중...
terrys_reading의 텍스트 이미지 생성 완료
rdnmgo의 이미지 생성 중...
rdnmgo의 이미지 생성 완료
rdnmgo의 텍스트 이미지 생성 중...
rdnmgo의 텍스트 이미지 생성 완료
42lines_의 이미지 생성 중...
42lines_의 이미지 생성 완료
42lines_의 텍스트 이미지 생성 중...
42lines_의 텍스트 이미지 생성 완료
euiclee.books의 이미지 생성 중...
euiclee.books의 이미지 생성 완료
euiclee.books의 텍스트 이미지 생성 중...
euiclee.books의 텍스트 이미지 생성 완료
ai.gi.book의 이미지 생성 중...
ai.gi.book의 이미지 생성 완료
ai.gi.book의 텍스트 이미지 생성 중...
ai.gi.book의 텍스트 이미지 생성 완료
포스트 이미지 생성 완료
이미지 업로드 시작...
사진 업로드 중...
새 게시물 버튼 클릭 완료
다음 버튼 클릭 중...
다음 버튼 클릭 완료
다음 버튼 클릭 중...
다음 버튼 클릭 완료
성공/실패 평가 중...
성공한 사람: ['terrys_reading', 'rdnmgo', '42lines_', 'euiclee.books', 'ai.gi.book']
실패한 사람: []
설명 입력 중...
설명 입력 완료
게시물 공유 중...
게시물 공유 완료
사진 업로드 완료
이미지 업로드 완료
드라이버 종료
프로그램 시작
드라이버 설정 중...
드라이버 설정 완료
인스타그램 로그인 시도 중...
로그인 정보 입력 완료
로그인 정보 저장 버튼 클릭 중...
로그인 정보 저장 버튼 클릭 완료
정보 수집 시작...
terrys_reading의 정보 수집 중...
terrys_reading의 게시물에 '더 보기' 버튼 없음
좋아요 버튼을 클릭했습니다.
terrys_reading의 정보 수집 완료
rdnmgo의 정보 수집 중...
rdnmgo의 게시물에 '더 보기' 버튼 없음
좋아요 버튼을 클릭했습니다.
rdnmgo의 정보 수집 완료
42lines_의 정보 수집 중...
42lines_의 게시물에 '더 보기' 버튼 없음
좋아요 버튼을 클릭했습니다.
42lines_의 정보 수집 완료
euiclee.books의 정보 수집 중...
euiclee.books의 게시물에 '더 보기' 버튼 없음
좋아요 버튼을 클릭했습니다.
euiclee.books의 정보 수집 완료
ai.gi.book의 정보 수집 중...
ai.gi.book의 게시물에 '더 보기' 버튼 없음
좋아요 버튼을 클릭했습니다.
ai.gi.book의 정보 수집 완료
정보 수집 완료
[{'user_id': 'terrys_reading', 'posts_count': '59', 'post_text': 'Photo by @terrys_reading on August 30, 2024. May be an image of 1 person, book and text that says \'240830(） LILU 문명, 문명,현대화 현대화 그리고 가치투자와 중국 LiL ll is LiLuisnotnormal. not normal. He\'s the Chinese Warren Buffett! CarleMunge 20억으로 20조를 만든 아시아의 위런 버핏, 라루! 버릿이 신뢰하고 칭송하는 리루가 통합한 중국과 가치투자의 미래 PEMETE 가치투이자 "현대화의 본질은 현대 과학 기술과 자유시장경제의 결 합으로 민류 경제를 지속 가능한 복리 성장 상태로 만드 는 것이다." - -53P\'.', 'post_image': 'https://scontent-ssn1-1.cdninstagram.com/v/t51.29350-15/457602817_731151592473782_3266290751047222169_n.jpg?stp=dst-jpg_e15&efg=eyJ2ZW5jb2RlX3RhZyI6ImltYWdlX3VybGdlbi4xMDgweDEwODAuc2RyLmYyOTM1MC5kZWZhdWx0X2ltYWdlIn0&_nc_ht=scontent-ssn1-1.cdninstagram.com&_nc_cat=102&_nc_ohc=WQ9R9g-cMDoQ7kNvgFsUVIp&_nc_gid=b7e705d04954496a8c04f4810156cc6d&edm=ADW0ovcBAAAA&ccb=7-5&ig_cache_key=MzQ0NjEyMzUwNTkyODk4MTI1OA%3D%3D.3-ccb7-5&oh=00_AYDfLsgJ0dWq9CGWxAYOKCV6LCcl8bc1gN8GmF7JuKFLig&oe=66D7CA4E&_nc_sid=db7772', 'post_datetime': '2024-08-30 23:59:16', 'post_description': '리루는 20대 시절부터 날카로웠다. 친구가 하는 모든 말의 허점을 찾아 공격했다. 그에게는 모든 말의 구조가 잡혀있는 듯 했다. 그런 그의 성격 떄문에 리루를 날카로운 사람으로 알고 있었다. 하지만, 그것은 그의 지적 정직성 때문이었다. 그는 자신이 아는 것과 모르는 것을 명확히 구분했으며, 모르는 것을 알기 위해 자신의 온 시간과 정신을 쏟았고, 자신이 모르는 것을 안다고 하지 않았다. 그것이 버핏, 멍거, 리루의 가장 핵심적 공통점이다.\n\n가치투자자의 기질을 지니고 있는지 알고 싶다면 두 가지 질문을 던져보면 된다. 집단에서 거리를 유지하는 것이 마음이 편안한가? 전문 학술인이 될 정도로 큰 호기심을 가지고 있는가?\n\n�'}, {'user_id': 'rdnmgo', 'posts_count': '61', 'post_text': 'Photo by @rdnmgo on August 29, 2024. May be an image of 1 person, poster, book, magazine and text.', 'post_image': 'https://scontent-ssn1-1.cdninstagram.com/v/t51.29350-15/457617349_752425140271840_8498095069620603536_n.jpg?stp=dst-jpg_e15&efg=eyJ2ZW5jb2RlX3RhZyI6ImltYWdlX3VybGdlbi42MTJ4NjEyLnNkci5mMjkzNTAuZGVmYXVsdF9pbWFnZSJ9&_nc_ht=scontent-ssn1-1.cdninstagram.com&_nc_cat=104&_nc_ohc=Jb7M2fhtrioQ7kNvgHha8Ie&edm=ADW0ovcBAAAA&ccb=7-5&ig_cache_key=MzQ0NTc2ODMyNzE2OTc5MDI3NQ%3D%3D.3-ccb7-5&oh=00_AYBeX0oobYwCEKBuG76kXXNn4uTx4j9605v3hKWA70NM5A&oe=66D7B559&_nc_sid=db7772', 'post_datetime': '2024-08-30 12:13:35', 'post_description': '### <흔들리지 않는 돈의 법칙> 07-5 마지막 당부\n\n이 책의 조언을 따른다면 어떤 폭풍우가 몰아쳐도 순조롭게 파도를 타고 넘을 수 있다. 물론 사방에서 암울한 뉴스가 덮쳐오면 잠시 거센 소용돌이에 휘말려 동요하기도 하겠지만, **당신의 포트폴리오가 적절하게 다각화되어 있다는 사실을 명심하면 시장의 어떤 혼란도 안심하고 지켜볼 수 있다.**\n\n**2장에서 조정장을 두려워할 필요가 없음을 배웠다면, 이제는 약세장도 두려워할 필요가 없음을 깨달았길 바란다. 실제로 약세장은 다시없을 할인가를 즐길 최상의 기회이며, 어쩌면 당신도 그 기회를 이용해 완전히 새로운 수준의 부를 쌓을 수 있을지도 모른다. 곰 시장은 고마운 선물이다. 그것도 3년마다 찾아오는 선물이다! 단순히 버티고 살아남아야 하는 시기가 아니라 ‘번성할’ 수 있는 기회다.**\n\n**그러나 우리 모두가 알고 있듯이, 이론과 실제는 다르다.** 약세장에서 주식시장을 박차고 나가 금에 모든 것을 건 내 전 고객을 떠올려보라. 그는 두려움에 굴복한 나머지 완전한 재정적 자유를 위해 신중하게 설계한 계획을 걷어차버렸다. **그처럼 감정에 휘말려 잘못된 길로 빠지지 않으려면 어떻게 해야 할까?**\n\n**다음 장에서 설명하는 부의 심리학에 통달하면 너무나도 흔하고 거듭 반복되는 금융적 실수를 피하고 예방할 수 있다.**'}, {'user_id': '42lines_', 'posts_count': '60', 'post_text': 'Photo by @42lines_ on August 29, 2024. May be an illustration of one or more people, magazine, poster, calendar and text.', 'post_image': 'https://scontent-ssn1-1.cdninstagram.com/v/t51.29350-15/457356482_8234855949929710_533439276696232680_n.jpg?stp=dst-jpg_e35&efg=eyJ2ZW5jb2RlX3RhZyI6ImltYWdlX3VybGdlbi4xMDgweDEwODAuc2RyLmYyOTM1MC5kZWZhdWx0X2ltYWdlIn0&_nc_ht=scontent-ssn1-1.cdninstagram.com&_nc_cat=110&_nc_ohc=LSmf0zqombgQ7kNvgEmzfM1&edm=ADW0ovcBAAAA&ccb=7-5&ig_cache_key=MzQ0NTc0MzE1NDc1NzA3NDI0MQ%3D%3D.3-ccb7-5&oh=00_AYCyidNh8NfyCHNh4EPJsPpn2dJ4OvOMs-e9Y9kWVwnWig&oe=66D7B38F&_nc_sid=db7772', 'post_datetime': '2024-08-30 11:23:35', 'post_description': '최고의 상업과 문화의 도시 서울은 콘텐츠를 품었고, 그 자체로 콘텐츠가 되었다. 의무는 즐거움을 이길 수 없다. 일 보러 가는 서울이 아니라 놀러 가는 서울이 더 파워풀하다.\n\n<2024 트렌드 노트>, 정석환, 박현영, 이원희, 김종민, 김정구, 정현아, 신예은'}, {'user_id': 'euiclee.books', 'posts_count': '60', 'post_text': '🖋️ 세상에는 정말 많은 비즈니스 모델이 존재한다.\n\n그리고 이책은 세상은 넓다는 것을 간접적으로 다시 한 번 느낄 수 있게 해준 책이었다. \n\n옷을 구매할 때 오프라인에서 입어보기만 하고 복잡한 과정 없이 편리하게 온라인에서 더 싸게 살 수 있는 방법이 없을까 생각했던 부분은 보노보스라는 서비스로 이미 존재했고, 회사 간식 서비스인 스낵24는 설립되기 1년전 쁘띠로손이라는 서비스가 해외에 존재했다.\n\n세상은 넓고, 태양 아래 완전히 새로운 것은 없다라는 사실을 다시 한번 알게 되면서도, 아는 것이 힘이라는 말이 어떤 의미인지 알게 되는 것 같다.\n\n📗 #한장으로끝내는비즈니스모델100 #곤도데쓰로 #청림출판\n\n🔖 #독서 #북스타그램 #책 #독서스타그램 #비즈니스 #비즈니스모델', 'post_image': 'https://scontent-ssn1-1.cdninstagram.com/v/t51.29350-15/457495126_3716243732024187_8931609812955325817_n.jpg?stp=dst-jpg_e15&efg=eyJ2ZW5jb2RlX3RhZyI6ImltYWdlX3VybGdlbi4xMDgweDEwODAuc2RyLmYyOTM1MC5kZWZhdWx0X2ltYWdlIn0&_nc_ht=scontent-ssn1-1.cdninstagram.com&_nc_cat=103&_nc_ohc=LDPT9QJdLqgQ7kNvgGjHhb1&edm=ADW0ovcBAAAA&ccb=7-5&ig_cache_key=MzQ0NjAxMjM4OTE5MDQxNDUzNw%3D%3D.3-ccb7-5&oh=00_AYA78sfe9YWZgrBZg1U3INKi0svpxfL0_ycS8D5spXkTAg&oe=66D79602&_nc_sid=db7772', 'post_datetime': '2024-08-30 20:18:31', 'post_description': '🖋️ 세상에는 정말 많은 비즈니스 모델이 존재한다.\n\n그리고 이책은 세상은 넓다는 것을 간접적으로 다시 한 번 느낄 수 있게 해준 책이었다.\n\n옷을 구매할 때 오프라인에서 입어보기만 하고 복잡한 과정 없이 편리하게 온라인에서 더 싸게 살 수 있는 방법이 없을까 생각했던 부분은 보노보스라는 서비스로 이미 존재했고, 회사 간식 서비스인 스낵24는 설립되기 1년전 쁘띠로손이라는 서비스가 해외에 존재했다.\n\n세상은 넓고, 태양 아래 완전히 새로운 것은 없다라는 사실을 다시 한번 알게 되면서도, 아는 것이 힘이라는 말이 어떤 의미인지 알게 되는 것 같다.\n\n📗 #한장으로끝내는비즈니스모델100 #곤도데쓰로 #청림출판\n\n🔖 #독서 #북스타그램 #책 #독서스타그램 #비즈니스 #비즈니스모델'}, {'user_id': 'ai.gi.book', 'posts_count': '67', 'post_text': 'Photo by @ai.gi.book on August 30, 2024. May be an image of text.', 'post_image': 'https://scontent-ssn1-1.cdninstagram.com/v/t51.29350-15/457850660_872328754315103_5023702716922610369_n.jpg?stp=dst-jpg_e35&efg=eyJ2ZW5jb2RlX3RhZyI6ImltYWdlX3VybGdlbi4xNDQweDE4MDAuc2RyLmYyOTM1MC5kZWZhdWx0X2ltYWdlIn0&_nc_ht=scontent-ssn1-1.cdninstagram.com&_nc_cat=111&_nc_ohc=MpALZlqXj94Q7kNvgHLjknW&edm=ADW0ovcBAAAA&ccb=7-5&ig_cache_key=MzQ0NjEyMTEwOTk0NDg3MTM4Mg%3D%3D.3-ccb7-5&oh=00_AYD6zlFNoMfNwYhwOhIDUa7rBRKMUGYOZFVK_2inHeFnkw&oe=66D7CC93&_nc_sid=db7772', 'post_datetime': '2024-08-30 23:54:30', 'post_description': '마르쿠스 아우렐리우스는 철학자답게 ‘지혜’에 대한 관심이 높았다. 철학에 있어 지혜는 삶의 혜안을 밝히는 등불과도 같다. 다시 말해 철학은 삶을 지혜롭게 살아가는 데 있어 필요한 학문과도 같다고 하겠다. 이에 대해 그는 다음과 같이 말했다.\n \n“당신에게 허락된 시간이 한정되어 있음을 기억해야 한다. 시간을 지혜를 기르는 데 사용하지 않으면 시간도 지나가 버리고 당신도 사라져버려 다시는 되돌질 수 없다 - <지금은 아우렐리우스를 읽어야 할 때>, 김옥림 - 밀리의 서재\nhttps://www.millie.co.kr/v3/bookDetail/2f66e5384b5240d4'}]
CSV 파일에 데이터 저장 중...
CSV 파일에 데이터 저장 완료
성공/실패 평가 중...
성공한 사람: ['terrys_reading', 'rdnmgo', '42lines_', 'euiclee.books', 'ai.gi.book']
실패한 사람: []
요약 이미지 생성 중...
요약 이미지 생성 완료
포스트 이미지 생성 중...
terrys_reading의 이미지 생성 중...
terrys_reading의 이미지 생성 완료
terrys_reading의 텍스트 이미지 생성 중...
terrys_reading의 텍스트 이미지 생성 완료
rdnmgo의 이미지 생성 중...
rdnmgo의 이미지 생성 완료
rdnmgo의 텍스트 이미지 생성 중...
rdnmgo의 텍스트 이미지 생성 완료
42lines_의 이미지 생성 중...
42lines_의 이미지 생성 완료
42lines_의 텍스트 이미지 생성 중...
42lines_의 텍스트 이미지 생성 완료
euiclee.books의 이미지 생성 중...
euiclee.books의 이미지 생성 완료
euiclee.books의 텍스트 이미지 생성 중...
euiclee.books의 텍스트 이미지 생성 완료
ai.gi.book의 이미지 생성 중...
ai.gi.book의 이미지 생성 완료
ai.gi.book의 텍스트 이미지 생성 중...
ai.gi.book의 텍스트 이미지 생성 완료
포스트 이미지 생성 완료
이미지 업로드 시작...
사진 업로드 중...
새 게시물 버튼 클릭 완료
다음 버튼 클릭 중...
다음 버튼 클릭 완료
다음 버튼 클릭 중...
다음 버튼 클릭 완료
성공/실패 평가 중...
성공한 사람: ['terrys_reading', 'rdnmgo', '42lines_', 'euiclee.books', 'ai.gi.book']
실패한 사람: []
설명 입력 중...
설명 입력 완료
게시물 공유 중...
게시물 공유 완료
사진 업로드 완료
이미지 업로드 완료
드라이버 종료
프로그램 시작
드라이버 설정 중...
드라이버 설정 완료
인스타그램 로그인 시도 중...
로그인 정보 입력 완료
로그인 정보 저장 버튼 클릭 중...
로그인 정보 저장 버튼 클릭 완료
정보 수집 시작...
terrys_reading의 정보 수집 중...
terrys_reading의 게시물에 '더 보기' 버튼 없음
좋아요 버튼을 클릭했습니다.
terrys_reading의 정보 수집 완료
rdnmgo의 정보 수집 중...
rdnmgo의 게시물에 '더 보기' 버튼 없음
좋아요 버튼을 클릭했습니다.
rdnmgo의 정보 수집 완료
42lines_의 정보 수집 중...
42lines_의 게시물에 '더 보기' 버튼 없음
좋아요 버튼을 클릭했습니다.
42lines_의 정보 수집 완료
euiclee.books의 정보 수집 중...
euiclee.books의 게시물에 '더 보기' 버튼 없음
좋아요 버튼을 클릭했습니다.
euiclee.books의 정보 수집 완료
ai.gi.book의 정보 수집 중...
ai.gi.book의 게시물에 '더 보기' 버튼 없음
좋아요 버튼을 클릭했습니다.
ai.gi.book의 정보 수집 완료
정보 수집 완료
[{'user_id': 'terrys_reading', 'posts_count': '60', 'post_text': 'Photo by @terrys_reading on August 31, 2024. May be an image of 1 person, magazine, book and text that says \'240831（豆 (토) LILU 문명,현대화 문명, 현대화 그리고 가치투자와 중국 LiLuisnotnormal. LiL ll is not normal. He\'s the Chinese Warren Buffett! CarleMugr 20억으로 20조를 만든 아시아의 워런 버핏, 라루 버킷이 신뢰하고 칭송하는 리루가 동철한 중국과 가치투자의 미래 투자고기 PEMR 가치투자 "나와 상반된 관점을 가진 가장 총명한 사람을 논파할 수 없는 이상, 나는 감히 관점을 지니고 있다고 말할 수없 수 다" 371\'.', 'post_image': 'https://scontent-ssn1-1.cdninstagram.com/v/t51.29350-15/458094396_818698053789683_1689245592829156998_n.jpg?stp=dst-jpg_e15&efg=eyJ2ZW5jb2RlX3RhZyI6ImltYWdlX3VybGdlbi4xMDgweDEwODAuc2RyLmYyOTM1MC5kZWZhdWx0X2ltYWdlIn0&_nc_ht=scontent-ssn1-1.cdninstagram.com&_nc_cat=111&_nc_ohc=Es3Fno7BhdYQ7kNvgHjJyvC&edm=ADW0ovcBAAAA&ccb=7-5&ig_cache_key=MzQ0Njg0MjU0MjY4NjQwMzY1Mg%3D%3D.3-ccb7-5&oh=00_AYDlbpiiQ2CttqzXgdLIhNTOWnWDiQ4WyR20GoJZ-d-Z9A&oe=66D8F22B&_nc_sid=db7772', 'post_datetime': '2024-08-31 23:47:52', 'post_description': '무엇이 서양이 동양을 앞지르게 만들었는가? 동양이 서양을 추월하기 시작했다면 그 이유는 무엇인가? 그것은 미래에도 지속될 것인가?\n\n과거 이 질문들의 많은 학자들은 인종으로 그 답을 들었다. 즉, 동양인, 서양인과 같은 지리적 혹은 인종적 구분을 통해서 문명의 발전 차이를 설명하고자 했던 것이다.\n\n하지만 인류가 출현한 15만년의 역사 속에서, 문자가 기록된 것은 5,000년도 되지 않는다. 인간이 문자를 통한 사유와 판단은 인류 문명 발전의 극히 일부분만을 볼 수 있었다.\n\n그리고 이러한 한계는 여러 과학적 성과를 통해 하나씩 극복할 수 있게 된다. 탄소 동위원소비 측정을 통한 연대기 측정, DNA 측정, 밀란코비치 주기와 같은 기술과 개념이 등장했다. 그리고, 이런 기술들을 통해 인류가 아프리카의 한 여성군과 남성군의 DNA를 공유한다는 사실을 밝혀냈다. 이를 통해 문명의 발전 정도를 인종에 근거하여 설명하려는 시도가 무색해졌다.\n\n그리고, 그 후 제레드 다이아몬드와 이안 모리스 등의 학자들이 위 도구들을 활용하여 다양한 관점에서 동양과 서양의 현대화 과정을 해석하기 시작했다. 그리고 리 루는 이들의 관점을 과학 기술적 관점과 자유시장경제 정책과 연결지어 중국 현대화의 과거, 현재, 미래를 살펴보고자 한다.'}, {'user_id': 'rdnmgo', 'posts_count': '62', 'post_text': 'Photo by @rdnmgo on August 31, 2024. May be an image of 1 person, poster, book, magazine and text.', 'post_image': 'https://scontent-ssn1-1.cdninstagram.com/v/t51.29350-15/457856738_1165338701207858_5808368795570674163_n.jpg?stp=dst-jpg_e15&efg=eyJ2ZW5jb2RlX3RhZyI6ImltYWdlX3VybGdlbi42MTJ4NjEyLnNkci5mMjkzNTAuZGVmYXVsdF9pbWFnZSJ9&_nc_ht=scontent-ssn1-1.cdninstagram.com&_nc_cat=102&_nc_ohc=a96PQpYou5YQ7kNvgHWiObX&edm=ADW0ovcBAAAA&ccb=7-5&ig_cache_key=MzQ0Njg0NjA4OTkyMjAxMzM4MQ%3D%3D.3-ccb7-5&oh=00_AYDqLGwoYykyXd7KmA4ZeUll1D8-Qpdjzv0v0QuRhTEk8A&oe=66D8F233&_nc_sid=db7772', 'post_datetime': '2024-08-31 23:54:55', 'post_description': '### <흔들리지 않는 돈의 법칙> 08 내면의 적을 침묵시켜라\n\n> 투자자의 가장 큰 문제이자 최대의 적은 바로 투자자 자신이다.\n> ·벤저민 그레이엄, 《현명한 투자자》의 저자, 워런 버핏의 스승·\n\n축하한다! 규칙서와 실천서를 모두 읽은 지금, 당신은 진정 흔들림 없는 투자자가 되는 데 필요한 지식을 모두 갖추게 되었다.\n당신은 무엇을 조심해야 하는지 배웠고, 불가피하게 대면할 수밖에 없는 조정장과 하락장의 두려움으로부터 자유롭게 벗어날 수 있다는 사실을 알게 되었을 뿐만 아니라 무엇보다 세계 최고 투자자들의 빛나는 필승 전략으로 무장할 수 있게 되었다. 또한 수수료에 대한 소중한 지식을 얻었고 진정으로 유능하고 적격한 재무상담사를 찾을 방법에 대해서도 배웠다.'}, {'user_id': '42lines_', 'posts_count': '61', 'post_text': "Photo by @42lines_ on August 30, 2024. May be an illustration of one or more people, magazine, poster, calendar and text that says '20 테레디 트렌드노트 노트 라이프-스타일, 라이프-스타일,마침내분화 이 라 마침내 분화 삶의 다양한 같래가 만들어내는 습관의 소비, 경험의 소비, 지성의 소비 정석함 박법뎅 이현희 김종민 김정구 정선아 신예은 자몸 osay 복스톤 ニーで'.", 'post_image': 'https://scontent-ssn1-1.cdninstagram.com/v/t51.29350-15/457520355_1714628665960959_4110493304731311217_n.jpg?stp=dst-jpg_e35&efg=eyJ2ZW5jb2RlX3RhZyI6ImltYWdlX3VybGdlbi4xMDgweDEwODAuc2RyLmYyOTM1MC5kZWZhdWx0X2ltYWdlIn0&_nc_ht=scontent-ssn1-1.cdninstagram.com&_nc_cat=103&_nc_ohc=_aBr4PDkk2oQ7kNvgFnEY1y&edm=ADW0ovcBAAAA&ccb=7-5&ig_cache_key=MzQ0NjUxMzk4OTYxMDQ0NTEzNQ%3D%3D.3-ccb7-5&oh=00_AYAqqHSg4KLnLg5lHSkIIcnPbegNZ_Zl1X9VFCSZiFGrlQ&oe=66D91082&_nc_sid=db7772', 'post_datetime': '2024-08-31 12:55:05', 'post_description': '지금 우리가 주목할 것은 대중적 인지도는 낮지만 실제로 이용하는 사람이 많은 영역이다. 좀 더 확장하면, 대중적 인지도가 낮고 사용자도 아직 많지는 않지만 그 수가 가파르게 증가하는 ‘성장형’ 문화들이다. 오늘날 ‘서브’는 바로 이곳에 위치한다.\n\n<2024 트렌드 노트>, 정석환, 박현영, 이원희, 김종민, 김정구, 정현아, 신예은'}, {'user_id': 'euiclee.books', 'posts_count': '61', 'post_text': '🖋️ 모르기 때문에 용기를 낼 수도 있고, 모르기 때문에 두려움이 찾아올 수도 있다.\n\n무언가를 도전하는데 무지는 오히려 용기를 불어넣어줄 수 있지만, 무언가를 실행하는데 무지는 두려움을 불러 온다.\n\n그리고 그 두려움은 경험과 앎으로서 해결 해나갈 수가 있다. 누구에게나 처음은 있다. 계속 도전하고 경험하며 두려움을 용기로 마주할 수 있도록 하자.\n\n📗 #데일카네기성공대화론 #데일카네기 #현대지성\n\n🔖 #독서 #북스타그램 #책 #독서스타그램 #성공', 'post_image': 'https://scontent-ssn1-1.cdninstagram.com/v/t51.29350-15/457612918_1126869355668828_6443366104561820225_n.jpg?stp=dst-jpg_e15&efg=eyJ2ZW5jb2RlX3RhZyI6ImltYWdlX3VybGdlbi4xMDgweDEwODAuc2RyLmYyOTM1MC5kZWZhdWx0X2ltYWdlIn0&_nc_ht=scontent-ssn1-1.cdninstagram.com&_nc_cat=100&_nc_ohc=pFuGwtx-2JUQ7kNvgGOwDQg&edm=ADW0ovcBAAAA&ccb=7-5&ig_cache_key=MzQ0Njc5MzY5MjAyNjI4Mzg2OQ%3D%3D.3-ccb7-5&oh=00_AYA1R_rPygtZM0NoMFEvVUWq-ilw14beQ_eG3IxoR66c-A&oe=66D91EA2&_nc_sid=db7772', 'post_datetime': '2024-08-31 22:10:49', 'post_description': '🖋️ 모르기 때문에 용기를 낼 수도 있고, 모르기 때문에 두려움이 찾아올 수도 있다.\n\n무언가를 도전하는데 무지는 오히려 용기를 불어넣어줄 수 있지만, 무언가를 실행하는데 무지는 두려움을 불러 온다.\n\n그리고 그 두려움은 경험과 앎으로서 해결 해나갈 수가 있다. 누구에게나 처음은 있다. 계속 도전하고 경험하며 두려움을 용기로 마주할 수 있도록 하자.\n\n📗 #데일카네기성공대화론 #데일카네기 #현대지성\n\n🔖 #독서 #북스타그램 #책 #독서스타그램 #성공'}, {'user_id': 'ai.gi.book', 'posts_count': '68', 'post_text': 'Photo by @ai.gi.book on August 31, 2024. May be an image of text.', 'post_image': 'https://scontent-ssn1-1.cdninstagram.com/v/t51.29350-15/457877269_524050350118125_8138412064785995221_n.jpg?stp=dst-jpg_e35&efg=eyJ2ZW5jb2RlX3RhZyI6ImltYWdlX3VybGdlbi4xNDQweDE4MDAuc2RyLmYyOTM1MC5kZWZhdWx0X2ltYWdlIn0&_nc_ht=scontent-ssn1-1.cdninstagram.com&_nc_cat=109&_nc_ohc=kDorUrFuX_QQ7kNvgGVAntE&edm=ADW0ovcBAAAA&ccb=7-5&ig_cache_key=MzQ0NjgzNjY0Nzc4ODU3OTQ4MA%3D%3D.3-ccb7-5&oh=00_AYDHgdK9Q8EoBMkzOlQVCfkk2eBbJDRDBgL3-oFXVth4KQ&oe=66D916CF&_nc_sid=db7772', 'post_datetime': '2024-08-31 23:36:09', 'post_description': '인생이라는 전쟁터에서\n퇴각 명령을 기다리는 군인처럼\n자신의 위치를 지키되 어떠한 맹세도\n누구의 증언도 필요 없이 담담하게 행동하라.\n남의 도움이나 위로 없이 즐거울 수 있다.\n타인의 도움에 의해서가 아니라\n자신의 힘으로 똑바로 서야 한다.\n명상록 27 - <지금은 아우렐리우스를 읽어야 할 때>, 김옥림 - 밀리의 서재\nhttps://www.millie.co.kr/v3/bookDetail/2f66e5384b5240d\n자신의힘'}]
CSV 파일에 데이터 저장 중...
CSV 파일에 데이터 저장 완료
성공/실패 평가 중...
성공한 사람: ['terrys_reading', 'rdnmgo', '42lines_', 'euiclee.books', 'ai.gi.book']
실패한 사람: []
요약 이미지 생성 중...
요약 이미지 생성 완료
포스트 이미지 생성 중...
terrys_reading의 이미지 생성 중...
terrys_reading의 이미지 생성 완료
terrys_reading의 텍스트 이미지 생성 중...
terrys_reading의 텍스트 이미지 생성 완료
rdnmgo의 이미지 생성 중...
rdnmgo의 이미지 생성 완료
rdnmgo의 텍스트 이미지 생성 중...
rdnmgo의 텍스트 이미지 생성 완료
42lines_의 이미지 생성 중...
42lines_의 이미지 생성 완료
42lines_의 텍스트 이미지 생성 중...
42lines_의 텍스트 이미지 생성 완료
euiclee.books의 이미지 생성 중...
euiclee.books의 이미지 생성 완료
euiclee.books의 텍스트 이미지 생성 중...
euiclee.books의 텍스트 이미지 생성 완료
ai.gi.book의 이미지 생성 중...
ai.gi.book의 이미지 생성 완료
ai.gi.book의 텍스트 이미지 생성 중...
ai.gi.book의 텍스트 이미지 생성 완료
포스트 이미지 생성 완료
이미지 업로드 시작...
사진 업로드 중...
새 게시물 버튼 클릭 완료
다음 버튼 클릭 중...
다음 버튼 클릭 완료
다음 버튼 클릭 중...
다음 버튼 클릭 완료
성공/실패 평가 중...
성공한 사람: ['terrys_reading', 'rdnmgo', '42lines_', 'euiclee.books', 'ai.gi.book']
실패한 사람: []
설명 입력 중...
설명 입력 완료
게시물 공유 중...
게시물 공유 완료
사진 업로드 완료
이미지 업로드 완료
드라이버 종료
프로그램 시작
드라이버 설정 중...
드라이버 설정 완료
인스타그램 로그인 시도 중...
로그인 정보 입력 완료
로그인 정보 저장 버튼 클릭 중...
로그인 정보 저장 버튼 클릭 완료
정보 수집 시작...
terrys_reading의 정보 수집 중...
terrys_reading의 게시물에 '더 보기' 버튼 없음
좋아요 버튼을 클릭했습니다.
terrys_reading의 정보 수집 완료
rdnmgo의 정보 수집 중...
rdnmgo의 게시물에 '더 보기' 버튼 없음
좋아요 버튼을 클릭했습니다.
rdnmgo의 정보 수집 완료
42lines_의 정보 수집 중...
42lines_의 게시물에 '더 보기' 버튼 없음
좋아요 버튼을 클릭했습니다.
42lines_의 정보 수집 완료
euiclee.books의 정보 수집 중...
euiclee.books의 게시물에 '더 보기' 버튼 없음
좋아요 버튼을 클릭했습니다.
euiclee.books의 정보 수집 완료
ai.gi.book의 정보 수집 중...
ai.gi.book의 게시물에 '더 보기' 버튼 없음
좋아요 버튼을 클릭했습니다.
ai.gi.book의 정보 수집 완료
정보 수집 완료
[{'user_id': 'terrys_reading', 'posts_count': '61', 'post_text': 'Photo by @terrys_reading on August 31, 2024. May be an image of \u200e1 person, book, magazine and \u200etext that says \'\u200e240901(일) LILU 문명, 현대화 그리고 가치투자와 중국 LiL LiLuisnotnormal. u is not normal. He\'s the Chinese Warren Buffett! CarleMugr 20억으로 2조를 만든 아시아의 위런 버핏, 라루! 버킷이 신뢰하고 칭송하는 라루가 동찹한 중국과 가치투자의 주차를고란 סנכ.8ת PEEIL 20주의 가치무마치 "생활을 절제하고, 몸을 단련하고, 나와 상대에게 모두 도움이 되는 방법을 찾고, 자신을 몰아붙이지 말고, 진정으로 좋아하는 일을 하십시오" 323P\u200e\'\u200e\u200e.', 'post_image': 'https://scontent-ssn1-1.cdninstagram.com/v/t51.29350-15/457690233_1282568459857189_7750483046898987471_n.jpg?stp=dst-jpg_e15&efg=eyJ2ZW5jb2RlX3RhZyI6ImltYWdlX3VybGdlbi4xMDgweDEwODAuc2RyLmYyOTM1MC5kZWZhdWx0X2ltYWdlIn0&_nc_ht=scontent-ssn1-1.cdninstagram.com&_nc_cat=101&_nc_ohc=yoD_D0v32RgQ7kNvgHDhbHY&_nc_gid=0e920081157542a387caf4b366eab934&edm=ADW0ovcBAAAA&ccb=7-5&ig_cache_key=MzQ0NzMwOTM0MDQ4NTQ1MDk5Nw%3D%3D.3-ccb7-5&oh=00_AYCTmk6fvs9k_h67RduDP134I_GZfbCXfMtnTk7tTwwYoA&oe=66DA494C&_nc_sid=db7772', 'post_datetime': '2024-09-01 15:15:19', 'post_description': '가치투자는 일종의 철학이다. 주식을 대하는 태도 뿐 아니라 삶을 대하는 태도가 이 안에 녹아들어있다. 소유권, 안전마진, 미스터마켓, 능력 범위. 이 네 가지의 개념은 각각 주인 의식, 불확실성에 대한 대비, 바꿀 수 없는 현실, 지적 정직성을 의미한다. 삶에 대해서도 이와 같은 자세를 견지해야 한다.\n\n서두르지 않고, 천천히, 내 열정에 따라, 내가 좋아하는 일을 해나가야 한다. 그 과정에서 맺는 모든 인연과 함께 이길 수 있는 길을 찾고, 단기적인 이익에 내 소중한 시간과 에너지를 낭비하지 않아야 한다.\n\n이것이 내가 버핏, 멍거, 파브라이, 리루를 그토록 존경하는 이유이다.'}, {'user_id': 'rdnmgo', 'posts_count': '63', 'post_text': 'Photo by @rdnmgo on August 31, 2024. May be an image of 1 person, poster, book, magazine and text that says \'UN SHAKEABLE YOUR FINANCIAL FREEDOM PLAYBOOK 토니 로인스 지음 박습라 요경 청협진 감수 흔들리지 않는 돈의법칙 세계 세계0.001%부의거인들의머니시크맛 10.001%单 0,001% 거인들의 머니 시크릿 위런 버핏, 존 템플펀, 억만장자들의 비밀을 푼단 하나의 "혼들리지 마라, 현흑되지 마라, 부자 부자될기회 될 기회 있다!" 뉴욕타임스 베스트셀러 1위 아마존 베스트셀러 베스트 셀러 1위 <네 인에 장든 거인을 깨워라> 저자 신작! 존보글 엘런그린스편 강력 강력수천! 추천! RHK ግግዓታጣ\'.', 'post_image': 'https://scontent-ssn1-1.cdninstagram.com/v/t51.29350-15/457871736_357395800770410_4730885514028031100_n.jpg?stp=dst-jpg_e15&efg=eyJ2ZW5jb2RlX3RhZyI6ImltYWdlX3VybGdlbi42MTJ4NjEyLnNkci5mMjkzNTAuZGVmYXVsdF9pbWFnZSJ9&_nc_ht=scontent-ssn1-1.cdninstagram.com&_nc_cat=102&_nc_ohc=Lry6trOJ71YQ7kNvgF3nfPx&edm=ADW0ovcBAAAA&ccb=7-5&ig_cache_key=MzQ0NzI1ODg1OTUwNzA5OTIyNQ%3D%3D.3-ccb7-5&oh=00_AYCaSe211n5Ork_bab-5SXapnxvFIiHHVvKDAgW5fBzriw&oe=66DA4D65&_nc_sid=db7772', 'post_datetime': '2024-09-01 13:35:01', 'post_description': '### <흔들리지 않는 돈의 법칙> 08-1 무엇을 해야 할지 알고 아는 것을 실천하라\n\n**최고의 투자자는 단순한 시스템이 필요하다는 사실을 명확하게 알고 있다. 아무리 재능이 흘러 넘쳐도 한순간에 하릴없이 무너질 수 있음을 알고 있기 때문이다! 그들은 ‘무엇을 해야 할지 아는 것’만으로는 충분하지 않다는 것을 안다. 당신은 ‘아는 것을 실천할’ 필요가 있다. 바로 그렇기 때문에 시스템이 필요한 것이다.**\n\n하지만 그는 눈부신 성공을 거둔 뒤 자신의 능력을 과신하게 되었고, 결국 효율적인 투자자가 되기 위해 지난 수년간 축적해온 중요한 시스템을 소홀히 여기게 되었다.(앞으로 배우겠지만 이것은 매우 흔한 심리적 편향이다.)\n\n심층적인 분석 후에는 그에게 거래 전에 심리를 견제하고 균형을 유지하기 위한 간단한 체크리스트를 만들어볼 것을 제안했다.\n\n이를테면 어떠한 투자 또는 거래를 결정하기 전에 ‘그것이 누구나 가능한 것이 아닌, 굉장히 어려운 투자 또는 거래인지 확신할 수 있는가?’ 묻는 문항들이었다. 둘째로 폴은 해당 거래가 비대칭 위험/보상을 보장하는지 확신할 수 있어야 했다. 그는 이렇게 자문했다. ‘위험 대 보상 비율이 얼마나 되지? 3 대 1? 아니면 5 대 1인가? 내가 최소한의 위험으로 비대칭 보상을 얻을 수 있을까? 상승 잠재력은 얼마나 되고 하락 위험은 얼마나 되지?’ **그 다음 이 같은 질문을 통해 얻은 통찰력으로 진입점을 설정하고(투자를 개시할 목표 가격) 자신의 예측이 잘못될 경우에 대비해 출구점을 결정했다.**\n\n**==여기서 볼 수 있는 패턴은 무엇인가? 폴의 평가 척도에 내포된 공통적 연결고리는 그의 믿음을 검토하고 객관적인 상황 판단을 위해 일련의 간단한 ‘질문들’을 활용한다는 것이다.==**\n\n**==스스로에게 하는 질문들이 폴에게 유용한 점검표가 되어주었다면, 그것을 제대로 작동시킬 수 있게 한 것은 그의 ‘훈련’이었다. 아무리 잘 설계된 시스템도 효과를 발휘하려면 실제로 사용해야 한다!==** 나는 폴이 체크리스트를 정말로 사용하는지 점검하기 위해, 그의 투자 거래를 맡고 있는 팀 전체에 ‘위의 질문들을 먼저 검토하지 않는 한 어떤 거래도 하지 않을 것’을 선언하는 편지를 보내도록 했다. ‘정말로 어려운 거래인가? 비대칭 위험/보상을 안겨주는가? 위험 대 보상 비율이 5대 1인가, 3대 1인가? 진입점은? 출구점은?’\n\n**한 단계 더 나아가 팀원들은 증권거래소의 개장 종이 울린 이후에는 어떤 주문도 처리하지 말라는 지시를 받았다. 다시 말해 그들은 주식에 투자를 하면서도 개장 중인 낮 동안에는 거래를 할 수가 없었다. 왜냐하면 그 단계에서 이뤄지는 거래는 대부분 주가 변동을 보고 놀라 반응하는 것으로, 당일 최고가에 사서 최저가에 팔아 다른 사람의 주머니를 불려줄 뿐이라는 사실을 폴이 깨달았기 때문이다.**\n\n투자자 심리는 성공과 실패를 가르는 갈림길이 될 수 있다. **그러므로 목표에 집중하는 굳건한 시스템을 구축하고 이를 실천하라. 이 장에서 우리는 6가지 항목으로 구성된 간단한 체크리스트를 작성하고 주의 깊고 효과적인 대응으로 재정적 자유를 이룩할 것이다.**'}, {'user_id': '42lines_', 'posts_count': '62', 'post_text': 'Photo by @42lines_ on August 31, 2024. May be an illustration of one or more people, magazine, poster, calendar and text.', 'post_image': 'https://scontent-ssn1-1.cdninstagram.com/v/t51.29350-15/457524565_1253704025634378_143945689522712001_n.jpg?stp=dst-jpg_e35&efg=eyJ2ZW5jb2RlX3RhZyI6ImltYWdlX3VybGdlbi4xMDgweDEwODAuc2RyLmYyOTM1MC5kZWZhdWx0X2ltYWdlIn0&_nc_ht=scontent-ssn1-1.cdninstagram.com&_nc_cat=106&_nc_ohc=sQVsBB9_J4sQ7kNvgG1F5XG&edm=ADW0ovcBAAAA&ccb=7-5&ig_cache_key=MzQ0NzE4Mjc5MDU4MjYwNjY4NA%3D%3D.3-ccb7-5&oh=00_AYDT4oqq9nlfXp9k-bLYARUdXEfKwDo-GQhx-rQW6rYgTA&oe=66DA6D2E&_nc_sid=db7772', 'post_datetime': '2024-09-01 11:03:53', 'post_description': '서브는 대중적으로 알려지지 않았다는 점에서 최신 기술이 도입되는 실험적 장소가 된다. 단적인 예로 ‘서브컬처’의 연관어에 나타나는 게임, 애니메이션은 IT 기술이나 최첨단 그래픽이 적극 도입되고 개발되는 분야다. 이러한 문화를 즐기는 사람들은 성향상 얼리어답터가 많다. 공급자와 수요자 모두 최신 기술에 호의적이고 적극적이다. 나아가 오늘날의 서브컬처는 이러한 기술을 자발적으로 배우는 장이 되며, 이를 통해 현생의 커리어를 개발할 수 있도록 돕기도 한다.\n\n<2024 트렌드 노트>, 정석환, 박현영, 이원희, 김종민, 김정구, 정현아, 신예은'}, {'user_id': 'euiclee.books', 'posts_count': '62', 'post_text': '🖋️ 모든 것은 실행력에서 판가름 난다.\n\n완벽주의라는 것에 사로잡혀. 무엇을 하기 전에 고민과 준비를 완벽히 하려고 했던 때가 있었다. 그 결과는 시점이 너무 늦게 미뤄지거나 정작 중요한 시작조차 하지 못하고 포기한 적들이 다수였다.\n\n완벽주의도 물론 중요하다. 하지만 시작조차 하지 않으면 그건 완벽주의라고 할 수 없지 않을까. 어쩌면 완벽주의라는 핑계에 숨어 모든 것을 뒤로 미루고 있는 것이 아닐까.\n\n일단 시작하자. 그리고 하나하나씩 고쳐나가자.\n\n📗 #월트디즈니 #닐개블러 #여름언덕\n\n🔖 #독서 #북스타그램 #책 #독서스타그램 #디즈니', 'post_image': 'https://scontent-ssn1-1.cdninstagram.com/v/t51.29350-15/458082378_551387967262543_8952511763721551214_n.jpg?stp=dst-jpg_e15&efg=eyJ2ZW5jb2RlX3RhZyI6ImltYWdlX3VybGdlbi4xMDgweDEwODAuc2RyLmYyOTM1MC5kZWZhdWx0X2ltYWdlIn0&_nc_ht=scontent-ssn1-1.cdninstagram.com&_nc_cat=107&_nc_ohc=RNVpFkhslB0Q7kNvgGVT0d9&edm=ADW0ovcBAAAA&ccb=7-5&ig_cache_key=MzQ0NzQ2NTMxODkzODE0MTg4Mg%3D%3D.3-ccb7-5&oh=00_AYAlGS2L9FvO1uSWe2YpjCJBgW79GAkMT_zeOisgmu8spg&oe=66DA6B5C&_nc_sid=db7772', 'post_datetime': '2024-09-01 20:25:13', 'post_description': '🖋️ 모든 것은 실행력에서 판가름 난다.\n\n완벽주의라는 것에 사로잡혀. 무엇을 하기 전에 고민과 준비를 완벽히 하려고 했던 때가 있었다. 그 결과는 시점이 너무 늦게 미뤄지거나 정작 중요한 시작조차 하지 못하고 포기한 적들이 다수였다.\n\n완벽주의도 물론 중요하다. 하지만 시작조차 하지 않으면 그건 완벽주의라고 할 수 없지 않을까. 어쩌면 완벽주의라는 핑계에 숨어 모든 것을 뒤로 미루고 있는 것이 아닐까.\n\n일단 시작하자. 그리고 하나하나씩 고쳐나가자.\n\n📗 #월트디즈니 #닐개블러 #여름언덕\n\n🔖 #독서 #북스타그램 #책 #독서스타그램 #디즈니'}, {'user_id': 'ai.gi.book', 'posts_count': '70', 'post_text': 'Photo by @ai.gi.book on September 01, 2024. May be an image of poster and text.', 'post_image': 'https://scontent-ssn1-1.cdninstagram.com/v/t51.29350-15/458086020_2282636038742071_4486934564835947449_n.jpg?stp=dst-jpg_e35&efg=eyJ2ZW5jb2RlX3RhZyI6ImltYWdlX3VybGdlbi4xNDQweDE3OTguc2RyLmYyOTM1MC5kZWZhdWx0X2ltYWdlIn0&_nc_ht=scontent-ssn1-1.cdninstagram.com&_nc_cat=107&_nc_ohc=irhpw2RbNhcQ7kNvgFxXvIH&_nc_gid=2c773373704d4a92964b44ff95217334&edm=ADW0ovcBAAAA&ccb=7-5&ig_cache_key=MzQ0NzUwNzg4MTY2MDcwOTc1MA%3D%3D.3-ccb7-5&oh=00_AYAa8q89aByewAYAt1EDT5KV1xiYof7MukNebo-TAtDVug&oe=66DA3A07&_nc_sid=db7772', 'post_datetime': '2024-09-01 21:49:47', 'post_description': '어떤 사람들은 남을 돕고 나서 주저 없이\n돌아올 보답을 계산하여 받으려고 한다.\n또 어떤 사람은 그렇게까지는 아니지만 마음속으로\n상대방에게 받을 빚이 있다 여기며\n자신이 베푼 일을 기억해 둔다. 그러나 남에게 베푼 친절을\n전혀 의식하지 않는 사람도 있다.\n이런 사람은 포도송이를 맺고 나서\n아무것도 바라지 않는 포도나무와 같다.\n명상록 32 - <지금은 아우렐리우스를 읽어야 할 때>, 김옥림 - 밀리의 서재\nhttps://www.millie.co.kr/v3/bookDetail/2f66e5384b5240d4\n\n기대하지말라'}]
CSV 파일에 데이터 저장 중...
CSV 파일에 데이터 저장 완료
성공/실패 평가 중...
성공한 사람: ['terrys_reading', 'rdnmgo', '42lines_', 'euiclee.books', 'ai.gi.book']
실패한 사람: []
요약 이미지 생성 중...
요약 이미지 생성 완료
포스트 이미지 생성 중...
terrys_reading의 이미지 생성 중...
terrys_reading의 이미지 생성 완료
terrys_reading의 텍스트 이미지 생성 중...
terrys_reading의 텍스트 이미지 생성 완료
rdnmgo의 이미지 생성 중...
rdnmgo의 이미지 생성 완료
rdnmgo의 텍스트 이미지 생성 중...
rdnmgo의 텍스트 이미지 생성 완료
42lines_의 이미지 생성 중...
42lines_의 이미지 생성 완료
42lines_의 텍스트 이미지 생성 중...
42lines_의 텍스트 이미지 생성 완료
euiclee.books의 이미지 생성 중...
euiclee.books의 이미지 생성 완료
euiclee.books의 텍스트 이미지 생성 중...
euiclee.books의 텍스트 이미지 생성 완료
ai.gi.book의 이미지 생성 중...
ai.gi.book의 이미지 생성 완료
ai.gi.book의 텍스트 이미지 생성 중...
ai.gi.book의 텍스트 이미지 생성 완료
포스트 이미지 생성 완료
이미지 업로드 시작...
사진 업로드 중...
새 게시물 버튼 클릭 완료
다음 버튼 클릭 중...
다음 버튼 클릭 완료
다음 버튼 클릭 중...
다음 버튼 클릭 완료
성공/실패 평가 중...
성공한 사람: ['terrys_reading', 'rdnmgo', '42lines_', 'euiclee.books', 'ai.gi.book']
실패한 사람: []
설명 입력 중...
설명 입력 완료
게시물 공유 중...
게시물 공유 완료
사진 업로드 완료
이미지 업로드 완료
드라이버 종료
프로그램 시작
드라이버 설정 중...
드라이버 설정 완료
인스타그램 로그인 시도 중...
로그인 정보 입력 완료
로그인 정보 저장 버튼 클릭 중...
로그인 정보 저장 버튼 클릭 완료
정보 수집 시작...
terrys_reading의 정보 수집 중...
terrys_reading의 게시물에 '더 보기' 버튼 없음
좋아요 버튼을 클릭했습니다.
terrys_reading의 정보 수집 완료
rdnmgo의 정보 수집 중...
rdnmgo의 게시물에 '더 보기' 버튼 없음
좋아요 버튼을 클릭했습니다.
rdnmgo의 정보 수집 완료
42lines_의 정보 수집 중...
42lines_의 게시물에 '더 보기' 버튼 없음
좋아요 버튼을 클릭했습니다.
42lines_의 정보 수집 완료
euiclee.books의 정보 수집 중...
euiclee.books의 게시물에 '더 보기' 버튼 없음
좋아요 버튼을 클릭했습니다.
euiclee.books의 정보 수집 완료
ai.gi.book의 정보 수집 중...
ai.gi.book의 게시물에 '더 보기' 버튼 없음
좋아요 버튼을 클릭했습니다.
ai.gi.book의 정보 수집 완료
정보 수집 완료
[{'user_id': 'terrys_reading', 'posts_count': '62', 'post_text': 'Photo by @terrys_reading on September 02, 2024. May be an image of 1 person, book, magazine and text.', 'post_image': 'https://scontent-ssn1-1.cdninstagram.com/v/t51.29350-15/458292840_905242938092798_6972016728936134948_n.jpg?stp=dst-jpg_e15&efg=eyJ2ZW5jb2RlX3RhZyI6ImltYWdlX3VybGdlbi4xMDgweDEwODAuc2RyLmYyOTM1MC5kZWZhdWx0X2ltYWdlIn0&_nc_ht=scontent-ssn1-1.cdninstagram.com&_nc_cat=102&_nc_ohc=lg-G5IrzKbIQ7kNvgHGGY_y&edm=ADW0ovcBAAAA&ccb=7-5&ig_cache_key=MzQ0ODI5NzM3MTA1MjkwMjM3Mw%3D%3D.3-ccb7-5&oh=00_AYDlHgzmgUuzdrGp6U8y3DkKyoMKi5LTaBxnX0xFgrW7aQ&oe=66DB9F12&_nc_sid=db7772', 'post_datetime': '2024-09-02 23:58:21', 'post_description': '리 루는 이 업에 종사하며 다양한 사람들을 만났다. 그리고 당연히 실패한 사람들도 많이 만났다. 하지만 근본적으로 리루가 봤을 때 결국은 열정의 문제였다. 결국 리루에게 있어 성공의 비결을 열정이었다. 투자 대상 탐색도 마찬가지였다. 리루가 깊게 공부하여, 능력 범위 내로 편입한 분야는 전부 리루가 깊은 호기심을 느끼는 분야였다. 이것은 비단 투자에만 국한된 이야기는 아닌 거 같다.'}, {'user_id': 'rdnmgo', 'posts_count': '64', 'post_text': 'Photo by @rdnmgo on September 01, 2024. May be an image of 1 person, poster, book, magazine and text that says \'UN SHAKEABLE YOUR FINANCIAL FREEDOM PLAYBOOK 토니 로빈스 지음 박습라 경 청철진 ዘፉ 一 흔들리지 않는 돈의법칙 세계0.00%부의거인플의어니시크맛 0.001% 거인들의 머니 시크릿 워런 버핏, 존 템플턴, 억만장자들의 비밀을 푼단 하나의 "혼들리지 마라, 현혹되지 마라, 부자 될 부자될기회 기회 있다!" 뉴욕타임스 베스트셀러 1위 아마즌 베스트셀러 베스트 셀러 1위 <네 인에 잡든 거인을 깨워라) 저자 신작! 존보글 앨런그린스편 강력 강력수천! 추천! RHK ግገዓታጣ\'.', 'post_image': 'https://scontent-ssn1-1.cdninstagram.com/v/t51.29350-15/458204444_2976479869156420_6857910624944078894_n.jpg?stp=dst-jpg_e15&efg=eyJ2ZW5jb2RlX3RhZyI6ImltYWdlX3VybGdlbi42MTJ4NjEyLnNkci5mMjkzNTAuZGVmYXVsdF9pbWFnZSJ9&_nc_ht=scontent-ssn1-1.cdninstagram.com&_nc_cat=104&_nc_ohc=K_xThDQsC_IQ7kNvgFm_SOW&edm=ADW0ovcBAAAA&ccb=7-5&ig_cache_key=MzQ0Nzk0ODk3NzEzMzkxNjY4NA%3D%3D.3-ccb7-5&oh=00_AYB04b9p5eEBtPArQgK6h0vdhAMicYJrf_7re_v4o-8eoQ&oe=66DBA0C0&_nc_sid=db7772', 'post_datetime': '2024-09-02 12:26:09', 'post_description': '## <흔들리지 않는 돈의 법칙> 08-2 심리 상태 80, 메커니즘 20\n\n나는 지난 40년에 걸쳐 비즈니스, 교육, 스포츠, 의학, 연예계에 이르기까지 다양한 분야에서 성공한 이들을 만나고 성공을 연구해왔다. **그로써 내가 깨달은 사실은 성공이 80%의 심리 상태와 20%의 메커니즘으로 이뤄져 있다는 것이다.**\n\n투자자 심리는 믿기 힘들 정도로 층위가 복잡하고 광범위한 주제다. **투자자를 비이성적으로 행동하게 만드는 감정과 인지편향만 연구하는 ‘행동경제학 behavioral financial’이라는 학문 분야가 있을 정도다.** 인지 편향은 사람들에게 값비싼 실수를 저지르게 만드는데, 예를 들면 시장 시기를 예측하려고 하거나, 수수료의 영향력에 대해 무지한 채 투자에 뛰어들거나, 분산투자에 실패하게 한다.\n\n투자자의 가장 큰 심리적 함정 중 하나에 대해 ‘진실로’ 알아야 할 것을 파악하고, 당신의 뇌가 초래하는 흔한 투자 실수를 피하는 방법에 관해 알아보자.\n\n**레이 달리오는 내게 이렇게 말했다. “자신의 한계를 알면 거기 적응하여 성공을 거둘 수 있습니다. 한계를 모르면 손해를 보게 되지요.” 체계적인 해결책을 미리 마련해두면 조건반사라는 폭군에게서 해방되어 세계 최고의 투자자처럼 통제실에서 상황을 지배할 수 있다.**'}, {'user_id': '42lines_', 'posts_count': '63', 'post_text': 'Photo by @42lines_ on September 01, 2024. May be an illustration of one or more people, magazine, poster, calendar and text.', 'post_image': 'https://scontent-ssn1-1.cdninstagram.com/v/t51.29350-15/457742728_520268707353175_6835141083753617488_n.jpg?stp=dst-jpg_e35&efg=eyJ2ZW5jb2RlX3RhZyI6ImltYWdlX3VybGdlbi4xMDgweDEwODAuc2RyLmYyOTM1MC5kZWZhdWx0X2ltYWdlIn0&_nc_ht=scontent-ssn1-1.cdninstagram.com&_nc_cat=107&_nc_ohc=5CclmfNbxs0Q7kNvgEkrTa2&edm=ADW0ovcBAAAA&ccb=7-5&ig_cache_key=MzQ0Nzg3Mzk0Mjc2ODIzOTI5NA%3D%3D.3-ccb7-5&oh=00_AYAZiGEkG2hlAvO7tZSMIz7HOJru65eGZU48C7Fe4lXNeA&oe=66DBA6BB&_nc_sid=db7772', 'post_datetime': '2024-09-02 09:57:04', 'post_description': '웹툰, e스포츠, 버추얼 유튜버의 공통점이 있다면? 2차 창작만으로 경제활동이 가능하다는 것이다. 각 분야의 대표 직업이라 하면 웹툰 작가, 프로게이머, 버추얼 유튜버 개인방송인을 꼽을 수 있다. 그런데 이 외에도 그들의 콘텐츠를 기반으로 2차 창작하는 크리에이터의 생태계가 활성화되어 있다. - <2024 트렌드 노트>, 정석환, 박현영, 이원희, 김종민, 김정구, 정현아, 신예은'}, {'user_id': 'euiclee.books', 'posts_count': '63', 'post_text': '🖋️ 하나를 깊게 파고 드는 것.\n\n한 분야에서 성공한 사람들을 보면, 집요하게 물고늘어지는 근성 쯤은 가지고 있다.\n\n끈기는 자신 있다. 한번에 너무 무리해서 많은 것을 하려고 하기 보다는 무엇이라도 조금씩 꾸준히 하다보면 언젠가는 시작했을 때와는 비교도 안될 정도로 성장해있는 나를 발견할 수 있으니까.\n\n근성과 끈기는 무엇이 다를까. 나 자신을 온통 내던질 수 있을만한 일은 무엇이 있을까. 과연 내가 지금까지 하고있는 것 이외에 아무것도 신경쓰지 않을 정도로 몰입한 것이 무엇이 있을까 고민 해본다.\n\n📗 #월트디즈니 #닐개블러 #여름언덕\n\n🔖 #독서 #북스타그램 #책 #독서스타그램 #디즈니 #끈기 #근성 #몰입', 'post_image': 'https://scontent-ssn1-1.cdninstagram.com/v/t51.29350-15/457854271_1027888045442834_8959114692570879267_n.jpg?stp=dst-jpg_e15&efg=eyJ2ZW5jb2RlX3RhZyI6ImltYWdlX3VybGdlbi4xMDgweDEwODAuc2RyLmYyOTM1MC5kZWZhdWx0X2ltYWdlIn0&_nc_ht=scontent-ssn1-1.cdninstagram.com&_nc_cat=102&_nc_ohc=ukPm5R3WyigQ7kNvgEM-kJr&edm=ADW0ovcBAAAA&ccb=7-5&ig_cache_key=MzQ0ODI4Nzc0MTY1Njc2NTk0MA%3D%3D.3-ccb7-5&oh=00_AYDNbJ2-mpV1vbZY6ehamFT-6UMyNnXEnWxIhg-nWsn1HA&oe=66DBA0E0&_nc_sid=db7772', 'post_datetime': '2024-09-02 23:39:14', 'post_description': '🖋️ 하나를 깊게 파고 드는 것.\n\n한 분야에서 성공한 사람들을 보면, 집요하게 물고늘어지는 근성 쯤은 가지고 있다.\n\n끈기는 자신 있다. 한번에 너무 무리해서 많은 것을 하려고 하기 보다는 무엇이라도 조금씩 꾸준히 하다보면 언젠가는 시작했을 때와는 비교도 안될 정도로 성장해있는 나를 발견할 수 있으니까.\n\n근성과 끈기는 무엇이 다를까. 나 자신을 온통 내던질 수 있을만한 일은 무엇이 있을까. 과연 내가 지금까지 하고있는 것 이외에 아무것도 신경쓰지 않을 정도로 몰입한 것이 무엇이 있을까 고민 해본다.\n\n📗 #월트디즈니 #닐개블러 #여름언덕\n\n🔖 #독서 #북스타그램 #책 #독서스타그램 #디즈니 #끈기 #근성 #몰입'}, {'user_id': 'ai.gi.book', 'posts_count': '71', 'post_text': 'Photo by @ai.gi.book on September 02, 2024. May be an image of poster and text.', 'post_image': 'https://scontent-ssn1-1.cdninstagram.com/v/t51.29350-15/458297743_526936123326333_3626743482715210833_n.jpg?stp=dst-jpg_e35&efg=eyJ2ZW5jb2RlX3RhZyI6ImltYWdlX3VybGdlbi4xNDQweDE3OTguc2RyLmYyOTM1MC5kZWZhdWx0X2ltYWdlIn0&_nc_ht=scontent-ssn1-1.cdninstagram.com&_nc_cat=109&_nc_ohc=EFT0DXS1d7AQ7kNvgFw6Dsc&edm=ADW0ovcBAAAA&ccb=7-5&ig_cache_key=MzQ0ODI5NjMwMTgxOTM3OTg0Ng%3D%3D.3-ccb7-5&oh=00_AYAMr4D3ID5jCE_uVOUOf9VANIdOMX8TtaQ-vP4wQXeMOw&oe=66DB9FBA&_nc_sid=db7772', 'post_datetime': '2024-09-02 23:56:14', 'post_description': '누구에게나 뜻밖의 일이 닥치게 마련이다.\n그러나 모든 사람이 똑같이 그 상황을\n이겨내는 것은 아니다.\n어떤 사람은 불행으로 여기는 것이\n어떤 이에게는 행운일 수도 있다 - <지금은 아우렐리우스를 읽어야 할 때>, 김옥림 - 밀리의 서재\nhttps://www.millie.co.kr/v3/bookDetail/2f66e5384b5240d4\n\n행운'}]
CSV 파일에 데이터 저장 중...
CSV 파일에 데이터 저장 완료
성공/실패 평가 중...
성공한 사람: ['terrys_reading', 'rdnmgo', '42lines_', 'euiclee.books', 'ai.gi.book']
실패한 사람: []
요약 이미지 생성 중...
요약 이미지 생성 완료
포스트 이미지 생성 중...
terrys_reading의 이미지 생성 중...
terrys_reading의 이미지 생성 완료
terrys_reading의 텍스트 이미지 생성 중...
terrys_reading의 텍스트 이미지 생성 완료
rdnmgo의 이미지 생성 중...
rdnmgo의 이미지 생성 완료
rdnmgo의 텍스트 이미지 생성 중...
rdnmgo의 텍스트 이미지 생성 완료
42lines_의 이미지 생성 중...
42lines_의 이미지 생성 완료
42lines_의 텍스트 이미지 생성 중...
42lines_의 텍스트 이미지 생성 완료
euiclee.books의 이미지 생성 중...
euiclee.books의 이미지 생성 완료
euiclee.books의 텍스트 이미지 생성 중...
euiclee.books의 텍스트 이미지 생성 완료
ai.gi.book의 이미지 생성 중...
ai.gi.book의 이미지 생성 완료
ai.gi.book의 텍스트 이미지 생성 중...
ai.gi.book의 텍스트 이미지 생성 완료
포스트 이미지 생성 완료
이미지 업로드 시작...
사진 업로드 중...
새 게시물 버튼 클릭 완료
다음 버튼 클릭 중...
다음 버튼 클릭 완료
다음 버튼 클릭 중...
다음 버튼 클릭 완료
성공/실패 평가 중...
성공한 사람: ['terrys_reading', 'rdnmgo', '42lines_', 'euiclee.books', 'ai.gi.book']
실패한 사람: []
설명 입력 중...
설명 입력 완료
게시물 공유 중...
게시물 공유 완료
사진 업로드 완료
이미지 업로드 완료
드라이버 종료
프로그램 시작
드라이버 설정 중...
드라이버 설정 완료
인스타그램 로그인 시도 중...
로그인 정보 입력 완료
로그인 정보 저장 버튼 클릭 중...
로그인 정보 저장 버튼 클릭 완료
정보 수집 시작...
terrys_reading의 정보 수집 중...
terrys_reading의 게시물에 '더 보기' 버튼 없음
좋아요 버튼을 클릭했습니다.
terrys_reading의 정보 수집 완료
rdnmgo의 정보 수집 중...
rdnmgo의 게시물에 '더 보기' 버튼 없음
좋아요 버튼을 클릭했습니다.
rdnmgo의 정보 수집 완료
42lines_의 정보 수집 중...
42lines_의 게시물에 '더 보기' 버튼 없음
좋아요 버튼을 클릭했습니다.
42lines_의 정보 수집 완료
euiclee.books의 정보 수집 중...
euiclee.books의 게시물에 '더 보기' 버튼 없음
좋아요 버튼을 클릭했습니다.
euiclee.books의 정보 수집 완료
ai.gi.book의 정보 수집 중...
ai.gi.book의 게시물에 '더 보기' 버튼 없음
좋아요 버튼을 클릭했습니다.
ai.gi.book의 정보 수집 완료
정보 수집 완료
[{'user_id': 'terrys_reading', 'posts_count': '66', 'post_text': 'Photo by @terrys_reading on September 09, 2024. May be an image of 1 person, magazine, book and text.', 'post_image': 'https://scontent-ssn1-1.cdninstagram.com/v/t51.29350-15/458613452_1059305802570300_1394349025389152455_n.jpg?stp=dst-jpg_e15&efg=eyJ2ZW5jb2RlX3RhZyI6ImltYWdlX3VybGdlbi4xMDgweDEwODAuc2RyLmYyOTM1MC5kZWZhdWx0X2ltYWdlIn0&_nc_ht=scontent-ssn1-1.cdninstagram.com&_nc_cat=100&_nc_ohc=IOrzR2O72mEQ7kNvgF5Ik_s&_nc_gid=6ffbc8db490343beb98d2d393d4fcd3a&edm=AEhyXUkBAAAA&ccb=7-5&ig_cache_key=MzQ1MzM2ODU3NzIzMzkyMjM0OQ%3D%3D.3-ccb7-5&oh=00_AYBZO_HkPpGvVljcS6uHIEynDySmNoKzdT9QuY4WS6cECA&oe=66E4DE05&_nc_sid=8f1549', 'post_datetime': '2024-09-09 23:53:56', 'post_description': '일을 배우는 가장 좋은 방법은 존경하는 이 아래에서 배우는 것이다. 하지만 훌륭한 가치투자자는 역설적으로 많은 사람이 필요하지 않다. 토론은 대중 심리에 의한 편향에서 자유로울 수 없다. 그렇기에, 가치투자자는 많은 인력이 필요하지 않다. 그래서 리 루조차도 버핏과 멍거를 위해 일할 수 없었다. 이것이 버핏과 멍거 리루가 여러 강의를 제공하는 이유이다. 그 강의로써 조금이나 가치투자를 퍼트릴 수 있기 때문이다.'}, {'user_id': 'rdnmgo', 'posts_count': '71', 'post_text': 'Photo by @rdnmgo on September 08, 2024. May be an image of 1 person, poster, book, magazine and text.', 'post_image': 'https://scontent-ssn1-1.cdninstagram.com/v/t51.29350-15/459111189_497383196470755_8431633456547986252_n.jpg?stp=dst-jpg_e15&efg=eyJ2ZW5jb2RlX3RhZyI6ImltYWdlX3VybGdlbi42MTJ4NjEyLnNkci5mMjkzNTAuZGVmYXVsdF9pbWFnZSJ9&_nc_ht=scontent-ssn1-1.cdninstagram.com&_nc_cat=103&_nc_ohc=U0J5iAfy_hwQ7kNvgEOzKBB&edm=ADW0ovcBAAAA&ccb=7-5&ig_cache_key=MzQ1MzAzMTI3NjcyMDYxMjAzNw%3D%3D.3-ccb7-5&oh=00_AYAwLCeelj-Mnh0Mwsh3MiIPVVw_XZsItaRTOtI0GLxhIQ&oe=66E4CBAD&_nc_sid=db7772', 'post_datetime': '2024-09-09 12:43:47', 'post_description': '## <흔들리지 않는 돈의 법칙> 08-3 마음 다스리기\n\n파괴적인 심리적 패턴에 대해 알았으니 앞으로는 자기 자신을 더 잘 경계할 수 있으리라 믿는다.\n**이번 장에서 언급한 모든 심리 편향은 우리의 유전자에 새겨진 오래된 생존 프로그램이기 때문에 이를 완전히 제거하는 것은 불가능하다. 그러나 가이 스피어의 말처럼 이는 “완벽한 점수를 얻기 위해서가 아니다. 행동을 조금만 개선해도 어마어마한 보상을 얻을 수 있다.”**\n\n어떻게 그게 가능하느냐고? **투자란 아주 사소한 차이로도 승패가 갈리는 게임이기 때문이다.** 가령 수익이 연 2~3%만 증가해도 수십 년간 쌓이면 복리의 힘 덕분에 최종 결과는 극과 극으로 갈린다. **이 장에서 제시한 체계적 해결책을 장기간에 걸쳐 실천한다면 대부분의 투자자들이 저지르는 값비싼 실수를 피하거나 적어도 최소화할 수 있을 것이다.**\n\n**가령 이런 단순한 규칙과 절차들은 보다 장기적으로 투자하고, 덜 거래하고, 투자수수료와 거래비용을 낮추고, 다른 의견을 수용하고, 글로벌 분산투자를 활용해 위험을 줄이고, 약세장에서도 두려움을 극복할 수 있게 도와줄 것이다.** 그렇게 하면 완벽한 투자자가 될 수 있을까? 천만의 말씀이다. 지금보다 더 좋은 투자자가 될 수 있을까? 물론이다. 이렇게 평생에 걸쳐 만든 차이는 최종적으로 수백만 달러라는 결과로 나타날 것이다.\n\n**마침내 투자 심리와 메커니즘을 전부 이해할 수 있게 된 것을 축하한다. 당신은 이제 마음을 다스리고 장기적으로 투자를 성공시키려면 어떻게 해야 하는지 알게 되었다.** 지금껏 배운 지식은 어디서도 배울 수 없는 귀중한 정보이며, 당신과 가족에게 완전한 재정적 자유를 가져다줄 것이다. 그러니 마지막 장을 펼치고 ‘오래 가는 진정한’ 부를 창출할 방법을 알아보자!'}, {'user_id': '42lines_', 'posts_count': '70', 'post_text': 'Photo by @42lines_ on September 08, 2024. May be an illustration of one or more people, magazine, poster, calendar and text.', 'post_image': 'https://scontent-ssn1-1.cdninstagram.com/v/t51.29350-15/459087374_1636947670485875_769300669210101881_n.jpg?stp=dst-jpg_e35&efg=eyJ2ZW5jb2RlX3RhZyI6ImltYWdlX3VybGdlbi4xMDgweDEwODAuc2RyLmYyOTM1MC5kZWZhdWx0X2ltYWdlIn0&_nc_ht=scontent-ssn1-1.cdninstagram.com&_nc_cat=111&_nc_ohc=fcT6o8to8W8Q7kNvgFdmwy6&_nc_gid=3d9e1cd7e72d489eb4e60129223696e6&edm=ADW0ovcBAAAA&ccb=7-5&ig_cache_key=MzQ1MzA0NzU2NDU0MzUxODQxNQ%3D%3D.3-ccb7-5&oh=00_AYBnlDHez-3YYTyZxskqlAvEW9YJrWlAMMo-SkG4YyY9BQ&oe=66E4EBCE&_nc_sid=db7772', 'post_datetime': '2024-09-09 13:16:08', 'post_description': '대상이 무엇이건 간에 팬으로서, 좋아하는 사람으로서 서사에 몰입했던 경험은 누구에게나 있을 테니 말이다. 대표적인 예로 세계관이라는 단어가 널리 퍼지는 데 가장 큰 역할을 했던 ‘마블 시네마틱 유니버스’나 국민 게임으로 불렸던 스타크래프트의 세계관과 스토리에 몰입했던 경험이 있다.\n\n<2024 트렌드 노트>, 정석환, 박현영, 이원희, 김종민, 김정구, 정현아, 신예은'}, {'user_id': 'euiclee.books', 'posts_count': '70', 'post_text': '🖋️ 준비성과 전문성이 없이 탁월함이 존재할 수 있을까?\n\n월트는 이것저것 생각하고 준비하는 타입이 아니라. 일단 저지르고 보는 성격이라고 한다. 하지만 일하는 것을 보았을 때는 탁월함을 추구한다.\n\n사실 어쩌면 준비성과 탁월함은 별개의 말일 수도 있다. 완벽한 준비가 존재할 수 있을까? 준비가 미숙해도 과정 속에서 탁월함을 추구하면 좋은 결과물이 나오지 않을까 싶다.\n\n📗 #월트디즈니 #닐개블러 #여름언덕\n\n🔖 #독서 #북스타그램 #책 #독서스타그램 #디즈니', 'post_image': 'https://scontent-ssn1-1.cdninstagram.com/v/t51.29350-15/459063001_517391324272192_2754736881182818103_n.jpg?stp=dst-jpg_e15&efg=eyJ2ZW5jb2RlX3RhZyI6ImltYWdlX3VybGdlbi4xMDgweDEwODAuc2RyLmYyOTM1MC5kZWZhdWx0X2ltYWdlIn0&_nc_ht=scontent-ssn1-1.cdninstagram.com&_nc_cat=104&_nc_ohc=y6VcCXQ-tvcQ7kNvgFH99CW&_nc_gid=7b8184c2ef114bbcaf6f6a69d06d3ece&edm=AEhyXUkBAAAA&ccb=7-5&ig_cache_key=MzQ1MzM1MzM3MTQ3Njk3MTYwMQ%3D%3D.3-ccb7-5&oh=00_AYA6Jsc6P1GnJunQA8VNT5TWQf3B-07JDuXUV7M0myFBAw&oe=66E4E211&_nc_sid=8f1549', 'post_datetime': '2024-09-09 23:23:44', 'post_description': '🖋️ 준비성과 전문성이 없이 탁월함이 존재할 수 있을까?\n\n월트는 이것저것 생각하고 준비하는 타입이 아니라. 일단 저지르고 보는 성격이라고 한다. 하지만 일하는 것을 보았을 때는 탁월함을 추구한다.\n\n사실 어쩌면 준비성과 탁월함은 별개의 말일 수도 있다. 완벽한 준비가 존재할 수 있을까? 준비가 미숙해도 과정 속에서 탁월함을 추구하면 좋은 결과물이 나오지 않을까 싶다.\n\n📗 #월트디즈니 #닐개블러 #여름언덕\n\n🔖 #독서 #북스타그램 #책 #독서스타그램 #디즈니'}, {'user_id': 'ai.gi.book', 'posts_count': '78', 'post_text': 'Photo by @ai.gi.book on September 09, 2024. May be an image of poster and text.', 'post_image': 'https://scontent-ssn1-1.cdninstagram.com/v/t51.29350-15/459168298_505978062183372_1909793140687476573_n.jpg?stp=dst-jpg_e35&efg=eyJ2ZW5jb2RlX3RhZyI6ImltYWdlX3VybGdlbi4xNDQweDE3OTguc2RyLmYyOTM1MC5kZWZhdWx0X2ltYWdlIn0&_nc_ht=scontent-ssn1-1.cdninstagram.com&_nc_cat=100&_nc_ohc=bLWNwkLvAt8Q7kNvgEhAKVi&_nc_gid=dff4fb37af244c1e8096ab6d49fac61b&edm=AEhyXUkBAAAA&ccb=7-5&ig_cache_key=MzQ1MzI0MzAxNDA0NDc3NzY0OQ%3D%3D.3-ccb7-5&oh=00_AYDjC0gdvPY3PMGWTk6zEzijqe-3UTkopAJSzjrTrWc8ww&oe=66E4FA1A&_nc_sid=8f1549', 'post_datetime': '2024-09-09 19:44:28', 'post_description': '성실하고 선한 것은\n그 자체의 향기를 지니고 있어서\n마주치는 사람은\n좋든 싫든 그것을 알아차린다.\n그러나 위장된 성실은 가슴에 품은 칼날이다.\n- <지금은 아우렐리우스를 읽어야 할 때>, 김옥림 - 밀리의 서재\nhttps://www.millie.co.kr/v3/bookDetail/2f66e5384b5240d4'}]
CSV 파일에 데이터 저장 중...
CSV 파일에 데이터 저장 완료
성공/실패 평가 중...
성공한 사람: ['terrys_reading', 'rdnmgo', '42lines_', 'euiclee.books', 'ai.gi.book']
실패한 사람: []
요약 이미지 생성 중...
요약 이미지 생성 완료
포스트 이미지 생성 중...
terrys_reading의 이미지 생성 중...
terrys_reading의 이미지 생성 완료
terrys_reading의 텍스트 이미지 생성 중...
terrys_reading의 텍스트 이미지 생성 완료
rdnmgo의 이미지 생성 중...
rdnmgo의 이미지 생성 완료
rdnmgo의 텍스트 이미지 생성 중...
rdnmgo의 텍스트 이미지 생성 완료
42lines_의 이미지 생성 중...
42lines_의 이미지 생성 완료
42lines_의 텍스트 이미지 생성 중...
42lines_의 텍스트 이미지 생성 완료
euiclee.books의 이미지 생성 중...
euiclee.books의 이미지 생성 완료
euiclee.books의 텍스트 이미지 생성 중...
euiclee.books의 텍스트 이미지 생성 완료
ai.gi.book의 이미지 생성 중...
ai.gi.book의 이미지 생성 완료
ai.gi.book의 텍스트 이미지 생성 중...
ai.gi.book의 텍스트 이미지 생성 완료
포스트 이미지 생성 완료
이미지 업로드 시작...
사진 업로드 중...
새 게시물 버튼 클릭 완료
다음 버튼 클릭 중...
다음 버튼 클릭 완료
다음 버튼 클릭 중...
다음 버튼 클릭 완료
성공/실패 평가 중...
성공한 사람: ['terrys_reading', 'rdnmgo', '42lines_', 'euiclee.books', 'ai.gi.book']
실패한 사람: []
설명 입력 중...
설명 입력 완료
게시물 공유 중...
게시물 공유 완료
사진 업로드 완료
이미지 업로드 완료
드라이버 종료
프로그램 시작
드라이버 설정 중...
드라이버 설정 완료
인스타그램 로그인 시도 중...
로그인 정보 입력 완료
로그인 정보 저장 버튼 클릭 중...
로그인 정보 저장 버튼 클릭 완료
정보 수집 시작...
terrys_reading의 정보 수집 중...
terrys_reading의 게시물에 '더 보기' 버튼 없음
좋아요 버튼을 클릭했습니다.
terrys_reading의 정보 수집 완료
rdnmgo의 정보 수집 중...
rdnmgo의 게시물에 '더 보기' 버튼 없음
좋아요 버튼을 클릭했습니다.
rdnmgo의 정보 수집 완료
42lines_의 정보 수집 중...
42lines_의 게시물에 '더 보기' 버튼 없음
좋아요 버튼을 클릭했습니다.
42lines_의 정보 수집 완료
euiclee.books의 정보 수집 중...
euiclee.books의 게시물에 '더 보기' 버튼 없음
좋아요 버튼을 클릭했습니다.
euiclee.books의 정보 수집 완료
ai.gi.book의 정보 수집 중...
ai.gi.book의 게시물에 '더 보기' 버튼 없음
좋아요 버튼을 클릭했습니다.
ai.gi.book의 정보 수집 완료
정보 수집 완료
[{'user_id': 'terrys_reading', 'posts_count': '72', 'post_text': 'Photo by @terrys_reading on September 15, 2024. May be an image of book, lumberyard and text.', 'post_image': 'https://scontent-ssn1-1.cdninstagram.com/v/t51.29350-15/459377831_327830793690487_8842426988806461483_n.jpg?stp=dst-jpg_e15&efg=eyJ2ZW5jb2RlX3RhZyI6ImltYWdlX3VybGdlbi4xMDgweDEwODAuc2RyLmYyOTM1MC5kZWZhdWx0X2ltYWdlIn0&_nc_ht=scontent-ssn1-1.cdninstagram.com&_nc_cat=107&_nc_ohc=QZRdX_ww4E0Q7kNvgHLPplh&_nc_gid=f96d3d416f69417797f1ae2c2fb3a039&edm=AEhyXUkBAAAA&ccb=7-5&ig_cache_key=MzQ1NzY5MjgxMjAzOTIwNzQxMw%3D%3D.3-ccb7-5&oh=00_AYBbvuZPXJ3BvCjbc34Exkdg1vtuvkFKufRRaCHi14WWSg&oe=66ECBE4E&_nc_sid=8f1549', 'post_datetime': '2024-09-15 23:05:25', 'post_description': '1. 21세기가 되며 IT 기술이 발전하고 자본이 서비스업 중심으로 재편되었다. 그러며 IT, 금융과 같은 "비물질의 세계"를 선호하는 현상이 계속되었다.\n\n2. 하지만 세상은 그렇지 않다. 백신을 담는 용기와 반도체를 구성하는 규소부터, 자동차, 건설에 사용하는 철까지 우리가 간과하는 물질들이 우리의 모든 세계를 지탱하고 있다.\n\n3. 하지만 우리는 모른다. 우리가 사용하는 제품과 서비스를 만드려면 어떻게 해야하는지. 그리고 무엇이 필요한지.\n\n4. 이 책은 우리가 간과하는 그 물질들과, 그 물질들을 이루는 인적 네트워크에 대한 이야기이다. 정말 재밌을 것 같다.'}, {'user_id': 'rdnmgo', 'posts_count': '77', 'post_text': 'Photo by @rdnmgo on September 14, 2024. May be an image of 1 person, poster, book, magazine and text that says \'UN SHAKEABLE YOUR FINANCIAL FREEDOM PLAYBOOK 토니 로빈스 지음 박습라 경 청철진 ዘፉ 一 흔들리지 않는 돈의법칙 세계0.00%부의거인플의어니시크맛 0.001% 거인들의 머니 시크릿 워런 버핏, 존 템플턴, 억만장자들의 비밀을 푼단 하나의 "혼들리지 마라, 현혹되지 마라, 부자 될 부자될기회 기회 있다!" 뉴욕타임스 베스트셀러 1위 아마즌 베스트셀러 베스트 셀러 1위 <네 인에 잡든 거인을 깨워라) 저자 신작! 존보글 앨런그린스편 강력 강력수천! 추천! RHK ግገዓታጣ\'.', 'post_image': 'https://scontent-ssn1-1.cdninstagram.com/v/t51.29350-15/459922140_3066185966856300_2025005416001262981_n.jpg?stp=dst-jpg_e15&efg=eyJ2ZW5jb2RlX3RhZyI6ImltYWdlX3VybGdlbi42MTJ4NjEyLnNkci5mMjkzNTAuZGVmYXVsdF9pbWFnZSJ9&_nc_ht=scontent-ssn1-1.cdninstagram.com&_nc_cat=100&_nc_ohc=teY0vyUG2nEQ7kNvgGt7_h-&_nc_gid=12db55d147334cb89e50ec29ac762971&edm=ADW0ovcBAAAA&ccb=7-5&ig_cache_key=MzQ1NzM5NjY0NTE1NzU5NTc2OQ%3D%3D.3-ccb7-5&oh=00_AYBAuoK3YL7YIgGmve_vOoHTM5FaNsU4O4gph7EToI5fBg&oe=66ECC302&_nc_sid=db7772', 'post_datetime': '2024-09-15 13:16:59', 'post_description': '#### 국보의 상실\n\n로빈 윌리엄스는 성취의 달인이었을까? 두말하면 잔소리다. 그는 문자 그대로 밑바닥에서부터 맨손으로 시작한 사람이었다. 그는 스타가 되어 자신만의 TV 쇼를 진행하고야 말겠다고 결심했고, 결국 해냈다. 그런 다음에는 가족을 이루고 싶다고 생각했고, 역시 해냈다. 그는 평생 쓰고도 남을 많은 돈을 벌자고 결심했고, 그 또한 이뤄냈다. 영화배우가 되기로 결심한 후에도 대성공을 거뒀다. 마침내 그는 ‘코미디’ 배우로서가 아니라 배우로서 아카데미상을 수상하겠다고 결심했고, 심지어 그마저 달성했다! 로빈 윌리엄스는 자신이 꿈꾸던 모든 것을 성취한 사내였다.\n\n그러다 어느 날, 스스로 목숨을 끊었다.\n\n나는 이 비극에 대해 생각할 때마다 단순한 깨달음을 얻는다. 충만한 삶을 살지 못한다면 아무것도 갖지 못한 것과 같다.\n\n로빈 윌리엄스는 우리 사회가 높이 평가하는 것들, 명성과 부를 포함해 수많은 것들을 달성했다. 그러나 넘치는 재능에도 불구하고 만족하지 못했다. 그로 인한 스트레스를 해소하기 위해 수십 년 동안 술과 약물의 힘을 빌렸고 때로는 지나치게 의존하기도 했다.\n\n로빈 윌리엄스는 타인을 아끼고 돌보던 좋은 사람이었다. 우울증과 약물중독, 건강 악화에도 불구하고 세상에 많은 것을 기여한 사람이었다. 그러나 그는 이 세상 다른 모든 이들에게는 행복을 선사하면서도 자신만은 도울 수가 없었다. 그 생각을 하면 비행기에서 나오는 안전 수칙 안내 방송이 떠오른다.\n\n“비상시에는 먼저 산소마스크를 쓴 다음 주변 사람들을 도우십시오.”\n\n처음 들었을 때는 약간 이기적인 게 아닌가 싶었지만 생각해보면 일리가 있는 말이다. 일단 나 자신이 살아야 주변 사람을 도울 수 있지 않겠는가.\n\n다만 나는 정말로 ‘돈도 많고’ ‘가장 성공한’ 이들마저 당연히 누려야 할 행복과 충만감을 놓치고 있다는 것을 말해주고 싶었다. 나는 당신이 오늘부터라도 그런 행복과 충만함을 느낄 수 있길 바란다. 하지만 아무도 우리에게 행복해지는 방법을 가르쳐주지 않는다.'}, {'user_id': '42lines_', 'posts_count': '76', 'post_text': 'Photo by @42lines_ on September 14, 2024. May be an illustration of one or more people, magazine, poster, calendar and text.', 'post_image': 'https://scontent-ssn1-1.cdninstagram.com/v/t51.29350-15/459757296_1040849520658184_3214383337090609039_n.jpg?stp=dst-jpg_e35&efg=eyJ2ZW5jb2RlX3RhZyI6ImltYWdlX3VybGdlbi4xMDgweDEwODAuc2RyLmYyOTM1MC5kZWZhdWx0X2ltYWdlIn0&_nc_ht=scontent-ssn1-1.cdninstagram.com&_nc_cat=108&_nc_ohc=RuQIj5Uq6PoQ7kNvgEhwqxY&_nc_gid=71c542ada6ff409ca4bfb7bf5f4cbaac&edm=ADW0ovcBAAAA&ccb=7-5&ig_cache_key=MzQ1NzM2NTI5MzI3NjY3MTMzMg%3D%3D.3-ccb7-5&oh=00_AYAfTNFO7neeDmxFBKXRyfoZS61vSWbI0kRgBxjgHj90lw&oe=66ECDD5A&_nc_sid=db7772', 'post_datetime': '2024-09-15 12:14:42', 'post_description': '모델을 선정할 때는 모델을 통해 무엇을 전달할 것인지가 확실해야 한다. 단순히 변화한 이미지, 모델의 이미지를 가져오는 것이 아니라 콘텐츠와 방향성으로 납득시켜야 한다. 그러려면 더욱더 모델에 대한 확실한 이해가 바탕이 되어야 한다. 모델 이미지와 브랜드가 말하고자 하는 콘텐츠를 잘 연결시켜야 팬들도 브랜드의 모델 선정을 받아들일 수 있다.\n\n<2024 트렌드 노트>, 정석환, 박현영, 이원희, 김종민, 김정구, 정현아, 신예은'}, {'user_id': 'euiclee.books', 'posts_count': '76', 'post_text': '🖋️ 성장이 없는 분야가 있을까.\n\n그당시 대중문화에서는 만화영화가 조잡하고 유치해질 수밖에 없는 운명에 처해 있다고 보았다. 그랬기 때문에 월트는 대중문화에 뿌리를 깊이 박은 만화영화를 거기에서 벗어나게 하라고 노골적으로 명령했고, 만화영화의 한계를 뛰어넘어야 한다고 늘 이야기했다. \n\n시간이 지난다고 나이를 먹는다고 나는 저절로 성장하는 것이 아니다. 한발이라도 내딛어야 성장 할 수 있다. 성큼성큼 나아가고 성장하면 얼마나 좋을까. 하지만 가만히 있는 것보다야 조금씩이라도 나아지면 언젠가는 처음보다 훨씬 나아진 나를 발견할 수 있지 않을까.\n\n📗 #월트디즈니 #닐개블러 #여름언덕\n\n🔖 #독서 #북스타그램 #책 #독서스타그램 #디즈니', 'post_image': 'https://scontent-ssn1-1.cdninstagram.com/v/t51.29350-15/459392758_3013088968842920_8475505052108083905_n.jpg?stp=dst-jpg_e15&efg=eyJ2ZW5jb2RlX3RhZyI6ImltYWdlX3VybGdlbi4xMDgweDEwODAuc2RyLmYyOTM1MC5kZWZhdWx0X2ltYWdlIn0&_nc_ht=scontent-ssn1-1.cdninstagram.com&_nc_cat=108&_nc_ohc=1W5Yu0eeJU4Q7kNvgGg_Inm&_nc_gid=b7be34aae8984dcc9b8ba3334f40c17f&edm=AEhyXUkBAAAA&ccb=7-5&ig_cache_key=MzQ1NzY3MDY3NTgyNDI4NTc5Mg%3D%3D.3-ccb7-5&oh=00_AYAhaTdWUa4GpV0Dlf4VlbkM-pb9DfN6WKHKWgtkBNPU7A&oe=66ECDF95&_nc_sid=8f1549', 'post_datetime': '2024-09-15 22:21:27', 'post_description': '🖋️ 성장이 없는 분야가 있을까.\n\n그당시 대중문화에서는 만화영화가 조잡하고 유치해질 수밖에 없는 운명에 처해 있다고 보았다. 그랬기 때문에 월트는 대중문화에 뿌리를 깊이 박은 만화영화를 거기에서 벗어나게 하라고 노골적으로 명령했고, 만화영화의 한계를 뛰어넘어야 한다고 늘 이야기했다.\n\n시간이 지난다고 나이를 먹는다고 나는 저절로 성장하는 것이 아니다. 한발이라도 내딛어야 성장 할 수 있다. 성큼성큼 나아가고 성장하면 얼마나 좋을까. 하지만 가만히 있는 것보다야 조금씩이라도 나아지면 언젠가는 처음보다 훨씬 나아진 나를 발견할 수 있지 않을까.\n\n📗 #월트디즈니 #닐개블러 #여름언덕\n\n🔖 #독서 #북스타그램 #책 #독서스타그램 #디즈니'}, {'user_id': 'ai.gi.book', 'posts_count': '84', 'post_text': 'Photo by @ai.gi.book on September 15, 2024. May be an image of 1 person, book, poster, magazine and text.', 'post_image': 'https://scontent-ssn1-1.cdninstagram.com/v/t51.29350-15/459915625_2287949034877213_6819746942528986241_n.jpg?stp=dst-jpg_e35&efg=eyJ2ZW5jb2RlX3RhZyI6ImltYWdlX3VybGdlbi4xNDQweDE4MDAuc2RyLmYyOTM1MC5kZWZhdWx0X2ltYWdlIn0&_nc_ht=scontent-ssn1-1.cdninstagram.com&_nc_cat=101&_nc_ohc=GoAkYbXUqYsQ7kNvgEvtYDB&_nc_gid=a1eb603422594d2695a41f44bcaaeded&edm=ADW0ovcBAAAA&ccb=7-5&ig_cache_key=MzQ1NzcyMDMwMDM5Njg0OTY5NA%3D%3D.3-ccb7-5&oh=00_AYDKyNwmxihz6_3-yrf-9kxU9jvfyM60Ga0romgCfUO8hg&oe=66ECC66A&_nc_sid=db7772', 'post_datetime': '2024-09-16 00:00:02', 'post_description': '정상으로 향하는 첫 단계에서는 어떤 대가를 치르더라도 주목을 끌어야 한다. 그러나 점점 더 높이 올라갈수록 방식을 계속 수정하고 조정해야 한다. 절대 같은 전술로 사람들을 물리게 해서는 안 된다. 마타 하리는 거짓말을 지나치게 많이 했다. 설사 그녀가 스파이가 아니었다고 해도, 당시에는 그렇게 가정하는 것이 합당할 수밖에 없었다. 그녀의 모든 거짓말을 감안할 때, 지극히 의심스럽고 사악하게 보였기 때문이다. 당신의 신비감이 사기꾼이라는 평판으로 천천히 변형되도록 허용하지 마라. 당신이 조성한 신비감은 무해하고 유쾌한 일종의 게임처럼 보여야 한다. 결코 선을 넘어서는 안 되며, 따라서 멈춰야 할 때를 아는 것도 중요하다.\n\n관심을 과도하게 탐하는 것처럼 비치지 마라. 그것은 불안하다는 신호이며 불안은 권력을 날려버린다. 때로는 관심의 한가운데 자리하는 것이 불리할 수도 있다는 점을 명심하라. - <인간 욕망의 법칙>, 로버트 그린 - 밀리의 서재\nhttps://www.millie.co.kr/v3/bookDetail/db2942976d574b93'}]
CSV 파일에 데이터 저장 중...
CSV 파일에 데이터 저장 완료
성공/실패 평가 중...
성공한 사람: ['terrys_reading', 'rdnmgo', '42lines_', 'euiclee.books']
실패한 사람: ['ai.gi.book']
요약 이미지 생성 중...
요약 이미지 생성 완료
포스트 이미지 생성 중...
terrys_reading의 이미지 생성 중...
terrys_reading의 이미지 생성 완료
terrys_reading의 텍스트 이미지 생성 중...
terrys_reading의 텍스트 이미지 생성 완료
rdnmgo의 이미지 생성 중...
rdnmgo의 이미지 생성 완료
rdnmgo의 텍스트 이미지 생성 중...
rdnmgo의 텍스트 이미지 생성 완료
42lines_의 이미지 생성 중...
42lines_의 이미지 생성 완료
42lines_의 텍스트 이미지 생성 중...
42lines_의 텍스트 이미지 생성 완료
euiclee.books의 이미지 생성 중...
euiclee.books의 이미지 생성 완료
euiclee.books의 텍스트 이미지 생성 중...
euiclee.books의 텍스트 이미지 생성 완료
포스트 이미지 생성 완료
이미지 업로드 시작...
사진 업로드 중...
새 게시물 버튼 클릭 완료
다음 버튼 클릭 중...
다음 버튼 클릭 완료
다음 버튼 클릭 중...
다음 버튼 클릭 완료
성공/실패 평가 중...
성공한 사람: ['terrys_reading', 'rdnmgo', '42lines_', 'euiclee.books']
실패한 사람: ['ai.gi.book']
설명 입력 중...
설명 입력 완료
게시물 공유 중...
게시물 공유 완료
사진 업로드 완료
이미지 업로드 완료
드라이버 종료
프로그램 시작
드라이버 설정 중...
드라이버 설정 완료
인스타그램 로그인 시도 중...
로그인 정보 입력 완료
로그인 정보 저장 버튼 클릭 중...
드라이버 종료
Traceback (most recent call last):
  File "/Users/leetaekwon/Desktop/instaAuto/test.py", line 498, in <module>
    main()
  File "/Users/leetaekwon/Desktop/instaAuto/test.py", line 482, in main
    login_to_instagram(driver, INSTAGRAM_USERNAME, INSTAGRAM_PASSWORD)
  File "/Users/leetaekwon/Desktop/instaAuto/test.py", line 120, in login_to_instagram
    click_save_info_button(driver)
  File "/Users/leetaekwon/Desktop/instaAuto/test.py", line 42, in click_save_info_button
    save_info_button = WebDriverWait(driver, 200).until(
  File "/Library/Frameworks/Python.framework/Versions/3.10/lib/python3.10/site-packages/selenium/webdriver/support/wait.py", line 96, in until
    value = method(self._driver)
  File "/Library/Frameworks/Python.framework/Versions/3.10/lib/python3.10/site-packages/selenium/webdriver/support/expected_conditions.py", line 364, in _predicate
    element = visibility_of(target)(driver)
  File "/Library/Frameworks/Python.framework/Versions/3.10/lib/python3.10/site-packages/selenium/webdriver/support/expected_conditions.py", line 173, in _predicate
    return _element_if_visible(element)
  File "/Library/Frameworks/Python.framework/Versions/3.10/lib/python3.10/site-packages/selenium/webdriver/support/expected_conditions.py", line 179, in _element_if_visible
    return element if element.is_displayed() == visibility else False
  File "/Library/Frameworks/Python.framework/Versions/3.10/lib/python3.10/site-packages/selenium/webdriver/remote/webelement.py", line 252, in is_displayed
    return self.parent.execute_script(f"/* isDisplayed */return ({isDisplayed_js}).apply(null, arguments);", self)
  File "/Library/Frameworks/Python.framework/Versions/3.10/lib/python3.10/site-packages/selenium/webdriver/remote/webdriver.py", line 414, in execute_script
    return self.execute(command, {"script": script, "args": converted_args})["value"]
  File "/Library/Frameworks/Python.framework/Versions/3.10/lib/python3.10/site-packages/selenium/webdriver/remote/webdriver.py", line 354, in execute
    self.error_handler.check_response(response)
  File "/Library/Frameworks/Python.framework/Versions/3.10/lib/python3.10/site-packages/selenium/webdriver/remote/errorhandler.py", line 229, in check_response
    raise exception_class(message, screen, stacktrace)
selenium.common.exceptions.StaleElementReferenceException: Message: stale element reference: stale element not found
  (Session info: chrome=128.0.6613.114); For documentation on this error, please visit: https://www.selenium.dev/documentation/webdriver/troubleshooting/errors#stale-element-reference-exception
Stacktrace:
0   chromedriver                        0x000000010c6cd338 chromedriver + 5096248
1   chromedriver                        0x000000010c6c4b6a chromedriver + 5061482
2   chromedriver                        0x000000010c24ffd0 chromedriver + 389072
3   chromedriver                        0x000000010c26007a chromedriver + 454778
4   chromedriver                        0x000000010c2566e9 chromedriver + 415465
5   chromedriver                        0x000000010c25681a chromedriver + 415770
6   chromedriver                        0x000000010c254a85 chromedriver + 408197
7   chromedriver                        0x000000010c257e09 chromedriver + 421385
8   chromedriver                        0x000000010c2df1c4 chromedriver + 975300
9   chromedriver                        0x000000010c2c0ef2 chromedriver + 851698
10  chromedriver                        0x000000010c2de250 chromedriver + 971344
11  chromedriver                        0x000000010c2c0c93 chromedriver + 851091
12  chromedriver                        0x000000010c28fc79 chromedriver + 650361
13  chromedriver                        0x000000010c29049e chromedriver + 652446
14  chromedriver                        0x000000010c6900b0 chromedriver + 4845744
15  chromedriver                        0x000000010c694fc8 chromedriver + 4865992
16  chromedriver                        0x000000010c695695 chromedriver + 4867733
17  chromedriver                        0x000000010c672ce9 chromedriver + 4725993
18  chromedriver                        0x000000010c695989 chromedriver + 4868489
19  chromedriver                        0x000000010c664c04 chromedriver + 4668420
20  chromedriver                        0x000000010c6b4e68 chromedriver + 4996712
21  chromedriver                        0x000000010c6b5067 chromedriver + 4997223
22  chromedriver                        0x000000010c6c476e chromedriver + 5060462
23  libsystem_pthread.dylib             0x00007fff6e2cd109 _pthread_start + 148
24  libsystem_pthread.dylib             0x00007fff6e2c8b8b thread_start + 15

프로그램 시작
드라이버 설정 중...
드라이버 설정 완료
인스타그램 로그인 시도 중...
로그인 정보 입력 완료
로그인 정보 저장 버튼 클릭 중...
로그인 정보 저장 버튼 클릭 완료
정보 수집 시작...
terrys_reading의 정보 수집 중...
terrys_reading의 게시물에 '더 보기' 버튼 없음
좋아요 버튼을 클릭했습니다.
terrys_reading의 정보 수집 완료
rdnmgo의 정보 수집 중...
rdnmgo의 게시물에 '더 보기' 버튼 없음
좋아요 버튼을 클릭했습니다.
rdnmgo의 정보 수집 완료
42lines_의 정보 수집 중...
42lines_의 게시물에 '더 보기' 버튼 없음
좋아요 버튼을 클릭했습니다.
42lines_: 데이터 수집 실패 - Message: no such element: Unable to locate element: {"method":"css selector","selector":"h1._ap3a._aaco._aacu._aacx._aad7._aade"}
  (Session info: chrome=128.0.6613.114); For documentation on this error, please visit: https://www.selenium.dev/documentation/webdriver/troubleshooting/errors#no-such-element-exception
Stacktrace:
0   chromedriver                        0x000000010e111338 chromedriver + 5096248
1   chromedriver                        0x000000010e108b6a chromedriver + 5061482
2   chromedriver                        0x000000010dc93fd0 chromedriver + 389072
3   chromedriver                        0x000000010dce09ab chromedriver + 702891
4   chromedriver                        0x000000010dce0a81 chromedriver + 703105
5   chromedriver                        0x000000010dd24cd4 chromedriver + 982228
6   chromedriver                        0x000000010dd04f1d chromedriver + 851741
7   chromedriver                        0x000000010dd22250 chromedriver + 971344
8   chromedriver                        0x000000010dd04c93 chromedriver + 851091
9   chromedriver                        0x000000010dcd3c79 chromedriver + 650361
10  chromedriver                        0x000000010dcd449e chromedriver + 652446
11  chromedriver                        0x000000010e0d40b0 chromedriver + 4845744
12  chromedriver                        0x000000010e0d8fc8 chromedriver + 4865992
13  chromedriver                        0x000000010e0d9695 chromedriver + 4867733
14  chromedriver                        0x000000010e0b6ce9 chromedriver + 4725993
15  chromedriver                        0x000000010e0d9989 chromedriver + 4868489
16  chromedriver                        0x000000010e0a8c04 chromedriver + 4668420
17  chromedriver                        0x000000010e0f8e68 chromedriver + 4996712
18  chromedriver                        0x000000010e0f9067 chromedriver + 4997223
19  chromedriver                        0x000000010e10876e chromedriver + 5060462
20  libsystem_pthread.dylib             0x00007fff6e2cd109 _pthread_start + 148
21  libsystem_pthread.dylib             0x00007fff6e2c8b8b thread_start + 15

euiclee.books의 정보 수집 중...
euiclee.books의 게시물에 '더 보기' 버튼 없음
좋아요 버튼을 클릭했습니다.
euiclee.books의 정보 수집 완료
ai.gi.book의 정보 수집 중...
ai.gi.book의 게시물에 '더 보기' 버튼 없음
좋아요 버튼을 클릭했습니다.
ai.gi.book의 정보 수집 완료
정보 수집 완료
[{'user_id': 'terrys_reading', 'posts_count': '95', 'post_text': 'Photo by @terrys_reading on October 11, 2024. 사람 1명, 책 및 텍스트의 이미지일 수 있음.', 'post_image': 'https://scontent-ssn1-1.cdninstagram.com/v/t39.30808-6/462772508_17861861568250545_1498259050962872789_n.jpg?stp=dst-jpg_e35&efg=eyJ2ZW5jb2RlX3RhZyI6ImltYWdlX3VybGdlbi4xNDQweDE4MDAuc2RyLmYzMDgwOC5kZWZhdWx0X2ltYWdlIn0&_nc_ht=scontent-ssn1-1.cdninstagram.com&_nc_cat=109&_nc_ohc=JueasCTyL8YQ7kNvgEVTh-Z&_nc_gid=0aebfc0a74c84ec89823819e7c713e13&edm=AONqaaQAAAAA&ccb=7-5&ig_cache_key=MzQ3NjU2MDUyNjU3NjY2MzA5Mg%3D%3D.3-ccb7-5&oh=00_AYAsXI9kQdPrCIYUz8ZZNcLS--EKWGPe8LeWXiJgny9l2Q&oe=670F1761&_nc_sid=4e3341', 'post_datetime': '2024-10-11 23:52:12', 'post_description': '투자 성과를 판단하는 가장 쉬운 방식은 수익률이다. 장기간의 수익률은 그 이의 투자 실력을 증명하는 가장 좋은 증명표이다.\n\n하지만 개별 투자건에서 수익률은 실력 그 자체를 반영하지 않는다. 운에 의한 요소가 더 컸는지 판단하기 어렵기 때문이다.\n\n그렇기에 찰리 멍거는 자신의 투자가 좋은 수익률을 거두었는지로 성과를 판단하지 않는다. 자신이 얼마나 객관적으로 현실을 바라보았으며, 어떤 시장의 비효율성을 포착했는지 판단한다.\n\n그리고 그 과정에서 회계와 같은 기본적 수치뿐 아니라 물리학의 법칙, 심리학 현상, 경쟁 이런 등의 다양한 모델을 사용한다. 마치 체스 그랜드 마스터가 뛰어난 직관을 이용하는 것과 같이 투자 대상을 여러 각도에서 분석하고, 빠르게 분석을 마무리한다.\n\n#북스타그램 #독서'}, {'user_id': 'rdnmgo', 'posts_count': '103', 'post_text': 'Photo by @rdnmgo on October 11, 2024. 사람 1명, 책, 잡지, 포스터 및 텍스트의 만화일 수 있음.', 'post_image': 'https://scontent-ssn1-1.cdninstagram.com/v/t51.29350-15/462612422_835993398693475_4386192608283150135_n.jpg?stp=dst-jpg_e15&efg=eyJ2ZW5jb2RlX3RhZyI6ImltYWdlX3VybGdlbi42MTJ4NjEyLnNkci5mMjkzNTAuZGVmYXVsdF9pbWFnZSJ9&_nc_ht=scontent-ssn1-1.cdninstagram.com&_nc_cat=107&_nc_ohc=t_jkhUEPQLwQ7kNvgG49Win&_nc_gid=e8e3313fb17b4a458501fe21ee88a496&edm=AP4sbd4BAAAA&ccb=7-5&ig_cache_key=MzQ3NjM5NTk2Mzg0ODcyODUxNA%3D%3D.3-ccb7-5&oh=00_AYAfqVwAV-lcmdzaBq38mFAbdGy7fs9YAXexq7FZ7lDu7Q&oe=670F2794&_nc_sid=7a9f4b', 'post_datetime': '2024-10-11 18:25:14', 'post_description': '### 1장 핵심정리\n\n■ 관객의 마음을 사로잡는 후크의 시간은 단 8초다.\n■ 훌륭한 후크는 독특하고, 예측 불가능하고, 행동을 촉구하고, 첨예한 갈등을 일으킨다.\n■ 아무리 좋은 아이디어라도 최대한 간단명료하게 설명할 수 있어야 한다.\n■ “만약에”로 시작하는 질문 형태의 후크는 관객을 몰입시키는 훌륭한 방법이다.\n■ 로그라인을 만들 때는 영웅, 목표, 장애물, 변화를 활용하자.\n■ 시각적 후크를 활용해 사람들의 시선을 끌자.'}, {'user_id': 'euiclee.books', 'posts_count': '102', 'post_text': 'Photo by 유클리책장 | 📚 매일매일 독서기록 on October 11, 2024. 텍스트의 이미지일 수 있음.', 'post_image': 'https://scontent-ssn1-1.cdninstagram.com/v/t51.29350-15/462795663_456581746808363_9065592104325312568_n.jpg?stp=dst-jpg_e15&efg=eyJ2ZW5jb2RlX3RhZyI6ImltYWdlX3VybGdlbi4xMDgweDEwODAuc2RyLmYyOTM1MC5kZWZhdWx0X2ltYWdlIn0&_nc_ht=scontent-ssn1-1.cdninstagram.com&_nc_cat=111&_nc_ohc=TtS1NAmLinYQ7kNvgElnvE6&_nc_gid=7fa1b74b8dca47ef96bbb14c19539418&edm=AP4sbd4BAAAA&ccb=7-5&ig_cache_key=MzQ3NjU0OTg5MDQ0MzE2NDE3OA%3D%3D.3-ccb7-5&oh=00_AYDy8vpZXXepKJJ4IdDYjnraQndfwwbLWSKDIbO4u7VPlQ&oe=670F087B&_nc_sid=7a9f4b', 'post_datetime': '2024-10-11 23:31:05', 'post_description': '🖋️ 물론 365일 24시간 내내 유쾌할 수는 없겠지만, 피자 한 조각 쯤은 신나게 먹을 수 있지 않을까.\n\n�낙관적으로 살아가는 것이 얼마나 어려운 일인가. 사람은 감정에 움직인다. 비관이 기분이지만 낙관은 의지라는 말은 비관적이기가 낙관적이기보다 훨씬 쉽다는 것을 대변하는 말로 들린다.\n\n비관적, 부정적인 것은 어쩌면 자연스러운 것이라고 볼 수 있지만 좋을게 정말 1도 없다. 비판적인 것은 필요하지만 비난과 비관은 갖다 버려야 하지 않을까. 낙관적으로 바라보자. 긍정적으로 살자.\n\n📗 #프리워커스 #모빌스그룹 #알에이치코리아\n\n🔖 #독서 #북스타그램 #책 #독서스타그램 #책스타그램 #책리뷰 #책추천 #유클리 #유클리책장 #일 #비관 #낙관 #긍정적 #부정적 #럭키비키'}, {'user_id': 'ai.gi.book', 'posts_count': '117', 'post_text': 'Photo by @ai.gi.book on October 11, 2024. 책, 포스터, 잡지 및 텍스트의 일러스트레이션일 수 있음.', 'post_image': 'https://scontent-ssn1-1.cdninstagram.com/v/t51.29350-15/462630176_570900592164598_8061446878428919081_n.jpg?stp=dst-jpg_e35&efg=eyJ2ZW5jb2RlX3RhZyI6ImltYWdlX3VybGdlbi4xNDQweDE4MDAuc2RyLmYyOTM1MC5kZWZhdWx0X2ltYWdlIn0&_nc_ht=scontent-ssn1-1.cdninstagram.com&_nc_cat=110&_nc_ohc=ok5PdkgwdIQQ7kNvgGyyXca&_nc_gid=137568bc28ba48babf9ffb57ba46a960&edm=AP4sbd4BAAAA&ccb=7-5&ig_cache_key=MzQ3NjQ1MzUyNjc3MDMwMjI2MA%3D%3D.3-ccb7-5&oh=00_AYBu3ZbulPm1c5ksG488VnusPxRg5cteaGdkd73-VZ3Yzg&oe=670F1659&_nc_sid=7a9f4b', 'post_datetime': '2024-10-11 20:19:36', 'post_description': '여자는 남자를 믿음직하지 못하다고 생각하고,\n\n남자는 여자가 나를 무시하거나 배신할 거라고 생각한다.\n\n \n\n그 전제가 깔려 있으니까\n\n여자들은 믿을 남자가 없다고 하고\n\n남자들은 괜찮은 여자가 없다고 한다.\n\n \n\n누가 먼저 믿는가의 문제가 아니다. 서로가 서로에게 좋은 사람이 되려고, 이 관계를 유지하려고 노력하는 과정에서 서로에게 가장 완벽한 짝이 될 수 있는 것이다. 앞서 말했듯 완벽한 상대는 함께 만들어가는 것이다. - <사랑에 관한 거의 모든 기술>, 김달 - 밀리의 서재\nhttps://www.millie.co.kr/v3/bookDetail/579ebab67d8947cb'}]
CSV 파일에 데이터 저장 중...
CSV 파일에 데이터 저장 완료
성공/실패 평가 중...
성공한 사람: ['terrys_reading', 'rdnmgo', 'euiclee.books', 'ai.gi.book']
실패한 사람: []
요약 이미지 생성 중...
요약 이미지 생성 완료
포스트 이미지 생성 중...
terrys_reading의 이미지 생성 중...
terrys_reading의 이미지 생성 완료
terrys_reading의 텍스트 이미지 생성 중...
terrys_reading의 텍스트 이미지 생성 완료
rdnmgo의 이미지 생성 중...
rdnmgo의 이미지 생성 완료
rdnmgo의 텍스트 이미지 생성 중...
rdnmgo의 텍스트 이미지 생성 완료
euiclee.books의 이미지 생성 중...
euiclee.books의 이미지 생성 완료
euiclee.books의 텍스트 이미지 생성 중...
euiclee.books의 텍스트 이미지 생성 완료
ai.gi.book의 이미지 생성 중...
ai.gi.book의 이미지 생성 완료
ai.gi.book의 텍스트 이미지 생성 중...
ai.gi.book의 텍스트 이미지 생성 완료
포스트 이미지 생성 완료
이미지 업로드 시작...
사진 업로드 중...
새 게시물 버튼 클릭 완료
다음 버튼 클릭 중...
다음 버튼 클릭 완료
다음 버튼 클릭 중...
다음 버튼 클릭 완료
성공/실패 평가 중...
성공한 사람: ['terrys_reading', 'rdnmgo', 'euiclee.books', 'ai.gi.book']
실패한 사람: []
설명 입력 중...
설명 입력 완료
게시물 공유 중...
게시물 공유 완료
사진 업로드 완료
이미지 업로드 완료
드라이버 종료
프로그램 시작
드라이버 설정 중...
드라이버 설정 완료
인스타그램 로그인 시도 중...
로그인 정보 입력 완료
로그인 정보 저장 버튼 클릭 중...
로그인 정보 저장 버튼 클릭 완료
정보 수집 시작...
terrys_reading의 정보 수집 중...
terrys_reading의 게시물에 '더 보기' 버튼 없음
좋아요 버튼을 클릭했습니다.
terrys_reading의 정보 수집 완료
rdnmgo의 정보 수집 중...
오류가 발생했습니다: Message: 
Stacktrace:
0   chromedriver                        0x0000000110362338 chromedriver + 5096248
1   chromedriver                        0x0000000110359b6a chromedriver + 5061482
2   chromedriver                        0x000000010fee4fd0 chromedriver + 389072
3   chromedriver                        0x000000010ff319ab chromedriver + 702891
4   chromedriver                        0x000000010ff31a81 chromedriver + 703105
5   chromedriver                        0x000000010ff75cd4 chromedriver + 982228
6   chromedriver                        0x000000010ff55f1d chromedriver + 851741
7   chromedriver                        0x000000010ff73250 chromedriver + 971344
8   chromedriver                        0x000000010ff55c93 chromedriver + 851091
9   chromedriver                        0x000000010ff24c79 chromedriver + 650361
10  chromedriver                        0x000000010ff2549e chromedriver + 652446
11  chromedriver                        0x00000001103250b0 chromedriver + 4845744
12  chromedriver                        0x0000000110329fc8 chromedriver + 4865992
13  chromedriver                        0x000000011032a695 chromedriver + 4867733
14  chromedriver                        0x0000000110307ce9 chromedriver + 4725993
15  chromedriver                        0x000000011032a989 chromedriver + 4868489
16  chromedriver                        0x00000001102f9c04 chromedriver + 4668420
17  chromedriver                        0x0000000110349e68 chromedriver + 4996712
18  chromedriver                        0x000000011034a067 chromedriver + 4997223
19  chromedriver                        0x000000011035976e chromedriver + 5060462
20  libsystem_pthread.dylib             0x00007fff6e2cd109 _pthread_start + 148
21  libsystem_pthread.dylib             0x00007fff6e2c8b8b thread_start + 15

rdnmgo: 데이터 수집 실패 - Message: no such element: Unable to locate element: {"method":"xpath","selector":"//time[@class="x1p4m5qa"]"}
  (Session info: chrome=128.0.6613.114); For documentation on this error, please visit: https://www.selenium.dev/documentation/webdriver/troubleshooting/errors#no-such-element-exception
Stacktrace:
0   chromedriver                        0x0000000110362338 chromedriver + 5096248
1   chromedriver                        0x0000000110359b6a chromedriver + 5061482
2   chromedriver                        0x000000010fee4fd0 chromedriver + 389072
3   chromedriver                        0x000000010ff319ab chromedriver + 702891
4   chromedriver                        0x000000010ff31a81 chromedriver + 703105
5   chromedriver                        0x000000010ff75cd4 chromedriver + 982228
6   chromedriver                        0x000000010ff55f1d chromedriver + 851741
7   chromedriver                        0x000000010ff73250 chromedriver + 971344
8   chromedriver                        0x000000010ff55c93 chromedriver + 851091
9   chromedriver                        0x000000010ff24c79 chromedriver + 650361
10  chromedriver                        0x000000010ff2549e chromedriver + 652446
11  chromedriver                        0x00000001103250b0 chromedriver + 4845744
12  chromedriver                        0x0000000110329fc8 chromedriver + 4865992
13  chromedriver                        0x000000011032a695 chromedriver + 4867733
14  chromedriver                        0x0000000110307ce9 chromedriver + 4725993
15  chromedriver                        0x000000011032a989 chromedriver + 4868489
16  chromedriver                        0x00000001102f9c04 chromedriver + 4668420
17  chromedriver                        0x0000000110349e68 chromedriver + 4996712
18  chromedriver                        0x000000011034a067 chromedriver + 4997223
19  chromedriver                        0x000000011035976e chromedriver + 5060462
20  libsystem_pthread.dylib             0x00007fff6e2cd109 _pthread_start + 148
21  libsystem_pthread.dylib             0x00007fff6e2c8b8b thread_start + 15

42lines_의 정보 수집 중...
42lines_의 게시물에 '더 보기' 버튼 없음
좋아요 버튼을 클릭했습니다.
42lines_의 정보 수집 완료
euiclee.books의 정보 수집 중...
euiclee.books의 게시물에 '더 보기' 버튼 없음
좋아요 버튼을 클릭했습니다.
euiclee.books의 정보 수집 완료
ai.gi.book의 정보 수집 중...
ai.gi.book의 게시물에 '더 보기' 버튼 없음
좋아요 버튼을 클릭했습니다.
ai.gi.book의 정보 수집 완료
정보 수집 완료
[{'user_id': 'terrys_reading', 'posts_count': '96', 'post_text': 'Photo by @terrys_reading on October 12, 2024. 사람 1명, 책 및 텍스트의 이미지일 수 있음.', 'post_image': 'https://scontent-ssn1-1.cdninstagram.com/v/t39.30808-6/463085744_17862014949250545_8419745923115139628_n.jpg?stp=dst-jpg_e35&efg=eyJ2ZW5jb2RlX3RhZyI6ImltYWdlX3VybGdlbi4xNDQweDE4MDAuc2RyLmYzMDgwOC5kZWZhdWx0X2ltYWdlIn0&_nc_ht=scontent-ssn1-1.cdninstagram.com&_nc_cat=109&_nc_ohc=pCoHrheqKEUQ7kNvgGiSu1o&_nc_gid=53bf37e384894938a698aef1fd1ee9bf&edm=AONqaaQAAAAA&ccb=7-5&ig_cache_key=MzQ3NzI4NzM5MzAxNzM0Nzk4NQ%3D%3D.3-ccb7-5&oh=00_AYBvwdZWCvN13FElJVhuQpKMJQTImwELoXZZO1fY-XWSaQ&oe=671079C8&_nc_sid=4e3341', 'post_datetime': '2024-10-12 23:56:21', 'post_description': '개별적 팩트만 기억했다가 다시 떠올리는 것만으로는 그 어떤 것도 알 수 없다. 머릿속 모형을 통해 직간접적 경험을 배열해야 한다. 그저 어떤 내용을 억지로 암기하고 억지로 머릿속에 집어넣는 것은 시간 낭비이고, 인생에 그 어떤 도움도 되지 않는다.\n\n#북스타그램'}, {'user_id': '42lines_', 'posts_count': '103', 'post_text': 'Photo by @42lines_ on October 12, 2024. 책, 포스터, 야외 및 텍스트의 이미지일 수 있음.', 'post_image': 'https://scontent-ssn1-1.cdninstagram.com/v/t51.29350-15/462699890_578436528078620_1839262105025420958_n.jpg?stp=dst-jpg_e35&efg=eyJ2ZW5jb2RlX3RhZyI6ImltYWdlX3VybGdlbi4xMDgweDEwODAuc2RyLmYyOTM1MC5kZWZhdWx0X2ltYWdlIn0&_nc_ht=scontent-ssn1-1.cdninstagram.com&_nc_cat=108&_nc_ohc=xGnrh_ft6F4Q7kNvgHZHsDT&_nc_gid=99ffb9ab94eb4d58a8ec588deb21be02&edm=AONqaaQBAAAA&ccb=7-5&ig_cache_key=MzQ3NzIyNzI3NzMxMjc4NDIzNg%3D%3D.3-ccb7-5&oh=00_AYAEC9MAHJaSymtdbw6L_zxsyy2BcMA9Zbkc6IVczCR_UA&oe=671059A6&_nc_sid=4e3341', 'post_datetime': '2024-10-12 21:56:55', 'post_description': '1937년 10월 17일 노다 고고 앞, 엽서\n\n오늘은 신상제(神嘗祭). 달이 보기 좋다. 창공을 저 멀리 바라보니 아베노나카마로(阿倍仲麻呂)의 심경입니다. 꽁치가 먹고 싶습니다.\n \n<꽁치가 먹고 싶습니다>, 오즈야스지로 지음'}, {'user_id': 'euiclee.books', 'posts_count': '103', 'post_text': 'Photo by 유클리책장 | 📚 매일매일 독서기록 on October 12, 2024. 포스터, 캘린더, 잡지 및 텍스트의 일러스트레이션일 수 있음.', 'post_image': 'https://scontent-ssn1-1.cdninstagram.com/v/t51.29350-15/462509176_559162660123991_7246545677381659667_n.jpg?stp=dst-jpg_e15&efg=eyJ2ZW5jb2RlX3RhZyI6ImltYWdlX3VybGdlbi4xMDgweDEwODAuc2RyLmYyOTM1MC5kZWZhdWx0X2ltYWdlIn0&_nc_ht=scontent-ssn1-1.cdninstagram.com&_nc_cat=111&_nc_ohc=EMEgr2bwrOQQ7kNvgE3muiP&_nc_gid=9ecc69945f274ec9a63c8a3915313f29&edm=AONqaaQBAAAA&ccb=7-5&ig_cache_key=MzQ3NzI3NjEwOTgxMjAwNjE4Mg%3D%3D.3-ccb7-5&oh=00_AYAdIpLoghN3LA90RMVjdU7WYno933hKl19TzWAV6Z_k0w&oe=67107228&_nc_sid=4e3341', 'post_datetime': '2024-10-12 23:33:57', 'post_description': '🖋️ 세상에 정답이 존재하기나 할까.\n\n어떤 길을 선택하던 내가 후회하지 않고 즐기고 있으면 그 길이 곧 정답이지 않을까.\n\n물론 사회가 정해놓은 정형화된 성공, 정답이 존재할 수는 있다. 하지만 그 틀에 맞추기 위해서 나를 깎아내지는 말자.\n\n너무 완벽 하려고 나를 몰아붙이지 말자. 좋아하는 일을 하자. 늘 긍정을 유지하고 즐기며 살자.\n\n📗 #프리워커스 #모빌스그룹 #알에이치코리아\n\n🔖 #독서 #북스타그램 #책 #독서스타그램 #책스타그램 #책리뷰 #책추천 #유클리 #유클리책장 #일'}, {'user_id': 'ai.gi.book', 'posts_count': '119', 'post_text': 'Photo by @ai.gi.book on October 12, 2024. 책, 포스터, 잡지 및 텍스트의 일러스트레이션일 수 있음.', 'post_image': 'https://scontent-ssn1-1.cdninstagram.com/v/t51.29350-15/462783942_3801430176800103_3145034608888120763_n.jpg?stp=dst-jpg_e35&efg=eyJ2ZW5jb2RlX3RhZyI6ImltYWdlX3VybGdlbi4xNDQweDE4MDAuc2RyLmYyOTM1MC5kZWZhdWx0X2ltYWdlIn0&_nc_ht=scontent-ssn1-1.cdninstagram.com&_nc_cat=103&_nc_ohc=LWL0FRYmoAcQ7kNvgHRV4Bg&_nc_gid=a08bc0b510c34ad39262c74610a4afe6&edm=AONqaaQBAAAA&ccb=7-5&ig_cache_key=MzQ3NzEzODg3MjAyNDg3OTczMg%3D%3D.3-ccb7-5&oh=00_AYBBg_gFhsQUaK8XoDaqcupFWyRqulp_y380AOS-Hlbx8g&oe=67107763&_nc_sid=4e3341', 'post_datetime': '2024-10-12 19:01:16', 'post_description': '결혼을 생각한다면 연애에도 마지노선이란 게 있다.\n\n그것을 넘겼다는 건 책임감을 전혀 느끼지 못한다는 것이다.\n\n \n\n여기서 시간이 더 지나면 진짜 사랑하는 사람과 아이를 낳지 못할 수도 있는데, 그 가능성까지 생각하면 절대 그 시기를 모른 척하며 지나칠 수가 없다. 경제적으로도 괜찮고 준비도 어느 정도 되어 있다면 더욱 그렇다. 더 이상 끌려다니지 않으려면 이제라도 한쪽은 결론을 내려야 한다. - <사랑에 관한 거의 모든 기술>, 김달 - 밀리의 서재\nhttps://www.millie.co.kr/v3/bookDetail/579ebab67d8947cb'}]
CSV 파일에 데이터 저장 중...
CSV 파일에 데이터 저장 완료
성공/실패 평가 중...
성공한 사람: ['terrys_reading', '42lines_', 'euiclee.books', 'ai.gi.book']
실패한 사람: []
요약 이미지 생성 중...
요약 이미지 생성 완료
포스트 이미지 생성 중...
terrys_reading의 이미지 생성 중...
terrys_reading의 이미지 생성 완료
terrys_reading의 텍스트 이미지 생성 중...
terrys_reading의 텍스트 이미지 생성 완료
42lines_의 이미지 생성 중...
42lines_의 이미지 생성 완료
42lines_의 텍스트 이미지 생성 중...
42lines_의 텍스트 이미지 생성 완료
euiclee.books의 이미지 생성 중...
euiclee.books의 이미지 생성 완료
euiclee.books의 텍스트 이미지 생성 중...
euiclee.books의 텍스트 이미지 생성 완료
ai.gi.book의 이미지 생성 중...
ai.gi.book의 이미지 생성 완료
ai.gi.book의 텍스트 이미지 생성 중...
ai.gi.book의 텍스트 이미지 생성 완료
포스트 이미지 생성 완료
이미지 업로드 시작...
사진 업로드 중...
새 게시물 버튼 클릭 완료
다음 버튼 클릭 중...
다음 버튼 클릭 완료
다음 버튼 클릭 중...
다음 버튼 클릭 완료
성공/실패 평가 중...
성공한 사람: ['terrys_reading', '42lines_', 'euiclee.books', 'ai.gi.book']
실패한 사람: []
설명 입력 중...
설명 입력 완료
게시물 공유 중...
게시물 공유 완료
사진 업로드 완료
이미지 업로드 완료
드라이버 종료
프로그램 시작
드라이버 설정 중...
드라이버 설정 완료
인스타그램 로그인 시도 중...
로그인 정보 입력 완료
로그인 정보 저장 버튼 클릭 중...
로그인 정보 저장 버튼 클릭 완료
정보 수집 시작...
terrys_reading의 정보 수집 중...
terrys_reading의 게시물에 '더 보기' 버튼 없음
좋아요 버튼을 클릭했습니다.
terrys_reading의 정보 수집 완료
rdnmgo의 정보 수집 중...
rdnmgo의 게시물에 '더 보기' 버튼 없음
좋아요 버튼을 클릭했습니다.
rdnmgo의 정보 수집 완료
42lines_의 정보 수집 중...
42lines_의 게시물에 '더 보기' 버튼 없음
좋아요 버튼을 클릭했습니다.
42lines_의 정보 수집 완료
euiclee.books의 정보 수집 중...
euiclee.books의 게시물에 '더 보기' 버튼 없음
좋아요 버튼을 클릭했습니다.
euiclee.books의 정보 수집 완료
ai.gi.book의 정보 수집 중...
ai.gi.book의 게시물에 '더 보기' 버튼 없음
좋아요 버튼을 클릭했습니다.
ai.gi.book의 정보 수집 완료
정보 수집 완료
[{'user_id': 'terrys_reading', 'posts_count': '97', 'post_text': 'Photo by @terrys_reading on October 13, 2024. 사람 1명, 책 및 텍스트의 이미지일 수 있음.', 'post_image': 'https://scontent-ssn1-1.cdninstagram.com/v/t39.30808-6/463307989_17862164115250545_6985854486032806998_n.jpg?stp=dst-jpg_e35&efg=eyJ2ZW5jb2RlX3RhZyI6ImltYWdlX3VybGdlbi4xNDQweDE4MDAuc2RyLmYzMDgwOC5kZWZhdWx0X2ltYWdlIn0&_nc_ht=scontent-ssn1-1.cdninstagram.com&_nc_cat=109&_nc_ohc=OIOuCke6TmIQ7kNvgEOQisr&_nc_gid=7e821b2fa91748d4b5f553dd9e9f8369&edm=AONqaaQAAAAA&ccb=7-5&ig_cache_key=MzQ3ODAwNzc1NzU5MDY0MzQyMQ%3D%3D.3-ccb7-5&oh=00_AYCZ-p5KUbRvmiZswIBPy7Su72-scpfO6K7-0bQiWeamLw&oe=6711A0FD&_nc_sid=4e3341', 'post_datetime': '2024-10-13 23:47:35', 'post_description': '가난한 찰리의 연감에는 멍거 자식들의 이야기가 수록돼있다. 자식들은 각자가 겪은 아버지와의 일화를 설명한다. 그 중 가장 대표적인 이야기가 찰스 멍거 주니어의 이야기이다.\n\n멍거는 친구에게 차를 빌렸고, 차를 반납할 때 이미 많은 연료가 남아있었다. 그럼에도 멍거는 굳이굳이 길을 돌아가면서까지 차의 연료를 채우고 친구에게 돌려주었다. 멍거 주니어는 아버지께 물었다. 그리고 멍거는 말했다. 다른 사람에게 차를 빌렸을 때는 언제나 연료를 가득 채워서 돌려주어야 한다고. 멍거 주니어가 대학교에 들어가서 친구에게 차를 빌렸고 그는 아버지에게서 배운대로 행했다. 그리고, 오랜 시간이 지난 지금 그는 아버지에게서 배운 정성과 배려의 가치를 소중히 느낀다.\n\n#북스타그램 #찰리멍거 #가난한찰리의연감'}, {'user_id': 'rdnmgo', 'posts_count': '105', 'post_text': "Photo by @rdnmgo on October 13, 2024. 사람 1명, 책, 잡지, 포스터 및 문구: '매준지8|백어진올김 박여진올김 PIXAR STORYTELLING 픽사 스토리렐링 고객의 마음을 사로잡는 9가지 스토리 사로잡는9가지스토리법 법칙 구글, 디즈니, 레고, 넷플릭스가 찾는 스토리텔링 마스터 매튜 준의 실전 바이블 피사 20년 경력 스토리제작자의 스토리 제작자의 액심 비법 수록 네이버,카카오 네이버, 카카오 디즈니코리아 인플루언서 추천 2021 올해의 강연자 TOP 20 (BigSpeak)'의 만화일 수 있음.", 'post_image': 'https://scontent-ssn1-1.cdninstagram.com/v/t51.29350-15/462965274_8665392223518884_542112002947818308_n.jpg?stp=dst-jpg_e15&efg=eyJ2ZW5jb2RlX3RhZyI6ImltYWdlX3VybGdlbi42MTJ4NjEyLnNkci5mMjkzNTAuZGVmYXVsdF9pbWFnZSJ9&_nc_ht=scontent-ssn1-1.cdninstagram.com&_nc_cat=108&_nc_ohc=rYjiodA4ALUQ7kNvgHlIt6P&_nc_gid=198fe6b42bf94914833f951922253477&edm=AONqaaQBAAAA&ccb=7-5&ig_cache_key=MzQ3ODAxMTU5MjM0MjEwMTU1Mg%3D%3D.3-ccb7-5&oh=00_AYCUZ3kAlyUooSpqqhuKrWxIUByeTp9Mt9anPk5Wrza-aA&oe=6711C5EE&_nc_sid=4e3341', 'post_datetime': '2024-10-13 23:55:12', 'post_description': '“아들아, 넌 애니메이터가 될 수 없다. 예술가로 살아가면서 생계는 어떡하려고? 그리고 지금 이 가게를 운영하려면 너의 도움이 절실하다.” 할아버지의 해병대 논리는 아버지의 의지를 꺾었고, 아버지는 디즈니 애니메이터가 되는 꿈을 접었다. 아버지는 결혼해 자식을 낳고(그 자식이 나다) 당연한 수순대로 하루하루 장난감 가게에서 일하게 되었다.\n\n그러던 어느 날, 내가 네 살쯤 됐을 때 가게에서 퇴근하고 집으로 돌아온 아버지는 지독한 복통을 느꼈다. 고통스러워하는 아버지를 본 나는 네 살배기 아이가 할 수 있는 유일한 도움을 주고 싶었다. 나는 배가 아파 괴로워하는 아버지의 모습을 그림으로 그렸다. 내가 생각해도 꽤 괜찮은 그림이었다. 아버지가 느꼈을 고통을 상상하며 배에 구불구불한 선들이 요란하게 소용돌이치는 장면을 그렸다. 아버지는 내 그림을 보더니 눈을 똑바로 마주치며 말했다. “넌, 정말 타고났구나. 못 다 이룬 나의 꿈을 네가 이룰 거야. 넌 디즈니의 애니메이터가 될 거란다.” 아버지가 했던 정확한 말은 기억나지 않지만, 어쨌든 이 말은 나의 유년 시절을 사로잡았다.\n\n그날 이후 나는 아버지의 어린 제자가 되었다. 아버지는 나와 함께 앉아 늘 그림을 그렸다.\n\n여기서 끝이 아니다. 일주일에 한 번, 어머니가 아침에 나를 초등학교에 데려다주면 30분쯤 뒤에 아버지가 와서 나를 다시 데려갔다. 학교 선생님에게는 병원 치료나 치과 진료 예약이 있다고 둘러댔지만 나를 조퇴시킨 진짜 이유는 영화관에 데려가기 위해서였다. 농담이 아니다. 정말이다.\n\n이렇게 예술과 애니메이션, 영화를 향한 아버지의 열정은 자연스럽게 나에게 전염되었다. 고등학생이 되고부터는 낡은 슈퍼8 카메라로 영화를 찍고 애니메이션을 만들기 시작했다. 아주 원시적인 방법이긴 하지만 애니메이션 만드는 법을 배우고 분투하는 과정이 내겐 자연스럽게 느껴졌다. 이 모든 건 아버지 덕분이다.'}, {'user_id': '42lines_', 'posts_count': '104', 'post_text': 'Photo by @42lines_ on October 12, 2024. 책, 포스터, 야외 및 텍스트의 이미지일 수 있음.', 'post_image': 'https://scontent-ssn1-1.cdninstagram.com/v/t51.29350-15/462919604_894702305539839_3828439596566699744_n.jpg?stp=dst-jpg_e35&efg=eyJ2ZW5jb2RlX3RhZyI6ImltYWdlX3VybGdlbi4xMDgweDEwODAuc2RyLmYyOTM1MC5kZWZhdWx0X2ltYWdlIn0&_nc_ht=scontent-ssn1-1.cdninstagram.com&_nc_cat=103&_nc_ohc=yq69Ysw7LgcQ7kNvgGBPUPH&_nc_gid=06882eacb70d499daa87e6bccde58c7c&edm=AONqaaQBAAAA&ccb=7-5&ig_cache_key=MzQ3NzcwODgyMzM4NTgwNTUxOQ%3D%3D.3-ccb7-5&oh=00_AYAvB7Qxw4GVjU6EDnXQVf2KybegbuFmhpqwT_cTnCtduw&oe=6711B52A&_nc_sid=4e3341', 'post_datetime': '2024-10-13 13:53:39', 'post_description': '한참 안 보면 보고 싶은 것이 영화.\n\n한참 안 만들면 만들고 싶은 것이 감독입니다.\n\n<꽁치가 먹고 싶습니다>, 오즈야스지로 지음'}, {'user_id': 'euiclee.books', 'posts_count': '104', 'post_text': 'Photo by 유클리책장 | 📚 매일매일 독서기록 on October 13, 2024. 텍스트의 이미지일 수 있음.', 'post_image': 'https://scontent-ssn1-1.cdninstagram.com/v/t51.29350-15/462758675_1106262971080296_6235152382577316928_n.jpg?stp=dst-jpg_e15&efg=eyJ2ZW5jb2RlX3RhZyI6ImltYWdlX3VybGdlbi4xMDgweDEwODAuc2RyLmYyOTM1MC5kZWZhdWx0X2ltYWdlIn0&_nc_ht=scontent-ssn1-1.cdninstagram.com&_nc_cat=100&_nc_ohc=wvwG5jXZpaQQ7kNvgHv4y1N&_nc_gid=b77d5e064b9949f7bf11e3ad402db595&edm=AONqaaQBAAAA&ccb=7-5&ig_cache_key=MzQ3Nzk3ODE3NTk5NTcwMTg4Mw%3D%3D.3-ccb7-5&oh=00_AYBqFaesm27Uim_ILS0DmQmT5tAYuv_TJGkMReYQg4cakA&oe=6711CA80&_nc_sid=4e3341', 'post_datetime': '2024-10-13 22:48:50', 'post_description': '🖋️ 모든 사람이 한결같이 24시간 주기를 드러내긴 하지만, 최고점과 최저점을 찍는 시간은 사람마다 놀라울 정도로 다르다고 한다.\n\n아침형 인간은 인구의 약 40퍼센트, 저녁형 인간은 약 30퍼센트, 나머지 30퍼센트는 아침형과 저녁형 인간의 중간 어딘가에 속하는데, 대게 약간 저녁형 쪽으로 치우쳐 있다고 한다.\n\n난 아침형일까 올빼미형일까. 늦게 자는 걸 좋아하지는 않지만 그렇다고 빨리 일어나는 걸 좋아하지도 않는다. 아마 나머지 30퍼센트에 속한 것 같다.\n\n솔직히 안 자도 피곤하지 않으면 얼마나 좋을까라고 생각하는 편이지만, 잠 자는 걸 좋아한다. 그냥 모순 덩어리라고 할 수 있겠다. �잠이 무엇인지 왜 잠을 자야 하는지 꿈은 왜 어떻게 꾸는지 이 책의 뒷이야기가 궁금해진다.\n\n📗 #우리는왜잠을자야할까 #매슈워커 #사람의집\n\n🔖 #독서 #북스타그램 #책 #독서스타그램 #책스타그램 #책리뷰 #책추천 #유클리 #유클리책장 #수면 #잠 #아침형인간 #저녁형인간 #올빼미 #꿈'}, {'user_id': 'ai.gi.book', 'posts_count': '120', 'post_text': 'Photo by @ai.gi.book on October 13, 2024. 책, 포스터, 잡지 및 텍스트의 일러스트레이션일 수 있음.', 'post_image': 'https://scontent-ssn1-1.cdninstagram.com/v/t51.29350-15/463203164_547552947924286_8099387681116653351_n.jpg?stp=dst-jpg_e35&efg=eyJ2ZW5jb2RlX3RhZyI6ImltYWdlX3VybGdlbi4xNDQweDE4MDAuc2RyLmYyOTM1MC5kZWZhdWx0X2ltYWdlIn0&_nc_ht=scontent-ssn1-1.cdninstagram.com&_nc_cat=110&_nc_ohc=qPbs-GY5J04Q7kNvgH38W1W&_nc_gid=c2de5b81e8934067982b7b5675eee964&edm=AP4sbd4BAAAA&ccb=7-5&ig_cache_key=MzQ3ODAxMDAxNTIwOTM4MTc0Ng%3D%3D.3-ccb7-5&oh=00_AYDKydeSKCLND4ot4Wue4liPusmMHVGZ5mp7qcJRY54C_Q&oe=6711B0A1&_nc_sid=7a9f4b', 'post_datetime': '2024-10-13 23:52:04', 'post_description': '사실 상대의 취미가 이해가 안 되면 기본적으로 만나기 어렵다. 왜냐하면 내가 계속 이해하려고 노력해야 하니까. 둘이 안 맞는 사이라는 걸 인정해야 한다. 그런데 남자친구는 자기의 그런 모습을 지켜보는 여자친구가 얼마나 힘든지를 모른다. 게임하는 걸 싫어한다는 것 정도는 알아도 이게 상대방에게 얼마나 스트레스로 다가오는지는 모를 것이다. 자기가 안 느껴봤기 때문에.\n\n \n\n연애하면서 게임 때문에 싸우는 것과\n\n결혼한 후에 게임 때문에 싸우는 건 비교할 수 없다.\n\n결혼 후에는 취미를 존중하는 것 이상의 문제가 된다.\n\n \n\n경험해보기 전까지 게임도 취미인데 존중해줘야 하지 않느냐고 생각할지 몰라도, 현실적으로 쉽지 않다. 아이를 낳으면 더 큰 문제가 된다. 게임에 대해 너무 부정적이지 않으냐고? 게임이 아니라 다른 어떤 취미라도 배우자에게 스트레스를 주는 요인이라면 다시 생각해봐야 한다. - <사랑에 관한 거의 모든 기술>, 김달 - 밀리의 서재\nhttps://www.millie.co.kr/v3/bookDetail/579ebab67d8947cb'}]
CSV 파일에 데이터 저장 중...
CSV 파일에 데이터 저장 완료
성공/실패 평가 중...
성공한 사람: ['terrys_reading', 'rdnmgo', '42lines_', 'euiclee.books', 'ai.gi.book']
실패한 사람: []
요약 이미지 생성 중...
요약 이미지 생성 완료
포스트 이미지 생성 중...
terrys_reading의 이미지 생성 중...
terrys_reading의 이미지 생성 완료
terrys_reading의 텍스트 이미지 생성 중...
terrys_reading의 텍스트 이미지 생성 완료
rdnmgo의 이미지 생성 중...
rdnmgo의 이미지 생성 완료
rdnmgo의 텍스트 이미지 생성 중...
rdnmgo의 텍스트 이미지 생성 완료
42lines_의 이미지 생성 중...
42lines_의 이미지 생성 완료
42lines_의 텍스트 이미지 생성 중...
42lines_의 텍스트 이미지 생성 완료
euiclee.books의 이미지 생성 중...
euiclee.books의 이미지 생성 완료
euiclee.books의 텍스트 이미지 생성 중...
euiclee.books의 텍스트 이미지 생성 완료
ai.gi.book의 이미지 생성 중...
ai.gi.book의 이미지 생성 완료
ai.gi.book의 텍스트 이미지 생성 중...
ai.gi.book의 텍스트 이미지 생성 완료
포스트 이미지 생성 완료
이미지 업로드 시작...
사진 업로드 중...
새 게시물 버튼 클릭 완료
다음 버튼 클릭 중...
다음 버튼 클릭 완료
다음 버튼 클릭 중...
다음 버튼 클릭 완료
성공/실패 평가 중...
성공한 사람: ['terrys_reading', 'rdnmgo', '42lines_', 'euiclee.books', 'ai.gi.book']
실패한 사람: []
설명 입력 중...
설명 입력 완료
게시물 공유 중...
게시물 공유 완료
사진 업로드 완료
이미지 업로드 완료
드라이버 종료
프로그램 시작
드라이버 설정 중...
드라이버 설정 완료
인스타그램 로그인 시도 중...
로그인 정보 입력 완료
로그인 정보 저장 버튼 클릭 중...
로그인 정보 저장 버튼 클릭 완료
정보 수집 시작...
terrys_reading의 정보 수집 중...
terrys_reading의 게시물에 '더 보기' 버튼 없음
좋아요 버튼을 클릭했습니다.
terrys_reading의 정보 수집 완료
rdnmgo의 정보 수집 중...
rdnmgo의 게시물에 '더 보기' 버튼 없음
좋아요 버튼을 클릭했습니다.
rdnmgo의 정보 수집 완료
42lines_의 정보 수집 중...
42lines_의 게시물에 '더 보기' 버튼 없음
좋아요 버튼을 클릭했습니다.
42lines_: 데이터 수집 실패 - Message: no such element: Unable to locate element: {"method":"css selector","selector":"h1._ap3a._aaco._aacu._aacx._aad7._aade"}
  (Session info: chrome=128.0.6613.114); For documentation on this error, please visit: https://www.selenium.dev/documentation/webdriver/troubleshooting/errors#no-such-element-exception
Stacktrace:
0   chromedriver                        0x000000010ebd6338 chromedriver + 5096248
1   chromedriver                        0x000000010ebcdb6a chromedriver + 5061482
2   chromedriver                        0x000000010e758fd0 chromedriver + 389072
3   chromedriver                        0x000000010e7a59ab chromedriver + 702891
4   chromedriver                        0x000000010e7a5a81 chromedriver + 703105
5   chromedriver                        0x000000010e7e9cd4 chromedriver + 982228
6   chromedriver                        0x000000010e7c9f1d chromedriver + 851741
7   chromedriver                        0x000000010e7e7250 chromedriver + 971344
8   chromedriver                        0x000000010e7c9c93 chromedriver + 851091
9   chromedriver                        0x000000010e798c79 chromedriver + 650361
10  chromedriver                        0x000000010e79949e chromedriver + 652446
11  chromedriver                        0x000000010eb990b0 chromedriver + 4845744
12  chromedriver                        0x000000010eb9dfc8 chromedriver + 4865992
13  chromedriver                        0x000000010eb9e695 chromedriver + 4867733
14  chromedriver                        0x000000010eb7bce9 chromedriver + 4725993
15  chromedriver                        0x000000010eb9e989 chromedriver + 4868489
16  chromedriver                        0x000000010eb6dc04 chromedriver + 4668420
17  chromedriver                        0x000000010ebbde68 chromedriver + 4996712
18  chromedriver                        0x000000010ebbe067 chromedriver + 4997223
19  chromedriver                        0x000000010ebcd76e chromedriver + 5060462
20  libsystem_pthread.dylib             0x00007fff6e2cd109 _pthread_start + 148
21  libsystem_pthread.dylib             0x00007fff6e2c8b8b thread_start + 15

euiclee.books의 정보 수집 중...
euiclee.books의 게시물에 '더 보기' 버튼 없음
좋아요 버튼을 클릭했습니다.
euiclee.books의 정보 수집 완료
ai.gi.book의 정보 수집 중...
ai.gi.book의 게시물에 '더 보기' 버튼 없음
좋아요 버튼을 클릭했습니다.
ai.gi.book의 정보 수집 완료
정보 수집 완료
[{'user_id': 'terrys_reading', 'posts_count': '98', 'post_text': 'Photo by @terrys_reading on October 14, 2024. 사람 1명, 책, 잡지 및 텍스트의 이미지일 수 있음.', 'post_image': 'https://scontent-ssn1-1.cdninstagram.com/v/t39.30808-6/463023942_17862313350250545_2745818851975478610_n.jpg?stp=dst-jpg_e35&efg=eyJ2ZW5jb2RlX3RhZyI6ImltYWdlX3VybGdlbi4xNDQweDE4MDAuc2RyLmYzMDgwOC5kZWZhdWx0X2ltYWdlIn0&_nc_ht=scontent-ssn1-1.cdninstagram.com&_nc_cat=109&_nc_ohc=3w-IZ1p1-nIQ7kNvgFLJ6nA&_nc_gid=065245ac141a491485aaa8e01bc9f988&edm=AP4sbd4AAAAA&ccb=7-5&ig_cache_key=MzQ3ODczNzM4MTMxNjUzODc3NQ%3D%3D.3-ccb7-5&oh=00_AYBGoQZoYVDdWzeKi2kMC16K7y0pXg4fTgV_AjPO63u6DQ&oe=67131B35&_nc_sid=7a9f4b', 'post_datetime': '2024-10-14 23:57:13', 'post_description': '워렌 버핏은 찰리 멍거가 자신의 요구 사항을 모두 만족시키는 유일한 동업자였다고 한다. 먼저 자신보다 똑똑하고 현명해야 한다. 그리고 날 절대 의심하지 않고 실수에도 토라지지 않아야 한다. 또한 자신의 돈을 넣고도 적은 돈을 받으며 일할 관대할 사람을 찾아야 한다. 마지막으로 그 여정이 즐거워야 한다.\n\n어떻게 보면 노예 계약서와 다름 없다. 그럼에도 이 둘의 파트너쉽은 서로가 이 두 가지를 완벽하게 충족시켰다. 위와 같은 조건을 가진 사람을 찾는 것보다, 위와 같은 동업자가 될 준비를 하는 게 더 합리적이라고 생각한다.\n\n그리고 벤저민 프랭클린의 아내를 고르는 법이라는 글도 약간 언급되어 찾아봤다. 결론은 연상인 여자와 결혼하라는 이야기였다 😂 처음 듣는 시각이었지만, 일리는 있었다. 연상일수록 여성은 자신의 가치를 외모가 아닌 현명함에서 찾고자 하고, 남자에게 더 많은 감사함을 느낀다고 한다. 성적 편견이 어느 정도 포함되어 있는 거 같지만 현명한 사람, 감사할 줄 아는 사람이 되고 그런 사람과 함께 하는 것이 중요하다고 받아들이면 될 거 같다.'}, {'user_id': 'rdnmgo', 'posts_count': '106', 'post_text': 'Photo by @rdnmgo on October 13, 2024. 사람 1명, 책, 잡지, 포스터 및 텍스트의 만화일 수 있음.', 'post_image': 'https://scontent-ssn1-1.cdninstagram.com/v/t51.29350-15/463266598_526687123402745_3891351165725413969_n.jpg?stp=dst-jpg_e15&efg=eyJ2ZW5jb2RlX3RhZyI6ImltYWdlX3VybGdlbi42MTJ4NjEyLnNkci5mMjkzNTAuZGVmYXVsdF9pbWFnZSJ9&_nc_ht=scontent-ssn1-1.cdninstagram.com&_nc_cat=105&_nc_ohc=gfSz5f2ywuQQ7kNvgEyVal_&_nc_gid=aa296b0ae89e4d77a1113911e2e263e5&edm=AONqaaQBAAAA&ccb=7-5&ig_cache_key=MzQ3ODM5NjMzNjcwMzcyOTc4Ng%3D%3D.3-ccb7-5&oh=00_AYBV6Ohsvk32etT-k61LvuKoC0lKSgbMzfzgjQHRFr6qLQ&oe=6712FB3A&_nc_sid=4e3341', 'post_datetime': '2024-10-14 12:39:37', 'post_description': '고등학생 때 애니메이션에 특화된 대학이 있다는 사실을 알게 되었다. 나는 그 대학에 간절히 가고 싶어졌다. 칼아츠(CalArts, California Institute of the Arts)라는 학교는 전설적인 인물 월트 디즈니가 직접 설립한 곳이다. 애니메이션을 배우기에는 이만한 장소도 없었다.\n\n나는 기적적으로 이 학교에 입학했다. 모든 배움의 순간을 사랑했다. 칼아츠 애니메이션 학과 강의실 번호는 예전이나 지금이나 똑같이 A113호다. 나처럼 픽사나 디즈니 영화의 열렬한 팬이라면 픽사의 모든 영화에 ‘A113’이라는 숫자가 등장한다는 사실을 잘 알고 있을 것이다.\n\n그 이유는 무엇일까? 픽사의 영화감독, 스토리보드 아티스트, 작가, 캐릭터 디자이너, 애니메이터 등 제작진 모두가 칼아츠 출신이기 때문이다.\n\n그는 나를 스튜디오로 불러 심슨 애니메이션 시험을 보게 했다. 심슨 애니메이션 제작에 참여하려면 예전이나 지금이나 바트, 호머, 마지, 리사, 매기를 잘 그릴 수 있는지 확인하는 시험을 거쳐야 한다. 난 시험에 통과해 《심슨 가족》의 애니메이터 자리를 제안받았다. 일단 학교를 먼저 마쳐야 한다고 말해야 했는데… 그러지 않았다. 곧바로 학교를 그만두고 《심슨 가족》 시즌 3 애니메이션 작업에 착수했다. 당시 19살이던 나는 최연소 심슨 애니메이터였다. 이미 나는 아버지의 목표이자 나의 목표인 애니메이터의 꿈을 이뤘다. 하지만 내 마음속에는 뭔가 변화의 기미가 꿈틀대고 있었다.\n\n하지만 내가 만난 만화 작가, 하버드 대학 졸업생, 코미디언에게는 한 가지 공통점이 있었다. 그들은 모두 뛰어난 스토리텔러였다. 심지어 방송인 코난 오브라이언도 《심슨 가족》 작가 시절을 보낸 적이 있다. 대본을 넘겨가며 아이디어 회의를 하는 사람들의 모습을 본 순간 ‘그 일’이야말로 진정 내가 하고 싶은 일임을 깨달았다. 나는 다른 사람들이 쓴 스토리로 작업하는 것 이상의 일을 하고 싶었다. 스토리를 직접 만들고 싶었다. 아버지는 애니메이션에 열정을 품었지만 내가 가장 사랑하는 애니메이션 작업은 더 큰 그림이었다. 나는 스토리 자체를 만들고 싶었다. 캐릭터를 창조하고 온갖 모험을 펼쳐내고 싶었다.'}, {'user_id': 'euiclee.books', 'posts_count': '105', 'post_text': 'Photo by 유클리책장 | 📚 매일매일 독서기록 on October 14, 2024. 문구: \'"과학자들이 수영을 늘리는 혁신적인 새로운 요법을 발견했다. 기억력도 강화하고 창의력도 더 높여준다. 더 매력적으로 보이게도 한다. 암과 치매도 예방한다. 감기와 독감도 막아 준다. 준다. 행복한 기분은 높이고 우울하고 불안한 기분은 줄여준다" -[우리는 왜 잠을 자야 할까]\'의 이미지일 수 있음.', 'post_image': 'https://scontent-ssn1-1.cdninstagram.com/v/t51.29350-15/462795239_554102654009537_3535520181015393296_n.jpg?stp=dst-jpg_e15&efg=eyJ2ZW5jb2RlX3RhZyI6ImltYWdlX3VybGdlbi4xMDgweDEwODAuc2RyLmYyOTM1MC5kZWZhdWx0X2ltYWdlIn0&_nc_ht=scontent-ssn1-1.cdninstagram.com&_nc_cat=105&_nc_ohc=Zb8EUkRI4eYQ7kNvgHmwpfY&_nc_gid=becc241b2a504868b132e14b9ea2b568&edm=AONqaaQBAAAA&ccb=7-5&ig_cache_key=MzQ3ODY5ODc4OTQ1MDczNTc4OQ%3D%3D.3-ccb7-5&oh=00_AYDwdL0RRtdJUzUpAzHEtTbsz9jps8LYuORnx2VLU48ytQ&oe=67130433&_nc_sid=4e3341', 'post_datetime': '2024-10-14 22:40:33', 'post_description': '🖋️ 자는건 너무 좋지만 자기 싫다.\n\n자지 못할 이유는 너무나 많지만 그렇다고 잠을 줄이기에는 몸이 너무나도 잠을 원한다.\n\n저자는 우리가 잠을 왜 자야 하는지, 다른 동물들은 수면시 어떤 패턴을 보이는지 그것이 인간과는 어떻게 다르고 잠이 뇌에 어떤 영향을 미치는지 분석하고 이야기 해준다. 잠은 꼭 필요하다. 건강을 해치지 않는 수면시간을 유지하자.\n\n📗 #우리는왜잠을자야할까 #매슈워커 #사람의집\n\n🔖 #독서 #북스타그램 #책 #독서스타그램 #책스타그램 #책리뷰 #책추천 #유클리 #유클리책장 #수면 #잠'}, {'user_id': 'ai.gi.book', 'posts_count': '122', 'post_text': 'Photo by @ai.gi.book on October 14, 2024. 책, 포스터, 잡지 및 문구: \'행복하게 만드는가 Repacking Your Bags 인생의 절반쯤 왔을 때 깨닫게 되는 것들 A 財 ท 30여 년 동안 사랑받은 베스트셀러의 시대를 초월한 메시지 "당신은더 나은 삶을 살아갈 살아갈자격이 자격이 있다" ** * 포브스가 선정한 코치 리처드 J.라이더 수많을 수많은 독자 요청으로 재발간 프랑스, 일본 둥 20여 개국 출간\'의 일러스트레이션일 수 있음.', 'post_image': 'https://scontent-ssn1-1.cdninstagram.com/v/t51.29350-15/463189321_1053670362917658_7016051023062885575_n.jpg?stp=dst-jpg_e35&efg=eyJ2ZW5jb2RlX3RhZyI6ImltYWdlX3VybGdlbi4xNDQweDE4MDAuc2RyLmYyOTM1MC5kZWZhdWx0X2ltYWdlIn0&_nc_ht=scontent-ssn1-1.cdninstagram.com&_nc_cat=106&_nc_ohc=14hHeihab3gQ7kNvgH5tbFe&_nc_gid=3cf5676ab48340baa77e74151b9b619d&edm=AONqaaQBAAAA&ccb=7-5&ig_cache_key=MzQ3ODY3OTkwOTAwMTEwOTc1Nw%3D%3D.3-ccb7-5&oh=00_AYDbISvmFkriYxUEW4gVizoJuMAxX6kRPnu6TRxUAfX9lg&oe=67132027&_nc_sid=4e3341', 'post_datetime': '2024-10-14 22:03:02', 'post_description': '연애할 때부터 지갑 사정에 따라\n\n감정이 요동치는 게 적나라하게 겉으로 드러나는 사람은\n\n다시 생각해보는 편이 좋다.\n\n \n\n결혼 준비는 보통 경제적으로 어느 정도 준비가 됐을 때 시작한다. 양쪽 모두가 준비가 거의 안 돼 있다고 생각하는데 덜컥 결혼부터 하는 경우는 잘 없으니까. 그래서 결혼 전에 본 상대방의 모습은 어쩌면 한쪽 면에 불과할 수 있다. 경제적으로 크게 어려움을 느끼지 못했던 시기의 모습들만 봐왔던 게 전부라면, 반대의 상황에서 그 사람의 모습이 어떨지는 힘든 상황에 닥쳐보지 않는 이상 알 수 없다. 그렇기에 이런 문제에 대해 심도 깊은 대화를 통해 서로의 생각이 어떤지 알아보는 게 중요하다.\n\n물론 지금은 “이겨내면 되지”라고 말해도 실제로 그 상황이 닥치면 또 어떻게 될지는 아무도 알 수가 없다. 그럼에도 불구하고 결혼을 하기 전에 이런 얘기를 나눠본 적이 있는 부부와 그렇지 않은 부부들의 차이는 크다. - <사랑에 관한 거의 모든 기술>, 김달 - 밀리의 서재\nhttps://www.millie.co.kr/v3/bookDetail/579ebab67d8947cb'}]
CSV 파일에 데이터 저장 중...
CSV 파일에 데이터 저장 완료
성공/실패 평가 중...
성공한 사람: ['terrys_reading', 'rdnmgo', 'euiclee.books', 'ai.gi.book']
실패한 사람: []
요약 이미지 생성 중...
요약 이미지 생성 완료
포스트 이미지 생성 중...
terrys_reading의 이미지 생성 중...
terrys_reading의 이미지 생성 완료
terrys_reading의 텍스트 이미지 생성 중...
terrys_reading의 텍스트 이미지 생성 완료
rdnmgo의 이미지 생성 중...
rdnmgo의 이미지 생성 완료
rdnmgo의 텍스트 이미지 생성 중...
rdnmgo의 텍스트 이미지 생성 완료
euiclee.books의 이미지 생성 중...
euiclee.books의 이미지 생성 완료
euiclee.books의 텍스트 이미지 생성 중...
euiclee.books의 텍스트 이미지 생성 완료
ai.gi.book의 이미지 생성 중...
ai.gi.book의 이미지 생성 완료
ai.gi.book의 텍스트 이미지 생성 중...
ai.gi.book의 텍스트 이미지 생성 완료
포스트 이미지 생성 완료
이미지 업로드 시작...
사진 업로드 중...
새 게시물 버튼 클릭 완료
다음 버튼 클릭 중...
다음 버튼 클릭 완료
다음 버튼 클릭 중...
다음 버튼 클릭 완료
성공/실패 평가 중...
성공한 사람: ['terrys_reading', 'rdnmgo', 'euiclee.books', 'ai.gi.book']
실패한 사람: []
설명 입력 중...
설명 입력 완료
게시물 공유 중...
게시물 공유 완료
사진 업로드 완료
이미지 업로드 완료
드라이버 종료
프로그램 시작
드라이버 설정 중...
드라이버 설정 완료
인스타그램 로그인 시도 중...
로그인 정보 입력 완료
로그인 정보 저장 버튼 클릭 중...
로그인 정보 저장 버튼 클릭 완료
정보 수집 시작...
terrys_reading의 정보 수집 중...
terrys_reading의 게시물에 '더 보기' 버튼 없음
좋아요 버튼을 클릭했습니다.
terrys_reading의 정보 수집 완료
rdnmgo의 정보 수집 중...
rdnmgo의 게시물에 '더 보기' 버튼 없음
좋아요 버튼을 클릭했습니다.
rdnmgo의 정보 수집 완료
42lines_의 정보 수집 중...
42lines_의 게시물에 '더 보기' 버튼 없음
좋아요 버튼을 클릭했습니다.
42lines_: 데이터 수집 실패 - Message: no such element: Unable to locate element: {"method":"css selector","selector":"h1._ap3a._aaco._aacu._aacx._aad7._aade"}
  (Session info: chrome=128.0.6613.114); For documentation on this error, please visit: https://www.selenium.dev/documentation/webdriver/troubleshooting/errors#no-such-element-exception
Stacktrace:
0   chromedriver                        0x00000001046aa338 chromedriver + 5096248
1   chromedriver                        0x00000001046a1b6a chromedriver + 5061482
2   chromedriver                        0x000000010422cfd0 chromedriver + 389072
3   chromedriver                        0x00000001042799ab chromedriver + 702891
4   chromedriver                        0x0000000104279a81 chromedriver + 703105
5   chromedriver                        0x00000001042bdcd4 chromedriver + 982228
6   chromedriver                        0x000000010429df1d chromedriver + 851741
7   chromedriver                        0x00000001042bb250 chromedriver + 971344
8   chromedriver                        0x000000010429dc93 chromedriver + 851091
9   chromedriver                        0x000000010426cc79 chromedriver + 650361
10  chromedriver                        0x000000010426d49e chromedriver + 652446
11  chromedriver                        0x000000010466d0b0 chromedriver + 4845744
12  chromedriver                        0x0000000104671fc8 chromedriver + 4865992
13  chromedriver                        0x0000000104672695 chromedriver + 4867733
14  chromedriver                        0x000000010464fce9 chromedriver + 4725993
15  chromedriver                        0x0000000104672989 chromedriver + 4868489
16  chromedriver                        0x0000000104641c04 chromedriver + 4668420
17  chromedriver                        0x0000000104691e68 chromedriver + 4996712
18  chromedriver                        0x0000000104692067 chromedriver + 4997223
19  chromedriver                        0x00000001046a176e chromedriver + 5060462
20  libsystem_pthread.dylib             0x00007fff6e2cd109 _pthread_start + 148
21  libsystem_pthread.dylib             0x00007fff6e2c8b8b thread_start + 15

euiclee.books의 정보 수집 중...
euiclee.books의 게시물에 '더 보기' 버튼 없음
좋아요 버튼을 클릭했습니다.
euiclee.books의 정보 수집 완료
ai.gi.book의 정보 수집 중...
ai.gi.book의 게시물에 '더 보기' 버튼 없음
좋아요 버튼을 클릭했습니다.
ai.gi.book의 정보 수집 완료
정보 수집 완료
[{'user_id': 'terrys_reading', 'posts_count': '99', 'post_text': 'Photo by @terrys_reading on October 15, 2024. 텍스트의 이미지일 수 있음.', 'post_image': 'https://scontent-ssn1-1.cdninstagram.com/v/t51.29350-15/462684795_1105246837784546_7944252399271345170_n.jpg?stp=dst-jpg_e35&efg=eyJ2ZW5jb2RlX3RhZyI6ImltYWdlX3VybGdlbi4xNDQweDE4MDAuc2RyLmYyOTM1MC5kZWZhdWx0X2ltYWdlIn0&_nc_ht=scontent-ssn1-1.cdninstagram.com&_nc_cat=102&_nc_ohc=sUY1aU5CJo8Q7kNvgFrBSQm&_nc_gid=6998a60838bf4ecda6030ed135f4e1ea&edm=AONqaaQBAAAA&ccb=7-5&ig_cache_key=MzQ3OTQ2MzI0MzM3MzA4ODc1NA%3D%3D.3-ccb7-5&oh=00_AYBDtGuLBkSaK-UDjBGrZYoWGtW_x2SsBwC_bHafSghHyg&oe=67147157&_nc_sid=4e3341', 'post_datetime': '2024-10-15 23:59:22', 'post_description': '저자는 알리는 것이 아니라 발견되는 것이라 한다. 발견되기 위해선 오랜 기간 일관성을 지켜야 한다. 내 활동들을 하나의 범주로 정렬시켜야 하는 것이다. 내가 정말 좋아하는 게 뭘까. 나는 무엇을 계속 해낼 수 있을까.\n\n최준철 대표는 넥슨의 김정준 대표에게 발견되었다. 박지웅 대표는 최준철 대표에게 발견되었다. 결국 진짜는 진짜를 알아본다.'}, {'user_id': 'rdnmgo', 'posts_count': '107', 'post_text': 'Photo by @rdnmgo on October 15, 2024. 사람 1명, 책, 잡지, 포스터 및 텍스트의 만화일 수 있음.', 'post_image': 'https://scontent-ssn1-1.cdninstagram.com/v/t51.29350-15/463350170_553481813712640_9219813600960634558_n.jpg?stp=dst-jpg_e15&efg=eyJ2ZW5jb2RlX3RhZyI6ImltYWdlX3VybGdlbi42MTJ4NjEyLnNkci5mMjkzNTAuZGVmYXVsdF9pbWFnZSJ9&_nc_ht=scontent-ssn1-1.cdninstagram.com&_nc_cat=104&_nc_ohc=qUfolBOyjnAQ7kNvgEaLt28&_nc_gid=4332e7a1a33149c89f4cd345e8d9e319&edm=AP4sbd4BAAAA&ccb=7-5&ig_cache_key=MzQ3OTMzMjE0ODY4OTU1NTcyMg%3D%3D.3-ccb7-5&oh=00_AYDBLnZj6bBmB2fy0heSkjR3d5OLI21cLr2i_H9Ns-ADdw&oe=671457CD&_nc_sid=7a9f4b', 'post_datetime': '2024-10-15 19:38:55', 'post_description': '그러던 어느 날, 뜻밖의 일자리를 제안받았다. 베이 지역에 있는 작은 신생 애니메이션 스튜디오에서 일해달라는 연락을 받은 것이다. 애니메이션 영화 제작 경험은 없고 기껏해야 짧은 애니메이션 광고를 제작한 경험이 전부인 업체라 다소 위험부담은 있었지만 일단 로스앤젤레스에서 아주 먼 곳이었고 ‘진짜’ 애니메이션을 작업할 수 있었기에 이 기회를 붙잡았다.\n\n당시 스튜디오 직원은 여덟 명이 전부였는데, 다들 최초로 CG 애니메이션 영화를 만든다는 꿈에 부풀어 있었다. 이들은 회사 이름을 ‘픽사(Pixar)’라고 불렀다.\n\n픽사는 기존의 전형적인 애니메이션 스튜디오와는 전혀 달랐다.\n애니메이션 전체를 컴퓨터로만 제작했다. 손으로 직접 그린 그림은 단 한 장도 들어가지 않았다. 픽사는 기존 애니메이션과는 완전히 차별화된 것을 만들고 싶어 했다. 스튜디오 소유주도 영화 산업에서는 신출내기인 스티브 잡스였다. 잡스는 자신이 세운 기업 애플(Apple)에서 해고되는 불운을 겪었고, 그 후에 만든 넥스트(NeXT)라는 컴퓨터도 실패해 힘든 시기를 보내고 있었다.\n\n픽사에 입사한 첫해인 1992년, 나는 픽사 최초의 컴퓨터 애니메이터로 일했다. 당시 애니메이터는 12명이었고 이 12명이 최초로 만든 애니메이션 영화가 바로 《토이 스토리》였다. 애니메이션 업계에 있던 사람들은 대부분 이 영화가 실패할 거라고 예상했다.\n\n하지만 영화 제작 과정에서 내가 가장 참여하고 싶은 분야는 스토리 제작이었다. 스토리텔링이야말로 내가 제일 원하는 일이었다. 캐릭터를 창조하고, 스토리보드에 그림을 그리고, 스토리를 한 땀 한 땀 엮고 싶었다. 그래서 매일 애니메이션 업무를 마치면 하루도 빠짐없이 스토리 제작실을 기웃거리며 혹시 도움이 필요하지 않은지 물었다. 하다못해 스토리보드를 지우거나 보드에 색칠하는 일 등 어떤 잡무도 마다하지 않았다. 결국 내가 맡은 애니메이션 업무를 마친 다음 매일 저녁과 주말을 몽땅 스토리 제작팀 보조 업무에 쏟아부었다. 내 자리를 스토리 제작팀으로 옮길 수 있는 가능성이 희미하게 보이기 시작했다.\n\n그러던 어느 날, 《토이 스토리》에 투자하고 있던 디즈니에서 영화 투자를 전면 중단하기로 결정했다. 디즈니 측에서 밝힌 투자 중단 이유는 주인공인 우디가 그다지 매력적이지 않다는 것이었다.\n존은 직원 한 명 한 명을 직접 만나 실망시켜 미안하다며 사과했고, 혹시라도 디즈니 측의 마음이 바뀌면 다시 전화하겠다고 약속했다.\n\n로스앤젤레스에 있던 내 친구들은 졸지에 백수가 되어 캘리포니아 북부에 머무는 나를 보며 하나같이 “거봐, 내가 뭐랬어!”라고 말했다. 그런데 참 이상하게도 나는 이 사건이 기회처럼 느껴졌다. 어느 날 갑자기 내 앞에 스토리텔링을 배울 시간이 뚝 떨어졌기 때문이다. 나는 샌프란시스코에 있는 애니메이션 광고 제작 업체 몇 군데에 전화를 걸어 스토리보드 작업과 패스트푸드 광고 대본 작업, 시리얼 광고, TV용으로 제작되는 애니메이션 대본 작업을 시작했다. 스토리텔링이라는 세계에 발을 들여놓기에는 더없이 좋은 기회였다. 물론 생계를 위해 우리 가족이 운영하는 장난감 가게에서도 일했다.\n\n1년이 지난 어느 날, 픽사의 애니메이션 감독인 피트 닥터(Pete Docter)에게 전화가 걸려왔다. 예전에 하던 일을 다시 해줄 수 있느냐고 물었다. 피트는 픽사 스토리 제작팀은 현재 《토이 스토리》에서 문제가 되었던 캐릭터 이슈를 해결하고 있으며 디즈니 측에서도 긍정적인 반응을 보인다고 했다. 고민이 깊어졌다. 정말 반갑고 고마운 전화였지만 내가 진심으로 바라던 자리는 픽사의 스토리 제작팀이었다. 나는 피트의 제안을 정중히 사양한 후 스토리텔링을 향한 나의 열정을 이야기했다. 확고한 내 모습을 확인한 피트는 잊지 않고 있다가 혹시라도 좋은 기회가 오면 연락을 주겠노라고 했다.'}, {'user_id': 'euiclee.books', 'posts_count': '106', 'post_text': 'Photo by 유클리책장 | 📚 매일매일 독서기록 on October 15, 2024. 텍스트의 이미지일 수 있음.', 'post_image': 'https://scontent-ssn1-1.cdninstagram.com/v/t51.29350-15/463091453_941988021281338_1247145580717716465_n.jpg?stp=dst-jpg_e15&efg=eyJ2ZW5jb2RlX3RhZyI6ImltYWdlX3VybGdlbi4xMDgweDEwODAuc2RyLmYyOTM1MC5kZWZhdWx0X2ltYWdlIn0&_nc_ht=scontent-ssn1-1.cdninstagram.com&_nc_cat=110&_nc_ohc=I-4mEeJPifgQ7kNvgE-QPDC&_nc_gid=ab20885fa612464693fe7d8156af28dd&edm=AP4sbd4BAAAA&ccb=7-5&ig_cache_key=MzQ3OTQ0NzQyMDc1NTUzOTcyMA%3D%3D.3-ccb7-5&oh=00_AYC1_N_6UcHxALcjO-x5WFV5UMu_cxZcGn7FmfUUpNGklg&oe=6714584C&_nc_sid=7a9f4b', 'post_datetime': '2024-10-15 23:27:57', 'post_description': '🖋️ 꿈에 대한 프로이트의 해석은 반은 맞고 전체는 틀렸다.\n\n프로이트는 꿈이 충족되지 않은 무의식적 소망에서 나온다고 믿었지만, 저자는 그 이론이 검증 불가능성을 수반 한다며 그 이론을 과학적으로 반박한다.\n\n아직 왜 꿈을 꾸는가에 대한 부분을 다 읽지 않아서 자세한 것은 모르겠지만, 예전에 프로이트의 [꿈의 해석]을 읽으면서 궁금했던 부분들 중 일부를 이 책에서 해소시켜주는 것 같아 흥미롭게 읽고 있는 중이다.\n\n📗 #우리는왜잠을자야할까 #매슈워커 #사람의집\n\n🔖 #독서 #북스타그램 #책 #독서스타그램 #책스타그램 #책리뷰 #책추천 #유클리 #유클리책장 #수면 #잠 #프로이트'}, {'user_id': 'ai.gi.book', 'posts_count': '123', 'post_text': 'Photo by @ai.gi.book on October 15, 2024. 책, 포스터, 잡지 및 텍스트의 일러스트레이션일 수 있음.', 'post_image': 'https://scontent-ssn1-1.cdninstagram.com/v/t51.29350-15/463148939_1269411317538012_7909305061865672909_n.jpg?stp=dst-jpg_e35&efg=eyJ2ZW5jb2RlX3RhZyI6ImltYWdlX3VybGdlbi4xNDQweDE4MDAuc2RyLmYyOTM1MC5kZWZhdWx0X2ltYWdlIn0&_nc_ht=scontent-ssn1-1.cdninstagram.com&_nc_cat=100&_nc_ohc=opcsL36ZXhoQ7kNvgFkeAqj&_nc_gid=0aefab381dbb455db936b468dab061b4&edm=AONqaaQBAAAA&ccb=7-5&ig_cache_key=MzQ3OTM3NDE4ODY5NDYyNTAwMg%3D%3D.3-ccb7-5&oh=00_AYCywfmHS-OJ_aNklsvfD2P2d6RYeEyXLzit4OUb6DQLEQ&oe=67144775&_nc_sid=4e3341', 'post_datetime': '2024-10-15 21:02:26', 'post_description': '당장의 결혼 자금보다\n\n제일 중요한 건 사람이고 타이밍이다.\n\n마음 맞는 사람이 지금 내 곁에 있다는 것 자체가\n\n어떻게 보면 기적이다.\n\n이 사람을 놓치지 않고\n\n결단을 내리는 게 훨씬 더 중요하다.\n\n \n\n편협한 사고에 갇혀서 다른 기회에 눈을 뜰 수 있는 선택지마저 스스로 저버리고 있는 건 아닌지 고심할 필요가 있다. - <사랑에 관한 거의 모든 기술>, 김달 - 밀리의 서재\nhttps://www.millie.co.kr/v3/bookDetail/579ebab67d8947cb'}]
CSV 파일에 데이터 저장 중...
CSV 파일에 데이터 저장 완료
성공/실패 평가 중...
성공한 사람: ['terrys_reading', 'rdnmgo', 'euiclee.books', 'ai.gi.book']
실패한 사람: []
요약 이미지 생성 중...
요약 이미지 생성 완료
포스트 이미지 생성 중...
terrys_reading의 이미지 생성 중...
terrys_reading의 이미지 생성 완료
terrys_reading의 텍스트 이미지 생성 중...
terrys_reading의 텍스트 이미지 생성 완료
rdnmgo의 이미지 생성 중...
rdnmgo의 이미지 생성 완료
rdnmgo의 텍스트 이미지 생성 중...
rdnmgo의 텍스트 이미지 생성 완료
euiclee.books의 이미지 생성 중...
euiclee.books의 이미지 생성 완료
euiclee.books의 텍스트 이미지 생성 중...
euiclee.books의 텍스트 이미지 생성 완료
ai.gi.book의 이미지 생성 중...
ai.gi.book의 이미지 생성 완료
ai.gi.book의 텍스트 이미지 생성 중...
ai.gi.book의 텍스트 이미지 생성 완료
포스트 이미지 생성 완료
이미지 업로드 시작...
사진 업로드 중...
새 게시물 버튼 클릭 완료
다음 버튼 클릭 중...
다음 버튼 클릭 완료
다음 버튼 클릭 중...
다음 버튼 클릭 완료
성공/실패 평가 중...
성공한 사람: ['terrys_reading', 'rdnmgo', 'euiclee.books', 'ai.gi.book']
실패한 사람: []
설명 입력 중...
설명 입력 완료
게시물 공유 중...
게시물 공유 완료
사진 업로드 완료
이미지 업로드 완료
드라이버 종료
프로그램 시작
드라이버 설정 중...
드라이버 설정 완료
인스타그램 로그인 시도 중...
로그인 정보 입력 완료
로그인 정보 저장 버튼 클릭 중...
로그인 정보 저장 버튼 클릭 완료
정보 수집 시작...
terrys_reading의 정보 수집 중...
terrys_reading의 게시물에 '더 보기' 버튼 없음
좋아요 버튼을 클릭했습니다.
terrys_reading의 정보 수집 완료
rdnmgo의 정보 수집 중...
rdnmgo의 게시물에 '더 보기' 버튼 없음
좋아요 버튼을 클릭했습니다.
rdnmgo의 정보 수집 완료
42lines_의 정보 수집 중...
42lines_의 게시물에 '더 보기' 버튼 없음
좋아요 버튼을 클릭했습니다.
42lines_의 정보 수집 완료
euiclee.books의 정보 수집 중...
euiclee.books의 게시물에 '더 보기' 버튼 없음
좋아요 버튼을 클릭했습니다.
euiclee.books의 정보 수집 완료
ai.gi.book의 정보 수집 중...
ai.gi.book의 게시물에 '더 보기' 버튼 없음
좋아요 버튼을 클릭했습니다.
ai.gi.book의 정보 수집 완료
정보 수집 완료
[{'user_id': 'terrys_reading', 'posts_count': '100', 'post_text': 'Photo by @terrys_reading on October 16, 2024. 잡지, 책 및 텍스트의 Twitter 스크린샷일 수 있음.', 'post_image': 'https://scontent-ssn1-1.cdninstagram.com/v/t51.29350-15/463649007_3698055840443119_8480404309696916839_n.jpg?stp=dst-jpg_e35&efg=eyJ2ZW5jb2RlX3RhZyI6ImltYWdlX3VybGdlbi4xNDQweDE4MDAuc2RyLmYyOTM1MC5kZWZhdWx0X2ltYWdlIn0&_nc_ht=scontent-ssn1-1.cdninstagram.com&_nc_cat=107&_nc_ohc=eb1zAKHrbz0Q7kNvgHsv7FY&_nc_gid=6e21369aa97b4a4d9131de1614093090&edm=AONqaaQBAAAA&ccb=7-5&ig_cache_key=MzQ4MDE4NzgzNzI2MzY0Mjk0MQ%3D%3D.3-ccb7-5&oh=00_AYCO1My2FuTTsezI1FxvXegCIDveg5TEScDzggGb8RBO1A&oe=6715A1B0&_nc_sid=4e3341', 'post_datetime': '2024-10-16 23:59:01', 'post_description': '우리는 과거를 미화한다. 대학, 군대, 고등학교 등등 다양한 시간과 장소에서 있었던 사건을 좋았던 때로 인식한다. 다만, 가끔씩 주변 사람들의 이야기를 듣고, 기록을 보다보면 그때가 얼마나 힘들었는지 깨닫곤 한다. 왜 그토록 우리는 과거를 미래만큼이나 제대로 돌아보지 못할까?\n\n가장 큰 점은 불확실성이 해소됐다는 점이다. 미래는 불투명하고, 나에 대한 확신은 없다. 현재에 느끼는 감정의 상당 부분은 그 모호함에서 비롯된다. 현재는 과거의 불확실성이 존재하지 않기에 우리는 보다 더 부정적 감정을 덜 느끼는 것이다.\n\n주식 시장도 그러했다. 각각의 과거 시련들은 기회였지만 그만큼 고통스러웠다.'}, {'user_id': 'rdnmgo', 'posts_count': '108', 'post_text': 'Photo by @rdnmgo on October 16, 2024. 사람 1명, 책, 잡지, 포스터 및 텍스트의 만화일 수 있음.', 'post_image': 'https://scontent-ssn1-1.cdninstagram.com/v/t51.29350-15/463584081_1632620583950516_9198316111857485831_n.jpg?stp=dst-jpg_e15&efg=eyJ2ZW5jb2RlX3RhZyI6ImltYWdlX3VybGdlbi42MTJ4NjEyLnNkci5mMjkzNTAuZGVmYXVsdF9pbWFnZSJ9&_nc_ht=scontent-ssn1-1.cdninstagram.com&_nc_cat=108&_nc_ohc=1b5D_jeB_iIQ7kNvgFyYR3_&_nc_gid=e8128547760e4b9e8bbd8cb5802c95d6&edm=AONqaaQBAAAA&ccb=7-5&ig_cache_key=MzQ4MDA0MzI5NTk2MTEzMDI0NQ%3D%3D.3-ccb7-5&oh=00_AYBrUEuq1dLW5HCCwSDZe7_5a6pUAjQWmGle7vQ2VaZ56g&oe=6715C060&_nc_sid=4e3341', 'post_datetime': '2024-10-16 19:11:50', 'post_description': '그렇게 몇 달 동안 나는 샌프란시스코에 있는 작은 애니메이션 광고 스튜디오에서 계속 일했다. 마침내 계약한 일을 모두 마쳤다. 그다음에도 이 직장 저 직장을 옮겨 다녔다. 픽사의 애니메이터 일자리를 거절한 것이 내 인생 최악의 결정은 아닐까 하는 두려움에 잠식당한 채 말이다.\n\n부모님의 집 바로 뒤에 살면서 자동차 보험료 낼 돈도 없어 친구들에게 돈을 꿔가며 살던 어느 날, 드디어 픽사에서 전화가 왔다. 《토이 스토리 2》를 만들 예정인데 스토리 제작팀에 추가 인원이 필요하다는 전화였다. 할렐루야! 난 앞뒤 돌아보지 않고 즉시 합류했다. 당시에는 몰랐다. 이것이 픽사에서 20년 동안 이어질 스토리텔러 경력의 시작이 될 줄은. 열 편의 애니메이션 영화와 다섯 편의 단편 애니메이션, 두 편의 TV 스페셜 애니메이션으로 이어지리라는 사실을 그땐 몰랐다. 이 모든 작업을 진행하는 내내 진심으로 즐거웠다. 마치 고등학교 시절로 돌아가 친구들과 영화를 만드는 기분이었다.\n\n어느 날, 《와이어드》 잡지를 보다가 픽사가 영화 역사상 세계적으로 가장 사랑받고 있고 재정적으로도 큰 성공을 거둔 영화를 연달아 내놓고 있다는 기사를 읽게 되었다.\n어떻게 이렇게 할 수 있었을까? 단순히 뛰어난 컴퓨터 애니메이션 작업이나 캐릭터 디자인, 컬러, 음악 때문만은 아니다. 장담컨대, 바로 스토리텔링의 힘 때문이다.\n\n픽사는 스토리의 제왕이다. 오랜 세월 《토이 스토리 2》, 《토이 스토리 3》, 《몬스터 주식회사》, 《니모를 찾아서》, 《업》, 《카》, 《라따뚜이》, 《몬스터 대학교》의 스토리 제작자로 일하면서, 그리고 다른 업체의 글쓰기 및 스토리 컨설턴트로 일하면서 깨달은 바가 있다. 위대한 스토리는 위대한 소설이나 연극, 영화, TV에만 필요한 것이 아니라 성공적인 비즈니스나 브랜드에도 꼭 필요하다는 사실 말이다. 무대 앞 좌석에 앉아 있는 관객이든, 장난감 가게를 어슬렁거리는 고객이든, 온라인으로 물건을 구매하는 소비자든, 이들의 관심을 끌고 물건을 구매하게 만드는 힘은 마음을 감동시키는 스토리에 있다.\n\n지금도 나는 대본을 쓰고 아이디어를 궁리하는 일을 최우선으로 여기며 살아가고 있지만, 탁월한 스토리텔링의 원칙을 사람들과 나누는 일도 매우 좋아한다. 판매, 마케팅, 연설 등 여러 분야에 종사하는 사람들이 매혹적인 스토리를 통해 브랜드를 강화하고, 대중과 소통하고, 사람들을 움직일 수 있도록 돕는 일을 사랑한다.\n\n그렇다면 왜 스토리가 이토록 중요한 걸까? 왜 스토리는 나이나 성별, 문화를 초월해 모든 이의 마음을 움직이는 걸까? 잘 전달된 좋은 스토리는 기억에 오래 남고, 감동을 주며, 개개인에게 작용하기 때문이다.\n옛날이야기든 요즘 이야기든, 사실을 기반으로 한 이야기든 꾸며낸 이야기든 좋은 스토리는 사람의 마음을 움직인다. 우리는 모든 종류의 스토리에 푹 빠진다.\n\n스토리 없이 그저 통계자료나 각종 데이터와 정보를 보았을 때, 10분 후 머릿속에는 정보의 5%밖에 남지 않는다.\n물론, 빅데이터가 모든 것을 바꾸고 있지만 사람의 마음에 닿는 위대한 스토리가 없다면 고객과 클라이언트, 동료 직원은 그 내용을 잊는다. 직장 상사도 다음 회의 때 그 자료를 잊는다. 이것이 핵심이다. 같은 정보라도 스토리나 사건을 결합해 전달하면 사람들은 그 정보를 오래 기억한다. 오히려 접한 정보 이상을 기억할 수도 있다. 인지심리학자 제롬 브루너(Jerome Bruner)에 따르면, 사람은 스토리를 통해 정보를 접할 때 22배나 더 잘 기억한다고 한다. 설령 아주 딱딱한 정보라도 마찬가지다. 정보에 스토리를 덧붙이는 행위가 별것 아닌 듯 보여도 이는 모든 것을 바꾸는 변화의 시작이 된다.'}, {'user_id': '42lines_', 'posts_count': '107', 'post_text': 'Photo by @42lines_ on October 15, 2024. 책, 포스터, 야외 및 텍스트의 이미지일 수 있음.', 'post_image': 'https://scontent-ssn1-1.cdninstagram.com/v/t51.29350-15/463363208_570858325606454_3999346866104183962_n.jpg?stp=dst-jpg_e35&efg=eyJ2ZW5jb2RlX3RhZyI6ImltYWdlX3VybGdlbi4xMDgweDEwODAuc2RyLmYyOTM1MC5kZWZhdWx0X2ltYWdlIn0&_nc_ht=scontent-ssn1-1.cdninstagram.com&_nc_cat=102&_nc_ohc=WP9zm3dz2fEQ7kNvgE9OvYm&_nc_gid=d8e6dfa316ca42c6a4ad464bb428f816&edm=AONqaaQBAAAA&ccb=7-5&ig_cache_key=MzQ3OTg0OTU2NDI3NjgwNjc0OQ%3D%3D.3-ccb7-5&oh=00_AYAGT_btJIjgQY8R3wj4j6gg0jSn2Iw268q96-W2IlvXoA&oe=671595BF&_nc_sid=4e3341', 'post_datetime': '2024-10-16 12:46:56', 'post_description': '지금도 동문 쪽을 공격하는 적의 총성이 자꾸 들립니다. 하지만 연청보라색 하늘에는 낮달이 떠 있고, 지붕 위의 민들레가 열심히 민들레씨를 바람에 실어 날려 보내고, 병사는 참마 껍질을 벗겨 저녁밥에 먹을 도로로 준비에 들어갔습니다. 다들 허둥거리지 않고 총소리에는 전혀 무관심한 채입니다. 이것은 얼핏 엄청난 실수로 녹음된 소리를 잘못 튼 게 아닐까 생각하게 만드는 정경입니다.\n\n<꽁치가 먹고 싶습니다>, 오즈야스지로 지음'}, {'user_id': 'euiclee.books', 'posts_count': '107', 'post_text': 'Photo by 유클리책장 | 📚 매일매일 독서기록 on October 16, 2024. 포스터, 책 및 텍스트의 이미지일 수 있음.', 'post_image': 'https://scontent-ssn1-1.cdninstagram.com/v/t51.29350-15/463194574_1057845715655646_6462239192847549433_n.jpg?stp=dst-jpg_e15&efg=eyJ2ZW5jb2RlX3RhZyI6ImltYWdlX3VybGdlbi4xMDgweDEwODAuc2RyLmYyOTM1MC5kZWZhdWx0X2ltYWdlIn0&_nc_ht=scontent-ssn1-1.cdninstagram.com&_nc_cat=106&_nc_ohc=7oY8GIK1X6EQ7kNvgGM7Vx_&_nc_gid=ed1d153ce5b642d099a2b1bd0fd68980&edm=AONqaaQBAAAA&ccb=7-5&ig_cache_key=MzQ4MDE2NjAwNTk1NDE0MjA1Ng%3D%3D.3-ccb7-5&oh=00_AYACYEKDVgEmJzgYv8Vz2QT-1fQA2pH6N3PdRcwoIL4kjQ&oe=67158CD9&_nc_sid=4e3341', 'post_datetime': '2024-10-16 23:15:39', 'post_description': '🖋️ 잠을 자고 싶다면 이 책을 읽자. 우리는 왜 잠을 자야하는지에 대해 과학적으로 분석하며 근거를 제시한다.\n\n잠과 함께 따라오는 키워드로 게으름이라는 것이 있다. 물론 그렇다고 하루종일 자는 것이 좋다는 것이 아니라 8시간 정도는 자야 한다는 말을 하는 것 같다.\n\n해야하는 것이 너무 많아서 잠을 못자는 것은 어쩔 수가 없지만, 밤잠을 줄여가면서 무언가를 하기에는 나는 아직 많이 부족하다는 생각이 어쩌면 들었다.\n\n결국에는 시간관리라는 측면에서 이 문제를 바라보게 될 것인데, 깨어있는 16시간을 일분일초도 낭비하지 않고 있는지 질문을 던져보았을 때 전혀 그러고 있는 것 같지 않기 때문이다.\n\n밤잠을 줄여가는 것은 깨어있는 16시간을 잘 활용해도 시간이 부족하면 그때 생각해보자. 그리고 정말 중요한 것이 아니라면 건강을 헤치면서까지 잠을 줄일려고 하지 말자. 오히려 잠을 자서 내가 얻을 수 있는 이익이 많다는 것은 이 책을 읽어보면 알 수 있다.\n\n📗 #우리는왜잠을자야할까 #매슈워커 #사람의집\n\n🔖 #독서 #북스타그램 #책 #독서스타그램 #책스타그램 #책리뷰 #책추천 #유클리 #유클리책장 #수면 #잠 #꿈'}, {'user_id': 'ai.gi.book', 'posts_count': '126', 'post_text': 'Photo by @ai.gi.book on October 16, 2024. 책, 포스터, 잡지 및 텍스트의 일러스트레이션일 수 있음.', 'post_image': 'https://scontent-ssn1-1.cdninstagram.com/v/t51.29350-15/463724564_1572788496931344_4146796739779217317_n.jpg?stp=dst-jpg_e35&efg=eyJ2ZW5jb2RlX3RhZyI6ImltYWdlX3VybGdlbi4xNDQweDE4MDAuc2RyLmYyOTM1MC5kZWZhdWx0X2ltYWdlIn0&_nc_ht=scontent-ssn1-1.cdninstagram.com&_nc_cat=100&_nc_ohc=EsKwkIBBf5MQ7kNvgGQau7k&_nc_gid=de12927571e44fb8a12c3bbe6c911472&edm=AONqaaQBAAAA&ccb=7-5&ig_cache_key=MzQ3OTk5NTkxMTkyNzQyNDA5MA%3D%3D.3-ccb7-5&oh=00_AYC8vADtIovvw-DmR_4GShf1gU_vN7NCLbSO6vm6QPYccQ&oe=6715AA51&_nc_sid=4e3341', 'post_datetime': '2024-10-16 17:37:42', 'post_description': '중요한 건 자신의 가치를 키우는 것이다.\n\n자기 자신의 가치를 스스로 높이고\n\n자신을 소중하게 여기는 것이다.\n\n \n\n누군가를 만나 관계를 시작할 때는 이 점을 생각해보자. ‘이 사람과 연애를 시작한다면 내가 아깝지 않을까?’\n\n만약 오랫동안 연애를 안 한 사람이라면 이렇게 질문해보자. ‘이때까지 아껴왔던 인연의 시작을 이 사람과 함께해도 될까?’ - <사랑은 그렇게 하는 것이 아니다>, 김달 - 밀리의 서재\nhttps://www.millie.co.kr/v3/bookDetail/11682882c6604806'}]
CSV 파일에 데이터 저장 중...
CSV 파일에 데이터 저장 완료
성공/실패 평가 중...
성공한 사람: ['terrys_reading', 'rdnmgo', '42lines_', 'euiclee.books', 'ai.gi.book']
실패한 사람: []
요약 이미지 생성 중...
요약 이미지 생성 완료
포스트 이미지 생성 중...
terrys_reading의 이미지 생성 중...
terrys_reading의 이미지 생성 완료
terrys_reading의 텍스트 이미지 생성 중...
terrys_reading의 텍스트 이미지 생성 완료
rdnmgo의 이미지 생성 중...
rdnmgo의 이미지 생성 완료
rdnmgo의 텍스트 이미지 생성 중...
rdnmgo의 텍스트 이미지 생성 완료
42lines_의 이미지 생성 중...
42lines_의 이미지 생성 완료
42lines_의 텍스트 이미지 생성 중...
42lines_의 텍스트 이미지 생성 완료
euiclee.books의 이미지 생성 중...
euiclee.books의 이미지 생성 완료
euiclee.books의 텍스트 이미지 생성 중...
euiclee.books의 텍스트 이미지 생성 완료
ai.gi.book의 이미지 생성 중...
ai.gi.book의 이미지 생성 완료
ai.gi.book의 텍스트 이미지 생성 중...
ai.gi.book의 텍스트 이미지 생성 완료
포스트 이미지 생성 완료
이미지 업로드 시작...
사진 업로드 중...
새 게시물 버튼 클릭 완료
다음 버튼 클릭 중...
다음 버튼 클릭 완료
다음 버튼 클릭 중...
다음 버튼 클릭 완료
성공/실패 평가 중...
성공한 사람: ['terrys_reading', 'rdnmgo', '42lines_', 'euiclee.books', 'ai.gi.book']
실패한 사람: []
설명 입력 중...
설명 입력 완료
게시물 공유 중...
게시물 공유 완료
사진 업로드 완료
이미지 업로드 완료
드라이버 종료
프로그램 시작
드라이버 설정 중...
드라이버 설정 완료
인스타그램 로그인 시도 중...
로그인 정보 입력 완료
로그인 정보 저장 버튼 클릭 중...
로그인 정보 저장 버튼 클릭 완료
정보 수집 시작...
terrys_reading의 정보 수집 중...
terrys_reading의 게시물에 '더 보기' 버튼 없음
좋아요 버튼을 클릭했습니다.
terrys_reading의 정보 수집 완료
rdnmgo의 정보 수집 중...
rdnmgo의 게시물에 '더 보기' 버튼 없음
좋아요 버튼을 클릭했습니다.
rdnmgo의 정보 수집 완료
42lines_의 정보 수집 중...
42lines_의 게시물에 '더 보기' 버튼 없음
좋아요 버튼을 클릭했습니다.
42lines_: 데이터 수집 실패 - Message: no such element: Unable to locate element: {"method":"css selector","selector":"h1._ap3a._aaco._aacu._aacx._aad7._aade"}
  (Session info: chrome=128.0.6613.114); For documentation on this error, please visit: https://www.selenium.dev/documentation/webdriver/troubleshooting/errors#no-such-element-exception
Stacktrace:
0   chromedriver                        0x000000010b1bf338 chromedriver + 5096248
1   chromedriver                        0x000000010b1b6b6a chromedriver + 5061482
2   chromedriver                        0x000000010ad41fd0 chromedriver + 389072
3   chromedriver                        0x000000010ad8e9ab chromedriver + 702891
4   chromedriver                        0x000000010ad8ea81 chromedriver + 703105
5   chromedriver                        0x000000010add2cd4 chromedriver + 982228
6   chromedriver                        0x000000010adb2f1d chromedriver + 851741
7   chromedriver                        0x000000010add0250 chromedriver + 971344
8   chromedriver                        0x000000010adb2c93 chromedriver + 851091
9   chromedriver                        0x000000010ad81c79 chromedriver + 650361
10  chromedriver                        0x000000010ad8249e chromedriver + 652446
11  chromedriver                        0x000000010b1820b0 chromedriver + 4845744
12  chromedriver                        0x000000010b186fc8 chromedriver + 4865992
13  chromedriver                        0x000000010b187695 chromedriver + 4867733
14  chromedriver                        0x000000010b164ce9 chromedriver + 4725993
15  chromedriver                        0x000000010b187989 chromedriver + 4868489
16  chromedriver                        0x000000010b156c04 chromedriver + 4668420
17  chromedriver                        0x000000010b1a6e68 chromedriver + 4996712
18  chromedriver                        0x000000010b1a7067 chromedriver + 4997223
19  chromedriver                        0x000000010b1b676e chromedriver + 5060462
20  libsystem_pthread.dylib             0x00007fff6e2cd109 _pthread_start + 148
21  libsystem_pthread.dylib             0x00007fff6e2c8b8b thread_start + 15

euiclee.books의 정보 수집 중...
euiclee.books의 게시물에 '더 보기' 버튼 없음
좋아요 버튼을 클릭했습니다.
euiclee.books의 정보 수집 완료
ai.gi.book의 정보 수집 중...
ai.gi.book의 게시물에 '더 보기' 버튼 없음
좋아요 버튼을 클릭했습니다.
ai.gi.book의 정보 수집 완료
정보 수집 완료
[{'user_id': 'terrys_reading', 'posts_count': '101', 'post_text': 'Photo by @terrys_reading on October 17, 2024. 텍스트의 이미지일 수 있음.', 'post_image': 'https://scontent-ssn1-1.cdninstagram.com/v/t51.29350-15/463648092_1298467507740594_1102272692825450944_n.jpg?stp=dst-jpg_e35&efg=eyJ2ZW5jb2RlX3RhZyI6ImltYWdlX3VybGdlbi4xNDQweDE4MDAuc2RyLmYyOTM1MC5kZWZhdWx0X2ltYWdlIn0&_nc_ht=scontent-ssn1-1.cdninstagram.com&_nc_cat=106&_nc_ohc=m9cn8xXd8MgQ7kNvgFrd8JE&_nc_gid=c3810070df894072bcc92360278bf7fe&edm=AONqaaQBAAAA&ccb=7-5&ig_cache_key=MzQ4MDkxMjg2NTE2NDg0MjQwMA%3D%3D.3-ccb7-5&oh=00_AYCll7KgM8zVI1D7GKP3qsiTJWdEwe4dQJLCvCcqjVFaow&oe=6716E430&_nc_sid=4e3341', 'post_datetime': '2024-10-17 23:59:31', 'post_description': '이성적 사고, 업의 진정성, 성숙한 공존 세 가지 키워드를 기억하자.\n\n데이터가 남고, 각자의 기록이 메시지가 되기에 생각 없이 시도해서는 안된다.\n\n자신이 한 말과 행동이 진짜 자기 것이와 하고 어긋남이 없어야 한다.\n\n내가 정말 좋아하는 게 무엇인가? 그 일을 어떻게 나만의 것으로 만들어갈 것인가?\n\n부업은 불안함 해소를 위한 원데이 클래스에 불과하다.\n\n내가 하는 일 자체를 혁신해야 한다.'}, {'user_id': 'rdnmgo', 'posts_count': '109', 'post_text': 'Photo by @rdnmgo on October 16, 2024. 사람 1명, 책, 잡지, 포스터 및 텍스트의 만화일 수 있음.', 'post_image': 'https://scontent-ssn1-1.cdninstagram.com/v/t51.29350-15/463641148_1257616411925230_919837430019456879_n.jpg?stp=dst-jpg_e15&efg=eyJ2ZW5jb2RlX3RhZyI6ImltYWdlX3VybGdlbi42MTJ4NjEyLnNkci5mMjkzNTAuZGVmYXVsdF9pbWFnZSJ9&_nc_ht=scontent-ssn1-1.cdninstagram.com&_nc_cat=110&_nc_ohc=CKmRXwzCRWgQ7kNvgFFbZIE&_nc_gid=f898fcccbcf9436fb8cac59111a93704&edm=AONqaaQBAAAA&ccb=7-5&ig_cache_key=MzQ4MDU2ODE0NzI4OTU5MjY4Mw%3D%3D.3-ccb7-5&oh=00_AYDDZEFv07_BK3gbmcib5nUDeuFO9x0y4cFaS9mUNEvRUQ&oe=6716E531&_nc_sid=4e3341', 'post_datetime': '2024-10-17 12:34:37', 'post_description': '초등학생 시절 나는 늘 공책에 낙서하고 창밖을 보며 공상에 빠지는 그런 아이였다. 선생님이 수업 시간에 온갖 지루한 숫자와 정보, 이름, 자료를 열거하면 나는 수업 내용을 죄다 잊어버렸다. 이제 와서야 내가 왜 그랬는지 이해가 된다. 정보를 둘러싼 스토리나 사건이 없었기 때문이다. 소설 『정글북』의 저자 러디어드 키플링(Rudyard Kipling)은 이렇게 말했다. “역사를 이야기로 가르치면 절대 잊어버리지 않을 것이다.”\n\n이 브랜드의 상징인 ‘로빈 애그 티파니 블루(울새의 알 색에 티파니 브랜드 감성을 더해 만든 특유의 푸른색＿옮긴이)’는 고요함과 일상 탈출이라는 정서를 자아내고, 티파니 브랜드의 서체와 로고는 우아하고 정교한 느낌을 준다. 티파니 앤 컴퍼니 상점과 웹사이트, 광고 등에 사용되는 사진과 이미지는 사랑과 로맨스 정서를 풍긴다. 이 모든 것이 합쳐져 대중의 가슴에 남는 인상적인 브랜드 스토리를 전달한다. 설령 한 번도 티파니 제품을 구매한 적이 없는 사람에게도 그렇다. 콘텐츠를 스토리 속에 넣으면 머릿속에 5%밖에 남지 않던 내용이 65%나 남게 된다. 단순히 기억만 하는 것이 아니라 깊은 유대감까지 느낀다.\n\n픽사의 애니메이션 영화 《인사이드 아웃》을 본 관객들은 단순히 재미난 스토리로만 보는 것이 아니라, 왜 어떤 스토리는 기억에 남고 어떤 스토리는 기억의 쓰레기장으로 가는지 그 과정을 이해하게 된다. 기억은 스토리나 사건으로 둘러싸여 있을 때 어김없이 머릿속에 남는다.\n\n스토리가 마음속에 각인되는 과학적인 이유가 있다. 인류의 조상으로 거슬러 올라가보면, 말하는 능력이 생기기 시작한 인간은 호랑이에게 쫓기거나 들소를 사냥하거나 독이 있는 식물을 피할 때처럼 생사가 엇갈리는 상황에서 필요한 의사소통을 했다. 고대 인류에게 스토리텔링이 중요했다는 사실은 그들이 얻은 삶의 교훈이 남아 있는 동굴 벽을 통해 알 수 있다. 동굴 벽은 일종의 ‘스토리보드’였다. 고대 인류는 사라졌지만 이들이 터득한 삶의 지혜는 여전히 스토리로 살아남아 있다.\n\n스토리는 기억에 남을 뿐 아니라 직접적으로 영향을 미친다. 스토리는 우리를 감정의 롤러코스터에 태운다. 우리의 감정 가장 높은 곳(행복, 기대, 놀라움)과 가장 낮은 곳(슬픔, 두려움, 분노)으로 오르락내리락하게 만드는데, 이때 몸 안에서 화학작용이 일어나고 이 작용이 실질적으로 영향을 미친다.\n이렇게 슬프고 행복한 순간들 옆에 스토리가 놓이면 사람들의 마음속에는 놀이동산이 만들어진다. 감정이 오르락내리락하고 마음을 졸였다가 풀었다가를 반복하면서 관객은 이야기 앞을 떠나지 못한다.'}, {'user_id': 'euiclee.books', 'posts_count': '108', 'post_text': 'Photo by 유클리책장 | 📚 매일매일 독서기록 on October 17, 2024. 텍스트의 이미지일 수 있음.', 'post_image': 'https://scontent-ssn1-1.cdninstagram.com/v/t51.29350-15/463450641_2812728538898189_6005758607433321819_n.jpg?stp=dst-jpg_e15&efg=eyJ2ZW5jb2RlX3RhZyI6ImltYWdlX3VybGdlbi4xMDgweDEwODAuc2RyLmYyOTM1MC5kZWZhdWx0X2ltYWdlIn0&_nc_ht=scontent-ssn1-1.cdninstagram.com&_nc_cat=105&_nc_ohc=Zohbob6_wiAQ7kNvgFWcbKg&_nc_gid=4c1aedf73d7a45679d23b69a2c30e533&edm=AONqaaQBAAAA&ccb=7-5&ig_cache_key=MzQ4MDg5OTg5NjY4ODAzNDU3NA%3D%3D.3-ccb7-5&oh=00_AYDgL2oK1mGR6DuqsJwmur8MCSXmZD3y9WNOofS-oY3Z1g&oe=6716EB69&_nc_sid=4e3341', 'post_datetime': '2024-10-17 23:33:46', 'post_description': '🖋️ 우리는 살아가면서 다양한 자기합리화를 한다.\n\n그리고 그 중 우선순위에 없다, 하기 싫다는 의미와 함께 자기합리화를 가장한 핑계가 바로 바쁘다는 것이 아닐까.\n\n정말로 바쁜 걸 수도 있다. 하지만 그것이 사람들과의 관계에 의해서 생겨나는 의무들을 바쁘다는 핑계로 자꾸 회피하는 것보다는 다른 말로 풀어낼 수 있지 않을까 하는 생각이 든다.\n\n고전은 변하지 않는 사실을 발견할 수 있어서 좋다. 수천년이 흘러도 변하지 않는 것, 이미 그 시대 사람들도 똑같은 생각과 고민을 했다는 것을 발견하는 순간은 늘 새롭고 흥미롭다.\n\n📗 #명상록 #마르쿠스아우렐리우스 #현대지성\n\n🔖 #독서 #북스타그램 #책 #독서스타그램 #책스타그램 #책리뷰 #책추천 #유클리 #유클리책장 #핑계 #바쁘다'}, {'user_id': 'ai.gi.book', 'posts_count': '129', 'post_text': 'Photo by @ai.gi.book on October 17, 2024. 책, 포스터, 잡지 및 텍스트의 일러스트레이션일 수 있음.', 'post_image': 'https://scontent-ssn1-1.cdninstagram.com/v/t51.29350-15/463641963_911280304255991_7717193579467854066_n.jpg?stp=dst-jpg_e35&efg=eyJ2ZW5jb2RlX3RhZyI6ImltYWdlX3VybGdlbi4xNDQweDE4MDAuc2RyLmYyOTM1MC5kZWZhdWx0X2ltYWdlIn0&_nc_ht=scontent-ssn1-1.cdninstagram.com&_nc_cat=111&_nc_ohc=Q_G63JWln98Q7kNvgFeh3WW&_nc_gid=98889b16ac274575a106f1cd5700a907&edm=AONqaaQBAAAA&ccb=7-5&ig_cache_key=MzQ4MDkxMTI1ODY5NzE4NTIxNw%3D%3D.3-ccb7-5&oh=00_AYBzpA4uSPXEBCmFD_PCnJDJTVW67e8qN10q4V219UPa7w&oe=6716EA6F&_nc_sid=4e3341', 'post_datetime': '2024-10-17 23:56:19', 'post_description': '누군가를 만나 설레는 감정이 너무 오래간다면\n\n오히려 그 연애는 일찌감치 끝내는 게 좋다.\n\n아니면 연애의 방향을 전환해야 한다.\n\n \n\n설레는 감정은 오래갈수록 독이 된다.\n\n그 감정에 휘둘려\n\n현실을 등한시하게 되기 때문이다.\n\n \n\n설레는 감정이 오랫동안 내 안에 머물도록 만들지 마라. 설렘은 스스로 절제할 수 있다. 냉정하게 현실을 보면서 그 사람과의 만남이 나에게 좋은 영향만 끼칠 수 있도록 컨트롤할 줄 알아야 한다. 연인과 함께하는 시간 동안 자신이 더욱 긍정적으로 변해갈 수 있는 연애를 했으면 한다. 잔인하게 들릴 수 있겠지만, 최절정으로 행복한 순간 바로 그때 내가 상대로 인해 포기하고 있는 것은 없는지 돌이켜봐야 한다. 내가 지금 가진 것을 잃는 게 두려워서 더 큰 것을 잃어가고 있는 건 아닌지 생각해보라. - <사랑은 그렇게 하는 것이 아니다>, 김달 - 밀리의 서재\nhttps://www.millie.co.kr/v3/bookDetail/11682882c6604806'}]
CSV 파일에 데이터 저장 중...
CSV 파일에 데이터 저장 완료
성공/실패 평가 중...
성공한 사람: ['terrys_reading', 'rdnmgo', 'euiclee.books', 'ai.gi.book']
실패한 사람: []
요약 이미지 생성 중...
요약 이미지 생성 완료
포스트 이미지 생성 중...
terrys_reading의 이미지 생성 중...
terrys_reading의 이미지 생성 완료
terrys_reading의 텍스트 이미지 생성 중...
terrys_reading의 텍스트 이미지 생성 완료
rdnmgo의 이미지 생성 중...
rdnmgo의 이미지 생성 완료
rdnmgo의 텍스트 이미지 생성 중...
rdnmgo의 텍스트 이미지 생성 완료
euiclee.books의 이미지 생성 중...
euiclee.books의 이미지 생성 완료
euiclee.books의 텍스트 이미지 생성 중...
euiclee.books의 텍스트 이미지 생성 완료
ai.gi.book의 이미지 생성 중...
ai.gi.book의 이미지 생성 완료
ai.gi.book의 텍스트 이미지 생성 중...
ai.gi.book의 텍스트 이미지 생성 완료
포스트 이미지 생성 완료
이미지 업로드 시작...
사진 업로드 중...
새 게시물 버튼 클릭 완료
다음 버튼 클릭 중...
다음 버튼 클릭 완료
다음 버튼 클릭 중...
다음 버튼 클릭 완료
성공/실패 평가 중...
성공한 사람: ['terrys_reading', 'rdnmgo', 'euiclee.books', 'ai.gi.book']
실패한 사람: []
설명 입력 중...
설명 입력 완료
게시물 공유 중...
게시물 공유 완료
사진 업로드 완료
이미지 업로드 완료
드라이버 종료
프로그램 시작
드라이버 설정 중...
드라이버 설정 완료
인스타그램 로그인 시도 중...
로그인 정보 입력 완료
로그인 정보 저장 버튼 클릭 중...
로그인 정보 저장 버튼 클릭 완료
정보 수집 시작...
terrys_reading의 정보 수집 중...
terrys_reading의 게시물에 '더 보기' 버튼 없음
좋아요 버튼을 클릭했습니다.
terrys_reading의 정보 수집 완료
rdnmgo의 정보 수집 중...
rdnmgo의 게시물에 '더 보기' 버튼 없음
좋아요 버튼을 클릭했습니다.
rdnmgo의 정보 수집 완료
42lines_의 정보 수집 중...
42lines_의 게시물에 '더 보기' 버튼 없음
좋아요 버튼을 클릭했습니다.
42lines_의 정보 수집 완료
euiclee.books의 정보 수집 중...
euiclee.books의 게시물에 '더 보기' 버튼 없음
좋아요 버튼을 클릭했습니다.
euiclee.books의 정보 수집 완료
ai.gi.book의 정보 수집 중...
ai.gi.book의 게시물에 '더 보기' 버튼 없음
좋아요 버튼을 클릭했습니다.
ai.gi.book의 정보 수집 완료
정보 수집 완료
[{'user_id': 'terrys_reading', 'posts_count': '102', 'post_text': 'Photo by @terrys_reading on October 18, 2024. 책 및 텍스트의 이미지일 수 있음.', 'post_image': 'https://scontent-ssn1-1.cdninstagram.com/v/t51.29350-15/463726558_1258179675637268_1831455943523337785_n.jpg?stp=dst-jpg_e35&efg=eyJ2ZW5jb2RlX3RhZyI6ImltYWdlX3VybGdlbi4xNDQweDE4MDAuc2RyLmYyOTM1MC5kZWZhdWx0X2ltYWdlIn0&_nc_ht=scontent-ssn1-1.cdninstagram.com&_nc_cat=108&_nc_ohc=taN-JQEHRtoQ7kNvgGOhRaf&_nc_gid=b21f31b797a24618bd85f72f815a7c0d&edm=AONqaaQBAAAA&ccb=7-5&ig_cache_key=MzQ4MTYzNzQ4OTQ3MzMyMDE0Mw%3D%3D.3-ccb7-5&oh=00_AYDmpfF-2gTbSoEP6vkpJo6XWIl-PScqO3KURBumkMdJkQ&oe=67183DC9&_nc_sid=4e3341', 'post_datetime': '2024-10-18 23:59:13', 'post_description': '정보를 많이 안다고 투자 수익이 늘어나는 것은 아니다.\n\n인터넷 등장 이후로 정보는 기하급수적으로 증가해왔다. 뉴스, 쇼츠, 영상, 팟캐스트 등 모든 것이 정보이다. 하지만 그 정보들의 댜부분은 쓰레기다. 정말 중요한 능력은 정보를 선별하는 능력이다.\n\n자신의 행동 목적과 의도에 따라서 유용함을 정의하고, 정보들 속에서 그 정보를 건져올려야 한다. 그럼으로써 소음을 걸러내고 유의한 인사이트를 얻을 수 있다.'}, {'user_id': 'rdnmgo', 'posts_count': '110', 'post_text': 'Photo by @rdnmgo on October 18, 2024. 사람 1명, 책, 잡지, 포스터 및 텍스트의 만화일 수 있음.', 'post_image': 'https://scontent-ssn1-1.cdninstagram.com/v/t51.29350-15/462973238_3931167307209395_9167307150035705741_n.jpg?stp=dst-jpg_e15&efg=eyJ2ZW5jb2RlX3RhZyI6ImltYWdlX3VybGdlbi42MTJ4NjEyLnNkci5mMjkzNTAuZGVmYXVsdF9pbWFnZSJ9&_nc_ht=scontent-ssn1-1.cdninstagram.com&_nc_cat=111&_nc_ohc=D43defMI3p0Q7kNvgEAK9JC&_nc_gid=390f3c84d24d4bf8a1f1e510b4efa71c&edm=AONqaaQBAAAA&ccb=7-5&ig_cache_key=MzQ4MTQ3MzQ5NTM0MTAzMTUzMg%3D%3D.3-ccb7-5&oh=00_AYBJy0byZjrcQY_91nXRGm0tTq_0MMixs5LBj7i2A09hog&oe=67184AE8&_nc_sid=4e3341', 'post_datetime': '2024-10-18 18:33:23', 'post_description': '영화 《업》은 사람들을 웃고 울고 뭉클하게 만든 첫 장면으로 유명하다. 영화 오프닝에 젊은 남녀가 사랑에 빠져 결혼하고, 집을 짓고, 일하고, 자녀 계획을 세우는 모습이 나온다. 기대와 불안이 뒤섞인 행복하고 기쁜 순간들을 볼 때 우리 몸에서는 도파민과 엔도르핀이 다량 분비된다. 그러다가 여자가 병원에서 불임 판정을 받는 장면이 나온다. 갑자기 행복의 화학물질이 거대한 벽돌 성벽이 무너지듯 와르르 무너지면서 옥시토신이 분비된다. 자신도 모르게 눈가가 촉촉해지고 목이 메이고 등장인물에게 연민을 느낀다.\n이 장면에서는 아무리 마음이 나쁜 사람이라도 눈물을 닦을 휴지나 뭔가 먹을 게 필요하다. 이 장면을 본 사람들은 자리를 떠나지 않을 것이다. 이제 그 노인에게 무슨 일이 벌어질지 궁금하기 때문이다. 당신도 사람들을 그 자리에 붙잡아두는 스토리로 제품을 홍보하거나 회사의 비전을 알리고 싶지 않은가?\n\n위대한 리더나 연설가는 이러한 긴장과 이완의 기술을 수시로 이용한다. 사람들을 평범한 세상에서 불러내 롤러코스터에 태운 다음 다시 일상으로 돌려보냄으로써 원하는 것을 얻는 방법을 잘 알고 있다.\n\n삶의 절반 이상을 픽사에서 일하면서 가장 좋았던 점을 꼽으라면 위대한 스토리텔러 스티브 잡스와 함께 일한 경험이다. 스티브 잡스는 정보를 전달하거나 픽사의 비전을 이야기할 때면 늘 스토리에 정보나 비전을 잘 연결시켜 전달했다.\n\n2007년 샌프란시스코에 있는 맥월드 엑스포(Macworld Expo)에서 처음으로 아이폰을 선보이던 날, 스티브 잡스는 롤러코스터 스토리텔링 방식을 활용했다. 프레젠테이션 자리에서 그는 이런 말로 운을 뗐다. “오늘은 제가 2년 반 동안 기다린 바로 그날입니다.” 그의 벅찬 감정이 관객에게 전해졌다.\n하지만 잡스는 다시 한번 분위기를 무겁게 만들었다. “스타일러스 펜을 사용하는 모든 스마트폰이 거추장스럽지 않으셨습니까?” 그리고 다시 관객에게 말했다. “하지만 제 스마트폰은 완벽한 터치스크린 방식입니다. 손가락만 움직여서 아이폰에 있는 모든 기능을 조정할 수 있습니다.” 이 순간에 관객의 환호는 극에 달했다. 가슴에 남는 스토리를 전하고 싶다면, 마음을 움직이는 스토리를 전하고 싶다면 관객을 감정의 롤러코스터에 태워야 한다.\n\n우리가 살아가면서 내리는 모든 결정, 예컨대 무슨 신발을 신을지, 누구와 사귈지, 어떤 공연을 관람할지 등은 감정을 토대로 내려진다. 큰 결정이든 작은 결정이든 모든 결정은 우뇌에서 이루어지는데, 이 우뇌에서 바로 감정이 시작된다. 그런 다음 자신이 좋은 선택을 했는지 아닌지 가늠하며 합리화하게 된다. 이 합리화 과정은 좌뇌에서 이루어진다. 그래서 제품이든 해결책이든 아이디어든 본질이 중요하다. 소설가나 영화배우나 기업 CEO나 누구든 가슴에 남고 영향력 있는 스토리를 전달하면 전달자와 청중 사이에 개인적 유대감이 형성된다.\n직원들에게 애플 이야기를 하며 영감을 주었던 스티브 잡스도 그랬듯이, 스토리텔링에는 한 개인 또는 하나의 기업과 유대감을 형성하게 하는 힘이 있다. 당신의 일상이든 비즈니스든 스토리와 결합하는 것은 그 스토리를 듣는 사람들이 무언가 결정을 내리는 데 영감을 주는 최고의 방법이다.\n\n이 책에서 소개한 몇 가지 간단한 과정을 통해 당신이 더 좋은 스토리텔러가 되길 바란다. 프레젠테이션, 마케팅 전략, 글로벌 브랜딩, 영업 기술, 리더십과 관련해 스토리의 힘을 마음껏 활용하길 바란다.'}, {'user_id': '42lines_', 'posts_count': '109', 'post_text': 'Photo by @42lines_ on October 17, 2024. 텍스트의 이미지일 수 있음.', 'post_image': 'https://scontent-ssn1-1.cdninstagram.com/v/t51.29350-15/463617922_1268017911213776_8068563044081866342_n.webp?stp=dst-jpg_e35&efg=eyJ2ZW5jb2RlX3RhZyI6ImltYWdlX3VybGdlbi4xNDQweDE0NDAuc2RyLmYyOTM1MC5kZWZhdWx0X2ltYWdlIn0&_nc_ht=scontent-ssn1-1.cdninstagram.com&_nc_cat=108&_nc_ohc=8c3BV5zYwG0Q7kNvgHLLZR5&_nc_gid=0536d4e484054ee1ad088a2befda1e4c&edm=AONqaaQBAAAA&ccb=7-5&ig_cache_key=MzQ4MTIxNDMwNTYzMzc1MTkzNg%3D%3D.3-ccb7-5&oh=00_AYB5mYE9zd46FksqiOGHhq_H3G9mnp1G-10EA93ow8PWBw&oe=6718500F&_nc_sid=4e3341', 'post_datetime': '2024-10-18 09:58:25', 'post_description': ''}, {'user_id': 'euiclee.books', 'posts_count': '109', 'post_text': 'Photo by 유클리책장 | 📚 매일매일 독서기록 on October 18, 2024. 텍스트의 이미지일 수 있음.', 'post_image': 'https://scontent-ssn1-1.cdninstagram.com/v/t51.29350-15/462794862_1188497945584703_4292203608846436183_n.jpg?stp=dst-jpg_e15&efg=eyJ2ZW5jb2RlX3RhZyI6ImltYWdlX3VybGdlbi4xMDgweDEwODAuc2RyLmYyOTM1MC5kZWZhdWx0X2ltYWdlIn0&_nc_ht=scontent-ssn1-1.cdninstagram.com&_nc_cat=111&_nc_ohc=vh74AvScYpsQ7kNvgHUduwH&_nc_gid=9c405b629bde46539eb91c2420417163&edm=AONqaaQBAAAA&ccb=7-5&ig_cache_key=MzQ4MTYxOTQ3NTI5OTQyNzI5Nw%3D%3D.3-ccb7-5&oh=00_AYD9OxpHw5f4BlypyLn4yHPFc0arNZWtg_otWh1a03oFZg&oe=67184E4C&_nc_sid=4e3341', 'post_datetime': '2024-10-18 23:23:27', 'post_description': '🖋️ 럭키비키 마인드는 고대 로마 시대부터 존재했다.\n\n내 불행은 다른 사람을 지배하고 있는 이성에 달려 있지도 않고, 나를 둘러싸고 있는 환경의 변화에 달려 있지도 않다.\n\n그렇다면 무엇에 달려 있을까. 그것은 나를 구성하는 부분들 중에서 어떤 것들을 악이라고 판단하는 부분이 어떻게 하느냐에 달려 있다. 아무것도 판단하지 말자. 긍정적으로 생각하자.\n\n📗 #명상록 #마르쿠스아우렐리우스 #현대지성\n\n🔖 #독서 #북스타그램 #책 #독서스타그램 #책스타그램 #책리뷰 #책추천 #유클리 #유클리책장 #행운 #럭키비키'}, {'user_id': 'ai.gi.book', 'posts_count': '132', 'post_text': 'Photo by @ai.gi.book on October 18, 2024. 책, 포스터, 잡지 및 텍스트의 일러스트레이션일 수 있음.', 'post_image': 'https://scontent-ssn1-1.cdninstagram.com/v/t51.29350-15/463825564_1751337438604625_3403224904905339194_n.jpg?stp=dst-jpg_e35&efg=eyJ2ZW5jb2RlX3RhZyI6ImltYWdlX3VybGdlbi4xNDQweDE4MDAuc2RyLmYyOTM1MC5kZWZhdWx0X2ltYWdlIn0&_nc_ht=scontent-ssn1-1.cdninstagram.com&_nc_cat=105&_nc_ohc=7KasM9ZljEoQ7kNvgEcpHWm&_nc_gid=3546c42a41b9416bb872668ab3c4c857&edm=AONqaaQBAAAA&ccb=7-5&ig_cache_key=MzQ4MTU3MDIwMjc5NzA0MjU4Mg%3D%3D.3-ccb7-5&oh=00_AYDK-4OmHAUhvXoV4Iceo0XNRz9YR3yHLG9v5YoXwn873A&oe=67183CFE&_nc_sid=4e3341', 'post_datetime': '2024-10-18 21:45:32', 'post_description': '싸울 때 져주는 남자는 많다.\n\n두 번 져주는 남자도 꽤 있다.\n\n하지만 싸울 때마다 연달아\n\n져주는 남자는 흔하지 않다.\n\n \n\n보통 한두 번은 참아도 이러한 다툼이 수차례 일어나고 남자도 예민해진 상황이 겹치면 계속 참는 게 여간 힘든 일이 아니다. 그럼에도 불구하고 한결같이 나에게 져주는 남자들은 사랑하는 사람을 이기려 들려 하지 않는 마음이 저변에 깔려 있다는 뜻이다. 싸울 때마다 먼저 사과해주고 손을 내밀어주고 피식 웃음 짓게 해주는 남자라면 진심으로 당신을 사랑하고 있다고 여겨도 된다.\n\n물론 남자가 늘 항상 져주길 바라는 게 느껴지면 아무리 좋은 사람이라고 해도 한계가 있는 법이다. 그러므로 좋은 남자를 만나려면 나부터 먼저 현명해져야 한다는 사실을 간과해서는 안 된다 - <사랑은 그렇게 하는 것이 아니다>, 김달 - 밀리의 서재\nhttps://www.millie.co.kr/v3/bookDetail/11682882c6604806'}]
CSV 파일에 데이터 저장 중...
CSV 파일에 데이터 저장 완료
성공/실패 평가 중...
성공한 사람: ['terrys_reading', 'rdnmgo', '42lines_', 'euiclee.books', 'ai.gi.book']
실패한 사람: []
요약 이미지 생성 중...
요약 이미지 생성 완료
이미지 업로드 시작...
사진 업로드 중...
새 게시물 버튼 클릭 완료
다음 버튼 클릭 중...
다음 버튼 클릭 완료
다음 버튼 클릭 중...
다음 버튼 클릭 완료
성공/실패 평가 중...
성공한 사람: ['terrys_reading', 'rdnmgo', '42lines_', 'euiclee.books', 'ai.gi.book']
실패한 사람: []
설명 입력 중...
설명 입력 완료
게시물 공유 중...
게시물 공유 완료
사진 업로드 완료
이미지 업로드 완료
드라이버 종료
프로그램 시작
드라이버 설정 중...
드라이버 설정 완료
인스타그램 로그인 시도 중...
로그인 정보 입력 완료
로그인 정보 저장 버튼 클릭 중...
로그인 정보 저장 버튼 클릭 완료
정보 수집 시작...
terrys_reading의 정보 수집 중...
terrys_reading의 게시물에 '더 보기' 버튼 없음
좋아요 버튼을 클릭했습니다.
terrys_reading의 정보 수집 완료
rdnmgo의 정보 수집 중...
rdnmgo의 게시물에 '더 보기' 버튼 없음
좋아요 버튼을 클릭했습니다.
rdnmgo의 정보 수집 완료
42lines_의 정보 수집 중...
42lines_의 게시물에 '더 보기' 버튼 없음
좋아요 버튼을 클릭했습니다.
42lines_의 정보 수집 완료
euiclee.books의 정보 수집 중...
euiclee.books의 게시물에 '더 보기' 버튼 없음
좋아요 버튼을 클릭했습니다.
euiclee.books의 정보 수집 완료
ai.gi.book의 정보 수집 중...
ai.gi.book의 게시물에 '더 보기' 버튼 없음
좋아요 버튼을 클릭했습니다.
ai.gi.book의 정보 수집 완료
정보 수집 완료
[{'user_id': 'terrys_reading', 'posts_count': '103', 'post_text': 'Photo by @terrys_reading on October 19, 2024. 책, 파이 및 텍스트의 이미지일 수 있음.', 'post_image': 'https://scontent-ssn1-1.cdninstagram.com/v/t51.29350-15/463946530_908302417354638_5584349882940079315_n.jpg?stp=dst-jpg_e35&efg=eyJ2ZW5jb2RlX3RhZyI6ImltYWdlX3VybGdlbi4xNDQweDE4MDAuc2RyLmYyOTM1MC5kZWZhdWx0X2ltYWdlIn0&_nc_ht=scontent-ssn1-1.cdninstagram.com&_nc_cat=106&_nc_ohc=jlfO27g2eqUQ7kNvgEfdNBu&_nc_gid=324ccdf3f42d4d04b27ec64df3fa5b2c&edm=AONqaaQBAAAA&ccb=7-5&ig_cache_key=MzQ4MjM2MjI5NTgzMTI3NTI5MQ%3D%3D.3-ccb7-5&oh=00_AYD91oDNX4liaPuTwc8UBGYR5T1GSRclEl4EpgT1i6OaMQ&oe=6719AE0F&_nc_sid=4e3341', 'post_datetime': '2024-10-19 23:59:16', 'post_description': '1. 투자를 판단하는 기준이 무엇인가? 주식이 우월하다는 것의 기준은 무엇인가?\n2. 투자 대상을 어떻게 알게 됐는가?\n3. 인기 종목인가 소외 종목인가?\n4. 주식은 감정 사이클의 어느 정도에 위치해있는가\n5.충분히 분산되었는가?\n6. 어떤 리스크를 지고 있는가?\n7. 어떤 기준으로 리스크를 평가할 것인가\n8. 좋은 기업인가 좋은 주식인가?\n9. 좋은 기업인가 나쁜 기업인가\n\n#북스타그램 #투자 #독서'}, {'user_id': 'rdnmgo', 'posts_count': '111', 'post_text': 'Photo by @rdnmgo on October 18, 2024. 사람 1명, 책, 잡지, 포스터 및 텍스트의 만화일 수 있음.', 'post_image': 'https://scontent-ssn1-1.cdninstagram.com/v/t51.29350-15/463835146_1217131379404892_5823041806591704717_n.jpg?stp=dst-jpg_e15&efg=eyJ2ZW5jb2RlX3RhZyI6ImltYWdlX3VybGdlbi42MTJ4NjEyLnNkci5mMjkzNTAuZGVmYXVsdF9pbWFnZSJ9&_nc_ht=scontent-ssn1-1.cdninstagram.com&_nc_cat=108&_nc_ohc=pP2DE9Srj6IQ7kNvgEQL4UQ&_nc_gid=83f84515e8e54b6490d234440d3f233c&edm=AONqaaQBAAAA&ccb=7-5&ig_cache_key=MzQ4MTk5OTE3MjA1MDA4NjU4MA%3D%3D.3-ccb7-5&oh=00_AYB9o_fctIqX6L3WMLWNueeSBVbCBkQqdcUVhzw8sbXlKA&oe=67198991&_nc_sid=4e3341', 'post_datetime': '2024-10-19 11:57:49', 'post_description': '들어가며 - 핵심정리\n\n■ 우리는 스토리를 갈망한다. 스토리는 우리가 바라고 믿는 바를 보여주기 때문이다. 우리는 스토리텔링으로 욕망과 두려움을 드러낸다. 당신이 가장 좋아하는 소설, 영화, 드라마는 무엇인가?\n\n■ 매력적인 스토리나 사건은 기억에 오래 남는다. 사적으로나 공적으로 가장 기억에 남는 순간은 언제인가?\n\n■ 재미있고 행복하고 조마조마한 스토리로 청중의 도파민과 엔도르핀이 분출시키고 슬프고 우울한 스토리로 옥시토신을 분출시키자. 스토리에 행복과 슬픔의 순간을 모두 담아 청중의 주의를 최대한 집중시키자.\n\n■ 훌륭한 스토리는 단순히 재미만을 위한 것이 아니다. 성공적인 비즈니스와 브랜딩을 위해서도 중요하다. 당신이 가장 좋아하는 브랜드 세 가지를 꼽아보자. 이 브랜드에는 기억에 오래 남고, 강렬한 인상을 남기고, 당신 개인과 관련된 스토리가 있는가? 당신의 회사나 브랜드에는 사람들의 가슴을 뛰게 할 만한 어떤 스토리가 숨어 있는가?'}, {'user_id': '42lines_', 'posts_count': '110', 'post_text': "Photo by @42lines_ on October 18, 2024. 문구: '2월 19일 일요일 가랑비. 숙사 뒤에 하천이 있음. 여기서 점호를 실시함. 천변은 온통 잔디밭으로 날씨만 좋으면 아지랑이도 뜨고, 당분간의 체류를 이곳 잔디에서 낮잠으로 보내려 생각함 i i ana 꽁치가 먹고 싶습니다 오즈야스지로 지음, 박창학 옮김 M'의 이미지일 수 있음.", 'post_image': 'https://scontent-ssn1-1.cdninstagram.com/v/t51.29350-15/463825549_915302317173372_3316216130834221770_n.webp?stp=dst-jpg_e35&efg=eyJ2ZW5jb2RlX3RhZyI6ImltYWdlX3VybGdlbi4xNDQweDE0NDAuc2RyLmYyOTM1MC5kZWZhdWx0X2ltYWdlIn0&_nc_ht=scontent-ssn1-1.cdninstagram.com&_nc_cat=100&_nc_ohc=-LsDKGZDo5oQ7kNvgGy3Ztg&_nc_gid=6cb1c02f81f343c790f99c9f5edbd639&edm=AONqaaQBAAAA&ccb=7-5&ig_cache_key=MzQ4MjAxNTM5OTkyMjAwNDIyMQ%3D%3D.3-ccb7-5&oh=00_AYAINMbBTGQNiuuGbDmkrKN9WFRr1KkUHRAM77sbGBpS2g&oe=6719A7BA&_nc_sid=4e3341', 'post_datetime': '2024-10-19 12:30:03', 'post_description': ''}, {'user_id': 'euiclee.books', 'posts_count': '110', 'post_text': 'Photo by 유클리책장 | 📚 매일매일 독서기록 on October 19, 2024. 텍스트의 이미지일 수 있음.', 'post_image': 'https://scontent-ssn1-1.cdninstagram.com/v/t51.29350-15/463428492_452005784014168_2086152321750853108_n.jpg?stp=dst-jpg_e15&efg=eyJ2ZW5jb2RlX3RhZyI6ImltYWdlX3VybGdlbi4xMDgweDEwODAuc2RyLmYyOTM1MC5kZWZhdWx0X2ltYWdlIn0&_nc_ht=scontent-ssn1-1.cdninstagram.com&_nc_cat=104&_nc_ohc=QP7WWDJi4BYQ7kNvgF5J9fF&_nc_gid=4774de42e3ae46ee913ce4cabdba8b09&edm=AP4sbd4BAAAA&ccb=7-5&ig_cache_key=MzQ4MjMyNDQyNDk4MzE5NTE0Nw%3D%3D.3-ccb7-5&oh=00_AYBLMUqXlbODGIfv8RpIBJw-87lSTZEhyz8_MmnxwH40hA&oe=6719926E&_nc_sid=7a9f4b', 'post_datetime': '2024-10-19 22:44:03', 'post_description': '🖋️ 사람은 다 다르다. 그리고 모두가 특별하다.\n\n사람은 변하지 않는다는 말이 있다. 반은 맞고 반은 틀린 말이다. 남을 변화시킬 수는 없다. 하지만 나는 변할 수 있다.\n\n누군가 변하길 기대하는 것보다는 내가 변하는게 빠르다. 물론 내 탓보다는 남탓하는게 훨씬 쉽겠지만, 탓한다고 변하지 않는다. 그 시간에 나를 돌아보고 내가 더 성장할 수 있도록 노력하자.\n\n📗 #명상록 #마르쿠스아우렐리우스 #현대지성\n\n🔖 #독서 #북스타그램 #책 #독서스타그램 #책스타그램 #책리뷰 #책추천 #유클리 #유클리책장 #본성'}, {'user_id': 'ai.gi.book', 'posts_count': '134', 'post_text': 'Photo by @ai.gi.book on October 19, 2024. 책, 포스터, 잡지 및 텍스트의 일러스트레이션일 수 있음.', 'post_image': 'https://scontent-ssn1-1.cdninstagram.com/v/t51.29350-15/463980649_1091562735950159_8998017937668585141_n.jpg?stp=dst-jpg_e35&efg=eyJ2ZW5jb2RlX3RhZyI6ImltYWdlX3VybGdlbi4xNDQweDE4MDAuc2RyLmYyOTM1MC5kZWZhdWx0X2ltYWdlIn0&_nc_ht=scontent-ssn1-1.cdninstagram.com&_nc_cat=111&_nc_ohc=aZqU43gchowQ7kNvgExtS4o&_nc_gid=2753fbcfb1074ed08a272a705e6a63fc&edm=AONqaaQBAAAA&ccb=7-5&ig_cache_key=MzQ4MjMwNDAwMjU3MzM2Mjk1NA%3D%3D.3-ccb7-5&oh=00_AYBWaSa125JJtSg9vJAcQsW2zoys1W4gUHFjYOnzA4H26w&oe=6719AFA4&_nc_sid=4e3341', 'post_datetime': '2024-10-19 22:03:27', 'post_description': '앞으로 연애를 할 때 권태기가 안 올까?\n\n언젠가는 올 수밖에 없다.\n\n그럴 때 현명하게 대처하는 방법을 모르면\n\n앞으로의 연애도 비슷한 방식으로 흘러갈 것이다.\n\n \n\n내가 좋아한다는 이유 하나로 모든 걸 참고 그 사람을 받아주는 게 오히려 나한테는 더 힘든 길이 될 수 있다. 나도 시간을 갖자는 말을 할 수 있다. 참을 만큼 참았다는 걸 보여주기 위한 게 아니라 스스로 정리할 시간이 필요할 때, 그 느낌이 뭔지 빨리 깨달아야 한다. 연애가 잘 흘러가다가 갑자기 요동친다 싶을 때 그 사람의 심리를 흔들기 위해 이용하는 게 아니라, 진짜 내가 시간이 필요할 것 같아서 상대방한테 요구하는 그 느낌이 뭔지를 알아야 한다. 그래야 권태기가 와도 현명하게 헤쳐나갈 수가 있다. 그걸 모르면 마냥 상대방의 기준에 따라 그에게만 맞춰 연애할 수밖에 없다.\n\n‘시간을 갖자’는 말이 나온다면, 관계를 다시 생각해볼 절호의 기회다. 아무리 상대가 좋더라도 관계 회복에만 급급해하지 말고, 이유가 뭔지 본질을 파악하라. 그 사람과 다시 잘되기 위해서 파악하라는 게 아니라 오로지 본인 스스로 관계의 현 위치를 깨닫고 앞으로 더 나은 연애를 하기 위해서다. - <사랑은 그렇게 하는 것이 아니다>, 김달 - 밀리의 서재\nhttps://www.millie.co.kr/v3/bookDetail/11682882c6604806'}]
CSV 파일에 데이터 저장 중...
CSV 파일에 데이터 저장 완료
성공/실패 평가 중...
성공한 사람: ['terrys_reading', 'rdnmgo', '42lines_', 'euiclee.books', 'ai.gi.book']
실패한 사람: []
요약 이미지 생성 중...
요약 이미지 생성 완료
이미지 업로드 시작...
사진 업로드 중...
새 게시물 버튼 클릭 완료
다음 버튼 클릭 중...
다음 버튼 클릭 완료
다음 버튼 클릭 중...
다음 버튼 클릭 완료
성공/실패 평가 중...
성공한 사람: ['terrys_reading', 'rdnmgo', '42lines_', 'euiclee.books', 'ai.gi.book']
실패한 사람: []
설명 입력 중...
설명 입력 완료
게시물 공유 중...
게시물 공유 완료
사진 업로드 완료
이미지 업로드 완료
드라이버 종료
프로그램 시작
드라이버 설정 중...
드라이버 설정 완료
인스타그램 로그인 시도 중...
로그인 정보 입력 완료
로그인 정보 저장 버튼 클릭 중...
로그인 정보 저장 버튼 클릭 완료
정보 수집 시작...
terrys_reading의 정보 수집 중...
terrys_reading의 게시물에 '더 보기' 버튼 없음
좋아요 버튼을 클릭했습니다.
terrys_reading의 정보 수집 완료
rdnmgo의 정보 수집 중...
rdnmgo의 게시물에 '더 보기' 버튼 없음
좋아요 버튼을 클릭했습니다.
rdnmgo의 정보 수집 완료
42lines_의 정보 수집 중...
42lines_의 게시물에 '더 보기' 버튼 없음
좋아요 버튼을 클릭했습니다.
42lines_의 정보 수집 완료
euiclee.books의 정보 수집 중...
euiclee.books의 게시물에 '더 보기' 버튼 없음
좋아요 버튼을 클릭했습니다.
euiclee.books의 정보 수집 완료
ai.gi.book의 정보 수집 중...
ai.gi.book의 게시물에 '더 보기' 버튼 없음
좋아요 버튼을 클릭했습니다.
ai.gi.book의 정보 수집 완료
정보 수집 완료
[{'user_id': 'terrys_reading', 'posts_count': '104', 'post_text': 'Photo by @terrys_reading on October 20, 2024. 책 및 텍스트의 이미지일 수 있음.', 'post_image': 'https://scontent-ssn1-1.cdninstagram.com/v/t51.29350-15/464072454_515657128021164_895175323041162182_n.jpg?stp=dst-jpg_e35&efg=eyJ2ZW5jb2RlX3RhZyI6ImltYWdlX3VybGdlbi4xNDQweDE4MDAuc2RyLmYyOTM1MC5kZWZhdWx0X2ltYWdlIn0&_nc_ht=scontent-ssn1-1.cdninstagram.com&_nc_cat=100&_nc_ohc=WtznTlYfdEMQ7kNvgGczY8j&_nc_gid=24060e270fe145168c0e47c544c1d6a8&edm=AONqaaQBAAAA&ccb=7-5&ig_cache_key=MzQ4MzA4NjcxMTU0ODY0ODEyNg%3D%3D.3-ccb7-5&oh=00_AYCYeHAL-OlUEdqz0m8FQH0VsVTZ15aq2u2X81Y6PvNPVg&oe=671B0133&_nc_sid=4e3341', 'post_datetime': '2024-10-20 23:58:34', 'post_description': '1. 사실을 단순 열거하지 않는다.\n피상적인 설명, 애매한 설명, 남들이 모두 하는 말은 가치가 없다. 왜 그 말이 사실인지에 대한 명확한 숫자와 근거가 있어야 한다.\n\n2. 독자적 의견을 제시한다.\n시장의 의견과, 시장이 놓친 의견을 통해 왜 자신의 판단이 옳은지를 설명할 수 있어야 한다.\n\n3. 기업에 대한 의견과 투자 의견을 구분한다.\n4. 회사 자료가 아닌 독자적 자료를 통해 판단한다.\n5. 건전한 평가 척도를 사용한다.\n6. 매수에 엄격한 기준을 적용한다.\n7. 타인의 비난에도 굴하지 않는다.'}, {'user_id': 'rdnmgo', 'posts_count': '112', 'post_text': 'Photo by @rdnmgo on October 20, 2024. 사람 1명, 책, 잡지, 포스터 및 텍스트의 만화일 수 있음.', 'post_image': 'https://scontent-ssn1-1.cdninstagram.com/v/t51.29350-15/463898030_1931884227239259_7866963646150730616_n.jpg?stp=dst-jpg_e15&efg=eyJ2ZW5jb2RlX3RhZyI6ImltYWdlX3VybGdlbi42MTJ4NjEyLnNkci5mMjkzNTAuZGVmYXVsdF9pbWFnZSJ9&_nc_ht=scontent-ssn1-1.cdninstagram.com&_nc_cat=103&_nc_ohc=6JFEuq6UwOAQ7kNvgENlRlD&_nc_gid=4bf936ffe04946e19aaf441b7cb96e99&edm=AP4sbd4BAAAA&ccb=7-5&ig_cache_key=MzQ4Mjg2MjA0NTU4NDI5MjAwOQ%3D%3D.3-ccb7-5&oh=00_AYC0s-PmoG6PRuSfhWBql29gBwdsPqh2rB2EieLM_r9gDQ&oe=671AD782&_nc_sid=7a9f4b', 'post_datetime': '2024-10-20 16:32:11', 'post_description': '## <픽사 스토리텔링> 2장 변화\n\n변화는 고객의 가슴을 설레게 한다\n\n> 우리의 내면 어딘가에는\n> 세상을 바꿀 힘이 있다.\n> - 로알드 달 -\n\n훌륭한 후크가 고객의 눈을 사로잡는다면, 변화의 약속은 가슴을 설레게 하고 계속 귀를 기울이게 만든다. 후크에 관심을 갖게 된 사람들은 이제 그 스토리가 자신을 어떻게 변화시킬지 궁금해한다. 건강? 부자? 행복? 영감? 당신은 사람들에게 어떤 변화를 일으킬 것인가?\n\n우리는 변화의 가능성이 보이면 마음이 끌린다. 새로운 아이디어나 방식을 적용하는 사람들을 보면 그들이 어떻게, 왜 그것을 알아냈는지 궁금하다.\n\n잠재 고객의 마음을 사든 직원들에게 용기를 불어넣든, 중요한 점은 설득을 통해 상대의 변화를 이끌어내야 한다는 사실이다. 갑작스러운 변화에 저항감을 느끼는 사람도 있을 것이다. 하지만 가슴 설레는 변화를 제안한다면 어느새 저항감은 눈 녹듯 스르르 사라진다.\n\n은행조차 월트에게 디즈니랜드 설립 자금을 대출해주지 않았다. 결국 월트 디즈니는 자신의 생명보험과 주택을 담보로 자금을 조달해야 했다. 은행, 투자가, 언론 모두 그의 아이디어가 엉뚱하고 낯설다며 회의적이었다.\n\n월트는 회의론을 뒤집고 사람들을 디즈니랜드에 열광하게 만들려고 여러모로 시도했는데, 그중 하나가 TV쇼인 《디즈니의 놀라운 세계(The Wonderful World of Disney)》였다.\n디즈니랜드의 이상향을 제시하기 위해 이런 스토리와 함께 콘셉화된 그림도 보여주었다. 다양한 스토리와 시각적 요소들은 마법처럼 빛을 발했고 사람들은 당장 디즈니랜드로 달려가고 싶어졌다!\n\n변화를 강요하는 외부 자극이나 충격적인 사건을 겪지 않고 새로운 것을 시도하는 사람은 15%도 안 된다. 그 외 대다수는 변화를 달가워하지 않는다. 자신에게 유익한 변화라 할지라도 말이다. 이것은 사람들이 변화의 순간 품는 저항감을 최소화해야 하는 이유이기도 하다.\n아침에 일어나서 “오늘부터 담배를 끊어야겠어”라든지 “오늘은 아이들과 더 많은 시간을 보내야지”라고 다짐하는 사람은 드물다. 사람들은 큰일이 벌어지기 전까지, 가령 심장병에 걸린다거나 아이들이 다 자라 집을 떠나기 전까지는 변화를 미루고 또 미룬다.'}, {'user_id': '42lines_', 'posts_count': '111', 'post_text': "Photo by @42lines_ on October 19, 2024. 책, 포스터, 야외 및 문구: '꽃 맞장탕 오스 ส 當伴 야스지로 오시아스지로 今 치 가 면 치 1 먹 삼구는 다 싶 合 니 영화 영화감독 오즈아스저로의 영화감독오즈아스저로와 오 스저토외 오즈 차항 산문과 (도교이야기)감독용각본 <도코이야기> 감독용 각본 이음리도'의 이미지일 수 있음.", 'post_image': 'https://scontent-ssn1-1.cdninstagram.com/v/t51.29350-15/464022498_843259531356784_5333101492350891936_n.jpg?stp=dst-jpg_e35&efg=eyJ2ZW5jb2RlX3RhZyI6ImltYWdlX3VybGdlbi4xMDgweDEwODAuc2RyLmYyOTM1MC5kZWZhdWx0X2ltYWdlIn0&_nc_ht=scontent-ssn1-1.cdninstagram.com&_nc_cat=104&_nc_ohc=l-CMLEXyAQkQ7kNvgGjugY5&_nc_gid=5e6bf326b2a1408d9145d7e63af5c783&edm=AONqaaQBAAAA&ccb=7-5&ig_cache_key=MzQ4Mjc5OTk2MzY3NTgzNTYwOQ%3D%3D.3-ccb7-5&oh=00_AYCjs9FhNEvx9CexT2LlxdLoUvCzvSVi_PlCcNxC7NMOCw&oe=671B0650&_nc_sid=4e3341', 'post_datetime': '2024-10-20 14:28:51', 'post_description': '영화에 오버랩이라는 기술상의 편법이 있다. 시간 생략의 가장 간단한 방법으로 나는 좋아하지 않고 사용한 적도 거의 없다. 하지만 눕든지 일어나든지 요즘 이 오버랩을 바람직한 것으로 머릿속에 그린다. 비 오는 다카나와高輪의 2층에서 내가 잔다. 내가 일어난다. 드럼통 욕조에 들어간다. 이즈의 온천에 몸을 담그고 있다. 하지만 이것은 기대할 수 없는 시간적 생략으로, 이런 것을 ‘위대한 환상grand illusion’이라 하는지도 모른다.\n\n<꽁치가 먹고 싶습니다>, 오즈야스지로 지음'}, {'user_id': 'euiclee.books', 'posts_count': '111', 'post_text': 'Photo by 유클리책장 | 📚 매일매일 독서기록 on October 20, 2024. 텍스트의 이미지일 수 있음.', 'post_image': 'https://scontent-ssn1-1.cdninstagram.com/v/t51.29350-15/464088697_917433633576051_75157239261172984_n.jpg?stp=dst-jpg_e15&efg=eyJ2ZW5jb2RlX3RhZyI6ImltYWdlX3VybGdlbi4xMDgweDEwODAuc2RyLmYyOTM1MC5kZWZhdWx0X2ltYWdlIn0&_nc_ht=scontent-ssn1-1.cdninstagram.com&_nc_cat=103&_nc_ohc=KkoDtBMRSa8Q7kNvgHRzNqn&_nc_gid=628a1bf415df475581629e10b58b5d61&edm=AONqaaQBAAAA&ccb=7-5&ig_cache_key=MzQ4MzA3Mjk3NTkwMDEzMTA0OQ%3D%3D.3-ccb7-5&oh=00_AYDPGuahDDbMWkqv-lgsBDM-s6tZJv7LbNrNnW3_W3a29w&oe=671AE3EC&_nc_sid=4e3341', 'post_datetime': '2024-10-20 23:31:18', 'post_description': '🖋️ 이 단순한 문장이 얼마나 중요한지는 이미 오래전부터 검증되어왔던 것 같다.\n\n극단적으로 개방된 사고를 가지자. 그렇게 하려면 다른 사람이 하는 말을 듣고 그 사람의 입장이 되어 보는 것은 필수 인 듯 하다.\n\n도대체 왜 그러한 사고를 가져야 하는지 물어본다면, 모두가 다 동의하겠지만 내가 가진 지식만 가지고는 우물 안 개구리가 되기 쉽기 때문이다.\n\n하지만 사람은 본디, 본인 이야기 하는 것을 좋아하고 정말 그 사람의 입장이 되어 생각해보는 것은 여간 어려운 일이 아니다.\n\n어려워도 연습하자. 그래야 내가 계속 발전하고 성장할 수 있다.\n\n📗 #명상록 #마르쿠스아우렐리우스 #현대지성\n\n🔖 #독서 #북스타그램 #책 #독서스타그램 #책스타그램 #책리뷰 #책추천 #유클리 #유클리책장 #역지사지'}, {'user_id': 'ai.gi.book', 'posts_count': '137', 'post_text': 'Photo by @ai.gi.book on October 20, 2024. 책, 포스터, 잡지 및 텍스트의 일러스트레이션일 수 있음.', 'post_image': 'https://scontent-ssn1-1.cdninstagram.com/v/t51.29350-15/464020987_1574087939854165_304567249054414947_n.jpg?stp=dst-jpg_e35&efg=eyJ2ZW5jb2RlX3RhZyI6ImltYWdlX3VybGdlbi4xNDQweDE4MDAuc2RyLmYyOTM1MC5kZWZhdWx0X2ltYWdlIn0&_nc_ht=scontent-ssn1-1.cdninstagram.com&_nc_cat=101&_nc_ohc=eANyvL14MO8Q7kNvgHAL9g7&_nc_gid=8c1a81f81dd2493b9e479c980c715268&edm=AONqaaQBAAAA&ccb=7-5&ig_cache_key=MzQ4MzA4MTE4MDIyNzUyNDcyNA%3D%3D.3-ccb7-5&oh=00_AYA5Cy57DP9_yykRaIC3wHqC43O4EMnCj5WoDYUqpcheMQ&oe=671AE390&_nc_sid=4e3341', 'post_datetime': '2024-10-20 23:47:34', 'post_description': '아이러니하게 들리겠지만,\n\n내가 정말 사랑하는 사람일수록\n\n그 사람한테 쓰는 돈이 아깝게 느껴져야 한다.\n\n오늘만 사귈 거 아니지 않은가?\n\n점점 초라해지는 모습을 보이고 싶지 않다면\n\n자신에게 더 투자하라. 더욱 더 멋있어져라.\n\n \n\n연인한테 쓰는 돈이 하나도 아깝지 않다는 생각은 내가 능력이 되거나 둘 다 경제적으로 안정적일 때 할 수 있는 생각이다. 그런 상태에 다다르기 전까지는 그 사람한테 쓰는 돈조차도 아깝게 생각해야 한다. 그래야 경제적으로 자리 잡을 수 있을 테고 그 사람과도 평생을 함께할 수 있을 것 아닌가. 앞일은 생각하지 않고 당장 간이고 쓸개고 다 빼주는데 어떻게 그 사람과 긴 미래를 꿈꿀 수 있겠는가! - <사랑은 그렇게 하는 것이 아니다>, 김달 - 밀리의 서재\nhttps://www.millie.co.kr/v3/bookDetail/11682882c6604806'}]
CSV 파일에 데이터 저장 중...
CSV 파일에 데이터 저장 완료
성공/실패 평가 중...
성공한 사람: ['terrys_reading', 'rdnmgo', '42lines_', 'euiclee.books', 'ai.gi.book']
실패한 사람: []
요약 이미지 생성 중...
요약 이미지 생성 완료
이미지 업로드 시작...
사진 업로드 중...
새 게시물 버튼 클릭 완료
다음 버튼 클릭 중...
다음 버튼 클릭 완료
다음 버튼 클릭 중...
다음 버튼 클릭 완료
성공/실패 평가 중...
성공한 사람: ['terrys_reading', 'rdnmgo', '42lines_', 'euiclee.books', 'ai.gi.book']
실패한 사람: []
설명 입력 중...
설명 입력 완료
게시물 공유 중...
게시물 공유 완료
사진 업로드 완료
이미지 업로드 완료
드라이버 종료
프로그램 시작
드라이버 설정 중...
드라이버 설정 완료
인스타그램 로그인 시도 중...
로그인 정보 입력 완료
로그인 정보 저장 버튼 클릭 중...
로그인 정보 저장 버튼 클릭 완료
정보 수집 시작...
terrys_reading의 정보 수집 중...
terrys_reading의 게시물에 '더 보기' 버튼 없음
좋아요 버튼을 클릭했습니다.
terrys_reading의 정보 수집 완료
rdnmgo의 정보 수집 중...
rdnmgo의 게시물에 '더 보기' 버튼 없음
좋아요 버튼을 클릭했습니다.
rdnmgo의 정보 수집 완료
42lines_의 정보 수집 중...
42lines_의 게시물에 '더 보기' 버튼 없음
좋아요 버튼을 클릭했습니다.
42lines_의 정보 수집 완료
euiclee.books의 정보 수집 중...
euiclee.books의 게시물에 '더 보기' 버튼 없음
좋아요 버튼을 클릭했습니다.
euiclee.books의 정보 수집 완료
ai.gi.book의 정보 수집 중...
ai.gi.book의 게시물에 '더 보기' 버튼 없음
좋아요 버튼을 클릭했습니다.
ai.gi.book의 정보 수집 완료
정보 수집 완료
[{'user_id': 'terrys_reading', 'posts_count': '105', 'post_text': 'Photo by @terrys_reading on October 21, 2024. 잡지, 책 및 텍스트의 이미지일 수 있음.', 'post_image': 'https://scontent-ssn1-1.cdninstagram.com/v/t51.29350-15/464130305_929499952566765_6464000607063986523_n.jpg?stp=dst-jpg_e35&efg=eyJ2ZW5jb2RlX3RhZyI6ImltYWdlX3VybGdlbi4xNDQweDE4MDAuc2RyLmYyOTM1MC5kZWZhdWx0X2ltYWdlIn0&_nc_ht=scontent-ssn1-1.cdninstagram.com&_nc_cat=109&_nc_ohc=Vr4Z8_0FPZ8Q7kNvgF15i_H&_nc_gid=5c8f855f203148a094600d76546f5ce7&edm=AONqaaQBAAAA&ccb=7-5&ig_cache_key=MzQ4MzgxMTgyOTIxNjMwMDc1MA%3D%3D.3-ccb7-5&oh=00_AYAmFgPCY9nrxqs-GB0JTuhLVSoNq_CQAyO6263hq0Rerw&oe=671C25F9&_nc_sid=4e3341', 'post_datetime': '2024-10-21 23:59:14', 'post_description': '1. 승리할 수 있는 시스템 설계를 배우고자 한다.\n\n저자는 하드 모드가 아닌 쉬운 모드로 인생을 살 수 있다고 한다. 예를 들어 시험을 공부하는 학생이 왜 시험이 다가오면 초조해지고 조급해질까? 왜 그들은 시험이 너무 어렵다고 느껴질까?\n\n그들 스스로가 그 길을 선택했기 때문이다. 의식하지 않고, 자연스럽게 본능에 따랐기 때문이다. 그들은 자신이 하는 게임을 인지하지 못했으며, 그 게임의 승리를 쉽게 만드는 요소들을 놓쳤다. 삶도 유사하다.'}, {'user_id': 'rdnmgo', 'posts_count': '113', 'post_text': 'Photo by @rdnmgo on October 21, 2024. 사람 1명, 책, 잡지, 포스터 및 텍스트의 만화일 수 있음.', 'post_image': 'https://scontent-ssn1-1.cdninstagram.com/v/t51.29350-15/464085108_885270490248857_1549670737292047247_n.jpg?stp=dst-jpg_e15&efg=eyJ2ZW5jb2RlX3RhZyI6ImltYWdlX3VybGdlbi42MTJ4NjEyLnNkci5mMjkzNTAuZGVmYXVsdF9pbWFnZSJ9&_nc_ht=scontent-ssn1-1.cdninstagram.com&_nc_cat=105&_nc_ohc=ut_bV8_BbeAQ7kNvgFiBr85&_nc_gid=2e6dc197552640f38c7eb9cb83d32162&edm=AP4sbd4BAAAA&ccb=7-5&ig_cache_key=MzQ4MzY1NTY3NDk0Mjk0NjQ3Mg%3D%3D.3-ccb7-5&oh=00_AYCa1MuMLnxL3F-SU3AI7rcjGhnLWgDGljSBHlJXFeECYw&oe=671C4E83&_nc_sid=7a9f4b', 'post_datetime': '2024-10-21 18:48:59', 'post_description': '그렇다면 어떻게 사람들을 변화시킬 수 있을까?\n\n스토리를 들려주면 된다.\n\n스토리텔링은 사람의 마음과 행동과 철학을 바꾸는 가장 효과적인 방법이다. 왜 그럴까? 사람들은 다른 사람의 행동을 보고 난 다음에 결심을 굳히기 때문이다. 실제 인물이든 허구 인물이든 특정 캐릭터가 신뢰할 만한 변화를 보일 때 관객도 변화한다. 이 과정을 ‘뉴럴 커플링(neural coupling, 신경 결합)’이라고 한다. 뉴럴 커플링은 화자와 청자의 뇌 활동이 거울처럼 똑같이 일어나는 현상을 말한다. 청자는 화자의 여정이나 스토리 속 캐릭터 변화에 영향을 받는다.\n\n신화, 전설, 동화, 우화, 영화, TV 프로그램, 노래 가사 심지어 냉온수기에 관한 가벼운 대화도 모두 스토리의 형식을 띠고 있다. 이 모든 형식에는 한 가지 공통점이 있다. 스토리 안에 담겨 있는 교훈이 관객의 사고방식을 바꾼다는 것이다. 캐릭터의 변화를 활용하는 것은 관객의 변화를 이끌어내는 최상의 방법이다.\n\n몇 년 전, 어느 금융기관에서 스토리텔링 강연을 한 적이 있다. 강연을 마친 후 눈가가 촉촉하게 젖은 한 남성이 나에게 말을 건네왔다. 남성은 나지막한 말투로 아내와 함께 아이를 갖기 위해 보낸 힘겨운 시간들을 이야기해주었다. 부부는 정신적으로나 육체적으로 지칠 대로 지쳐 있었고 희망의 빛도 바래기 시작했다고 한다. 어느 날 밤에는 심하게 다투는 바람에 이혼 직전까지 가기도 했다. 상황이 걷잡을 수 없이 악화되자 부부는 잠시 다툼을 멈추고 함께 영화를 봤다. 그 영화가 바로 《업》이었다. 12분간의 영화 첫 장면을 보면서 부부는 주인공 부부에게 감정이 이입되어 눈물을 쏟았다. 그 장면에는 사랑에 빠진 젊은 연인이 결혼하고, 가끔씩 다투고, 아이를 갖지 못해 힘들어하는 과정이 담겨 있다. 하지만 영화 속 부부는 서로를 포기하지 않았다. 부부는 아기를 갖지 못하는 대신 다른 곳에 열정을 쏟기로 하고 남아메리카 여행을 계획했다. 영화가 끝나갈 무렵 그 남성과 아내는 서로를 끌어안으며 아기를 갖기 위한 모든 노력과 시도를 중단하고 부부를 위한 삶에 열정을 쏟기로 했다. 그렇게 몇 년이 흐른 뒤, 두 사람에게 뜻밖에도 아기가 찾아왔다. 또다시 몇 년 후 부부는 두 아이의 부모가 되었다. 남성은 나에게 그런 영화를 만들어주어 고맙다고 인사했다.'}, {'user_id': '42lines_', 'posts_count': '112', 'post_text': 'Photo by @42lines_ on October 20, 2024. 텍스트의 이미지일 수 있음.', 'post_image': 'https://scontent-ssn1-1.cdninstagram.com/v/t51.29350-15/464062842_1097515665211571_2553023833393140780_n.webp?stp=dst-jpg_e35&efg=eyJ2ZW5jb2RlX3RhZyI6ImltYWdlX3VybGdlbi4xNDQweDE0NDAuc2RyLmYyOTM1MC5kZWZhdWx0X2ltYWdlIn0&_nc_ht=scontent-ssn1-1.cdninstagram.com&_nc_cat=111&_nc_ohc=3R94KFy7A7gQ7kNvgG7aZ6M&_nc_gid=51af6e25a1e04711b3a0e16ce7195770&edm=AP4sbd4BAAAA&ccb=7-5&ig_cache_key=MzQ4MzQ5MTE0MzI2OTQzMTUwMw%3D%3D.3-ccb7-5&oh=00_AYCpChqbPtYqx0Ue7y0L3wcxLLvn3MKuslsAt698QAzvdA&oe=671C3D77&_nc_sid=7a9f4b', 'post_datetime': '2024-10-21 13:22:06', 'post_description': ''}, {'user_id': 'euiclee.books', 'posts_count': '112', 'post_text': 'Photo by 유클리책장 | 📚 매일매일 독서기록 on October 21, 2024. 텍스트의 이미지일 수 있음.', 'post_image': 'https://scontent-ssn1-1.cdninstagram.com/v/t51.29350-15/464185097_537008355598737_8865027549476028510_n.jpg?stp=dst-jpg_e15&efg=eyJ2ZW5jb2RlX3RhZyI6ImltYWdlX3VybGdlbi4xMDgweDEwODAuc2RyLmYyOTM1MC5kZWZhdWx0X2ltYWdlIn0&_nc_ht=scontent-ssn1-1.cdninstagram.com&_nc_cat=109&_nc_ohc=j_C_nGz55Y4Q7kNvgF49Hfu&_nc_gid=840db69efaba4d228055ab52992349cc&edm=AP4sbd4BAAAA&ccb=7-5&ig_cache_key=MzQ4Mzc5Nzk3NzU5NTIxNTM2Ng%3D%3D.3-ccb7-5&oh=00_AYB034DLcwSuBewdT6X6-H6NS6d7RDha6urAyzNSnznqZg&oe=671C247B&_nc_sid=7a9f4b', 'post_datetime': '2024-10-21 23:31:44', 'post_description': '🖋️ 사람은 감정적 이기 때문에 화가 나는 순간이 존재할 수 밖에 없다.\n\n물론 화를 내야 하는 순간에는 화를 낼 필요성도 분명히 존재하지만, 대부분은 감정에 휩싸여서 일을 그르치는 경우가 있을 것이다.\n\n돌아보면 굳이 화를 낼 필요가 없었던 순간들은 거의 감정에 휩싸인 경우가 허다했다. 순간의 감정을 제어하기란 정말 어렵지만, 화가 난 순간 만큼은 내가 왜 화가 났는지, 화를 내야 하는 상황인 건지, 아님 오히려 화를 내기보다는 다른 방식으로 풀 수 있는 문제인지, 굳이 화를 내야 하는지 되물어볼 수 있어야 한다고 생각한다.\n\n📗 #명상록 #마르쿠스아우렐리우스 #현대지성\n\n🔖 #독서 #북스타그램 #책 #독서스타그램 #책스타그램 #책리뷰 #책추천 #유클리 #유클리책장 #화'}, {'user_id': 'ai.gi.book', 'posts_count': '139', 'post_text': 'Photo by @ai.gi.book on October 21, 2024. 책, 포스터, 잡지 및 텍스트의 일러스트레이션일 수 있음.', 'post_image': 'https://scontent-ssn1-1.cdninstagram.com/v/t51.29350-15/464213803_531426079812055_8314819794721267206_n.jpg?stp=dst-jpg_e35&efg=eyJ2ZW5jb2RlX3RhZyI6ImltYWdlX3VybGdlbi4xNDQweDE4MDAuc2RyLmYyOTM1MC5kZWZhdWx0X2ltYWdlIn0&_nc_ht=scontent-ssn1-1.cdninstagram.com&_nc_cat=107&_nc_ohc=G6kr3UlikXgQ7kNvgH6Qe50&_nc_gid=adf9e2d2c65a495696243591064c9433&edm=AONqaaQBAAAA&ccb=7-5&ig_cache_key=MzQ4Mzc2MjE0ODY1OTU2NDU5Mw%3D%3D.3-ccb7-5&oh=00_AYAwDFRPbUaCYNwcXZdFoYsRlXlGqAQvaIPCbP2FQRbYzw&oe=671C4566&_nc_sid=4e3341', 'post_datetime': '2024-10-21 22:20:32', 'post_description': '얼굴만 보고 연애하지 마라.\n\n그럴 수밖에 없다면 최소한 들키지 마라.\n\n상대방에게 노력하지 않아도 된다고\n\n허락하는 꼴이다.\n\n \n\n시간이 지나고 외모가 변했을 때도 그 사람이 예뻐 보일 수 있는 다른 무언가를 찾아라. 싸우는 순간에도 그의 얼굴 때문에 마음이 약해지면 안 된다. 화를 내도 상대의 얼굴 때문에 예뻐 보이면 위험한 것이다. 싸웠다면 그때는 미워 보이는 게 정상이다. 그렇지 않다면 이 관계는 건강하지 않다. 당신은 결국 상처투성이가 될 것이다. - <사랑은 그렇게 하는 것이 아니다>, 김달 - 밀리의 서재\nhttps://www.millie.co.kr/v3/bookDetail/11682882c6604806'}]
CSV 파일에 데이터 저장 중...
CSV 파일에 데이터 저장 완료
성공/실패 평가 중...
성공한 사람: ['terrys_reading', 'rdnmgo', '42lines_', 'euiclee.books', 'ai.gi.book']
실패한 사람: []
요약 이미지 생성 중...
요약 이미지 생성 완료
이미지 업로드 시작...
사진 업로드 중...
새 게시물 버튼 클릭 완료
다음 버튼 클릭 중...
다음 버튼 클릭 완료
다음 버튼 클릭 중...
다음 버튼 클릭 완료
성공/실패 평가 중...
성공한 사람: ['terrys_reading', 'rdnmgo', '42lines_', 'euiclee.books', 'ai.gi.book']
실패한 사람: []
설명 입력 중...
설명 입력 완료
게시물 공유 중...
게시물 공유 완료
사진 업로드 완료
이미지 업로드 완료
드라이버 종료
프로그램 시작
드라이버 설정 중...
드라이버 설정 완료
인스타그램 로그인 시도 중...
로그인 정보 입력 완료
로그인 정보 저장 버튼 클릭 중...
로그인 정보 저장 버튼 클릭 완료
정보 수집 시작...
terrys_reading의 정보 수집 중...
terrys_reading의 게시물에 '더 보기' 버튼 없음
좋아요 버튼을 클릭했습니다.
terrys_reading의 정보 수집 완료
rdnmgo의 정보 수집 중...
rdnmgo의 게시물에 '더 보기' 버튼 없음
좋아요 버튼을 클릭했습니다.
rdnmgo의 정보 수집 완료
42lines_의 정보 수집 중...
42lines_의 게시물에 '더 보기' 버튼 없음
좋아요 버튼을 클릭했습니다.
42lines_의 정보 수집 완료
euiclee.books의 정보 수집 중...
euiclee.books의 게시물에 '더 보기' 버튼 없음
좋아요 버튼을 클릭했습니다.
euiclee.books의 정보 수집 완료
ai.gi.book의 정보 수집 중...
ai.gi.book의 게시물에 '더 보기' 버튼 없음
좋아요 버튼을 클릭했습니다.
ai.gi.book의 정보 수집 완료
정보 수집 완료
[{'user_id': 'terrys_reading', 'posts_count': '106', 'post_text': 'Photo by @terrys_reading on October 22, 2024. 책 및 텍스트의 이미지일 수 있음.', 'post_image': 'https://scontent-ssn1-1.cdninstagram.com/v/t51.29350-15/464041543_575169161708560_5978604366273985281_n.jpg?stp=dst-jpg_e35&efg=eyJ2ZW5jb2RlX3RhZyI6ImltYWdlX3VybGdlbi4xNDQweDE4MDAuc2RyLmYyOTM1MC5kZWZhdWx0X2ltYWdlIn0&_nc_ht=scontent-ssn1-1.cdninstagram.com&_nc_cat=104&_nc_ohc=oFs6pls28DYQ7kNvgGl362o&_nc_gid=691236fb140a410d86716770aa2ec367&edm=AONqaaQBAAAA&ccb=7-5&ig_cache_key=MzQ4NDUzNjQ2MTI5MjUzMjUzOQ%3D%3D.3-ccb7-5&oh=00_AYCySpBTBCEMy9TcksAPm1nES_XoF6AA3JEksa3BgGmv_g&oe=671DA394&_nc_sid=4e3341', 'post_datetime': '2024-10-22 23:58:57', 'post_description': '결정은 크게 네 가지 단계로 이루어진다.\n1. 문제를 식별한다\n2. 가능성을 탐색한다\n3. 대안을 평가한다\n4. 결정을 내리고 행동한다\n\n문제를 인식하는 게 가장 어렵고, 가장 중요한 일이다.\n또한 대안을 탐색할 때 있어 전문가 다른 사람들과 함께하는 것이 중요하다. 아이디어는 다양하다.'}, {'user_id': 'rdnmgo', 'posts_count': '114', 'post_text': 'Photo by @rdnmgo on October 21, 2024. 사람 1명, 책, 잡지, 포스터 및 텍스트의 만화일 수 있음.', 'post_image': 'https://scontent-ssn1-1.cdninstagram.com/v/t51.29350-15/464281383_1262050391788079_5556807837708651804_n.jpg?stp=dst-jpg_e15&efg=eyJ2ZW5jb2RlX3RhZyI6ImltYWdlX3VybGdlbi42MTJ4NjEyLnNkci5mMjkzNTAuZGVmYXVsdF9pbWFnZSJ9&_nc_ht=scontent-ssn1-1.cdninstagram.com&_nc_cat=111&_nc_ohc=hCc6BhEgaOQQ7kNvgFNvxfc&_nc_gid=16e98a115e8c46b596b97d0f4ab8730e&edm=AONqaaQBAAAA&ccb=7-5&ig_cache_key=MzQ4NDE5OTk1NjMwMDgxNjMzNw%3D%3D.3-ccb7-5&oh=00_AYDCdGbJUbViY4Zyl0oxDj9uE2UfZcF1IkfzGGG45W0TyQ&oe=671D865D&_nc_sid=4e3341', 'post_datetime': '2024-10-22 12:50:23', 'post_description': '잘 만든 스토리는 강력한 공감대를 형성한다. 공감이란 정확히 무엇인가? 공감은 타인의 입장, 타인의 관점에서 생각하고 바라보았을 때 생기는 유대감이다.\n\n어떤 목표에 도달하기 위해 악전고투하는 스토리를 제대로 전달할 때 청중은 당신을 응원한다. 그리고 자기 자신에게도 그 응원을 투사해 도달하기 어려운 목표에 다가갈 용기를 얻는다. 변화의 경험이나 성공담은 듣는 사람의 마음을 움직여 변화하고 행동하게 만든다. 회사에서는 직원들이 새로운 일에 도전하게 하고, 고객과 소통하는 방식을 개선하게 하며, 더 자신감 넘치는 리더가 되게 한다. 청중이 스토리 속 캐릭터의 경험과 감정에 깊이 몰입할수록 변화의 원동력도 강해진다.\n\n할아버지는 사람들을 가게로 끌어들였다면 거기에 머물러야 하는 좋은 이유도 제공해야 한다는 사실을 잘 알고 있었다. 낯선 환경 앞에서 머뭇거리는 사람들을 위해 가게 곳곳에서 남녀노소 누구나 테스트용 장난감을 마음껏 가지고 놀게 했다. 심지어 가게 지하에는 거대한 장난감 자동차 경주 트랙도 설치했다.\n제프리스 토이즈에서 새로운 변화를 경험한 손님들은 긍정적인 추억을 가득 안고 집으로 돌아갔다. 월트 디즈니가 “기왕 하려면 아주 잘해야 한다. 다시 오고 싶을 만큼, 친구들도 데리고 오고 싶을 만큼”이라고 했던 것처럼 말이다.\n\n당신에게도 스토리로 사람들을 변화시킬 힘이 있다. 짧은 스토리도 좋고 긴 스토리도 좋다. 지어낸 스토리든 실제 스토리든 상관없다. 스토리에는 핵심만 반드시 들어가면 된다. 그 핵심이 사람들에게 변화의 의지를 북돋는 것이다.\n\n쪽지에는 만약 새 수건을 요구하면 별도의 비용이 청구된다고 나와 있다. 이 쪽지는 별 효과가 없어 보인다. 그런데 조금 다른 접근 방식을 이용하는 일부 호텔에서는 고객들의 반응이 좋다. 쪽지에는 이 방에 투숙하는 고객의 50%가 수건을 재사용한다고 적혀 있다. 결과는 어떨까? 호텔의 수건 재사용률이 75%로 껑충 뛰어올랐다. 사람들은 대부분 자신이 속한 공동체의 흐름을 따라가기 마련이다.\n\n우리는 어떤 결정을 내릴 때 일시적 유행, 가까운 친척, 경쟁자 등 타인의 행동을 의식한다.\n\n스토리 속 영웅이 반드시 인간이어야만 공감대를 형성하는 것은 아니다. 우리는 어떤 영웅에게든 반응한다. 장난감, 자동차, 로봇, 생쥐 등 변화를 앞둔 모든 캐릭터에 공감한다. 유대감을 형성할 만한 인간적 속성만 있으면 된다.'}, {'user_id': '42lines_', 'posts_count': '113', 'post_text': "Photo by @42lines_ on October 21, 2024. 문구: '나의 결벽도 뜻밖에 맥없이 무너졌다. 어느 정도 자부하고 있는 나의 예술상의 결벽도 언젠가 뜻밖에 간단하게 무너질지 모른다. Fi 꽁치가 먹고 싶습니다 오즈야스지로 지음, 박창학 옮김 Μ'의 이미지일 수 있음.", 'post_image': 'https://scontent-ssn1-1.cdninstagram.com/v/t51.29350-15/464230006_1026714555919904_7286877674410651348_n.webp?stp=dst-jpg_e35&efg=eyJ2ZW5jb2RlX3RhZyI6ImltYWdlX3VybGdlbi4xNDQweDE0NDAuc2RyLmYyOTM1MC5kZWZhdWx0X2ltYWdlIn0&_nc_ht=scontent-ssn1-1.cdninstagram.com&_nc_cat=108&_nc_ohc=l3L_voMSi-EQ7kNvgFHn4pX&_nc_gid=b3ec7ce020eb473eaf13633348308cf9&edm=AONqaaQBAAAA&ccb=7-5&ig_cache_key=MzQ4NDIwNDg1Mjk4MjkyNDI5NQ%3D%3D.3-ccb7-5&oh=00_AYAPfWxtNLu2I2GEPE4H3trRMBGH7MXpCK7vipGCWMVrpA&oe=671D9196&_nc_sid=4e3341', 'post_datetime': '2024-10-22 13:00:06', 'post_description': ''}, {'user_id': 'euiclee.books', 'posts_count': '113', 'post_text': 'Photo by 유클리책장 | 📚 매일매일 독서기록 on October 22, 2024. 일기장, 잡지, 책, 포스터 및 텍스트의 이미지일 수 있음.', 'post_image': 'https://scontent-ssn1-1.cdninstagram.com/v/t51.29350-15/464143373_1912722212528990_8301476192746882262_n.jpg?stp=dst-jpg_e15&efg=eyJ2ZW5jb2RlX3RhZyI6ImltYWdlX3VybGdlbi4xMDgweDEwODAuc2RyLmYyOTM1MC5kZWZhdWx0X2ltYWdlIn0&_nc_ht=scontent-ssn1-1.cdninstagram.com&_nc_cat=102&_nc_ohc=Iv09JfM7k5cQ7kNvgGL5OtL&_nc_gid=4a423951fed64047a83844e3c8cc1ee5&edm=AONqaaQBAAAA&ccb=7-5&ig_cache_key=MzQ4NDUyOTI3MzkwODk5OTUyNQ%3D%3D.3-ccb7-5&oh=00_AYCxPpNn2tRYBmx2daUmLQdvGNL2IyMF2B_R6cpDL_X5qA&oe=671DA409&_nc_sid=4e3341', 'post_datetime': '2024-10-22 23:44:41', 'post_description': '🖋️ 나는 이 넓디넓은 우주에서 정말 조그만 존재이다.\n\n아우렐리우스는 누구나 죽을 수 밖에 없다는 사실을 계속 상기 시킨다. 그리고 우리는 정말 작은 존재일 뿐이고, 언제 어떻게 죽어도 이상하지 않다고 말한다.\n\n내게 주어진 시간이 얼마나 있을지는 아무도 모르지만 늘 시간은 무한할 것 처럼 삶을 살아간다. 이러한 사실을 상기하고 있는 순간 삶과 사람을 대하는 태도가 조금은 달라진다.\n\n물론 잘못하면 허무주의로도 빠질 수야 있겠지만, 나는 그러고 싶지는 않다. 오히려 더 지금 누리고 있는 시간에 감사하고 주저 했던 것들을 행동으로 옮기며 조금 더 열심히 살아보지 않을까.\n\n📗 #명상록 #마르쿠스아우렐리우스 #현대지성\n\n🔖 #독서 #북스타그램 #책 #독서스타그램 #책스타그램 #책리뷰 #책추천 #유클리 #유클리책장 #의지 #무감각 #인생 #행동 #실천 #죽음'}, {'user_id': 'ai.gi.book', 'posts_count': '141', 'post_text': 'Photo by @ai.gi.book on October 22, 2024. 책, 포스터, 잡지 및 텍스트의 일러스트레이션일 수 있음.', 'post_image': 'https://scontent-ssn1-1.cdninstagram.com/v/t51.29350-15/464320471_3951754431778675_8270082529233985860_n.jpg?stp=dst-jpg_e35&efg=eyJ2ZW5jb2RlX3RhZyI6ImltYWdlX3VybGdlbi4xNDQweDE4MDAuc2RyLmYyOTM1MC5kZWZhdWx0X2ltYWdlIn0&_nc_ht=scontent-ssn1-1.cdninstagram.com&_nc_cat=107&_nc_ohc=8a2f7OL3NbMQ7kNvgEuh3Pf&_nc_gid=baa384f830004be2a20a0b09d15e8edc&edm=AONqaaQBAAAA&ccb=7-5&ig_cache_key=MzQ4NDUzMjI1NTQyMTg1NDA4Nw%3D%3D.3-ccb7-5&oh=00_AYAN9IKkgFXLmk676KpLbGc45ZrQXHTl27Z8a2QliNoKxw&oe=671DA2B1&_nc_sid=4e3341', 'post_datetime': '2024-10-22 23:50:36', 'post_description': '다 내려놓으면 그제야 보인다.\n\n내가 왜 이렇게 힘든지,\n\n뭐가 날 괴롭히는지.\n\n \n\n생각을 정리하면 알게 된다. 이것이 초심으로 가는 길이라는 걸. 초심으로까지 돌아가기 어렵더라도 그때로 돌아갈 수 있도록 최대한 노력이라도 해보기로 했다. 그렇게 쉬면서 깨달은 것은 한 번 쉰다고 큰일 나지 않는다는 사실이다. 그래서 그 이후로는 힘들면 휴식을 미루지 않는다.\n\n오히려 일만 하면서 살면 마음은 편하다. 큰 고민 없이 관성에 따라 일하고 쳇바퀴처럼 반복되는 삶을 살면 된다. 간절해할 것도 없다. 그러다 간절하지 않은 것에 익숙해진다. 하지만 사람은 간절하게 원하는 게 있을 때 좋은 아이디어가 생기고 더 많은 것이 눈에 들어오는 법이다. - <사랑은 그렇게 하는 것이 아니다>, 김달 - 밀리의 서재\nhttps://www.millie.co.kr/v3/bookDetail/11682882c6604806'}]
CSV 파일에 데이터 저장 중...
CSV 파일에 데이터 저장 완료
성공/실패 평가 중...
성공한 사람: ['terrys_reading', 'rdnmgo', '42lines_', 'euiclee.books', 'ai.gi.book']
실패한 사람: []
요약 이미지 생성 중...
요약 이미지 생성 완료
이미지 업로드 시작...
사진 업로드 중...
새 게시물 버튼 클릭 완료
다음 버튼 클릭 중...
다음 버튼 클릭 완료
다음 버튼 클릭 중...
다음 버튼 클릭 완료
성공/실패 평가 중...
성공한 사람: ['terrys_reading', 'rdnmgo', '42lines_', 'euiclee.books', 'ai.gi.book']
실패한 사람: []
설명 입력 중...
설명 입력 완료
게시물 공유 중...
게시물 공유 완료
사진 업로드 완료
이미지 업로드 완료
드라이버 종료
프로그램 시작
드라이버 설정 중...
드라이버 설정 완료
인스타그램 로그인 시도 중...
로그인 정보 입력 완료
로그인 정보 저장 버튼 클릭 중...
로그인 정보 저장 버튼 클릭 완료
정보 수집 시작...
terrys_reading의 정보 수집 중...
terrys_reading의 게시물에 '더 보기' 버튼 없음
좋아요 버튼을 클릭했습니다.
terrys_reading의 정보 수집 완료
rdnmgo의 정보 수집 중...
rdnmgo의 게시물에 '더 보기' 버튼 없음
좋아요 버튼을 클릭했습니다.
rdnmgo의 정보 수집 완료
42lines_의 정보 수집 중...
42lines_의 게시물에 '더 보기' 버튼 없음
오류가 발생했습니다: Message: 
Stacktrace:
0   chromedriver                        0x000000010419f338 chromedriver + 5096248
1   chromedriver                        0x0000000104196b6a chromedriver + 5061482
2   chromedriver                        0x0000000103d21fd0 chromedriver + 389072
3   chromedriver                        0x0000000103d6e9ab chromedriver + 702891
4   chromedriver                        0x0000000103d6ea81 chromedriver + 703105
5   chromedriver                        0x0000000103db2cd4 chromedriver + 982228
6   chromedriver                        0x0000000103d92f1d chromedriver + 851741
7   chromedriver                        0x0000000103db0250 chromedriver + 971344
8   chromedriver                        0x0000000103d92c93 chromedriver + 851091
9   chromedriver                        0x0000000103d61c79 chromedriver + 650361
10  chromedriver                        0x0000000103d6249e chromedriver + 652446
11  chromedriver                        0x00000001041620b0 chromedriver + 4845744
12  chromedriver                        0x0000000104166fc8 chromedriver + 4865992
13  chromedriver                        0x0000000104167695 chromedriver + 4867733
14  chromedriver                        0x0000000104144ce9 chromedriver + 4725993
15  chromedriver                        0x0000000104167989 chromedriver + 4868489
16  chromedriver                        0x0000000104136c04 chromedriver + 4668420
17  chromedriver                        0x0000000104186e68 chromedriver + 4996712
18  chromedriver                        0x0000000104187067 chromedriver + 4997223
19  chromedriver                        0x000000010419676e chromedriver + 5060462
20  libsystem_pthread.dylib             0x00007fff71f4f109 _pthread_start + 148
21  libsystem_pthread.dylib             0x00007fff71f4ab8b thread_start + 15

42lines_의 정보 수집 완료
euiclee.books의 정보 수집 중...
euiclee.books의 게시물에 '더 보기' 버튼 없음
좋아요 버튼을 클릭했습니다.
euiclee.books의 정보 수집 완료
ai.gi.book의 정보 수집 중...
ai.gi.book의 게시물에 '더 보기' 버튼 없음
좋아요 버튼을 클릭했습니다.
ai.gi.book의 정보 수집 완료
정보 수집 완료
[{'user_id': 'terrys_reading', 'posts_count': '110', 'post_text': 'Photo by @terrys_reading on October 26, 2024. 책, 잡지 및 텍스트의 이미지일 수 있음.', 'post_image': 'https://scontent-ssn1-1.cdninstagram.com/v/t51.29350-15/464772604_1397259014565149_4528892243685264302_n.jpg?stp=dst-jpg_e35&efg=eyJ2ZW5jb2RlX3RhZyI6ImltYWdlX3VybGdlbi4xNDQweDE4MDAuc2RyLmYyOTM1MC5kZWZhdWx0X2ltYWdlIn0&_nc_ht=scontent-ssn1-1.cdninstagram.com&_nc_cat=105&_nc_ohc=mMKqCk8XCjUQ7kNvgH-NgyZ&_nc_gid=685c0b2912eb4e099390f2bb2eb54efd&edm=AONqaaQBAAAA&ccb=7-5&ig_cache_key=MzQ4NzQzNDkxMTI4OTk5MzE0NQ%3D%3D.3-ccb7-5&oh=00_AYC8RwEY8cCCQPHiYidv-GlEH1YWrkFBzNzMvdV0sIxh9Q&oe=6722E2E1&_nc_sid=4e3341', 'post_datetime': '2024-10-26 23:57:39', 'post_description': '우리는 대개 생각하지 않고 그저 반응한다.\n\n그리고 그 반응은 네 가지 요인에 의해 이루어진다.\n감정 자아 사회적 압력과 관성.\n\n이에 저항하기 위해서는 사고의 공간을 만들어야 한다.\n그리고 그 공간이 바로 포지셔닝이다.\n\n어디에 설 것인가, 어디에 자리잡을 것인가, 그 상황과 환경은 내게 어떻게 작동할 것인가를 고민해야 한다.\n\n그리고 이를 위해선 자기 인식, 통제, 책임감, 자신감 이 네가지 필요하다. 특히 자신의 삶을 온전히 자신의 통제하에 꾸려갈 수 있다는 것이 가장 중요하다.'}, {'user_id': 'rdnmgo', 'posts_count': '118', 'post_text': "Photo by @rdnmgo on October 26, 2024. 사람 1명, 책, 잡지, 포스터 및 문구: '매듀론재81박여진올검 PIXAR PIX STORYTELLING 픽사 스토리렐링 고객의 마음을 사로잡는 9가지 스토리 스토리법칙 법칙 구글, 디즈니, 레고, 넷플릭스가 릭스가 찾는 스토리텔링 마스터 매류 문의 실전 바이블 폭사 20년 경력 스토리제적자희 스토리 제작자의 액싱 비법 수록 네이버, 카카오 디즈니코리아 인플루언서추천 추천 2021 올해의 강연자 TOP TOP20 20 (BigSpeak)'의 만화일 수 있음.", 'post_image': 'https://scontent-ssn1-1.cdninstagram.com/v/t51.29350-15/464748845_1271801364060550_916268257280578067_n.jpg?stp=dst-jpg_e15&efg=eyJ2ZW5jb2RlX3RhZyI6ImltYWdlX3VybGdlbi42MTJ4NjEyLnNkci5mMjkzNTAuZGVmYXVsdF9pbWFnZSJ9&_nc_ht=scontent-ssn1-1.cdninstagram.com&_nc_cat=110&_nc_ohc=xAkpF4SRh4EQ7kNvgE1EHJ0&_nc_gid=d4ec5929231b42f3a63ddf1a6b9a5d24&edm=AONqaaQBAAAA&ccb=7-5&ig_cache_key=MzQ4NzQzMzQ4OTMyMDI1ODc2Ng%3D%3D.3-ccb7-5&oh=00_AYByFBYugkOLU_dzucYDO0aM5FaUV_JXMuDwDFcnp8aLhA&oe=6722F16B&_nc_sid=4e3341', 'post_datetime': '2024-10-26 23:54:50', 'post_description': '### 핵심정리\n\n■ 훌륭한 후크는 관심을 사로잡지만, 변화의 암시는 청중을 설레게 한다.\n\n■ 위험을 감수하거나 남보다 일찍 변화를 시도하는 사람은 전체에서 15%에 불과하다. 나머지 85%는 변화를 위한 동기부여가 필요하다.\n\n■ 스토리를 통해 변화를 자극할 수 있다. 스토리 속에서 변화를 겪는 캐릭터는 공감대를 불러일으킨다.\n\n■ 변화의 과정이 담긴 스토리는 책이나 영화에서만 구현할 수 있는 것이 아니다. 수년 전부터 성공적인 기업에서는 매력적인 스토리를 활용하고 있다.\n\n■ 캐릭터가 겪는 변화를 ‘캐릭터아크’라고 부른다. 캐릭터는 두려움, 한계, 난관, 상처 등 온갖 어려움이 펼쳐지는 캐릭터아크를 겪는다.\n\n■ 캐릭터아크는 단순한 사건이나 난관이 아니라 위협이 되는 장애물을 딛고 자신의 가치관과 열정을 진심으로 지키려는 힘겨운 과정을 의미한다.\n\n■ 장시간의 발표나 프레젠테이션을 할 때 청중을 계속 몰입시키려면 A, B, C 스토리를 요령 있게 섞어야 한다.\n\n■ 당신이 들려주고 싶은 캐릭터의 변화와 교훈은 무엇인가? 이런 스토리에는 성공담, 추천장, 캠페인 이야기, 기업의 역사, 개인 이야기 등이 포함된다.'}, {'user_id': '42lines_', 'posts_count': '117', 'post_text': 'Photo by @42lines_ on October 25, 2024. 텍스트의 이미지일 수 있음.', 'post_image': 'https://scontent-ssn1-1.cdninstagram.com/v/t51.29350-15/464660705_8655305027921989_3294674727872959854_n.webp?stp=dst-jpg_e35&efg=eyJ2ZW5jb2RlX3RhZyI6ImltYWdlX3VybGdlbi4xNDQweDE0NDAuc2RyLmYyOTM1MC5kZWZhdWx0X2ltYWdlIn0&_nc_ht=scontent-ssn1-1.cdninstagram.com&_nc_cat=101&_nc_ohc=rIe48osF96IQ7kNvgHFEWIk&_nc_gid=60eaa62eb9e84c7fb219edbc58153336&edm=AP4sbd4BAAAA&ccb=7-5&ig_cache_key=MzQ4NzAzMTQxNzUyNTU0ODUyMQ%3D%3D.3-ccb7-5&oh=00_AYChcQMxmV4jqainwqw-8Nd_eF_EBA59QF2ELPbnu74Rpw&oe=6722D8F0&_nc_sid=7a9f4b', 'post_datetime': '2024-10-26 10:35:59', 'post_description': ''}, {'user_id': 'euiclee.books', 'posts_count': '117', 'post_text': 'Photo by 유클리책장 | 📚 매일매일 독서기록 on October 26, 2024. 텍스트의 이미지일 수 있음.', 'post_image': 'https://scontent-ssn1-1.cdninstagram.com/v/t51.29350-15/464350468_1252587896158963_8400859901232990892_n.jpg?stp=dst-jpg_e15&efg=eyJ2ZW5jb2RlX3RhZyI6ImltYWdlX3VybGdlbi4xMDgweDEwODAuc2RyLmYyOTM1MC5kZWZhdWx0X2ltYWdlIn0&_nc_ht=scontent-ssn1-1.cdninstagram.com&_nc_cat=107&_nc_ohc=fWossM5agpoQ7kNvgFUJE6D&_nc_gid=70448498879443749ec2e5aaecc15665&edm=AP4sbd4BAAAA&ccb=7-5&ig_cache_key=MzQ4NzQyNTU0MzQ1NTQ4NDg3MA%3D%3D.3-ccb7-5&oh=00_AYDcJGZ5ZYnURFQpIo6AuCWacV5eLYKEIVaUimFzHwftwg&oe=6722DF43&_nc_sid=7a9f4b', 'post_datetime': '2024-10-26 23:39:03', 'post_description': '🖋️ 생각이 꼬리에 꼬리를 물고 이어진다. 그 생각들은 대부분 부정적이다.\n\n모든 것은 마음가짐에 달렸다는 것이 예외의 상황도 있겠지만 완전히 틀린말은 아닐 것이다.\n\n힘들 때 웃는 자가 일류다라는 말이 있듯이 어떤 어려움이 닥쳤을 때 부정적인 생각을 하는 것보다는 긍정적인 생각을 하는 것이 그 어려움에서 벗어나는 데에 훨씬 도움이 될 것이다.\n\n말은 정말 쉽지만 막상 그 상황에 닥치면 부정적인 생각을 떨쳐버리기란 정말 어려울 것이다. 평소에도 부정적인 생각이 꼬리에 꼬리를 물지 않도록 내버려두지 말자.\n\n📗 #나는나의스무살을가장존중한다 #이하영 #토네이도\n\n🔖 #독서 #북스타그램 #책 #독서스타그램 #책스타그램 #책리뷰 #책추천 #유클리 #유클리책장 #상황 #사건'}, {'user_id': 'ai.gi.book', 'posts_count': '148', 'post_text': 'Photo by @ai.gi.book on October 25, 2024. 사람 1명, 잡지, 포스터 및 텍스트의 이미지일 수 있음.', 'post_image': 'https://scontent-ssn1-1.cdninstagram.com/v/t51.29350-15/464674917_561995426301119_9212598420547735572_n.jpg?stp=dst-jpg_e35&efg=eyJ2ZW5jb2RlX3RhZyI6ImltYWdlX3VybGdlbi4xNDQweDE4MDAuc2RyLmYyOTM1MC5kZWZhdWx0X2ltYWdlIn0&_nc_ht=scontent-ssn1-1.cdninstagram.com&_nc_cat=111&_nc_ohc=dYy5UEI33DEQ7kNvgEJn3q0&_nc_gid=f7f79dd95ac3483689a79d6ec29ea271&edm=AP4sbd4BAAAA&ccb=7-5&ig_cache_key=MzQ4NzEzMjM3ODYwODkxMjU0Mw%3D%3D.3-ccb7-5&oh=00_AYAPRf4ckIcUMEnn6lOyo-gXTUqxFFKNhe-r0P2i5f7R3g&oe=6722F1FF&_nc_sid=7a9f4b', 'post_datetime': '2024-10-26 13:56:35', 'post_description': '반성하고 성찰할 시간이 없으니\n\n같은 실수를 반복할 확률도 커진다.\n\n매번 사과를 하는데 매번 같은 잘못을 한다.\n\n \n\n그럼 어떻게 해야 할까? 상대방이 뭔가를 잘못했다면 말을 아껴보라. 아무렇지 않은 척하라는 게 아니다. 어쩔 수 없이 당신의 표정이나 태도가 변할 것이고, 상대방은 자신이 뭘 잘못했는지는 모르더라도 뭔가 잘못됐다는 걸 알아차릴 것이다. “내가 뭐 잘못했어?”라고 물을 수도 있다. 그래도 얘기해주지 마라. 입을 닫고 냉전을 시작하라는 게 아니라 쉽게 정답을 알려주지 않는 것이다.\n\n요컨대, 화가 났다는 것을 티를 내되 말로 이유를 알려주지 마라. 상대방이 무슨 생각을 하고 있는지 모를 때가 제일 무서운 법이다. 전과 다르게 냉랭한데 왜 그런지 말을 안 해주면 그 시간을 견디기 힘들다. 그래서 상대방이 답을 찾기 위해 진심으로 노력하는 모습이 보일 때, 그때 이유를 알려주면 된다. 물론 상대가 어느 정도 센스 있는 사람이라면 스스로 잘못을 깨달을 것이다. 그러면 금상첨화다. 또한 상대방은 다시 이렇게 괴로운 과정을 겪지 않기 위해 고치려고 더 노력할 것이다.\n\n \n\n빨리 사과를 받아낸다고\n\n당신이 이기는 게 아니다.\n\n과정이 생략된 결과는 아무것도 바꾸지 못한다.\n\n상대방에게 자신이 뭘 잘못했는지\n\n그동안의 일을 되짚어볼 시간을 주어라.\n\n스스로 반성하고 개선할 기회를 주어라. - <사랑은 그렇게 하는 것이 아니다>, 김달 - 밀리의 서재\nhttps://www.millie.co.kr/v3/bookDetail/11682882c6604806'}]
CSV 파일에 데이터 저장 중...
CSV 파일에 데이터 저장 완료
성공/실패 평가 중...
성공한 사람: ['terrys_reading', 'rdnmgo', '42lines_', 'euiclee.books', 'ai.gi.book']
실패한 사람: []
요약 이미지 생성 중...
요약 이미지 생성 완료
이미지 업로드 시작...
사진 업로드 중...
새 게시물 버튼 클릭 완료
다음 버튼 클릭 중...
다음 버튼 클릭 완료
다음 버튼 클릭 중...
다음 버튼 클릭 완료
성공/실패 평가 중...
성공한 사람: ['terrys_reading', 'rdnmgo', '42lines_', 'euiclee.books', 'ai.gi.book']
실패한 사람: []
설명 입력 중...
설명 입력 완료
게시물 공유 중...
게시물 공유 완료
사진 업로드 완료
이미지 업로드 완료
드라이버 종료
프로그램 시작
드라이버 설정 중...
드라이버 설정 완료
인스타그램 로그인 시도 중...
로그인 정보 입력 완료
로그인 정보 저장 버튼 클릭 중...
로그인 정보 저장 버튼 클릭 완료
정보 수집 시작...
terrys_reading의 정보 수집 중...
terrys_reading의 게시물에 '더 보기' 버튼 없음
좋아요 버튼을 클릭했습니다.
terrys_reading의 정보 수집 완료
rdnmgo의 정보 수집 중...
rdnmgo의 게시물에 '더 보기' 버튼 없음
좋아요 버튼을 클릭했습니다.
rdnmgo의 정보 수집 완료
42lines_의 정보 수집 중...
42lines_의 게시물에 '더 보기' 버튼 없음
좋아요 버튼을 클릭했습니다.
42lines_의 정보 수집 완료
euiclee.books의 정보 수집 중...
euiclee.books의 게시물에 '더 보기' 버튼 없음
좋아요 버튼을 클릭했습니다.
euiclee.books의 정보 수집 완료
ai.gi.book의 정보 수집 중...
ai.gi.book의 게시물에 '더 보기' 버튼 없음
좋아요 버튼을 클릭했습니다.
ai.gi.book의 정보 수집 완료
정보 수집 완료
[{'user_id': 'terrys_reading', 'posts_count': '111', 'post_text': 'Photo by @terrys_reading on October 27, 2024. 책, 잡지 및 텍스트의 이미지일 수 있음.', 'post_image': 'https://scontent-ssn1-1.cdninstagram.com/v/t51.29350-15/464808596_3348233551980162_7402135892048331558_n.jpg?stp=dst-jpg_e35&efg=eyJ2ZW5jb2RlX3RhZyI6ImltYWdlX3VybGdlbi4xNDQweDE4MDAuc2RyLmYyOTM1MC5kZWZhdWx0X2ltYWdlIn0&_nc_ht=scontent-ssn1-1.cdninstagram.com&_nc_cat=106&_nc_ohc=vgsCrBjPMYwQ7kNvgHo81-E&_nc_gid=bcf418fa14d8455fa9d335f1688c54a4&edm=AONqaaQBAAAA&ccb=7-5&ig_cache_key=MzQ4ODE1NzQzMTcwMjAwNDM4NQ%3D%3D.3-ccb7-5&oh=00_AYAFPEtoYkjkfPSsZWSPQJIeIMdm65vq_xmZqH7HcF0oyg&oe=67243424&_nc_sid=4e3341', 'post_datetime': '2024-10-27 23:53:11', 'post_description': 'IS THIS the best you could do?\n\n�한 비서가 자료를 정리해서 헨리 키신저의 책상에 놓았다. 그리고 다음날 아침 키신저는 그 비서에게 물었다. 이게 자네의 최고의 작업인가? 비서는 아니라고 답했고, 그 다음날 다시 작업해 올렸다. 키신저는 또 다시 물었다. 이게 정말 최선의 작업인가? 또 아니라고 물었고, 다음날 다시 작업해 올렸다. 그 다음날 키신저는 이게 자네의 최고 작업이냐고 물었고, 드디어 그렇다라 말할 . 수있었다. 키신저는 그제서야 보고서를 읽어들었다.\n\n모든 성공한 사람들은 높은 기준을 가지고 있다. 대개 외부의 것들 뿐 아니라, 그들 자신에게 가장 높은 기준을 적용한다. 만약, 그 기준이 낮다면, 그리고 그 이상의 성과를 원한다면 높은 기준이 기본인 환경으로 나 자신을 던져야 한다.'}, {'user_id': 'rdnmgo', 'posts_count': '119', 'post_text': 'Photo by @rdnmgo on October 27, 2024. 사람 1명, 책, 잡지, 포스터 및 텍스트의 만화일 수 있음.', 'post_image': 'https://scontent-ssn1-1.cdninstagram.com/v/t51.29350-15/464720404_1385163906204152_5365132903287851873_n.jpg?stp=dst-jpg_e15&efg=eyJ2ZW5jb2RlX3RhZyI6ImltYWdlX3VybGdlbi42MTJ4NjEyLnNkci5mMjkzNTAuZGVmYXVsdF9pbWFnZSJ9&_nc_ht=scontent-ssn1-1.cdninstagram.com&_nc_cat=108&_nc_ohc=QeuAxtTjh_wQ7kNvgGMfEL-&_nc_gid=62170107d5224fc49f3ee946fe3bf270&edm=AONqaaQBAAAA&ccb=7-5&ig_cache_key=MzQ4Nzk2OTM2MzM4MDU0NjE5Ng%3D%3D.3-ccb7-5&oh=00_AYCb8MAtqUCmhA1D5gxTMSR4gvxRFu9uGdOxhgYNwFd6oA&oe=67243CC4&_nc_sid=4e3341', 'post_datetime': '2024-10-27 17:39:31', 'post_description': '## 3장 교감\n\n여기서 중요한 질문을 떠올려보자. 누가 당신의 청중인가?\n스토리를 전달하려면 청중의 열정, 고민, 습관, 특이점 등을 알아야 한다. 이런 정보가 없다면 아무리 좋은 스토리를 만들어도 대상과 상관없는 이야기만 늘어놓게 된다.\n\n청중을 잘 알지 못하면 모든 노력이 물거품 되거나 실패할 확률이 높아진다. 자료 수집은 인간의 행동이나 상호작용에 관한 패턴, 흐름, 관계를 파악해 대상과 교감하는 가장 좋은 방법이다. 쇼핑 습관, 제품 충성도, 선호도, 즐거움, 두려움, 신념, 잠재적 위험, 꿈까지 모든 자료를 수집해야 한다.\n\n지금부터는 엔터테인먼트나 비즈니스에서 특정 부류의 대중 또는 좀 더 일반적인 대중과 효과적으로 유대감을 쌓는 구체적 방법을 살펴보자.'}, {'user_id': '42lines_', 'posts_count': '118', 'post_text': 'Photo by @42lines_ on October 27, 2024. 텍스트의 이미지일 수 있음.', 'post_image': 'https://scontent-ssn1-1.cdninstagram.com/v/t51.29350-15/464671309_538242692476132_4234918327263539539_n.webp?stp=dst-jpg_e35&efg=eyJ2ZW5jb2RlX3RhZyI6ImltYWdlX3VybGdlbi4xNDQweDE0NDAuc2RyLmYyOTM1MC5kZWZhdWx0X2ltYWdlIn0&_nc_ht=scontent-ssn1-1.cdninstagram.com&_nc_cat=104&_nc_ohc=O940eCKcv4YQ7kNvgHkzQM6&_nc_gid=40c610c71f2e4b12a3aa95b9f134b76d&edm=AONqaaQBAAAA&ccb=7-5&ig_cache_key=MzQ4NzkyOTI5NDM3OTAzNTczMQ%3D%3D.3-ccb7-5&oh=00_AYCX81vZ1F--vSiMMfuFS1hllu-lki_ZkSy64NaPAIXvHQ&oe=6724394F&_nc_sid=4e3341', 'post_datetime': '2024-10-27 16:19:54', 'post_description': ''}, {'user_id': 'euiclee.books', 'posts_count': '118', 'post_text': 'Photo by 유클리책장 | 📚 매일매일 독서기록 on October 27, 2024. 사람 1명, 카드, 책, 잡지, 포스터 및 텍스트의 이미지일 수 있음.', 'post_image': 'https://scontent-ssn1-1.cdninstagram.com/v/t51.29350-15/464512574_1279767916711467_1316989468276248607_n.jpg?stp=dst-jpg_e35&efg=eyJ2ZW5jb2RlX3RhZyI6ImltYWdlX3VybGdlbi4xMDAweDEwMDAuc2RyLmYyOTM1MC5kZWZhdWx0X2ltYWdlIn0&_nc_ht=scontent-ssn1-1.cdninstagram.com&_nc_cat=103&_nc_ohc=ugFt5khSvOMQ7kNvgHqoPqa&_nc_gid=9f60444c4b434c5589407570504bcb4e&edm=AONqaaQBAAAA&ccb=7-5&ig_cache_key=MzQ4NzkzMjkyMzQzNjE4MTgzMg%3D%3D.3-ccb7-5&oh=00_AYD7CQXVWTxkRMHVnt-cw6MrbS3BfN2qPf42zkLBknN2yQ&oe=67242BB2&_nc_sid=4e3341', 'post_datetime': '2024-10-27 16:27:08', 'post_description': '🖋️ 나는 웃음이 많은 편이다. 별것도 아닌 일에 웃는 일이 많기는 하지만 때때로 나에게 왜 웃냐고 물어볼때도 있다.\n\n부정적인 생각은 하지 않을려고 하는 편이다. 부정적인 생각을 해봤자 나에게 좋을 건 없으니 말이다. 근데 혼자 그렇게 유지하는것도 반드시 한계가 존재한다. 그렇기 때문에 주위에 있는 사람이 누구냐가 상당히 중요한 것이다.\n\n자주 가는 곳, 만나는 사람, 읽는 책이 당신이 어떤 샤람인지 알려준다는 말은 절대로 틀린 말이 아니다.\n\n나는 말을 잘하고 싶었다. 어떠한 주제에 관해서 이야기를 할때 그 주제에 대한 나의 생각을 유창하게 이야기하고 싶었다.\n\n내가 조리있게 말하지 못한 주제와 그래도 잘 이야기 할 수 있는 주제를 생각 해본다면 후자는 내가 이미 스스로 글을 써보거나 이야기를 해본 주제였던 것을 알 수 있었다.\n\n삶을 살아가는데에 있어서 조금이라도 성장 하고 싶다면. 책을 읽고 글을 쓰는 것은 필수지 않을까 생각한다.\n\n📗 #나는나의스무살을가장존중한다 #이하영 #토네이도\n\n🔖 #독서 #북스타그램 #책 #독서스타그램 #책스타그램 #책리뷰 #책추천 #유클리 #유클리책장'}, {'user_id': 'ai.gi.book', 'posts_count': '149', 'post_text': 'Photo by @ai.gi.book on October 27, 2024. 사람 1명, 잡지, 포스터 및 텍스트의 이미지일 수 있음.', 'post_image': 'https://scontent-ssn1-1.cdninstagram.com/v/t51.29350-15/464759569_1302630890726744_1333203426113713773_n.jpg?stp=dst-jpg_e35&efg=eyJ2ZW5jb2RlX3RhZyI6ImltYWdlX3VybGdlbi4xNDQweDE4MDAuc2RyLmYyOTM1MC5kZWZhdWx0X2ltYWdlIn0&_nc_ht=scontent-ssn1-1.cdninstagram.com&_nc_cat=108&_nc_ohc=H5bDg08WyksQ7kNvgGV_uBO&_nc_gid=97222f7729a7434aaedffba29eaed635&edm=AONqaaQBAAAA&ccb=7-5&ig_cache_key=MzQ4Nzk5MjEzMzI5MjI5Mzk1NQ%3D%3D.3-ccb7-5&oh=00_AYBScCtJuKpVO8yVb95D0tqm1enJ7xHmnefdVKybVKZb7g&oe=6724115B&_nc_sid=4e3341', 'post_datetime': '2024-10-27 18:24:45', 'post_description': '보편적으로 남자는 미안하다는 말에 인색하다.\n\n반대로 여자는 사과받고 싶은 심리가 강하다.\n\n그러므로 여자라면 미안하다는 말에\n\n인색하지 않은 남자를 만나야 하고\n\n남자라면 사과받기를 고집하지 않는\n\n여자를 만나야 한다.\n\n모든 불화는 사소한 것에서부터 시작한다.\n\n \n\n• 당신은 상대방을 필요로 하는가?\n\n그리고 상대방도 나에 대한 필요성을 느끼고 있는가?\n\n여기서 ‘필요성’은 물질적인 걸 말하는 게 아니다. 둘 중 하나가 ‘이 사람 없어도 크게 무리가 없겠다’라고 느끼게 되는 순간, 혹은 이 사람과 더는 함께하기가 어렵겠다고 판단하는 순간, 상대방의 필요성은 사라진다.\n\n상대방을 향한 불만은 만나온 기간과 비례해서 조금씩 쌓일 수밖에 없다. 그러다 감당하지 못할 지경이 되면 결국 폭발한다. 사람을 바꾸는 건 너무나 힘든 일이므로 진지한 관계가 되기 전에 ‘이 사람 아니면 안 되겠는지’를 잘 생각해봐야 한다. - <사랑은 그렇게 하는 것이 아니다>, 김달 - 밀리의 서재\nhttps://www.millie.co.kr/v3/bookDetail/11682882c6604806'}]
CSV 파일에 데이터 저장 중...
CSV 파일에 데이터 저장 완료
성공/실패 평가 중...
성공한 사람: ['terrys_reading', 'rdnmgo', '42lines_', 'euiclee.books', 'ai.gi.book']
실패한 사람: []
요약 이미지 생성 중...
요약 이미지 생성 완료
이미지 업로드 시작...
사진 업로드 중...
새 게시물 버튼 클릭 완료
다음 버튼 클릭 중...
다음 버튼 클릭 완료
다음 버튼 클릭 중...
다음 버튼 클릭 완료
성공/실패 평가 중...
성공한 사람: ['terrys_reading', 'rdnmgo', '42lines_', 'euiclee.books', 'ai.gi.book']
실패한 사람: []
설명 입력 중...
설명 입력 완료
게시물 공유 중...
게시물 공유 완료
사진 업로드 완료
이미지 업로드 완료
드라이버 종료
프로그램 시작
드라이버 설정 중...
드라이버 설정 완료
인스타그램 로그인 시도 중...
로그인 정보 입력 완료
로그인 정보 저장 버튼 클릭 중...
로그인 정보 저장 버튼 클릭 완료
정보 수집 시작...
terrys_reading의 정보 수집 중...
terrys_reading의 게시물에 '더 보기' 버튼 없음
좋아요 버튼을 클릭했습니다.
terrys_reading의 정보 수집 완료
rdnmgo의 정보 수집 중...
rdnmgo의 게시물에 '더 보기' 버튼 없음
좋아요 버튼을 클릭했습니다.
rdnmgo의 정보 수집 완료
42lines_의 정보 수집 중...
42lines_의 게시물에 '더 보기' 버튼 없음
좋아요 버튼을 클릭했습니다.
42lines_의 정보 수집 완료
euiclee.books의 정보 수집 중...
euiclee.books의 게시물에 '더 보기' 버튼 없음
좋아요 버튼을 클릭했습니다.
euiclee.books의 정보 수집 완료
ai.gi.book의 정보 수집 중...
ai.gi.book의 게시물에 '더 보기' 버튼 없음
좋아요 버튼을 클릭했습니다.
ai.gi.book의 정보 수집 완료
정보 수집 완료
[{'user_id': 'terrys_reading', 'posts_count': '112', 'post_text': 'Photo by @terrys_reading on October 28, 2024. 책 및 텍스트의 이미지일 수 있음.', 'post_image': 'https://scontent-ssn1-1.cdninstagram.com/v/t51.29350-15/464870096_1384494699176988_8568894309653777962_n.jpg?stp=dst-jpg_e35&efg=eyJ2ZW5jb2RlX3RhZyI6ImltYWdlX3VybGdlbi4xNDQweDE4MDAuc2RyLmYyOTM1MC5kZWZhdWx0X2ltYWdlIn0&_nc_ht=scontent-ssn1-1.cdninstagram.com&_nc_cat=100&_nc_ohc=3WtEPURk0fkQ7kNvgEbyni2&_nc_gid=0c70c7a5fad949b3ae38f1bd49b2fbdd&edm=AONqaaQBAAAA&ccb=7-5&ig_cache_key=MzQ4ODg2MDY3OTQzODE5OTUxNA%3D%3D.3-ccb7-5&oh=00_AYCfnQ-QCOB2XgYBvro_LhvmT2LsxrXsBcnMC9q9VHWyxQ&oe=6725942F&_nc_sid=4e3341', 'post_datetime': '2024-10-28 23:10:24', 'post_description': '1. Avoid big risks\n2. Buy high quality at fair price\n3. Don’t be lazy, be very lazy\n\n꿀벌에게는 두 가지 의미있는 행동이 있다.\n먼저 그들은 대부분의 시간을 집에 머물기를 선택한다. 집 밖에서 발생하는 불확실성에 대한 좋은 선택이라 할 수 있다. 두 번째는 집을 선정할 때 굉장히 높은 기준으로 후보지를 추린 후 이를 동료들과 공유한다는 점이다. 투자에 이를 어떻게 적용할 수 있을까?'}, {'user_id': 'rdnmgo', 'posts_count': '120', 'post_text': 'Photo by @rdnmgo on October 27, 2024. 사람 1명, 책, 잡지, 포스터 및 텍스트의 만화일 수 있음.', 'post_image': 'https://scontent-ssn1-1.cdninstagram.com/v/t51.29350-15/464748368_893388502976729_6483197080403107936_n.jpg?stp=dst-jpg_e15&efg=eyJ2ZW5jb2RlX3RhZyI6ImltYWdlX3VybGdlbi42MTJ4NjEyLnNkci5mMjkzNTAuZGVmYXVsdF9pbWFnZSJ9&_nc_ht=scontent-ssn1-1.cdninstagram.com&_nc_cat=105&_nc_ohc=evaZJojXeesQ7kNvgE7zGgf&_nc_gid=92cebfa3e574495bb079df8abde10df3&edm=AP4sbd4BAAAA&ccb=7-5&ig_cache_key=MzQ4ODU0MzEwMzAxMzI2MTgwOA%3D%3D.3-ccb7-5&oh=00_AYAoVfPNSdeSIR5zkI-UQ_m-ops5IsltviIUIPiALRDTfQ&oe=6725614C&_nc_sid=7a9f4b', 'post_datetime': '2024-10-28 12:39:26', 'post_description': '하지만 한 가지 중요한 문제가 있었다. 그곳 건물주가 이미 카페 체인점을 들이기로 했다는 것이다. 아버지는 나에게 건물주를 찾아가서 기막힌 설득 전술로 그의 마음을 바꾸어줄 수 있냐고 물었다. 뾰족한 수가 떠오르진 않았지만 일단 해보겠노라고 했다.\n\n스토리를 구상하기에 앞서 먼저 건물주의 정보가 필요했다. 일단 그 사람과 개인적인 유대감부터 쌓아야 했다. 그가 무엇을 좋아하고 싫어하는지, 가족과 나이는 어떻게 되는지 여러 정보가 필요했다.\n\n우리 가족의 스토리를 들려주면서 나는 준비해 온 가게 사진과 손님과 함께 웃으며 즐거운 시간을 보내는 직원들의 사진을 보여주었다.\n\n스토리에 깊이 몰입한 건물주는 이야기가 어떻게 끝날지 궁금해했다. 분위기가 롤러코스터를 타듯 좋았다가 가라앉았다가를 반복하면서 건물주의 몸에서는 행복 호르몬인 도파민과 엔도르핀, 슬픔 호르몬인 옥시토신이 급격하게 분비되었다. 몹시 조마조마해하는 건물주 앞에서 나는 스토리를 이어갔다.\n\n주인은 마음을 바꿨다. 개인적으로 공감대를 형성할 수 있는 스토리를 활용했기 때문이다.\n\n건물주가 마음을 바꾼 이유는 장난감 가게 그 이상의 것을 팔았기 때문이다. 나는 그에게 나와 내 아버지의 스토리를 팔았다. 스토리나 메시지의 큰 부분을 차지하는 것은 나 자신이다. 내가 누구인지, 어떤 성격을 가졌는지, 어떤 경력을 쌓았는지, 목소리, 환경, 열정 등이 어떤지가 큰 부분을 차지한다.\n\n메시지나 가벼운 스토리를 준비하기에 앞서 반드시 대상을 파악해야 한다. 예컨대, 누군가 당신에게 구체적으로 어떤 일을 하느냐고 묻는다면 상대에게 걸맞은 대답을 들려주어야 한다. 부모님 연배의 사람과 이야기를 나눈다면 그 세대가 공통으로 느낄 만한 동질감을 활용해 교감해야 한다.\n청중의 규모도 고려해야 한다. 여섯 명이 모인 비즈니스 모임인지, 50명 앞에서 진행하는 홍보 연설인지, 수천 명이 보는 웹사이트나 광고인지 파악해야 한다.'}, {'user_id': '42lines_', 'posts_count': '119', 'post_text': "Photo by @42lines_ on October 27, 2024. 문구: '요컨대 촬영은, 장면도 그 안의 컷도 순서대로는 촬영되지 않고, 게다가 한 컷을 기준으로 불불이 분리되어, 즉 중단되어 촬영된다. 영화 연기는 이렇게 해서 촬영되는 촬영 것이다. 이것은 영화 연기의 방법이 무대 연기와도, 또한 현실의 양상과도 전혀 다르다는 뜻이다. 1 i 꽁치가 먹고 싶습니다 오즈 야스지로 M'의 이미지일 수 있음.", 'post_image': 'https://scontent-ssn1-1.cdninstagram.com/v/t51.29350-15/464935520_564915299527625_1253187782522180443_n.webp?stp=dst-jpg_e35&efg=eyJ2ZW5jb2RlX3RhZyI6ImltYWdlX3VybGdlbi4xNDQweDE0NDAuc2RyLmYyOTM1MC5kZWZhdWx0X2ltYWdlIn0&_nc_ht=scontent-ssn1-1.cdninstagram.com&_nc_cat=105&_nc_ohc=6d2keQ-e0aAQ7kNvgEu7qjU&_nc_gid=796764c19cbf4a3f84b3189e84ec15cd&edm=AONqaaQBAAAA&ccb=7-5&ig_cache_key=MzQ4ODQ2Mjg2NjY0OTc5OTg1Ng%3D%3D.3-ccb7-5&oh=00_AYCwP7kquZ-RoMd1F4KBK_S3euDlVRYabxVS9tiLkgD2PQ&oe=67256743&_nc_sid=4e3341', 'post_datetime': '2024-10-28 10:00:01', 'post_description': ''}, {'user_id': 'euiclee.books', 'posts_count': '119', 'post_text': 'Photo by 유클리책장 | 📚 매일매일 독서기록 on October 28, 2024. 텍스트의 이미지일 수 있음.', 'post_image': 'https://scontent-ssn1-1.cdninstagram.com/v/t51.29350-15/464571382_1071327830837615_6454478155325801218_n.jpg?stp=dst-jpg_e35&efg=eyJ2ZW5jb2RlX3RhZyI6ImltYWdlX3VybGdlbi4xMDAweDEyNTAuc2RyLmYyOTM1MC5kZWZhdWx0X2ltYWdlIn0&_nc_ht=scontent-ssn1-1.cdninstagram.com&_nc_cat=111&_nc_ohc=49AykQiSMyIQ7kNvgFtSkM3&_nc_gid=f5c05ec8e38f4630a733697d68313d18&edm=AONqaaQBAAAA&ccb=7-5&ig_cache_key=MzQ4ODQ5NTIzNzkxMDcwODcyMw%3D%3D.3-ccb7-5&oh=00_AYDbWayN9EiOM6LM4EOS8dee3o-FEFZueXyMb7PR1EUWZA&oe=6725600E&_nc_sid=4e3341', 'post_datetime': '2024-10-28 22:00:00', 'post_description': '🖋️ 다른 사람을 비난하기는 너무나도 쉽다. 하지만 그 비난이 반드시 본인에게 돌아올 것은 분명하다.\n\n이와 비슷한 맥락으로 책임전가라는 것이 있지 않을까 생각한다. 내가 아닌 남을 탓하는 것. 이 또한 너무너도 쉽다. 그 순간은 남 탓을 함으로써 위기를 넘겼다고 생각할지 몰라도 결국에는 그 책임과 화살이 배로 불어나 다시 돌아오게 되어있다.\n\n비난과 남탓을 함으로써 본인만족과 위기를 넘겼을지도 모르지만 남을 바꾸기 보다는 본인이 바뀌는 것이 훨씬 쉽다. 남을 지적하고 비난하기 전에 나를 먼저 돌아보자.\n\n하지만 또 궁금했던 것은 정말 내 탓 내 책임이 아니라면 어떻게 해야할까. 내가 관련한 것은 없지만 팀이나 회사 내에서 문제가 발생했다면 어떻게 해야할까.\n\n📗#인간관계론 #데일카네기 #스타북스\n\n🔖 #독서 #북스타그램 #책 #독서스타그램 #책스타그램 #책리뷰 #책추천 #유클리 #유클리책장 #비난 #책임'}, {'user_id': 'ai.gi.book', 'posts_count': '152', 'post_text': 'Photo by @ai.gi.book on October 28, 2024. 사람 1명, 잡지, 포스터 및 텍스트의 이미지일 수 있음.', 'post_image': 'https://scontent-ssn1-1.cdninstagram.com/v/t51.29350-15/464896824_1246909693127931_7346001461553016322_n.jpg?stp=dst-jpg_e35&efg=eyJ2ZW5jb2RlX3RhZyI6ImltYWdlX3VybGdlbi4xNDQweDE4MDAuc2RyLmYyOTM1MC5kZWZhdWx0X2ltYWdlIn0&_nc_ht=scontent-ssn1-1.cdninstagram.com&_nc_cat=103&_nc_ohc=OGgaGK501OEQ7kNvgHKJQJB&_nc_gid=25881990752e4274ba1502ed43fca060&edm=AONqaaQBAAAA&ccb=7-5&ig_cache_key=MzQ4ODc1MTUwNzA4MjI0NDk2MQ%3D%3D.3-ccb7-5&oh=00_AYDT9Oprfr9ooQ_1rjBns3mqC9KwoV8vcugI-X-18X_beA&oe=67255EA2&_nc_sid=4e3341', 'post_datetime': '2024-10-28 19:33:30', 'post_description': '다만 했던 얘기를 하고 또 한다면\n\n누구나 한계에 부딪히는 때가 온다.\n\n지나간 일을 들추느라 현재를 놓치지 마라.\n\n \n\n여기서 오해하지 말아야 할 게 있다. 여자가 과거 일을 꺼내는 경우가 많다고 했지만 남자는 전혀 안 그렇다는 얘기는 아니다. 나도 어리고 경험이 부족할 때는 괜히 관심받고 싶어서 가끔 과거에 서운했던 일을 끄집어낸 적이 있다. 만약 남자가 먼저 과거 일을 끄집어내는 일이 잦다면 그 남자와 계속 사귀는 건 한번쯤 다시 생각해볼 필요가 있다. 이런 문제는 결코 한 번으로 끝나지 않고 다툴 때마다 끊임없이 반복될 가능성이 크기 때문이다. - <사랑은 그렇게 하는 것이 아니다>, 김달 - 밀리의 서재\nhttps://www.millie.co.kr/v3/bookDetail/11682882c6604806'}]
CSV 파일에 데이터 저장 중...
CSV 파일에 데이터 저장 완료
성공/실패 평가 중...
성공한 사람: ['terrys_reading', 'rdnmgo', '42lines_', 'euiclee.books', 'ai.gi.book']
실패한 사람: []
요약 이미지 생성 중...
요약 이미지 생성 완료
이미지 업로드 시작...
사진 업로드 중...
새 게시물 버튼 클릭 완료
다음 버튼 클릭 중...
다음 버튼 클릭 완료
다음 버튼 클릭 중...
다음 버튼 클릭 완료
성공/실패 평가 중...
성공한 사람: ['terrys_reading', 'rdnmgo', '42lines_', 'euiclee.books', 'ai.gi.book']
실패한 사람: []
설명 입력 중...
설명 입력 완료
게시물 공유 중...
게시물 공유 완료
사진 업로드 완료
이미지 업로드 완료
드라이버 종료
프로그램 시작
드라이버 설정 중...
드라이버 설정 완료
인스타그램 로그인 시도 중...
로그인 정보 입력 완료
로그인 정보 저장 버튼 클릭 중...
로그인 정보 저장 버튼 클릭 완료
정보 수집 시작...
terrys_reading의 정보 수집 중...
terrys_reading의 게시물에 '더 보기' 버튼 없음
좋아요 버튼을 클릭했습니다.
terrys_reading의 정보 수집 완료
rdnmgo의 정보 수집 중...
rdnmgo의 게시물에 '더 보기' 버튼 없음
좋아요 버튼을 클릭했습니다.
rdnmgo의 정보 수집 완료
42lines_의 정보 수집 중...
42lines_의 게시물에 '더 보기' 버튼 없음
좋아요 버튼을 클릭했습니다.
42lines_의 정보 수집 완료
euiclee.books의 정보 수집 중...
euiclee.books의 게시물에 '더 보기' 버튼 없음
좋아요 버튼을 클릭했습니다.
euiclee.books의 정보 수집 완료
ai.gi.book의 정보 수집 중...
ai.gi.book의 게시물에 '더 보기' 버튼 없음
좋아요 버튼을 클릭했습니다.
ai.gi.book의 정보 수집 완료
정보 수집 완료
[{'user_id': 'terrys_reading', 'posts_count': '113', 'post_text': 'Photo by @terrys_reading on October 29, 2024. 벌 및 텍스트의 이미지일 수 있음.', 'post_image': 'https://scontent-ssn1-1.cdninstagram.com/v/t51.29350-15/464982286_1701239570672368_1945367239421158897_n.jpg?stp=dst-jpg_e35&efg=eyJ2ZW5jb2RlX3RhZyI6ImltYWdlX3VybGdlbi4xNDQweDE4MDAuc2RyLmYyOTM1MC5kZWZhdWx0X2ltYWdlIn0&_nc_ht=scontent-ssn1-1.cdninstagram.com&_nc_cat=104&_nc_ohc=5XAASN14alkQ7kNvgHgvOVy&_nc_gid=c450fc5ecb814226af55795a8a3541fe&edm=AONqaaQBAAAA&ccb=7-5&ig_cache_key=MzQ4OTU5NDQxMDI5MzUyODQwNA%3D%3D.3-ccb7-5&oh=00_AYB9so8qosrtd3WKQJK0B8dkR-TY0lltRdg9ExC1m2OqXw&oe=6726AF07&_nc_sid=4e3341', 'post_datetime': '2024-10-29 23:28:12', 'post_description': '0. 꿀벌들은 어떻게 새로운 집의 부지를 찾을까?\n1. 꿀벌의 집은 영구적이지 않다. 계속 벌집을 버리고, 새로운 벌집을 만들어야 한다.\n2. 이때 벌집의 부지는 중요하다. 부지의 높이는 포식자로부터의 보호받아야하며, 벌집의 위치는 바람과 같은 재해로부터 안전해야 한다.\n3. 꿀벌들은 waggle dance를 통해 벌집의 위치를 소통한다. 수직 방향으로는 장소의 위치를, 수직 축을 기준으로 아령 모향으로 돌며 장소의 우수성을 표현한다.\n4. 그래서 초기 정찰병들이 여러 탐색지를 찾은 후, 돌아와 군집에게 얼마나 자신의 선택지가 좋은지를 빙글빙글 돌며 표현한다.\n5. 더 많이 돌수록 더 많은 벌들이 관심을 보이고, 그 꿀벌을 따라 함꼐 정찰을 돌아온 후, 다시 군집에게 돌아와 춤을 추며 자신의 판단을 전한다.\n6. 이러한 방식으로 꿀벌들이 항상 최고의 부지를 찾는 것은 아니다. 하지만, 대개 그들은 가장 최상의 부지를 찾았다.\n7. 이 과정에서 리더는 없으며, 오로지 현 부지와의 비교와, 집단의 컨센서스만으로 결정이 이루어지는 것이다.\n\n8. 우리는 꿀벌에게 무엇을 배울 수 있을까'}, {'user_id': 'rdnmgo', 'posts_count': '121', 'post_text': 'Photo by @rdnmgo on October 28, 2024. 사람 1명, 책, 잡지, 포스터 및 텍스트의 만화일 수 있음.', 'post_image': 'https://scontent-ssn1-1.cdninstagram.com/v/t51.29350-15/464887241_1709294396525365_9105610568646436_n.jpg?stp=dst-jpg_e15&efg=eyJ2ZW5jb2RlX3RhZyI6ImltYWdlX3VybGdlbi42MTJ4NjEyLnNkci5mMjkzNTAuZGVmYXVsdF9pbWFnZSJ9&_nc_ht=scontent-ssn1-1.cdninstagram.com&_nc_cat=101&_nc_ohc=3Kj2bNmIUDQQ7kNvgFekd_N&_nc_gid=cc1aeb20b0754d2c825ae821e83c00ed&edm=AONqaaQBAAAA&ccb=7-5&ig_cache_key=MzQ4OTI3MTAyOTQ4MDMxNDg5MA%3D%3D.3-ccb7-5&oh=00_AYDNWcaxjAauvoJEuuFQ5I7htidtYdtn-XwWvD4d7qQm1g&oe=6726DB7E&_nc_sid=4e3341', 'post_datetime': '2024-10-29 12:45:42', 'post_description': '### 보편적 주제\n\n픽사에서 일하는 내내 나의 가장 중요한 화두는 가능한 한 많은 이의 마음을 사로잡는 스토리였다. 이런 스토리 제작은 어떻게 해야 할까? 바로 보편적 주제가 답이다. 누구나 가지고 있는 정서인 두려움과 욕망을 토대로 하는 것이다. 보편적 주제는 성별, 나이, 문화를 초월해 유대감을 형성한다.\n\n인간은 태어나면서부터 버려지는 것에 대한 두려움을 가지고 있다. 엄마는 어디 있지? 아빠는 어디 있지? 인간은 본능적으로 부모(또는 부모 같은 존재)를 의지한다. 《토이 스토리》 시리즈는 ‘버려짐’이라는 주제를 다룬다.\n우디는 이제 버려지는 두려움과 직면해야 한다. 이 과정에서 우디는 누군가와 물리적으로 영원히 함께하지는 못하지만 마음만은 늘 함께할 수 있다는 사실을 깨닫는다. 주인이 어디론가 멀리 떠나거나 훌쩍 자라 어른이 된다 해도 늘 정신적으로 함께할 수 있다는 사실을 알게 된다.'}, {'user_id': '42lines_', 'posts_count': '120', 'post_text': 'Photo by @42lines_ on October 28, 2024. 텍스트의 이미지일 수 있음.', 'post_image': 'https://scontent-ssn1-1.cdninstagram.com/v/t51.29350-15/464948107_1098915361619464_3070610542870396791_n.webp?stp=dst-jpg_e35&efg=eyJ2ZW5jb2RlX3RhZyI6ImltYWdlX3VybGdlbi4xNDQweDE0NDAuc2RyLmYyOTM1MC5kZWZhdWx0X2ltYWdlIn0&_nc_ht=scontent-ssn1-1.cdninstagram.com&_nc_cat=104&_nc_ohc=_bbrZl8Hq7cQ7kNvgEbFgId&_nc_gid=0944e99e6fbf4cc1946e71ea6612096c&edm=AONqaaQBAAAA&ccb=7-5&ig_cache_key=MzQ4OTM0MDkwMjQwNjA1OTM3OQ%3D%3D.3-ccb7-5&oh=00_AYAuLwQMi4s-4JmZlQAp2w_uNcqWK2hyv41iRRV6Be0bvw&oe=6726CB5F&_nc_sid=4e3341', 'post_datetime': '2024-10-29 15:04:31', 'post_description': ''}, {'user_id': 'euiclee.books', 'posts_count': '120', 'post_text': 'Photo by 유클리책장 | 📚 매일매일 독서기록 on October 29, 2024. 텍스트의 이미지일 수 있음.', 'post_image': 'https://scontent-ssn1-1.cdninstagram.com/v/t51.29350-15/464968913_1063347291766478_5822890264929508237_n.jpg?stp=dst-jpg_e35&efg=eyJ2ZW5jb2RlX3RhZyI6ImltYWdlX3VybGdlbi4xMDAweDEwMDAuc2RyLmYyOTM1MC5kZWZhdWx0X2ltYWdlIn0&_nc_ht=scontent-ssn1-1.cdninstagram.com&_nc_cat=102&_nc_ohc=ie6D1Iasp8oQ7kNvgH1G11s&_nc_gid=e1ab7e123c92494c987094e999d3604c&edm=AONqaaQBAAAA&ccb=7-5&ig_cache_key=MzQ4OTU2MDk4NjA4NzM3MzEzMQ%3D%3D.3-ccb7-5&oh=00_AYDmzRgg4pVDbOK6lSua2DPh1tMJgFEkwW6sSExxNeoD3g&oe=6726D819&_nc_sid=4e3341', 'post_datetime': '2024-10-29 22:21:48', 'post_description': '🖋️ 스티브잡스, 일론머스크, 월트 디즈니 모두 다 사람의 마음을 움직여 열정을 불러 일으킬 수 있는 능력을 가지고 있었다.\n\n그리고 카네기는 사람의 수많은 욕구 중에 자기 자신의 중요성을 일깨워 주라고 한다. 칭찬과 격려로 사람들의 장점을 키워줘야 한다는 것이다.\n\n칭찬과 아첨은 전혀 다른 것이며 칭찬은 마음속에서 우러나오는 진실이고 아첨은 혓바닥에서 나오는 거짓이라고 한다. 나의 장점이 아니라 다른 사람의 장점을 발견할 수 있는 능력을 키우자.\n\n한가지 궁금했던 것은 위의 세명 다 자서전을 읽어본 후에는 인성파탄자들이 아닌가 하는 면도 심심치 않게 발견할 수 있었는데, 사람들 스스로 움직이고 싶어하는 기분을 어떻게 만든 것일까 하는 것이다.\n\n📗#인간관계론 #데일카네기 #스타북스\n\n🔖 #독서 #북스타그램 #책 #독서스타그램 #책스타그램 #책리뷰 #책추천 #유클리 #유클리책장 #장점 #칭찬 #아첨'}, {'user_id': 'ai.gi.book', 'posts_count': '154', 'post_text': 'Photo by @ai.gi.book on October 29, 2024. 사람 1명, 잡지, 포스터 및 텍스트의 이미지일 수 있음.', 'post_image': 'https://scontent-ssn1-1.cdninstagram.com/v/t51.29350-15/464987335_473365779084428_2859445365961572122_n.jpg?stp=dst-jpg_e35&efg=eyJ2ZW5jb2RlX3RhZyI6ImltYWdlX3VybGdlbi4xNDQweDE4MDAuc2RyLmYyOTM1MC5kZWZhdWx0X2ltYWdlIn0&_nc_ht=scontent-ssn1-1.cdninstagram.com&_nc_cat=108&_nc_ohc=f17kg_p1lY4Q7kNvgEOcEoH&_nc_gid=da79a93c2ec649a6b8f0709699f48e92&edm=AONqaaQBAAAA&ccb=7-5&ig_cache_key=MzQ4OTQ0Njg1NzU2NDcyMDc0NQ%3D%3D.3-ccb7-5&oh=00_AYC3xoBSRnLW0pt5v2Kq5bnUOpLDxvrWCWd_RGu8IF4cmA&oe=6726CEB1&_nc_sid=4e3341', 'post_datetime': '2024-10-29 18:35:02', 'post_description': '내가 한 선택에 책임을 지고\n\n결정해야 하는 순간을\n\n한두 번은 회피할 수 있을지 모른다.\n\n하지만 회피를 거듭하다 세월만 무심히 보내고\n\n그때 가서 허망함을 느낀다면 이미 늦은 것이다.\n\n \n\n내 삶에서 이룬 것도 없는 상황에서, 감정적으로 의지하고 기댈 수 있는 그 사람마저 내 옆에서 사라지는 게 싫어서 그냥 만나고 있는가? 그렇다면 두 가지 중에 하나를 선택해야 한다. 지금이라도 정신 차리고 연애하면서도 꾸준히 미래를 준비하는 것이다. 그게 아니면 언젠가는 이 관계가 끝이 날 것이라는 사실을 감안하고 만나야 한다. 적어도 둘 중 하나는 필연적으로 선택해야 할 문제다. 자, 이제 어떤 선택을 할 것인가? 답은 당신에게 달려 있다. - <사랑은 그렇게 하는 것이 아니다>, 김달 - 밀리의 서재\nhttps://www.millie.co.kr/v3/bookDetail/11682882c6604806'}]
CSV 파일에 데이터 저장 중...
CSV 파일에 데이터 저장 완료
성공/실패 평가 중...
성공한 사람: ['terrys_reading', 'rdnmgo', '42lines_', 'euiclee.books', 'ai.gi.book']
실패한 사람: []
요약 이미지 생성 중...
요약 이미지 생성 완료
이미지 업로드 시작...
사진 업로드 중...
새 게시물 버튼 클릭 완료
다음 버튼 클릭 중...
다음 버튼 클릭 완료
다음 버튼 클릭 중...
다음 버튼 클릭 완료
성공/실패 평가 중...
성공한 사람: ['terrys_reading', 'rdnmgo', '42lines_', 'euiclee.books', 'ai.gi.book']
실패한 사람: []
설명 입력 중...
설명 입력 완료
게시물 공유 중...
게시물 공유 완료
사진 업로드 완료
이미지 업로드 완료
드라이버 종료
프로그램 시작
드라이버 설정 중...
드라이버 설정 완료
인스타그램 로그인 시도 중...
로그인 정보 입력 완료
로그인 정보 저장 버튼 클릭 중...
로그인 정보 저장 버튼 클릭 완료
정보 수집 시작...
terrys_reading의 정보 수집 중...
terrys_reading의 게시물에 '더 보기' 버튼 없음
좋아요 버튼을 클릭했습니다.
terrys_reading의 정보 수집 완료
rdnmgo의 정보 수집 중...
rdnmgo의 게시물에 '더 보기' 버튼 없음
좋아요 버튼을 클릭했습니다.
rdnmgo의 정보 수집 완료
42lines_의 정보 수집 중...
42lines_의 게시물에 '더 보기' 버튼 없음
좋아요 버튼을 클릭했습니다.
42lines_의 정보 수집 완료
euiclee.books의 정보 수집 중...
euiclee.books의 게시물에 '더 보기' 버튼 없음
좋아요 버튼을 클릭했습니다.
euiclee.books의 정보 수집 완료
ai.gi.book의 정보 수집 중...
ai.gi.book의 게시물에 '더 보기' 버튼 없음
좋아요 버튼을 클릭했습니다.
ai.gi.book의 정보 수집 완료
정보 수집 완료
[{'user_id': 'terrys_reading', 'posts_count': '114', 'post_text': 'Photo by @terrys_reading on October 30, 2024. 책 및 텍스트의 이미지일 수 있음.', 'post_image': 'https://scontent-ssn1-1.cdninstagram.com/v/t51.29350-15/465085392_1720778535389969_1640988324132783779_n.jpg?stp=dst-jpg_e35&efg=eyJ2ZW5jb2RlX3RhZyI6ImltYWdlX3VybGdlbi4xNDQweDE4MDAuc2RyLmYyOTM1MC5kZWZhdWx0X2ltYWdlIn0&_nc_ht=scontent-ssn1-1.cdninstagram.com&_nc_cat=105&_nc_ohc=R9Rhxj2ZpFgQ7kNvgF9Vojo&_nc_gid=311c511e96dd40f2a27053eccb9f0849&edm=AONqaaQBAAAA&ccb=7-5&ig_cache_key=MzQ5MDMyOTA3NTg3NDk1Nzg3OA%3D%3D.3-ccb7-5&oh=00_AYCGr4oa4yz4w9hOMqwZJPNmDNkY0s10pvHS9hvSyxQlew&oe=67281A56&_nc_sid=4e3341', 'post_datetime': '2024-10-30 23:47:51', 'post_description': '우리 투자자들은 끊임없이 어떤 주식을 사기를 권유 받는다. 주식 공부를 할 때도 우리는 사야 하는 주식에 대해 공부한다. 하지만 이보다 중요한 것은 어느 기업에 투자하지 않는지를 배우는 것이다. 리스크가 높은 투자를 인지하고 그를 피해가는 것, 그것이 투자에 있어 가장 중요한 요소가 아닐까 싶다.'}, {'user_id': 'rdnmgo', 'posts_count': '122', 'post_text': 'Photo by @rdnmgo on October 30, 2024. 사람 1명, 책, 잡지, 포스터 및 텍스트의 만화일 수 있음.', 'post_image': 'https://scontent-ssn1-1.cdninstagram.com/v/t51.29350-15/465080942_1650656778998525_2886926592638521512_n.jpg?stp=dst-jpg_e15&efg=eyJ2ZW5jb2RlX3RhZyI6ImltYWdlX3VybGdlbi42MTJ4NjEyLnNkci5mMjkzNTAuZGVmYXVsdF9pbWFnZSJ9&_nc_ht=scontent-ssn1-1.cdninstagram.com&_nc_cat=105&_nc_ohc=EwZfmJe5_3AQ7kNvgHiAMQZ&_nc_gid=26f64c4ab1334e838ce4644a48d882d4&edm=AONqaaQBAAAA&ccb=7-5&ig_cache_key=MzQ5MDI3MTYxMTEwODI1ODU5OA%3D%3D.3-ccb7-5&oh=00_AYDT7YU1vAbOL6Tl6OdatoXDiCSytZoLghbq1zIF8bA-3w&oe=67280DBE&_nc_sid=4e3341', 'post_datetime': '2024-10-30 21:53:40', 'post_description': '사랑과 소속감에 대한 열망은 수천 년 동안 스토리텔링에서 사용된 여섯 가지 주요 주제 중 하나다. 여섯 가지 주제는 다음과 같다.\n\n1. 사랑과 소속감\n2. 안전과 안정\n3. 자유와 자발성\n4. 권력과 책임\n5. 즐거움과 재미\n6. 인식과 이해\n\n이 영화들이 성별과 나이, 문화를 초월해 관객과 유대감을 쌓은 이유는 보편적 주제를 담았기 때문이다. 스토리나 메시지를 전달할 대상과 유대감을 쌓아야 한다면 이런 보편적 주제를 하나 이상 담는 것이 좋다.\n\n메르세데스 벤츠는 최근 ‘눈 오는 날 데이트’ 광고에서 ‘안전과 안정’이라는 주제를 녹여내 대중의 공감을 얻었다.\n차를 타고 영화관에 가면서 아버지는 이렇게 말한다. “눈 한번 제대로 내리네.” 그러자 아들이 대답한다. “그 애는 꼭 올 거예요.” 그제야 관객은 아들이 데이트를 하러 가는 길임을 알게 된다. 험한 눈길에서도 벤츠 자동차는 매끄럽고 안정감 있게 질주한다.\n여자 친구도 벤츠 SUV를 타고 무사히 영화관에 도착한 것이다. 두 십 대 커플은 수줍게 “안녕” 인사를 나누고는 영화관으로 함께 들어간다.\n\n하나의 스토리 안에 한 가지 보편적 주제를 담을 수도 있고 여러 주제를 함께 담을 수도 있다. 당신은 관객이나 독자, 청중에게 늘 다가가 그들의 관심사를 파악해야 한다. 사람의 열정과 고난은 변화하기 때문에 그 흐름에 맞춰 주제도 달라져야 한다.'}, {'user_id': '42lines_', 'posts_count': '121', 'post_text': 'Photo by @42lines_ on October 29, 2024. 텍스트의 이미지일 수 있음.', 'post_image': 'https://scontent-ssn1-1.cdninstagram.com/v/t51.29350-15/464955561_1281274566209513_187123850726315314_n.webp?stp=dst-jpg_e35&efg=eyJ2ZW5jb2RlX3RhZyI6ImltYWdlX3VybGdlbi4xNDQweDE0NDAuc2RyLmYyOTM1MC5kZWZhdWx0X2ltYWdlIn0&_nc_ht=scontent-ssn1-1.cdninstagram.com&_nc_cat=105&_nc_ohc=7byQPN6UtZUQ7kNvgHmIQoF&_nc_gid=a4a3f34cd22846419bd6aa165d72643c&edm=AONqaaQBAAAA&ccb=7-5&ig_cache_key=MzQ4OTk3MzI5NDU5MTg0NzkyMA%3D%3D.3-ccb7-5&oh=00_AYBKAqKCKN7AxcJBqAK_dnVIlO1zE-PnrftIUSb1SMOOyg&oe=672827FA&_nc_sid=4e3341', 'post_datetime': '2024-10-30 12:00:58', 'post_description': ''}, {'user_id': 'euiclee.books', 'posts_count': '121', 'post_text': 'Photo by 유클리책장 | 📚 매일매일 독서기록 on October 30, 2024. 텍스트의 이미지일 수 있음.', 'post_image': 'https://scontent-ssn1-1.cdninstagram.com/v/t51.29350-15/465085888_844962654375880_9137941434271114213_n.jpg?stp=dst-jpg_e15&efg=eyJ2ZW5jb2RlX3RhZyI6ImltYWdlX3VybGdlbi4xMDgweDEwODAuc2RyLmYyOTM1MC5kZWZhdWx0X2ltYWdlIn0&_nc_ht=scontent-ssn1-1.cdninstagram.com&_nc_cat=104&_nc_ohc=E7SRF87WIX0Q7kNvgEMcJ-x&_nc_gid=c790355e4f3e4f4e9ba256c6b63bb710&edm=AONqaaQBAAAA&ccb=7-5&ig_cache_key=MzQ5MDMxMjI1NDQzNDg3MzQ4MQ%3D%3D.3-ccb7-5&oh=00_AYA9aU2jxlpUpYOdXIlb09gxz7Va1pJLlJ_1iBd_CX6hCA&oe=67280F9A&_nc_sid=4e3341', 'post_datetime': '2024-10-30 23:14:26', 'post_description': '🖋️ 인간의 행동이란 마음속에서 비롯된 욕구로부터 생겨난다. 따라서 사람을 움직이는 최선의 방법은 먼저 상대방의 마음속에 강한 욕구를 불러일으키도록 만드는 것이다.\n\n입장을 바꿔 생각을 해보자. 누군가를 설득하여 무슨 일을 하도록 만들려면 우선 어떻게 해야만 상대방으로 하여금 그렇게 하고 싶다는 기분을 불러일으킬 수 있을지 생각해보아야 한다.\n\n지금까지 누군가를 설득시킨 상황들을 생각해보면 의도한 것은 아니었지만 내 상황을 먼저 말하기 보다는 상대방의 입장에서 왜 그래야 하는지를 먼저 설명했던 기억이 있다.\n\n말을 잘하는 사람, 설득을 잘하는 사람, 사람들을 움직일 수 있는 매력과 능력을 가진 사람들이 타고난 점이 있지 않을까 생각도 해봤다.\n\n하지만 상대방의 입장이 되어 보고, 상대의 입장에서 사물을 보는 능력, 남들에게서 장점을 찾아내는 능력 이 두가지는 내가 조금이라도 남들에게 더 신경을 쓴다면 충분히 발전시킬 수 있는 능력들이 아닐까 하는 생각이 든다.\n\n📗#인간관계론 #데일카네기 #스타북스\n\n🔖 #독서 #북스타그램 #책 #독서스타그램 #책스타그램 #책리뷰 #책추천 #유클리 #유클리책장 #입장 #역지사지'}, {'user_id': 'ai.gi.book', 'posts_count': '156', 'post_text': 'Photo by @ai.gi.book on October 30, 2024. 사람 1명, 잡지, 포스터 및 텍스트의 이미지일 수 있음.', 'post_image': 'https://scontent-ssn1-1.cdninstagram.com/v/t51.29350-15/465012347_569298275782606_6152378968223939125_n.jpg?stp=dst-jpg_e35&efg=eyJ2ZW5jb2RlX3RhZyI6ImltYWdlX3VybGdlbi4xNDQweDE4MDAuc2RyLmYyOTM1MC5kZWZhdWx0X2ltYWdlIn0&_nc_ht=scontent-ssn1-1.cdninstagram.com&_nc_cat=110&_nc_ohc=LF4XpptuseoQ7kNvgH3hynA&_nc_gid=9e0c39308b5e4af59e8f75d5ac84fc21&edm=AONqaaQBAAAA&ccb=7-5&ig_cache_key=MzQ5MDMzMzA0NTMwNjU3Nzg2OQ%3D%3D.3-ccb7-5&oh=00_AYAWYQeQlisfCq7uJAxtfrEZQ_TWM1f4GlRA2h3w0y2pFg&oe=67281D30&_nc_sid=4e3341', 'post_datetime': '2024-10-30 23:55:44', 'post_description': '자극을 느끼기 시작하면 더 큰 자극을 원하고\n\n그다음부터는 또 더 큰 자극을 원하게 된다.\n\n그 결과 관계는 파탄 나고, 회복하기는 불가능하다.\n\n이것을 명심하지 않으면 당신 곁엔\n\n아무도 남아 있지 않을 것이다.\n\n \n\n선생님의 말을 듣고 나니 그동안 정리되지 않던 감정들이 명쾌하게 정리된 기분이 들었다. 서로 맞춰가려는 의지를 가지고, 항상 내 편에 서며, 욕망을 절제할 줄 아는 사람을 만나야 하고, 나도 그런 사람이 되어야 한다. 그러면 좋은 관계가 지속될 것이고 운명이 바뀔 것이다. - <사랑은 그렇게 하는 것이 아니다>, 김달 - 밀리의 서재\nhttps://www.millie.co.kr/v3/bookDetail/11682882c6604806'}]
CSV 파일에 데이터 저장 중...
CSV 파일에 데이터 저장 완료
성공/실패 평가 중...
성공한 사람: ['terrys_reading', 'rdnmgo', '42lines_', 'euiclee.books', 'ai.gi.book']
실패한 사람: []
요약 이미지 생성 중...
요약 이미지 생성 완료
이미지 업로드 시작...
사진 업로드 중...
새 게시물 버튼 클릭 완료
다음 버튼 클릭 중...
다음 버튼 클릭 완료
다음 버튼 클릭 중...
다음 버튼 클릭 완료
성공/실패 평가 중...
성공한 사람: ['terrys_reading', 'rdnmgo', '42lines_', 'euiclee.books', 'ai.gi.book']
실패한 사람: []
설명 입력 중...
설명 입력 완료
게시물 공유 중...
게시물 공유 완료
사진 업로드 완료
이미지 업로드 완료
드라이버 종료
프로그램 시작
드라이버 설정 중...
드라이버 설정 완료
인스타그램 로그인 시도 중...
로그인 정보 입력 완료
로그인 정보 저장 버튼 클릭 중...
로그인 정보 저장 버튼 클릭 완료
정보 수집 시작...
terrys_reading의 정보 수집 중...
terrys_reading의 게시물에 '더 보기' 버튼 없음
좋아요 버튼을 클릭했습니다.
terrys_reading의 정보 수집 완료
rdnmgo의 정보 수집 중...
rdnmgo의 게시물에 '더 보기' 버튼 없음
좋아요 버튼을 클릭했습니다.
rdnmgo의 정보 수집 완료
42lines_의 정보 수집 중...
42lines_의 게시물에 '더 보기' 버튼 없음
좋아요 버튼을 클릭했습니다.
42lines_의 정보 수집 완료
euiclee.books의 정보 수집 중...
euiclee.books의 게시물에 '더 보기' 버튼 없음
좋아요 버튼을 클릭했습니다.
euiclee.books의 정보 수집 완료
ai.gi.book의 정보 수집 중...
ai.gi.book의 게시물에 '더 보기' 버튼 없음
좋아요 버튼을 클릭했습니다.
ai.gi.book의 정보 수집 완료
정보 수집 완료
[{'user_id': 'terrys_reading', 'posts_count': '115', 'post_text': 'Photo by @terrys_reading on October 31, 2024. 텍스트의 이미지일 수 있음.', 'post_image': 'https://scontent-ssn1-1.cdninstagram.com/v/t51.29350-15/465193531_1088234163309867_7387556525904822439_n.jpg?stp=dst-jpg_e35&efg=eyJ2ZW5jb2RlX3RhZyI6ImltYWdlX3VybGdlbi4xNDQweDE4MDAuc2RyLmYyOTM1MC5kZWZhdWx0X2ltYWdlIn0&_nc_ht=scontent-ssn1-1.cdninstagram.com&_nc_cat=103&_nc_ohc=Ci-ZuIaQb60Q7kNvgHgvMm0&_nc_gid=8af9457c77274143a8e6bc25740ed3c6&edm=AONqaaQBAAAA&ccb=7-5&ig_cache_key=MzQ5MTA0NzkzODk5NjQwNTYzNg%3D%3D.3-ccb7-5&oh=00_AYApiEJsDGTtt0vK7F8XEfwGLc4_pFxr-nQ1YWGRgLhJIw&oe=67297D7E&_nc_sid=4e3341', 'post_datetime': '2024-10-31 23:36:06', 'post_description': '세 가지 원리\n1. 자연 선택 성 선택 공통 조상\n2. 진화생물학자들은 진화의 방향을 예측하지 않는다.\n3. 그저 과거의 진화 방향을 추적하고 이해할 뿐이다.\n4. 투자자들은 진화생물학자의 태도에서 무엇을 배워야 하는가?'}, {'user_id': 'rdnmgo', 'posts_count': '123', 'post_text': "Photo by @rdnmgo on October 30, 2024. 사람 1명, 책, 잡지, 포스터 및 문구: '매듀론재81박여진올검 PIXAR PIX STORYTELLING 픽사 스토리렐링 고객의 마음을 사로잡는 9가지 스토리 스토리법칙 법칙 구글, 디즈니, 레고, 넷플릭스가 릭스가 찾는 스토리텔링 마스터 매류 문의 실전 바이블 폭사 20년 경력 스토리제적자희 스토리 제작자의 액싱 비법 수록 네이버, 카카오 디즈니코리아 인플루언서추천 추천 2021 올해의 강연자 TOP TOP20 20 (BigSpeak)'의 만화일 수 있음.", 'post_image': 'https://scontent-ssn1-1.cdninstagram.com/v/t51.29350-15/465059530_3790403984560423_3691676048909834795_n.jpg?stp=dst-jpg_e15&efg=eyJ2ZW5jb2RlX3RhZyI6ImltYWdlX3VybGdlbi42MTJ4NjEyLnNkci5mMjkzNTAuZGVmYXVsdF9pbWFnZSJ9&_nc_ht=scontent-ssn1-1.cdninstagram.com&_nc_cat=107&_nc_ohc=l4NEZMtGDCsQ7kNvgGDr_Vd&_nc_gid=dd621b2e321245f0b95836a1594e86e4&edm=AONqaaQBAAAA&ccb=7-5&ig_cache_key=MzQ5MDcwODM4MzYzODIzODc3Mg%3D%3D.3-ccb7-5&oh=00_AYC76BhJUC8J0oIfGFsBgGrjzEL_ZSZbcPRyGnjnRVYRSA&oe=6729698B&_nc_sid=4e3341', 'post_datetime': '2024-10-31 12:21:28', 'post_description': '### 당신의 고객은 누구인가\n\n십 대들의 눈에 매직 킹덤은 그저 어린아이를 위한 유치한 놀이터였다. 디즈니는 십 대 딸 다이앤에게 물었다. “디즈니랜드에 뭐가 있으면 오고 싶겠니?” 그러자 딸이 단 한마디로 답했다. “남자애들이요.” 월트 디즈니의 머릿속에 전구가 탁 켜지는 순간이었다. 십 대가 무엇을 원하는지 비로소 알게 되었다. 십 대는 음악과 춤, 밤에 펼쳐지는 삶을 원한다. 월트 디즈니는 음악과 춤을 도입해 ‘디즈니랜드 야간 개장’을 만들었다.\n“책상 앞에만 앉아 있지 않았으면 합니다. 디즈니랜드에 가서 직접 이용객이 뭘 하는지 보고, 어떻게 하면 그들을 더 즐겁게 해줄 수 있는지 찾아보세요.”\n\n청중과 교감해야 한다고 해서 영감을 주는 방법을 법칙이나 공식으로 만들어야 하는 것은 아니다. 꼼꼼히 사람들을 관찰하고 어느 포인트에서 감동하는지 발견하는 것이 중요하다. 명심하자. 얼마든지 지금보다 더 깊이 교감할 수 있다.'}, {'user_id': '42lines_', 'posts_count': '122', 'post_text': 'Photo by @42lines_ on October 31, 2024. 책 및 텍스트의 이미지일 수 있음.', 'post_image': 'https://scontent-ssn1-1.cdninstagram.com/v/t51.29350-15/464364112_1075216837035267_908986808862968883_n.webp?stp=dst-jpg_e35&efg=eyJ2ZW5jb2RlX3RhZyI6ImltYWdlX3VybGdlbi4xNDQweDE0NDAuc2RyLmYyOTM1MC5kZWZhdWx0X2ltYWdlIn0&_nc_ht=scontent-ssn1-1.cdninstagram.com&_nc_cat=103&_nc_ohc=eSYa4gp9TOgQ7kNvgH4ZL1D&_nc_gid=69891d8f3fcb4fa1a9fed2b3d20ce3a0&edm=AONqaaQBAAAA&ccb=7-5&ig_cache_key=MzQ5MDg3MDYxODQwMTA3NjE4Ng%3D%3D.3-ccb7-5&oh=00_AYDLt0wD6jNJUpwEIW1_Jv9fX6hd4Ge4X1UF3ZXo2R9yUw&oe=672982C3&_nc_sid=4e3341', 'post_datetime': '2024-10-31 17:43:48', 'post_description': ''}, {'user_id': 'euiclee.books', 'posts_count': '122', 'post_text': 'Photo by 유클리책장 | 📚 매일매일 독서기록 on October 31, 2024. 텍스트의 이미지일 수 있음.', 'post_image': 'https://scontent-ssn1-1.cdninstagram.com/v/t51.29350-15/464483805_1065016644888306_6270045352195367139_n.jpg?stp=dst-jpg_e15&efg=eyJ2ZW5jb2RlX3RhZyI6ImltYWdlX3VybGdlbi4xMDgweDEwODAuc2RyLmYyOTM1MC5kZWZhdWx0X2ltYWdlIn0&_nc_ht=scontent-ssn1-1.cdninstagram.com&_nc_cat=106&_nc_ohc=iaD1-2BERsEQ7kNvgEe-irF&_nc_gid=d5002b7a56a247b995577ea1b4f0832a&edm=AONqaaQBAAAA&ccb=7-5&ig_cache_key=MzQ5MDk4NDgwNDc5NzYyNDIzNA%3D%3D.3-ccb7-5&oh=00_AYCjnZuOHmb_1TH_jGIetyjsm-zlq_gWhM8--Xwef2optw&oe=6729869E&_nc_sid=4e3341', 'post_datetime': '2024-10-31 21:30:40', 'post_description': '🖋️ 사람과 관계를 맺으려면 이름은 당연히 알아야 하는 것이지만, 교류가 없거나 신경을 쓰지 않는 이상 당연히 까먹기 마련이다.\n\n하지만 인간이 다른 사람의 이름 따위에는 신경을 쓰지 않지만, 자신의 이름에는 굉장한 관심을 기울인다는 점은 백번 맞는 말인 것 같다.\n\n나만 해도 당연히 내 이름을 못 기억하는 사람보다는 기억해주는 사람에게 더 호감이 가기 마련이기 때문이다.\n\n나도 항상 이름을 외우려고 노력한다. 하지만 나는 사람 얼굴은 정말 잘 기억하지만 이름은 잘 기억하지 못한다. 그렇기 때문에 평소에도 최대한 외우려고 더 신경을 쓴다.\n\n가끔은 내가 기억력이 안 좋은게 안 좋은 일을 잊어버릴 때는 정말 좋게 작용하지만, 이와 같이 이름을 외워야 하는 상황에 부딪혔을 때는 정말 조금 많이 아쉽다.\n\n📗#인간관계론 #데일카네기 #스타북스\n\n🔖 #독서 #북스타그램 #책 #독서스타그램 #책스타그램 #책리뷰 #책추천 #유클리 #유클리책장 #이름'}, {'user_id': 'ai.gi.book', 'posts_count': '158', 'post_text': 'Photo by @ai.gi.book on October 30, 2024. 사람 1명 및 텍스트의 이미지일 수 있음.', 'post_image': 'https://scontent-ssn1-1.cdninstagram.com/v/t51.29350-15/465020723_870371811849816_1383420233882091023_n.jpg?stp=dst-jpg_e35&efg=eyJ2ZW5jb2RlX3RhZyI6ImltYWdlX3VybGdlbi4xNDQweDE4MDAuc2RyLmYyOTM1MC5kZWZhdWx0X2ltYWdlIn0&_nc_ht=scontent-ssn1-1.cdninstagram.com&_nc_cat=100&_nc_ohc=nA3bxtpjqhQQ7kNvgEl7g6i&_nc_gid=c8a47a837d7c46d490736e7214ebeadf&edm=AONqaaQBAAAA&ccb=7-5&ig_cache_key=MzQ5MDU5NDk3MTk5OTc2MzU4NA%3D%3D.3-ccb7-5&oh=00_AYC7wmNBD3_B0dkAmdcLi5zxXPxCxZySRP77v80cNYTMkw&oe=67298549&_nc_sid=4e3341', 'post_datetime': '2024-10-31 08:36:08', 'post_description': '네가 나와 마음이 맞으면 좋고,\n\n아니면 어쩔 수 없고.\n\n이런 마음을 바탕에 두고 사랑해야 한다.\n\n \n\n인생이나 연애에서 운이 차지하는 비중이 굉장히 크다고 생각한다. 행복해 보이던 커플들도 눈 깜짝할 새 파국에 이르듯, 세상에는 우리를 흔드는 변수가 너무나 많다. 사랑을 한다는 것도 어쩌면 위험 부담을 안는 것이다.\n\n위험 부담을 안고 사랑을 한다면 담보가 있는 게 좋지 않겠는가. 쉽게 말해 믿는 구석 하나쯤은 있어야 한다. 그토록 믿었던 상대방이 만에 하나 나를 배신하더라도 내게 남을 무언가가 분명히 있어야 한다는 말이다. 사랑한 동안의 시간을 통째로 허비한 것으로 만들지 않을 수 있는 나의 또다른 삶의 목표가 있어야 한다. 그래야 당신이 흔들리고 힘든 그 시기에 멘탈의 뿌리까지 뽑히는 걸 막을 수 있다. - <사랑은 그렇게 하는 것이 아니다>, 김달 - 밀리의 서재\nhttps://www.millie.co.kr/v3/bookDetail/11682882c6604806'}]
CSV 파일에 데이터 저장 중...
CSV 파일에 데이터 저장 완료
성공/실패 평가 중...
성공한 사람: ['terrys_reading', 'rdnmgo', '42lines_', 'euiclee.books', 'ai.gi.book']
실패한 사람: []
요약 이미지 생성 중...
요약 이미지 생성 완료
이미지 업로드 시작...
사진 업로드 중...
새 게시물 버튼 클릭 완료
다음 버튼 클릭 중...
다음 버튼 클릭 완료
다음 버튼 클릭 중...
다음 버튼 클릭 완료
성공/실패 평가 중...
성공한 사람: ['terrys_reading', 'rdnmgo', '42lines_', 'euiclee.books', 'ai.gi.book']
실패한 사람: []
설명 입력 중...
설명 입력 완료
게시물 공유 중...
게시물 공유 완료
사진 업로드 완료
이미지 업로드 완료
드라이버 종료
프로그램 시작
드라이버 설정 중...
드라이버 설정 완료
인스타그램 로그인 시도 중...
로그인 정보 입력 완료
로그인 정보 저장 버튼 클릭 중...
로그인 정보 저장 버튼 클릭 완료
정보 수집 시작...
terrys_reading의 정보 수집 중...
terrys_reading의 게시물에 '더 보기' 버튼 없음
좋아요 버튼을 클릭했습니다.
terrys_reading의 정보 수집 완료
rdnmgo의 정보 수집 중...
rdnmgo의 게시물에 '더 보기' 버튼 없음
좋아요 버튼을 클릭했습니다.
rdnmgo의 정보 수집 완료
42lines_의 정보 수집 중...
42lines_의 게시물에 '더 보기' 버튼 없음
좋아요 버튼을 클릭했습니다.
42lines_의 정보 수집 완료
euiclee.books의 정보 수집 중...
euiclee.books의 게시물에 '더 보기' 버튼 없음
좋아요 버튼을 클릭했습니다.
euiclee.books의 정보 수집 완료
ai.gi.book의 정보 수집 중...
ai.gi.book의 게시물에 '더 보기' 버튼 없음
좋아요 버튼을 클릭했습니다.
ai.gi.book의 정보 수집 완료
정보 수집 완료
[{'user_id': 'terrys_reading', 'posts_count': '116', 'post_text': 'Photo by @terrys_reading on November 01, 2024. 책 및 텍스트의 이미지일 수 있음.', 'post_image': 'https://scontent-ssn1-1.cdninstagram.com/v/t51.29350-15/465112283_1073086103986281_4312959549691548399_n.jpg?stp=dst-jpg_e35&efg=eyJ2ZW5jb2RlX3RhZyI6ImltYWdlX3VybGdlbi4xNDQweDE4MDAuc2RyLmYyOTM1MC5kZWZhdWx0X2ltYWdlIn0&_nc_ht=scontent-ssn1-1.cdninstagram.com&_nc_cat=109&_nc_ohc=DiwhemreLCkQ7kNvgE-e3Ws&_nc_gid=d6fa8e77a0934eba9eeb82a2a1784526&edm=AONqaaQBAAAA&ccb=7-5&ig_cache_key=MzQ5MTc3ODYyNTQ4MzM4MTcxNQ%3D%3D.3-ccb7-5&oh=00_AYAwsjvwTTmRBWEVBQQWny2xY_RE6XfAdmcrJpazgrfNlw&oe=672AD69A&_nc_sid=4e3341', 'post_datetime': '2024-11-01 23:47:50', 'post_description': '오류에는 두 가지가 존재한다. 행동으로 인한 비용에 대한 오류와 하지 않아서 발생하는 기회 비용에 대한 오류. 투자에선 전자를 피해어 한다.\n\n전자를 피하기 위해서는 아래와 같은 요소들을 상기할 필요가 있다. 명확한 트랙 레코드가 존재하며, 반전 스토리를 기대하지 않아도 되고, 레버리지가 높은 산업을 피하며, 빠르게 변화하는 산업, 그리고 지분이 명확하지 않으며, 반전 스토리를 기대하는 회사.'}, {'user_id': 'rdnmgo', 'posts_count': '124', 'post_text': 'Photo by @rdnmgo on November 01, 2024. 사람 1명, 책, 잡지, 포스터 및 텍스트의 만화일 수 있음.', 'post_image': 'https://scontent-ssn1-1.cdninstagram.com/v/t51.29350-15/465060993_1210452973548909_8586493694168005235_n.jpg?stp=dst-jpg_e15&efg=eyJ2ZW5jb2RlX3RhZyI6ImltYWdlX3VybGdlbi42MTJ4NjEyLnNkci5mMjkzNTAuZGVmYXVsdF9pbWFnZSJ9&_nc_ht=scontent-ssn1-1.cdninstagram.com&_nc_cat=109&_nc_ohc=C0SuCGSMvzEQ7kNvgHsBVPi&_nc_gid=63fa1435e73949a985a9ba14358f91c9&edm=AONqaaQBAAAA&ccb=7-5&ig_cache_key=MzQ5MTU2MzY5Njc4ODY4NTcxMw%3D%3D.3-ccb7-5&oh=00_AYBH8g5D8WDxTCYP6vs5guMXnq_6ktYuzdyFQX3lkaEqow&oe=672AA668&_nc_sid=4e3341', 'post_datetime': '2024-11-01 16:40:49', 'post_description': '### 핵심정리\n\n■ 변화에 직면한 캐릭터와 흥미로운 후크가 있다고 해도 관객과 무관한 스토리라면 아무도 귀를 기울이지 않을 것이다.\n\n■ 많은 청중과 교감하려면 인간의 두려움과 욕망에 관한 보편적 주제를 다루어야 한다.\n\n■ 청중과 교감해야 한다고 해서 영감을 주는 방법을 법칙이나 공식으로 따로 만들어야 하는 것은 아니다. 청중을 끊임없이 관찰하고 살피고 관련된 이야기를 찾아야 한다.\n\n■ 자료 수집은 대상의 패턴이나 흐름, 연관성을 발견하는 아주 좋은 방법이다. 특히 그것이 인간의 행동 방식이나 상호작용과 관련이 있을 때 더욱 빛을 발한다.\n\n■ 당신의 청중은 누구인가? 메시지의 핵심에 있는 대상은 누구인가?\n\n■ 마지막으로 답사 여행을 떠난 것은 언제인가?'}, {'user_id': '42lines_', 'posts_count': '123', 'post_text': 'Photo by @42lines_ on October 31, 2024. 텍스트의 이미지일 수 있음.', 'post_image': 'https://scontent-ssn1-1.cdninstagram.com/v/t51.29350-15/465400305_8835955656425299_3440983012791206548_n.webp?stp=dst-jpg_e35&efg=eyJ2ZW5jb2RlX3RhZyI6ImltYWdlX3VybGdlbi4xNDQweDE0NDAuc2RyLmYyOTM1MC5kZWZhdWx0X2ltYWdlIn0&_nc_ht=scontent-ssn1-1.cdninstagram.com&_nc_cat=107&_nc_ohc=bljcjjJ0WJMQ7kNvgGb5er0&_nc_gid=856fcf4807e941b8a2646df6faf4067f&edm=AONqaaQBAAAA&ccb=7-5&ig_cache_key=MzQ5MTM5NDc5NTU5NzYwMTQwMQ%3D%3D.3-ccb7-5&oh=00_AYDLAVQtHNlkg5QN9R6uEwPTD2W_jNVaAaNmVSVNCNJKbQ&oe=672ABE1F&_nc_sid=4e3341', 'post_datetime': '2024-11-01 11:05:14', 'post_description': ''}, {'user_id': 'euiclee.books', 'posts_count': '123', 'post_text': 'Photo by 유클리책장 | 📚 매일매일 독서기록 on November 01, 2024. 텍스트의 이미지일 수 있음.', 'post_image': 'https://scontent-ssn1-1.cdninstagram.com/v/t51.29350-15/464468491_3690957537810383_2304992907781677412_n.jpg?stp=dst-jpg_e15&efg=eyJ2ZW5jb2RlX3RhZyI6ImltYWdlX3VybGdlbi4xMDgweDEwODAuc2RyLmYyOTM1MC5kZWZhdWx0X2ltYWdlIn0&_nc_ht=scontent-ssn1-1.cdninstagram.com&_nc_cat=111&_nc_ohc=oT6bhsYFXzYQ7kNvgGYmGcu&_nc_gid=1b3462a417ce440893d4b4fd28cd1429&edm=AP4sbd4BAAAA&ccb=7-5&ig_cache_key=MzQ5MTc3MDM3MTk0MDM1MzM0MA%3D%3D.3-ccb7-5&oh=00_AYDxhES4NwH36eJoLaG8beeftlu-Pwp426MtNC6gC7yhXA&oe=672AAB3F&_nc_sid=7a9f4b', 'post_datetime': '2024-11-01 23:31:28', 'post_description': "🖋️ 행복이란 외적인 조건에 의해서 얻어지는 것이 아니라, 자기의 마음가짐에 따라서 얻을 수도 있고 놓칠 수도 있다.\n\n행복이나 불행은 재산이나 지위 등에 따라서 결정되는 것이 아니다. '무엇을 행복이라고 생각하며 무엇을 불행이라고 생각하는가'라는 개개인의 사고방식에 따라서 행복과 불행은 나누어진다.\n\n우리는 행복을 위해서 살고 있을까? 내가 정의하는 행복을 위해서 오히려 불행해지고 있지는 않는가. 혹시나 삶이 불행한 것 같다면, 인생이 제대로 풀리지 않는 것 같이 느껴진다면, 나의 행복의 기준을 어디에 두고 있는가 되돌아봐야 하지 않을까 싶다.\n\n📗#인간관계론 #데일카네기 #스타북스\n\n🔖 #독서 #북스타그램 #책 #독서스타그램 #책스타그램 #책리뷰 #책추천 #유클리 #유클리책장 #행복 #불행"}, {'user_id': 'ai.gi.book', 'posts_count': '161', 'post_text': 'Photo by @ai.gi.book on November 01, 2024. 사람 1명 및 텍스트의 이미지일 수 있음.', 'post_image': 'https://scontent-ssn1-1.cdninstagram.com/v/t51.29350-15/465492993_1342760703360953_6767258418357272458_n.jpg?stp=dst-jpg_e35&efg=eyJ2ZW5jb2RlX3RhZyI6ImltYWdlX3VybGdlbi4xNDQweDE4MDAuc2RyLmYyOTM1MC5kZWZhdWx0X2ltYWdlIn0&_nc_ht=scontent-ssn1-1.cdninstagram.com&_nc_cat=105&_nc_ohc=CHpErYEz6CMQ7kNvgH1vuAk&_nc_gid=a41d6ea587e745e99e5331cae3c8fff5&edm=AP4sbd4BAAAA&ccb=7-5&ig_cache_key=MzQ5MTY3MDk3OTc4NzAwMDEzNw%3D%3D.3-ccb7-5&oh=00_AYBaF8Rj1YfiXfO9UdSry4XdneNGoCYov7hLC1abfSTwQQ&oe=672AD719&_nc_sid=7a9f4b', 'post_datetime': '2024-11-01 20:13:58', 'post_description': '한번 깨진 관계가 다시 잘되기는 어차피 힘들다.\n\n상대방이 헤어지자고 하면\n\n“나보다 더 좋은 사람 만나”라고\n\n쿨하게 보내주는 게 제일 깔끔하다.\n\n그리고 뒤돌아보지 마라.\n\n \n\n그런데 비도 오고 집에만 있을 때면 외로운 감정이 스멀스멀 올라온다. 그러면 옛 연인에게 다시 연락을 해볼까 유혹이 찾아오기도 한다. 내가 가장 이해가 안 가는 게 만나봤던 사람을 또 만나려고 하는 것이다. 세상에 만날 사람이 얼마나 많은데 나한테 상처 줬거나 나와 맞지 않는 사람을 또 만나려고 하는가. 한 번쯤은 그럴 수 있다고 쳐도 매번 헤어진 뒤에 습관처럼 다시 만나는 사람이 있다. 그건 큰 문제다. - <사랑은 그렇게 하는 것이 아니다>, 김달 - 밀리의 서재\nhttps://www.millie.co.kr/v3/bookDetail/11682882c6604806'}]
CSV 파일에 데이터 저장 중...
CSV 파일에 데이터 저장 완료
성공/실패 평가 중...
성공한 사람: ['terrys_reading', 'rdnmgo', '42lines_', 'euiclee.books', 'ai.gi.book']
실패한 사람: []
요약 이미지 생성 중...
요약 이미지 생성 완료
이미지 업로드 시작...
사진 업로드 중...
새 게시물 버튼 클릭 완료
다음 버튼 클릭 중...
다음 버튼 클릭 완료
다음 버튼 클릭 중...
다음 버튼 클릭 완료
성공/실패 평가 중...
성공한 사람: ['terrys_reading', 'rdnmgo', '42lines_', 'euiclee.books', 'ai.gi.book']
실패한 사람: []
설명 입력 중...
설명 입력 완료
게시물 공유 중...
게시물 공유 완료
사진 업로드 완료
이미지 업로드 완료
드라이버 종료
프로그램 시작
드라이버 설정 중...
드라이버 설정 완료
인스타그램 로그인 시도 중...
로그인 정보 입력 완료
로그인 정보 저장 버튼 클릭 중...
로그인 정보 저장 버튼 클릭 완료
정보 수집 시작...
terrys_reading의 정보 수집 중...
terrys_reading의 게시물에 '더 보기' 버튼 없음
좋아요 버튼을 클릭했습니다.
terrys_reading의 정보 수집 완료
rdnmgo의 정보 수집 중...
rdnmgo의 게시물에 '더 보기' 버튼 없음
좋아요 버튼을 클릭했습니다.
rdnmgo의 정보 수집 완료
42lines_의 정보 수집 중...
42lines_의 게시물에 '더 보기' 버튼 없음
좋아요 버튼을 클릭했습니다.
42lines_의 정보 수집 완료
euiclee.books의 정보 수집 중...
euiclee.books의 게시물에 '더 보기' 버튼 없음
좋아요 버튼을 클릭했습니다.
euiclee.books의 정보 수집 완료
ai.gi.book의 정보 수집 중...
ai.gi.book의 게시물에 '더 보기' 버튼 없음
좋아요 버튼을 클릭했습니다.
ai.gi.book의 정보 수집 완료
정보 수집 완료
[{'user_id': 'terrys_reading', 'posts_count': '117', 'post_text': 'Photo by @terrys_reading on November 02, 2024. 책 및 텍스트의 이미지일 수 있음.', 'post_image': 'https://scontent-ssn1-1.cdninstagram.com/v/t51.29350-15/465191568_512026898489888_2432512515659809713_n.jpg?stp=dst-jpg_e35&efg=eyJ2ZW5jb2RlX3RhZyI6ImltYWdlX3VybGdlbi4xNDQweDE4MDAuc2RyLmYyOTM1MC5kZWZhdWx0X2ltYWdlIn0&_nc_ht=scontent-ssn1-1.cdninstagram.com&_nc_cat=108&_nc_ohc=87-OfPQRw2sQ7kNvgFMINuc&_nc_gid=8567273233844c96999d662c05c1089f&edm=AONqaaQBAAAA&ccb=7-5&ig_cache_key=MzQ5MjQ3ODE2NTA4NTcwMjgyNA%3D%3D.3-ccb7-5&oh=00_AYB2S4KSowXgk45Z0WxiX7S2Ga08Vp8R-aTYN_L8FRYLNA&oe=672C0C27&_nc_sid=4e3341', 'post_datetime': '2024-11-02 22:57:42', 'post_description': 'Nalanda의 아이디어는 사업의 역사를 연구하여 재무를 이해하고, 전략을 평가하고, 경쟁적 위치를 측정하고, 마지막으로 가치를 부여하는 것이다.\n\n진화생물학자가 그러하듯, nalanda또한 dcf를 통해 미래를 예측하지 않는다. 그저 경쟁에서 우위를 차지하며 된다는 기본적인 원리만을 투자해 적용해 기업의 역학을 판단한다. 그리고 이를 바탕으로 투자한다.'}, {'user_id': 'rdnmgo', 'posts_count': '125', 'post_text': 'Photo by @rdnmgo on November 01, 2024. 사람 1명, 책, 잡지, 포스터 및 텍스트의 만화일 수 있음.', 'post_image': 'https://scontent-ssn1-1.cdninstagram.com/v/t51.29350-15/465497618_580610734350254_3133999360287988605_n.jpg?stp=dst-jpg_e15&efg=eyJ2ZW5jb2RlX3RhZyI6ImltYWdlX3VybGdlbi42MTJ4NjEyLnNkci5mMjkzNTAuZGVmYXVsdF9pbWFnZSJ9&_nc_ht=scontent-ssn1-1.cdninstagram.com&_nc_cat=102&_nc_ohc=yJ3eXXm1M_8Q7kNvgHPaULk&_nc_gid=6fcf58d019384a95a47db3b11232df03&edm=AP4sbd4BAAAA&ccb=7-5&ig_cache_key=MzQ5MjA1NTI5Mjg2NjE4OTY3NA%3D%3D.3-ccb7-5&oh=00_AYDH4csoz6Ka7LQHZHv_KzK3poTqD30B_EfbBvi4PRhvfg&oe=672BFE38&_nc_sid=7a9f4b', 'post_datetime': '2024-11-02 08:57:32', 'post_description': '하지만 관객의 반응 때문에 새로운 아이디어가 위축되는 것도 원치 않았다. 관객이 더 자극적인 폭발 장면을 원한다고 해서 90분 내내 폭발 장면이 펼쳐진다면 사람들은 영화를 보는 중간에 나가버릴 것이다. 즉, 피드백에 지나치게 눈치 보느라 발전과 혁신을 가로막아서는 안 된다는 말이다.\n\n답사 여행(research trip)은 청중과 교감하고 스토리에 진심을 담기에 아주 좋은 방법이다. 《카》를 처음 제작할 당시 우리는 ‘66번 국도’의 역사부터 알아야 했다. 66번 국도라고 하는 장소가 스토리에서 차지하는 비중이 매우 컸기 때문이다. 66번 국도는 자동차 여행과 미국의 서부 개척 초기 역사를 상징하는 유서 깊은 도로다. **이 도로 근처에는 어떤 사람들이 사는가? 그들은 어떤 삶은 사는가? 도로는 어떤 모습인가? 얼마나 변했는가?** 이를 파악하는 가장 좋은 방법은 직접 겪어보는 것이므로 스토리 제작팀은 짐을 꾸려 사우스웨스트로 가서 2주 동안 머물렀다. 66번 국도에는 어떤 정서가 흐르는지, 그 정서를 스토리에 어떻게 녹여낼 것인지 알아야 했다.\n\n때는 한여름이었다. 덥고 건조하고 뙤약볕이 사정없이 내리쬐는 곳에서 동료들과 차에 틀어박혀 지냈다. 집에서 가족들과 함께 있고 싶은 마음이 간절했다. **하지만 답사 여행을 하면서 우리는 다양한 사람들을 만났고 덕분에 메이터와 샐리를 포함해 《카》 캐릭터들을 구상하는 데 많은 영감을 받았다.** ‘어머니 길(Mother Road)’로도 불리는 66번 도로를 탐사하며 라디에이터 스프링스 마을과 코지 콘, 플로 식당 등의 영감을 받았다. 여정을 마칠 무렵 우리는 가장 중요한 것을 발견했다. 바로 우리 자신이었다. 인생은 목적지에 도달하는 것 이상의 의미가 있다. 인생은 여정이다. 픽사에서 최고의 영화를 만들고자 기를 쓰고 노력하면서도 우리는 그 과정을 즐기는 법을 잊고 있었다. 삶의 진정한 의미에 좀 더 가까이 다가가기 위해, 삶 전체를 가치 있게 만들기 위해 속도를 늦추고 주위를 둘러보려면 어려움도 있고, 놀라운 일도 있고, 직진이 아니라 좌회전해야 할 때도 있고, 시간이 걸릴 때도 있다.\n\n조사 여행이 뜻밖의 길을 열어주기도 한다. 자료 수집을 목적으로 떠난 여행에서 자료 그 이상의 것을 찾았고 그것을 스토리와 캐릭터에 녹여냈다.\n\n《인사이드 아웃》의 연구 프로젝트는 더 고되고 힘들었다. 아무리 스토리 제작팀이라고 해도 열두 살 난 소녀의 마음속으로 들어가 어떤 보편적 정서가 어떤 결정에 관여하는지 탐사할 수 없었기 때문이다. 그래서 정신과 의사, 심리학자, 신경학자 등 다양한 분야의 전문가에게 도움을 요청했다. 인간의 내면에서 작용하는 감정을 다루려면 과학적 토대는 물론 관객과의 교감도 필요했기 때문이다.\n\n관객과 진정으로 교감하려고 노력한다면 더 좋은 브랜드, 더 좋은 기업, 더 좋은 제품, 그리고 더 좋은 관계를 만드는 데 성공할 것이다.'}, {'user_id': '42lines_', 'posts_count': '124', 'post_text': "Photo by @42lines_ on November 02, 2024. 문구: '인간 무리라는 것은 시시한 얘기는 늘 주고받지만 막상 중요한 얘기를 나누려 하면 제대로 하지 못한다, 그런 영화를 찍어보고 싶었어요. 감독협회 같은 데를 가서 이 스토리를 이야기하면 모두 재미있다고 합니다. 그럼 누구한테든 넘겨주겠다, 라고 하면 막상 손을 못 대요. 그래서 역시 내가 해보자 하고 결심하고 만든 겁니다. F ANNE 꽁치가 먹고 싶습니다 오즈 야스지로 M'의 이미지일 수 있음.", 'post_image': 'https://scontent-ssn1-1.cdninstagram.com/v/t51.29350-15/465276538_1221563412294003_360886072520683418_n.webp?stp=dst-jpg_e35&efg=eyJ2ZW5jb2RlX3RhZyI6ImltYWdlX3VybGdlbi4xNDQweDE0NDAuc2RyLmYyOTM1MC5kZWZhdWx0X2ltYWdlIn0&_nc_ht=scontent-ssn1-1.cdninstagram.com&_nc_cat=103&_nc_ohc=PvVkMdTd8ksQ7kNvgECOt--&_nc_gid=0e798259281540db8c3a97048656442f&edm=AONqaaQBAAAA&ccb=7-5&ig_cache_key=MzQ5MjM2MTI0NzQ4NDM1MDA5MA%3D%3D.3-ccb7-5&oh=00_AYDkSmHmn4EjU4RHI_xCZvFrb3dQVNs4_gAjFQbbe5aIwg&oe=672C11A8&_nc_sid=4e3341', 'post_datetime': '2024-11-02 19:05:24', 'post_description': ''}, {'user_id': 'euiclee.books', 'posts_count': '124', 'post_text': 'Photo by 유클리책장 | 📚 매일매일 독서기록 on November 02, 2024. 텍스트의 이미지일 수 있음.', 'post_image': 'https://scontent-ssn1-1.cdninstagram.com/v/t51.29350-15/465206317_553864190567443_715386406998441659_n.jpg?stp=dst-jpg_e15&efg=eyJ2ZW5jb2RlX3RhZyI6ImltYWdlX3VybGdlbi4xMDgweDEwODAuc2RyLmYyOTM1MC5kZWZhdWx0X2ltYWdlIn0&_nc_ht=scontent-ssn1-1.cdninstagram.com&_nc_cat=107&_nc_ohc=X3cdOjuOYnAQ7kNvgFtLHA6&_nc_gid=ac4ddc535609445285113bafd07138cd&edm=AP4sbd4BAAAA&ccb=7-5&ig_cache_key=MzQ5MjQ2ODI5Nzg5MzI2Mjc3MQ%3D%3D.3-ccb7-5&oh=00_AYBXwICMbxztoqNbsq6qr2FuyTilp8IX1bFaQqvICDHvBQ&oe=672C1AD8&_nc_sid=7a9f4b', 'post_datetime': '2024-11-02 22:38:07', 'post_description': '🖋️ 사람은 누구나 남의 장점보다는 단점을 발견하기가 쉬운 법이다.\n\n하지만 모든 사람은 나보다 잘하는 것이 존재하고, 또 그렇기 때문에 배울 점도 있을 것이다.\n\n항상 기억하고 있고, 늘 그렇게 하려고 노력하지만 가끔씩 보는 사람보다는 자주 보는 사람에게서 도저히 배울 점을 찾을 수 없는 것만 같은 상황이 존재한다. (절대로 절대로 절대로 혈육을 말하는 것이 아니다. 아니 어쩌면 맞을 수도 있다.)\n\n안 좋은 점을 생각하기 보다는 늘 배울 점을 찾도록 연습하고 노력하자. 안 좋은 점만 생각하면 바뀌는 것은 없지만 배울 점을 찾는다면 결국 나에게 더 이득이 아니겠는가.\n\n📗#인간관계론 #데일카네기 #스타북스\n\n🔖 #독서 #북스타그램 #책 #독서스타그램 #책스타그램 #책리뷰 #책추천 #유클리 #유클리책장 #장점'}, {'user_id': 'ai.gi.book', 'posts_count': '162', 'post_text': 'Photo by @ai.gi.book on November 02, 2024. 돈 및 텍스트의 낙서 그림일 수 있음.', 'post_image': 'https://scontent-ssn1-1.cdninstagram.com/v/t51.29350-15/465192384_3811878962393548_9009568295145871891_n.jpg?stp=dst-jpg_e35&efg=eyJ2ZW5jb2RlX3RhZyI6ImltYWdlX3VybGdlbi4xNDQweDE4MDAuc2RyLmYyOTM1MC5kZWZhdWx0X2ltYWdlIn0&_nc_ht=scontent-ssn1-1.cdninstagram.com&_nc_cat=104&_nc_ohc=aT2CDQNSqAUQ7kNvgFbfOVR&_nc_gid=5344150e30a846d0b0111b8ea87d5ffc&edm=AONqaaQBAAAA&ccb=7-5&ig_cache_key=MzQ5MjI3NTY1NTk3Njc0OTEzNw%3D%3D.3-ccb7-5&oh=00_AYDuHGYKUmyRTMsb9SaaUm_5J7XWcT6Fuyfi08HqvkzIRA&oe=672C0DB5&_nc_sid=4e3341', 'post_datetime': '2024-11-02 16:15:21', 'post_description': '그런데 코로나19와 러시아-우크라이나 전쟁 이후 세계 경제는 2022년부터 저성장 체제로 들어가서 3.3%, 3.2%, 3.3%로 잠재성장률을 밑도는 흐름이 장기간 지속되었다. 이렇게 저성장의 고리에 갇혔다고 볼 수 있다. 세계 경제를 봤을 때 크게 뚜렷한 성장세는 보이지 않고 비슷하게 둔화된 흐름이다.\n\n그러나 이런 흐름을 두고 ‘경제 위기Economy crisis’ 표현하기엔 과한 측면이 있다. 경제 용어상 정확하게 불황은 아니지만 ‘가벼운 불황’이라고 표현하면 어떨까 싶다. 많은 이들이 위기라고 이야기하지만, 경제 전망을 할 때 최근 1~2년을 위기라고 하지 않는 이유는 명확하게 경제 언어를 구분하기 위해서다. 여태껏 세계 경제에는 중요한 변수들이 있었고 이 변수로 시대를 구분하곤 한다. 우리가 익히 아는 경제 위기는 1970~80년대 오일 쇼크, 1997년 IMF 외환위기, 2008년 글로벌 금융위기가 있다. 그리고 그 어떤 때보다도 세계 경제가 큰 폭으로 흔들렸을 때가 2020년 코로나 팬데믹 경제 위기다. 이런 중요한 변수들이 나타났을 때를 ‘위기’라고 하는 것이다. 코로나19의 여파가 있긴 하지만, 벗어나고 있기 때문에 현재 시기를 경제 위기라고 하기보다는 경기 침체라고 보는 것이 더 맞다. - <머니 트렌드 2025>, 정태익, 김도윤, 김광석, 김용섭, 김현준, 정수종, 채상욱, 최재붕 - 밀리의 서재\nhttps://www.millie.co.kr/v3/bookDetail/24556adb2d1849d1'}]
CSV 파일에 데이터 저장 중...
CSV 파일에 데이터 저장 완료
성공/실패 평가 중...
성공한 사람: ['terrys_reading', 'rdnmgo', '42lines_', 'euiclee.books', 'ai.gi.book']
실패한 사람: []
요약 이미지 생성 중...
요약 이미지 생성 완료
이미지 업로드 시작...
사진 업로드 중...
새 게시물 버튼 클릭 완료
다음 버튼 클릭 중...
다음 버튼 클릭 완료
다음 버튼 클릭 중...
다음 버튼 클릭 완료
성공/실패 평가 중...
성공한 사람: ['terrys_reading', 'rdnmgo', '42lines_', 'euiclee.books', 'ai.gi.book']
실패한 사람: []
설명 입력 중...
설명 입력 완료
게시물 공유 중...
게시물 공유 완료
사진 업로드 완료
이미지 업로드 완료
드라이버 종료
프로그램 시작
드라이버 설정 중...
드라이버 설정 완료
인스타그램 로그인 시도 중...
로그인 정보 입력 완료
로그인 정보 저장 버튼 클릭 중...
로그인 정보 저장 버튼 클릭 완료
정보 수집 시작...
terrys_reading의 정보 수집 중...
terrys_reading의 게시물에 '더 보기' 버튼 없음
좋아요 버튼을 클릭했습니다.
terrys_reading의 정보 수집 완료
rdnmgo의 정보 수집 중...
rdnmgo의 게시물에 '더 보기' 버튼 없음
좋아요 버튼을 클릭했습니다.
rdnmgo의 정보 수집 완료
42lines_의 정보 수집 중...
42lines_의 게시물에 '더 보기' 버튼 없음
좋아요 버튼을 클릭했습니다.
42lines_의 정보 수집 완료
euiclee.books의 정보 수집 중...
euiclee.books의 게시물에 '더 보기' 버튼 없음
좋아요 버튼을 클릭했습니다.
euiclee.books의 정보 수집 완료
ai.gi.book의 정보 수집 중...
ai.gi.book의 게시물에 '더 보기' 버튼 없음
좋아요 버튼을 클릭했습니다.
ai.gi.book의 정보 수집 완료
정보 수집 완료
[{'user_id': 'terrys_reading', 'posts_count': '118', 'post_text': 'Photo by @terrys_reading on November 03, 2024. 포스터, 잡지 및 텍스트의 그래픽일 수 있음.', 'post_image': 'https://scontent-ssn1-1.cdninstagram.com/v/t51.29350-15/465528287_1660925407804078_2053503232706390280_n.jpg?stp=dst-jpg_e35&efg=eyJ2ZW5jb2RlX3RhZyI6ImltYWdlX3VybGdlbi4xNDM0eDE3NDUuc2RyLmYyOTM1MC5kZWZhdWx0X2ltYWdlIn0&_nc_ht=scontent-ssn1-1.cdninstagram.com&_nc_cat=110&_nc_ohc=fjyK_-VFOJoQ7kNvgEUm_X9&_nc_gid=69d52d8ea8d94fb5a30428d628851daa&edm=AONqaaQBAAAA&ccb=7-5&ig_cache_key=MzQ5MzIyMjAxMzQ2NjM4NDI4OA%3D%3D.3-ccb7-5&oh=00_AYBg7NZj82fsgjc3CtzrLlGqkmEM1w73sRCYv5_JQGLmsQ&oe=672D4781&_nc_sid=4e3341', 'post_datetime': '2024-11-03 23:35:36', 'post_description': '1. 아는 것보다 행동하는 것이 우월하다.\n2. 영감만을 기다린다면 이미 실패한 것이다.\n3. 세상은 당신이 다른 사람과 다르지 않기를 기대한다.'}, {'user_id': 'rdnmgo', 'posts_count': '126', 'post_text': 'Photo by @rdnmgo on November 03, 2024. 사람 1명, 책, 잡지, 포스터 및 텍스트의 만화일 수 있음.', 'post_image': 'https://scontent-ssn1-1.cdninstagram.com/v/t51.29350-15/465275279_894976672737514_3151903817117145721_n.jpg?stp=dst-jpg_e15&efg=eyJ2ZW5jb2RlX3RhZyI6ImltYWdlX3VybGdlbi42MTJ4NjEyLnNkci5mMjkzNTAuZGVmYXVsdF9pbWFnZSJ9&_nc_ht=scontent-ssn1-1.cdninstagram.com&_nc_cat=110&_nc_ohc=lhlhhyb1d9MQ7kNvgGMb4UG&_nc_gid=6a53deed6c654aa3b7a880ffc89f00fa&edm=AONqaaQBAAAA&ccb=7-5&ig_cache_key=MzQ5MzIxOTA1NjU1NzUzMDIzOA%3D%3D.3-ccb7-5&oh=00_AYCdGF3rvU1F4lABJaHEN3njMuiQXByCJThnd5E0ourJGQ&oe=672D4D18&_nc_sid=4e3341', 'post_datetime': '2024-11-03 23:29:43', 'post_description': '## 4장 진심\n\n냉정히 말하자면, 스토리텔러의 진심이 담기지 않은 스토리는 감동을 주는 것이 아니라 조종당한다는 느낌을 준다. 진심 없는 스토리를 들은 사람은 감동보다는 구매를 유도하는 이야기에 속았다고 생각하기 쉽다. 속았다는 느낌을 주지 않고 진정한 감정에 다가가는 스토리와 경험을 들려주어야 한다.\n\n그렇다면 청중과 단단한 유대감을 쌓을 수 있는 진정성 있는 이야기는 어떻게 만들 수 있을까? 우선, 너무 똑똑한 척 하지 말아야 한다. 나약한 모습 그대로 솔직하게 전달해야 한다.\n\n그런데 ‘나약함’이야말로 스토리텔링의 핵심이다. 나약함은 사람들에게 강력한 공감대를 불러일으킨다. 그 스토리가 자신의 이야기라고 생각하게 만든다. 인간적이고 진정성 있고 믿을 수 있는 스토리라고 생각한다.\n\n화면에서 캐릭터의 ‘인간적 면모’를 보여줄 때 관객과 더 깊이 교감할 수 있다. 완벽함은 공감을 이끌어내지 못한다. 스토리에서 캐릭터의 약한 면모를 솔직하게 드러낼 때 관객은 공감하고 진정성을 느낀다. 기업 스토리를 전할 때도, 기업 내 자신의 역할을 이야기할 때도, 제품이나 솔루션을 제안할 때도 성공에 수반된 고통을 반드시 말해야 한다. 그러면 청중은 당신의 인간적 면모에 공감하고 진심으로 응원하게 된다.\n\n스토리에는 오르막과 내리막, 절정과 추락, 우여곡절, 긍정과 부정이 모두 담긴다. 이 모든 요소가 어우러져 관객의 관심에 불을 붙이며 도저히 자리를 뜰 수 없게 만드는 한 편의 매력적인 스토리가 된다. 사람들은 보통 자신의 ‘진짜’ 모습을 보여주길 꺼려 한다. 고객이 결점과 실수를 나쁘게 볼 것이라 생각하기 때문이다. 하지만 사실은 정반대다.'}, {'user_id': '42lines_', 'posts_count': '125', 'post_text': 'Photo by @42lines_ on November 02, 2024. 텍스트의 이미지일 수 있음.', 'post_image': 'https://scontent-ssn1-1.cdninstagram.com/v/t51.29350-15/465701002_1217021729486675_8604376814861140090_n.webp?stp=dst-jpg_e35&efg=eyJ2ZW5jb2RlX3RhZyI6ImltYWdlX3VybGdlbi4xNDQweDE0NDAuc2RyLmYyOTM1MC5kZWZhdWx0X2ltYWdlIn0&_nc_ht=scontent-ssn1-1.cdninstagram.com&_nc_cat=111&_nc_ohc=Fi7g7MxUtIsQ7kNvgFT8QHM&_nc_gid=94e757ccd4c24419b139dc90e5af6aef&edm=AONqaaQBAAAA&ccb=7-5&ig_cache_key=MzQ5MjkxNDk1MzU1MjU4ODg2NA%3D%3D.3-ccb7-5&oh=00_AYAmW9H3-l5msRjUojbKTcayRVDaHWcQB0cA7F0-eiCSrg&oe=672D4B1D&_nc_sid=4e3341', 'post_datetime': '2024-11-03 13:25:31', 'post_description': ''}, {'user_id': 'euiclee.books', 'posts_count': '125', 'post_text': 'Photo by 유클리책장 | 📚 매일매일 독서기록 on November 03, 2024. 사람 1명, 포스터, 책, 잡지 및 텍스트의 이미지일 수 있음.', 'post_image': 'https://scontent-ssn1-1.cdninstagram.com/v/t51.29350-15/465298502_526870130119551_7352064701400514905_n.jpg?stp=dst-jpg_e15&efg=eyJ2ZW5jb2RlX3RhZyI6ImltYWdlX3VybGdlbi4xMDgweDEwODAuc2RyLmYyOTM1MC5kZWZhdWx0X2ltYWdlIn0&_nc_ht=scontent-ssn1-1.cdninstagram.com&_nc_cat=103&_nc_ohc=6Uwc4r-P-HYQ7kNvgFRrtFi&_nc_gid=bafb2efad49f41af98e9086117ac69e0&edm=AONqaaQBAAAA&ccb=7-5&ig_cache_key=MzQ5MzE3NzI5NzA2NzIyODI4MQ%3D%3D.3-ccb7-5&oh=00_AYDpgh61tdvvSVPGd9mDxDzmvCjqF9MHATIgl5005lPN-g&oe=672D55A7&_nc_sid=4e3341', 'post_datetime': '2024-11-03 22:06:46', 'post_description': '🖋️ 두번째 읽는 책이다. 그리고 왜 인간관계론이 자기계발서의 고전이라고 불리는지 다시 한번 알 수 있었다.\n\n어쩌면 당연한 말이고, 알고 있다고 생각할 수 있지만 그것을 실천하는 것이 제일 어렵다.\n\n데일 카네기가 책에서 이야기하는 주요 요지를 보자면, 바로 상대방의 입장에서 생각해야 하는 것이라고 할 수 있을 것 같다.\n\n사람은 당연히 본인 위주로 생각하기 마련이다. 다른 사람보다는 본인이 본인을 제일 잘 알 것이고 그렇기 때문에 모든지 본인의 입장대로 생각하고 행동할 수 밖에 없는 것 같다.\n\n하지만 그렇기 때문에 인간관계에 있어서 제일 먼저 추구해야할 행동은 상대방의 입장에서 생각하고 행동하며 말을 해야하는 것이 아닐까 싶다.\n\n모두가 알고 있는 말일지는 몰라도, 실천하는 것은 상당히 어렵다. 친구를 만들던 일을 하던 비즈니스를 하던 제일 중요한 능력은 상대방의 관점에서 바라볼 수 있어야 하는 능력이 아닐까 싶다. 어렵더라도 계속 노력하자.\n\n📗#인간관계론 #데일카네기 #스타북스\n\n🔖 #독서 #북스타그램 #책 #독서스타그램 #책스타그램 #책리뷰 #책추천 #유클리 #유클리책장 #관계 #인간관계 #역지사지'}, {'user_id': 'ai.gi.book', 'posts_count': '164', 'post_text': 'Photo by @ai.gi.book on November 03, 2024. 돈 및 텍스트의 낙서 그림일 수 있음.', 'post_image': 'https://scontent-ssn1-1.cdninstagram.com/v/t51.29350-15/465403093_1306778076980739_4362709870493957453_n.jpg?stp=dst-jpg_e35&efg=eyJ2ZW5jb2RlX3RhZyI6ImltYWdlX3VybGdlbi4xNDQweDE4MDAuc2RyLmYyOTM1MC5kZWZhdWx0X2ltYWdlIn0&_nc_ht=scontent-ssn1-1.cdninstagram.com&_nc_cat=103&_nc_ohc=QSxgH0gLr8gQ7kNvgH6IYgx&_nc_gid=ac9c4e461cd84c96b3faed42b6d53881&edm=AONqaaQBAAAA&ccb=7-5&ig_cache_key=MzQ5MzE5MDc4NTE4NzAyODc0Ng%3D%3D.3-ccb7-5&oh=00_AYAn1pvOyO1Wu8r5id6jR_FXmwYRRpndd55Rz8W4Lw7vdw&oe=672D5F2C&_nc_sid=4e3341', 'post_datetime': '2024-11-03 22:33:33', 'post_description': '하지만 금리 인하가 시행되면 주가 상승에 대한 기대감으로 수익을 실현하고 주식을 매도하는 사람들이 있을 수 있다. 주식은 사람들의 복잡한 심리를 한 번 더 생각해야 하는 시장이기 때문이다. 그래서 금리 인하를 하더라도 아주 강한 상승의 흐름을 지속하기는 어려울 수 있다.\n\n\n\n\n\n안전 자산과 위험 자산\n\n\n\n\n\n\n\n\n\n다만 금리 인하가 한 번으로 끝나는 것이 아니라, 추가로 진행할 것이 예상되는 상황이라 금리 인하에 대한 기대감이 완전히 사라지지는 않았다. 처음엔 이익을 얻고 주식시장에서 빠져나가는 사람들이 생기겠지만 금리 인하에 대한 기대감으로 주식을 구입하는 사람들이 있어 폭락하는 장은 아닐 것이다.\n\n이때 주 - <머니 트렌드 2025>, 정태익, 김도윤, 김광석, 김용섭, 김현준, 정수종, 채상욱, 최재붕 - 밀리의 서재\nhttps://www.millie.co.kr/v3/bookDetail/24556adb2d1849d1'}]
CSV 파일에 데이터 저장 중...
CSV 파일에 데이터 저장 완료
성공/실패 평가 중...
성공한 사람: ['terrys_reading', 'rdnmgo', '42lines_', 'euiclee.books', 'ai.gi.book']
실패한 사람: []
요약 이미지 생성 중...
요약 이미지 생성 완료
이미지 업로드 시작...
사진 업로드 중...
새 게시물 버튼 클릭 완료
다음 버튼 클릭 중...
다음 버튼 클릭 완료
다음 버튼 클릭 중...
다음 버튼 클릭 완료
성공/실패 평가 중...
성공한 사람: ['terrys_reading', 'rdnmgo', '42lines_', 'euiclee.books', 'ai.gi.book']
실패한 사람: []
설명 입력 중...
설명 입력 완료
게시물 공유 중...
게시물 공유 완료
사진 업로드 완료
이미지 업로드 완료
드라이버 종료
프로그램 시작
드라이버 설정 중...
드라이버 설정 완료
인스타그램 로그인 시도 중...
로그인 정보 입력 완료
로그인 정보 저장 버튼 클릭 중...
로그인 정보 저장 버튼 클릭 완료
정보 수집 시작...
terrys_reading의 정보 수집 중...
terrys_reading의 게시물에 '더 보기' 버튼 없음
좋아요 버튼을 클릭했습니다.
terrys_reading의 정보 수집 완료
rdnmgo의 정보 수집 중...
rdnmgo의 게시물에 '더 보기' 버튼 없음
좋아요 버튼을 클릭했습니다.
rdnmgo의 정보 수집 완료
42lines_의 정보 수집 중...
42lines_의 게시물에 '더 보기' 버튼 없음
좋아요 버튼을 클릭했습니다.
42lines_의 정보 수집 완료
euiclee.books의 정보 수집 중...
euiclee.books의 게시물에 '더 보기' 버튼 없음
좋아요 버튼을 클릭했습니다.
euiclee.books의 정보 수집 완료
ai.gi.book의 정보 수집 중...
ai.gi.book의 게시물에 '더 보기' 버튼 없음
좋아요 버튼을 클릭했습니다.
ai.gi.book의 정보 수집 완료
정보 수집 완료
[{'user_id': 'terrys_reading', 'posts_count': '119', 'post_text': 'Photo by @terrys_reading on November 04, 2024. 책 및 텍스트의 이미지일 수 있음.', 'post_image': 'https://scontent-ssn1-1.cdninstagram.com/v/t51.29350-15/465749905_547791127963656_8326917392872400704_n.jpg?stp=dst-jpg_e15&efg=eyJ2ZW5jb2RlX3RhZyI6ImltYWdlX3VybGdlbi4xMDgweDEwODAuc2RyLmYyOTM1MC5kZWZhdWx0X2ltYWdlIn0&_nc_ht=scontent-ssn1-1.cdninstagram.com&_nc_cat=100&_nc_ohc=pgGRoshhzo0Q7kNvgG3aDCt&_nc_gid=62387145706f43b1bb234a66e94dbfef&edm=AONqaaQBAAAA&ccb=7-5&ig_cache_key=MzQ5Mzk1ODA2MjIyNDgzOTUxMA%3D%3D.3-ccb7-5&oh=00_AYD5Nbzxn-81NExIQL-MP1UkwN_8V9bayn6M54cjHrpJ4Q&oe=672EB4FF&_nc_sid=4e3341', 'post_datetime': '2024-11-04 23:58:00', 'post_description': '1. 좋은 의사결정은 다음 2가지로 요약된다. 1) 원하는 것을 어떻게 얻는가? 2) 원할 만한 가치가 있는가? 세상은 계속 그들의 기준을 들이민다. 하지만, 우리의 궁극적 후회는 우리 삶의 기준을 따르지 않을 때 생긴다. 우리는 우리 삶의 기준을 확립해야 한다.\n\n2. 삶의 질은 우리가 쫓는 것에 의해 결정된다.\n3. 행복은 조건이 아니라 선택이다.'}, {'user_id': 'rdnmgo', 'posts_count': '127', 'post_text': 'Photo by @rdnmgo on November 03, 2024. 사람 1명, 책, 잡지, 포스터 및 텍스트의 만화일 수 있음.', 'post_image': 'https://scontent-ssn1-1.cdninstagram.com/v/t51.29350-15/465667344_584033144127105_7037419513828399556_n.jpg?stp=dst-jpg_e15&efg=eyJ2ZW5jb2RlX3RhZyI6ImltYWdlX3VybGdlbi42MTJ4NjEyLnNkci5mMjkzNTAuZGVmYXVsdF9pbWFnZSJ9&_nc_ht=scontent-ssn1-1.cdninstagram.com&_nc_cat=109&_nc_ohc=56Ofh0LnjgQQ7kNvgHe622S&_nc_gid=a44c388a4b9b4150b3cab356b1ddec53&edm=AP4sbd4BAAAA&ccb=7-5&ig_cache_key=MzQ5MzYyNjA5ODIyNTA1MjgzNA%3D%3D.3-ccb7-5&oh=00_AYCMSpb3WY9ibAYrW62JviNOGXRnUqpZHK9m2Vt4Y7CVRg&oe=672EA224&_nc_sid=7a9f4b', 'post_datetime': '2024-11-04 12:58:26', 'post_description': '화면에서 캐릭터의 ‘인간적 면모’를 보여줄 때 관객과 더 깊이 교감할 수 있다. 완벽함은 공감을 이끌어내지 못한다. 스토리에서 캐릭터의 약한 면모를 솔직하게 드러낼 때 관객은 공감하고 진정성을 느낀다. 기업 스토리를 전할 때도, 기업 내 자신의 역할을 이야기할 때도, 제품이나 솔루션을 제안할 때도 성공에 수반된 고통을 반드시 말해야 한다. 그러면 청중은 당신의 인간적 면모에 공감하고 진심으로 응원하게 된다.\n\n스토리에는 오르막과 내리막, 절정과 추락, 우여곡절, 긍정과 부정이 모두 담긴다. 이 모든 요소가 어우러져 관객의 관심에 불을 붙이며 도저히 자리를 뜰 수 없게 만드는 한 편의 매력적인 스토리가 된다. 사람들은 보통 자신의 ‘진짜’ 모습을 보여주길 꺼려 한다. 고객이 결점과 실수를 나쁘게 볼 것이라 생각하기 때문이다. 하지만 사실은 정반대다.'}, {'user_id': '42lines_', 'posts_count': '126', 'post_text': 'Photo by @42lines_ on November 03, 2024. 야외 및 텍스트의 이미지일 수 있음.', 'post_image': 'https://scontent-ssn1-1.cdninstagram.com/v/t51.29350-15/465618055_1617287372544840_2130100719936673194_n.webp?stp=dst-jpg_e35&efg=eyJ2ZW5jb2RlX3RhZyI6ImltYWdlX3VybGdlbi4xNDQweDE0NDAuc2RyLmYyOTM1MC5kZWZhdWx0X2ltYWdlIn0&_nc_ht=scontent-ssn1-1.cdninstagram.com&_nc_cat=100&_nc_ohc=YZrXplugudYQ7kNvgEK4LdB&_nc_gid=7a32c091932f48938e57a7c9a6e791e7&edm=AONqaaQBAAAA&ccb=7-5&ig_cache_key=MzQ5MzYyNjkyNzQ4OTM2Njc5NQ%3D%3D.3-ccb7-5&oh=00_AYBzLywm8Rc0WZAY1ILl8i3_iZ8fUpc4F0VCO1eNNV9YhA&oe=672EA2AB&_nc_sid=4e3341', 'post_datetime': '2024-11-04 13:00:05', 'post_description': ''}, {'user_id': 'euiclee.books', 'posts_count': '126', 'post_text': 'Photo by 유클리책장 | 📚 매일매일 독서기록 on November 04, 2024. 문구: \'"현재 상황과 향후 발생할 사태를 사타 제대로 제대로이해하기 이해하기 위해서는 과거 비슷한 상황의 배후 메커니즘을 알 필요가 있었다." -[변화하는 -[변화하는세계질서] 세계질서]\'의 이미지일 수 있음.', 'post_image': 'https://scontent-ssn1-1.cdninstagram.com/v/t51.29350-15/465340019_1156466802662703_5155170048163210927_n.jpg?stp=dst-jpg_e15&efg=eyJ2ZW5jb2RlX3RhZyI6ImltYWdlX3VybGdlbi4xMDgweDEwODAuc2RyLmYyOTM1MC5kZWZhdWx0X2ltYWdlIn0&_nc_ht=scontent-ssn1-1.cdninstagram.com&_nc_cat=103&_nc_ohc=wNRcnImDVTgQ7kNvgEmVZzY&_nc_gid=7696e9c48a8a4d06a2a36464fc911608&edm=AP4sbd4BAAAA&ccb=7-5&ig_cache_key=MzQ5Mzg5ODg2MDA2MjI2MjE0OQ%3D%3D.3-ccb7-5&oh=00_AYANWhQQnYKYwJYa3t9GjzTWlWjM4fqIRrJQfVrfjenzpQ&oe=672EA632&_nc_sid=7a9f4b', 'post_datetime': '2024-11-04 22:00:23', 'post_description': '🖋️ 역사는 반복된다. 그리고 그 흐름에 올라탄 사람과 그 흐름을 미쳐 알지 못해 휩쓸려 버린 사람이 존재할 것이다.\n\n누군가는 미래를 예측해 대비하는 반면 누군가는 한순간 불어닥친 위기에 그대로 무너져내리고 만다.\n\n예전에는 정보의 양이 제한되어 있어 정보가 곧 돈이 되었지만, 지금 정보가 넘쳐나기 때문에 누구나 원한다면 알 수 있고 배울 수 있다. (물론 지금은 정보가 돈이 아니라는 소리는 아니다.)\n\n하지만 정보의 양이 넘쳐나는 만큼 알아야할 정보를 분별할 수 있는 능력 또한 정말 중요해진 시대라고 생각한다. 매일 같이 수많은 정보를 받아들이면서 살지만 정작 그 속에서 내게 정말 필요한 정보는 얼마나 될까.\n\n📗#변화하는세계질서 #레이달리오 #한빛비즈\n\n🔖 #독서 #북스타그램 #책 #독서스타그램 #책스타그램 #책리뷰 #책추천 #유클리 #유클리책장 #역사'}, {'user_id': 'ai.gi.book', 'posts_count': '167', 'post_text': 'Photo by @ai.gi.book on November 04, 2024. 돈 및 텍스트의 그래픽일 수 있음.', 'post_image': 'https://scontent-ssn1-1.cdninstagram.com/v/t51.29350-15/465883102_2095992360821080_6061486510041923898_n.jpg?stp=dst-jpg_e35&efg=eyJ2ZW5jb2RlX3RhZyI6ImltYWdlX3VybGdlbi4xNDQweDE4MDAuc2RyLmYyOTM1MC5kZWZhdWx0X2ltYWdlIn0&_nc_ht=scontent-ssn1-1.cdninstagram.com&_nc_cat=104&_nc_ohc=Wm6QoUqzOx8Q7kNvgGzXI3S&_nc_gid=7973ea57de254a9d8a3124242e71b727&edm=AONqaaQBAAAA&ccb=7-5&ig_cache_key=MzQ5Mzk1NzExNTQ2NjA0MTYzMg%3D%3D.3-ccb7-5&oh=00_AYCDujJg52qL5uTyTk-pG1KDBPYP2fJ9Nww7S130TkUrCQ&oe=672EAE67&_nc_sid=4e3341', 'post_datetime': '2024-11-04 23:56:07', 'post_description': '네 번째는 매니지먼트 서비스Management Service다. 고령자 중에서도 80세 이상 고령자 중에는 삶을 스스로 영위하기가 어려운 경우가 있다. 과거에는 자녀가 많았지만 지금 세대는 자녀가 한두 명이고 자녀들은 아이 키우고 사회생활을 하느라 다 바쁘다. 미래의 자녀 세대는 더하지 않을까? 그렇기 때문에 스스로를 돌봐야 한다.\n\n기업은 돈을 가진 고령자를 위한 서비스를 개발하는 데에 돈을 투입한다. 그리고 시니어 비즈니스 전략을 적극적으로 펼치는 기업으로 돈의 이동이 일어날 것이다. 초고령사회에 진입한 우리는 기업의 대응 전략을 관찰하고 이왕이면 선제적으로 움직이는 기업에 장기투자를 고려해보면 좋겠다.\n\n\n\n필진: 김광석 - <머니 트렌드 2025>, 정태익, 김도윤, 김광석, 김용섭, 김현준, 정수종, 채상욱, 최재붕 - 밀리의 서재\nhttps://www.millie.co.kr/v3/bookDetail/24556adb2d1849d1'}]
CSV 파일에 데이터 저장 중...
CSV 파일에 데이터 저장 완료
성공/실패 평가 중...
성공한 사람: ['terrys_reading', 'rdnmgo', '42lines_', 'euiclee.books', 'ai.gi.book']
실패한 사람: []
요약 이미지 생성 중...
요약 이미지 생성 완료
이미지 업로드 시작...
사진 업로드 중...
새 게시물 버튼 클릭 완료
다음 버튼 클릭 중...
다음 버튼 클릭 완료
다음 버튼 클릭 중...
다음 버튼 클릭 완료
성공/실패 평가 중...
성공한 사람: ['terrys_reading', 'rdnmgo', '42lines_', 'euiclee.books', 'ai.gi.book']
실패한 사람: []
설명 입력 중...
설명 입력 완료
게시물 공유 중...
게시물 공유 완료
사진 업로드 완료
이미지 업로드 완료
드라이버 종료
프로그램 시작
드라이버 설정 중...
드라이버 설정 완료
인스타그램 로그인 시도 중...
로그인 정보 입력 완료
로그인 정보 저장 버튼 클릭 중...
로그인 정보 저장 버튼 클릭 완료
정보 수집 시작...
terrys_reading의 정보 수집 중...
terrys_reading의 게시물에 '더 보기' 버튼 없음
좋아요 버튼을 클릭했습니다.
terrys_reading의 정보 수집 완료
rdnmgo의 정보 수집 중...
rdnmgo의 게시물에 '더 보기' 버튼 없음
좋아요 버튼을 클릭했습니다.
rdnmgo의 정보 수집 완료
42lines_의 정보 수집 중...
42lines_의 게시물에 '더 보기' 버튼 없음
좋아요 버튼을 클릭했습니다.
42lines_의 정보 수집 완료
euiclee.books의 정보 수집 중...
euiclee.books의 게시물에 '더 보기' 버튼 없음
좋아요 버튼을 클릭했습니다.
euiclee.books의 정보 수집 완료
ai.gi.book의 정보 수집 중...
ai.gi.book의 게시물에 '더 보기' 버튼 없음
좋아요 버튼을 클릭했습니다.
ai.gi.book의 정보 수집 완료
정보 수집 완료
[{'user_id': 'terrys_reading', 'posts_count': '120', 'post_text': 'Photo by @terrys_reading on November 05, 2024. 책 및 텍스트의 이미지일 수 있음.', 'post_image': 'https://scontent-ssn1-1.cdninstagram.com/v/t51.29350-15/465771469_3887526084863554_1094012222058318676_n.jpg?stp=dst-jpg_e35&efg=eyJ2ZW5jb2RlX3RhZyI6ImltYWdlX3VybGdlbi4xNDQweDE4MDAuc2RyLmYyOTM1MC5kZWZhdWx0X2ltYWdlIn0&_nc_ht=scontent-ssn1-1.cdninstagram.com&_nc_cat=110&_nc_ohc=3llN15SZDO4Q7kNvgFjayOc&_nc_gid=bef24a10cec64d649e033bdc32511c55&edm=AONqaaQBAAAA&ccb=7-5&ig_cache_key=MzQ5NDY4MTkxOTU5MTc2OTUwNQ%3D%3D.3-ccb7-5&oh=00_AYDSuZi69eaZRkDaMiFLE9U-4083xhTPMvWRZ_dNLcePXA&oe=67301ED4&_nc_sid=4e3341', 'post_datetime': '2024-11-05 23:56:10', 'post_description': '1. 약점은 선천적 약점과 후천적 약점으로 나뉜다.\n2. 이 약점을 보완하기 위해선 모두 안전 장치가 필요하다.\n\n1. 애초에 예방한다. 즉 상태가 좋지 않을 때는 아무것도 하지 않는다.\n2. 무조건 달성하는 규칙을 정립한다.\n3. 마찰 만들기 - 방해물로 가는 길이 어렵도록 한다.\n4. 절차마련하기'}, {'user_id': 'rdnmgo', 'posts_count': '128', 'post_text': "Photo by @rdnmgo on November 04, 2024. 사람 1명, 책, 잡지, 포스터 및 문구: '매듀론재81박여진올검 PIXAR PIX STORYTELLING 픽사 스토리렐링 고객의 마음을 사로잡는 9가지 스토리 스토리법칙 법칙 구글, 디즈니, 레고, 넷플릭스가 릭스가 찾는 스토리텔링 마스터 매류 문의 실전 바이블 폭사 20년 경력 스토리제적자희 스토리 제작자의 액싱 비법 수록 네이버, 카카오 디즈니코리아 인플루언서추천 추천 2021 올해의 강연자 TOP TOP20 20 (BigSpeak)'의 만화일 수 있음.", 'post_image': 'https://scontent-ssn1-1.cdninstagram.com/v/t51.29350-15/465637764_1724959578293149_8969176834046342679_n.jpg?stp=dst-jpg_e15&efg=eyJ2ZW5jb2RlX3RhZyI6ImltYWdlX3VybGdlbi42MTJ4NjEyLnNkci5mMjkzNTAuZGVmYXVsdF9pbWFnZSJ9&_nc_ht=scontent-ssn1-1.cdninstagram.com&_nc_cat=101&_nc_ohc=PFEDQAkwn9YQ7kNvgE99b22&_nc_gid=394b3c410d8440a988f8ab265b860aee&edm=AP4sbd4BAAAA&ccb=7-5&ig_cache_key=MzQ5NDMyNjk2MDgwMzIwODkzMg%3D%3D.3-ccb7-5&oh=00_AYCSidV0HCK78QgzD3PdYRAucMv8qNFuYStwOewiblkGng&oe=673001A8&_nc_sid=7a9f4b', 'post_datetime': '2024-11-05 12:10:56', 'post_description': '프레젠테이션을 하거나, 회의를 진행하거나, 연설을 할 일이 있다면 개인적인 스토리와 부족한 자신의 모습을 통해 얻게 된 성찰을 나눠보길 바란다.\n최고를 만드는 것은 강인한 힘이나 타고난 재능이 아니라 인간적이고 진솔한 모습이다. 타인의 호감과 진심은 완벽함이 아니라 불완전하지만 꾸준히 노력하는 모습으로 얻는다.\n\n강연장에서 자신의 결핍, 나쁜 기억력, 왜소한 체구, 기타 개인적인 실패담 등을 이야기하는 강연자들이 많다. 이는 부족한 모습을 드러내는 것이 아니라, 그냥 자신을 비하하는 것이다. 관객은 당신의 편에 서고 싶어 한다. 하지만 희생자처럼 굴거나 자기 비하를 일삼는 사람은 지지하지 않는다.\n\n스티브 잡스는 실패담을 솔직하게 털어놓았지만 거기서 그치지 않았다. 이어지는 스토리는 실패에서 배운 교훈을 토대로 이룬 성공담이었다.\n우리는 이런 방식으로 한계를 초월해 무언가를 배운다. 본질적으로 스티브 잡스는 우리에게 철학을 팔았다. 그 철학은 우리가 더 분발하도록 해주었다. 이것이 잡스 리더십의 핵심이며 이 리더십은 매우 자연스러웠다. 진심이 담겨 있었기 때문이다.'}, {'user_id': '42lines_', 'posts_count': '127', 'post_text': 'Photo by @42lines_ on November 04, 2024. 텍스트의 이미지일 수 있음.', 'post_image': 'https://scontent-ssn1-1.cdninstagram.com/v/t51.29350-15/465705037_545388284890116_8672909693574332178_n.webp?stp=dst-jpg_e35&efg=eyJ2ZW5jb2RlX3RhZyI6ImltYWdlX3VybGdlbi4xNDQweDE0NDAuc2RyLmYyOTM1MC5kZWZhdWx0X2ltYWdlIn0&_nc_ht=scontent-ssn1-1.cdninstagram.com&_nc_cat=100&_nc_ohc=6VAIw1WD3QoQ7kNvgFJsbAD&_nc_gid=f7ccb1944f4e4c82ba42201187a90ac8&edm=AONqaaQBAAAA&ccb=7-5&ig_cache_key=MzQ5NDM5MDgxOTA4ODM4NzAxNw%3D%3D.3-ccb7-5&oh=00_AYADXMVGk8KyaZP9PpfDz5CmldLb6BGGVajdNufRo139hA&oe=6730177B&_nc_sid=4e3341', 'post_datetime': '2024-11-05 14:17:48', 'post_description': ''}, {'user_id': 'euiclee.books', 'posts_count': '127', 'post_text': 'Photo by 유클리책장 | 📚 매일매일 독서기록 on November 05, 2024. 텍스트의 이미지일 수 있음.', 'post_image': 'https://scontent-ssn1-1.cdninstagram.com/v/t51.29350-15/465916423_436495365848799_5399510501229609218_n.jpg?stp=dst-jpg_e15&efg=eyJ2ZW5jb2RlX3RhZyI6ImltYWdlX3VybGdlbi4xMDgweDEwODAuc2RyLmYyOTM1MC5kZWZhdWx0X2ltYWdlIn0&_nc_ht=scontent-ssn1-1.cdninstagram.com&_nc_cat=103&_nc_ohc=VARVP91jq2gQ7kNvgFTOhhB&_nc_gid=effd9fe824a14ab6adbb3e01cea76c59&edm=AONqaaQBAAAA&ccb=7-5&ig_cache_key=MzQ5NDYxMzIzOTkxOTU1MTM5OQ%3D%3D.3-ccb7-5&oh=00_AYBCjSg3I5EFkRteOqTPQjFeNx4N8Qauv3Mk0_qnBhaXAg&oe=67301E3B&_nc_sid=4e3341', 'post_datetime': '2024-11-05 21:39:44', 'post_description': '🖋️ "영원한 건 절대없어 - GD"\n\n대공황과 제 2차 세계대전을 겪은 세대는 전후 경제 호황을 예상하지 못하고, 호황만 알고 불경기와 전쟁을 경험해보지 못한 사람이 불황이나 전쟁은 발생하지 않을 것이라고 생각한다는 글귀가 있다. 경험해보지 않았기 때문에 모르는 것이다.\n\n그리고 레이 달리오는 세계의 주인이 바뀌는 빅 사이클이 존재한다고 말하고 있다. 그리고 그 안에서 호황과 불황이 반복이 된다는 것이다.\n\n50년에서 100년 사이에 사이클이 존재한다고 하지만 아직 뒷부분을 안 읽어봐서 많은 것을 알지는 못한다. 완벽히 미래를 예측할 수는 없어도 지금 시장이 어떤 상황에 놓여있는지 흐름을 읽을 수 있는 능력 정도는 필요하지 않을까.\n\n📗#변화하는세계질서 #레이달리오 #한빛비즈\n\n🔖 #독서 #북스타그램 #책 #독서스타그램 #책스타그램 #책리뷰 #책추천 #유클리 #유클리책장 #정부 #경제체제 #통화 #제국'}, {'user_id': 'ai.gi.book', 'posts_count': '170', 'post_text': "Photo by @ai.gi.book on November 05, 2024. 돈 및 문구: 'ーヒー MONEY 2025 TREND $ H 神 정태의 김도윤 김광석 김용섭 김현준 정수종 채상묵 최재붕 위기 속 속승자의 비밀, 누가 물고 누가 웃는가 420만 명 투자자와 소비자가 입증한 머니 인사이트 살아남기 위해 반드시 읽어야 할 2025 재테크 전략'의 그래픽일 수 있음.", 'post_image': 'https://scontent-ssn1-1.cdninstagram.com/v/t51.29350-15/465753010_1509610473073119_6751467960614604257_n.jpg?stp=dst-jpg_e35&efg=eyJ2ZW5jb2RlX3RhZyI6ImltYWdlX3VybGdlbi4xNDQweDE4MDAuc2RyLmYyOTM1MC5kZWZhdWx0X2ltYWdlIn0&_nc_ht=scontent-ssn1-1.cdninstagram.com&_nc_cat=103&_nc_ohc=1Ry669E1LFYQ7kNvgEj2ApB&_nc_gid=9625e44bf46248ae9b35bbda058a1e9c&edm=AONqaaQBAAAA&ccb=7-5&ig_cache_key=MzQ5NDY4MTcwMTY3MzM2MTQ5MA%3D%3D.3-ccb7-5&oh=00_AYDHae7_A5yl5aG5v48zRdmOsR1SREFHsZiClZt1OpimEQ&oe=673013E3&_nc_sid=4e3341', 'post_datetime': '2024-11-05 23:55:44', 'post_description': '미국 기업은 확장성과 경쟁력을 모두 갖춘 매력적인 투자 대상이다. 그들의 확장성은 큰 내수 시장에서 나온다. 같은 비즈니스 모델로 창업하더라도 미국과 한국은 판의 크기부터 다르다. 아마존과 쿠팡을 비교해보자. 아마존의 시가총액은 2조 달러, 한화로 2800조 원 정도다. 한국에서 유사한 사업을 하는 쿠팡은 400억 달러가 채 안 된다. 한화로 50조 원 정도니 아마존이 50배나 크다. 매출액 역시 아마존은 5750억 달러, 쿠팡은 244억 달러인데 한화로 따지면 아마존은 800조 원에 육박하고 쿠팡은 30조를 조금 넘는 수준으로, 24배 차이다. - <머니 트렌드 2025>, 정태익, 김도윤, 김광석, 김용섭, 김현준, 정수종, 채상욱, 최재붕 - 밀리의 서재\nhttps://www.millie.co.kr/v3/bookDetail/24556adb2d1849d1'}]
CSV 파일에 데이터 저장 중...
CSV 파일에 데이터 저장 완료
성공/실패 평가 중...
성공한 사람: ['terrys_reading', 'rdnmgo', '42lines_', 'euiclee.books', 'ai.gi.book']
실패한 사람: []
요약 이미지 생성 중...
요약 이미지 생성 완료
이미지 업로드 시작...
사진 업로드 중...
새 게시물 버튼 클릭 완료
다음 버튼 클릭 중...
다음 버튼 클릭 완료
다음 버튼 클릭 중...
다음 버튼 클릭 완료
성공/실패 평가 중...
성공한 사람: ['terrys_reading', 'rdnmgo', '42lines_', 'euiclee.books', 'ai.gi.book']
실패한 사람: []
설명 입력 중...
설명 입력 완료
게시물 공유 중...
게시물 공유 완료
사진 업로드 완료
이미지 업로드 완료
드라이버 종료
프로그램 시작
드라이버 설정 중...
드라이버 설정 완료
인스타그램 로그인 시도 중...
로그인 정보 입력 완료
로그인 정보 저장 버튼 클릭 중...
로그인 정보 저장 버튼 클릭 완료
정보 수집 시작...
terrys_reading의 정보 수집 중...
terrys_reading의 게시물에 '더 보기' 버튼 없음
좋아요 버튼을 클릭했습니다.
terrys_reading의 정보 수집 완료
rdnmgo의 정보 수집 중...
rdnmgo의 게시물에 '더 보기' 버튼 없음
좋아요 버튼을 클릭했습니다.
rdnmgo의 정보 수집 완료
42lines_의 정보 수집 중...
42lines_의 게시물에 '더 보기' 버튼 없음
좋아요 버튼을 클릭했습니다.
42lines_의 정보 수집 완료
euiclee.books의 정보 수집 중...
euiclee.books의 게시물에 '더 보기' 버튼 없음
좋아요 버튼을 클릭했습니다.
euiclee.books의 정보 수집 완료
ai.gi.book의 정보 수집 중...
ai.gi.book의 게시물에 '더 보기' 버튼 없음
좋아요 버튼을 클릭했습니다.
ai.gi.book의 정보 수집 완료
정보 수집 완료
[{'user_id': 'terrys_reading', 'posts_count': '121', 'post_text': 'Photo by @terrys_reading on November 06, 2024. 잡지, 포스터, 책 및 텍스트의 일러스트레이션일 수 있음.', 'post_image': 'https://scontent-ssn1-1.cdninstagram.com/v/t51.29350-15/465971827_549431161353684_5962399218227186233_n.jpg?stp=dst-jpg_e35&efg=eyJ2ZW5jb2RlX3RhZyI6ImltYWdlX3VybGdlbi4xNDQweDE4MDAuc2RyLmYyOTM1MC5kZWZhdWx0X2ltYWdlIn0&_nc_ht=scontent-ssn1-1.cdninstagram.com&_nc_cat=100&_nc_ohc=Rbj0kx4XNR8Q7kNvgFyduBW&_nc_gid=5ae83853c872418fb446844b6462ad7c&edm=AONqaaQBAAAA&ccb=7-5&ig_cache_key=MzQ5NTQwNjY1NzUwNjk1MTgyOQ%3D%3D.3-ccb7-5&oh=00_AYCqeZFitnjZpRhs-MV7uvRapuftkL-rafPVoMzq4XPD3Q&oe=67315842&_nc_sid=4e3341', 'post_datetime': '2024-11-06 23:56:06', 'post_description': '1. 신뢰는 무엇인가?\n신뢰란 타인의 의도나 행동에 대한 긍정적 기대치를 바탕으로, 이에 다른 취약함을 받아들이고자 하는 의지이다.\n2. 신뢰는 무엇으로 구성되어있는가?\n역량과 도덕성으로 구성되어있다.\n3. 우리가 낯선 사람을 신뢰할 때 가장 중요한 요소는 무엇인가\n1. 특정 인물보다 그 상황이 훨씬 중요하다. 이는 인간적 특성 뿐 아니라, 그 사람을 접하는 환경도 중요하다는 것을 의미한다. 개인의 특성과도 관련되며, 10가지 신뢰요소와도 관련된다.\n4. 언제 신뢰는 파괴되는가?'}, {'user_id': 'rdnmgo', 'posts_count': '129', 'post_text': 'Photo by @rdnmgo on November 06, 2024. 사람 1명, 책, 잡지, 포스터 및 텍스트의 만화일 수 있음.', 'post_image': 'https://scontent-ssn1-1.cdninstagram.com/v/t51.29350-15/465877637_482330954818416_7622676805337427779_n.jpg?stp=dst-jpg_e15&efg=eyJ2ZW5jb2RlX3RhZyI6ImltYWdlX3VybGdlbi42MTJ4NjEyLnNkci5mMjkzNTAuZGVmYXVsdF9pbWFnZSJ9&_nc_ht=scontent-ssn1-1.cdninstagram.com&_nc_cat=100&_nc_ohc=EwAUurN2788Q7kNvgHqC6Iw&_nc_gid=27a9bbb50ea146cd802008e64fa1ffc9&edm=AONqaaQBAAAA&ccb=7-5&ig_cache_key=MzQ5NTI1NTM1NDc1OTg0NTMzNw%3D%3D.3-ccb7-5&oh=00_AYBQRU88kYJ6ALKbzJ4GS3ZpT9GeGwToaPxEwtTg2C1qDg&oe=673164AA&_nc_sid=4e3341', 'post_datetime': '2024-11-06 18:55:29', 'post_description': '### 숨은 기억을 떠올리자\n\n진정성 있는 스토리란 당신이 알거나 느끼는 바를 솔직하게 공유하는 것이라는 사실은 아무리 강조해도 지나치지 않다. 당신의 삶과 개인적 경험 자체가 진심 어린 스토리를 만드는 최고의 재료다. 인생의 모든 순간을 기억할 수는 없겠지만 떠올리려고 애쓰다 보면 스쳐 지나가는 기억이 많을 것이다.\n\n하나의 기억에서 시작해보자. 머릿속에 떠오르는 기억에 최대한 집중해 그것을 글로 기록하거나 그림으로 그려보자.\n\n가령, 자동차를 탔던 첫 순간을 떠올려보자. 갑자기 머릿속에 어떤 이미지가 불쑥 떠오르면서 그 자동차와 관련된 다른 이미지들도 열리기 시작할 것이다. 수년간 잠재의식 깊은 곳에 있던 이미지들 말이다. 그 기억을 적어보면, 훌륭한 스토리를 만드는 새로운 아이디어가 떠오른다. 기업, 제품, 솔루션 등과 관련된 교훈이나 메시지, 핵심 등을 전달하는 스토리를 구상하는 데 요긴할 것이다.'}, {'user_id': '42lines_', 'posts_count': '128', 'post_text': 'Photo by @42lines_ on November 05, 2024. 텍스트의 이미지일 수 있음.', 'post_image': 'https://scontent-ssn1-1.cdninstagram.com/v/t51.29350-15/465207477_899303195166738_2886023433958930066_n.webp?stp=dst-jpg_e35&efg=eyJ2ZW5jb2RlX3RhZyI6ImltYWdlX3VybGdlbi4xNDQweDE0NDAuc2RyLmYyOTM1MC5kZWZhdWx0X2ltYWdlIn0&_nc_ht=scontent-ssn1-1.cdninstagram.com&_nc_cat=106&_nc_ohc=X8a-pgGQGdIQ7kNvgELsd9U&_nc_gid=bbc31e68452b440ba2f87b858be2e0e8&edm=AONqaaQBAAAA&ccb=7-5&ig_cache_key=MzQ5NTEyNjkyNjQ0NDg2OTU5NQ%3D%3D.3-ccb7-5&oh=00_AYAhpbkwwiEXsab2PRPcxSepdRiDW_dTGXdlmPh_mAX5SQ&oe=67314F9A&_nc_sid=4e3341', 'post_datetime': '2024-11-06 14:40:19', 'post_description': ''}, {'user_id': 'euiclee.books', 'posts_count': '128', 'post_text': 'Photo by 유클리책장 | 📚 매일매일 독서기록 on November 06, 2024. 텍스트의 이미지일 수 있음.', 'post_image': 'https://scontent-ssn1-1.cdninstagram.com/v/t51.29350-15/465206193_536720329124019_5691300843481548430_n.jpg?stp=dst-jpg_e15&efg=eyJ2ZW5jb2RlX3RhZyI6ImltYWdlX3VybGdlbi4xMDgweDEwODAuc2RyLmYyOTM1MC5kZWZhdWx0X2ltYWdlIn0&_nc_ht=scontent-ssn1-1.cdninstagram.com&_nc_cat=103&_nc_ohc=Az5PPCwVpikQ7kNvgENp-jq&_nc_gid=f175082b944e4820bb4ad6b8656358fe&edm=AONqaaQBAAAA&ccb=7-5&ig_cache_key=MzQ5NTMzNTcwOTAzNTI1MjA3Nw%3D%3D.3-ccb7-5&oh=00_AYDs3bia64UuTohWLlamg8OpE7WRGG91QcHit-6OwWb0XQ&oe=6731628F&_nc_sid=4e3341', 'post_datetime': '2024-11-06 21:35:09', 'post_description': '🖋️ 미국이 쇠퇴하는 시기가 오기나 할까? 모르는 것이 너무나도 많고 알아야 할 것 또한 너무나도 많다.\n\n정보가 곧 힘이고 돈이 되는 시대다. 그리고 전세계의 모든 정보는 미국으로 들어간다. 혁신으로 따지자면 전세계의 모든 인재는 미국에 모여 부를 창출하고 있다.\n\n이해가 안되는 것과 모르는 것이 너무나도 많지만, 한가지 바라는 것은 격변의 시대에 시장이 돌아가는 흐름을 읽을 수 있는 능력만큼은 갖추고 싶다.\n\n📗#변화하는세계질서 #레이달리오 #한빛비즈\n\n🔖 #독서 #북스타그램 #책 #독서스타그램 #책스타그램 #책리뷰 #책추천 #유클리 #유클리책장 #혁신 #쇠퇴 #부자'}, {'user_id': 'ai.gi.book', 'posts_count': '172', 'post_text': 'Photo by @ai.gi.book on November 06, 2024. 돈 및 텍스트의 그래픽일 수 있음.', 'post_image': 'https://scontent-ssn1-1.cdninstagram.com/v/t51.29350-15/465451384_3917409821874590_4459117367794572896_n.jpg?stp=dst-jpg_e35&efg=eyJ2ZW5jb2RlX3RhZyI6ImltYWdlX3VybGdlbi4xNDQweDE4MDAuc2RyLmYyOTM1MC5kZWZhdWx0X2ltYWdlIn0&_nc_ht=scontent-ssn1-1.cdninstagram.com&_nc_cat=102&_nc_ohc=1h5YEk6pmIQQ7kNvgG6taWl&_nc_gid=844508b2fb04426ab7b3a946abc2cf57&edm=AONqaaQBAAAA&ccb=7-5&ig_cache_key=MzQ5NTQwNzY0OTE0MjMyMzAyMA%3D%3D.3-ccb7-5&oh=00_AYB4Hc2HnrwUXtx4Rm26p65yL1hXS1mwuQiLk60g7KmIjQ&oe=67313E01&_nc_sid=4e3341', 'post_datetime': '2024-11-06 23:58:04', 'post_description': '엔비디아 칩을 구하기 쉬워지고, 인공지능 기술을 이용하기 쉬워지면 본격적으로 인공지능을 이용한 서비스의 시대가 펼쳐질 것이다. 이미 많은 기업이 자사의 챗봇 서비스에 챗 GPT를 도입한 것과 같다. 중요한 것은 인공지능의 도입과 별개로 이용자를 자사의 서비스에서 떠나지 못하게 하는 독점력이다. 이미 해당 서비스에 익숙해져서 경쟁사의 서비스로 넘어가지 못하는 전환 비용이 있다면 인공지능 기능을 빌미로 추가 가격 인상을 시도할 수도 있다. 그러니 인공지능 기술을 얼마큼 개발하고 활용해서 소비자에게 어떤 서비스를 제공하는지 그 흐름에 따라 새로운 투자의 기회가 보일 것이다. - <머니 트렌드 2025>, 정태익, 김도윤, 김광석, 김용섭, 김현준, 정수종, 채상욱, 최재붕 - 밀리의 서재\nhttps://www.millie.co.kr/v3/bookDetail/24556adb2d1849d1'}]
CSV 파일에 데이터 저장 중...
CSV 파일에 데이터 저장 완료
성공/실패 평가 중...
성공한 사람: ['terrys_reading', 'rdnmgo', '42lines_', 'euiclee.books', 'ai.gi.book']
실패한 사람: []
요약 이미지 생성 중...
요약 이미지 생성 완료
이미지 업로드 시작...
사진 업로드 중...
새 게시물 버튼 클릭 완료
다음 버튼 클릭 중...
다음 버튼 클릭 완료
다음 버튼 클릭 중...
다음 버튼 클릭 완료
성공/실패 평가 중...
성공한 사람: ['terrys_reading', 'rdnmgo', '42lines_', 'euiclee.books', 'ai.gi.book']
실패한 사람: []
설명 입력 중...
설명 입력 완료
게시물 공유 중...
게시물 공유 완료
사진 업로드 완료
이미지 업로드 완료
드라이버 종료
프로그램 시작
드라이버 설정 중...
드라이버 설정 완료
인스타그램 로그인 시도 중...
로그인 정보 입력 완료
로그인 정보 저장 버튼 클릭 중...
로그인 정보 저장 버튼 클릭 완료
정보 수집 시작...
terrys_reading의 정보 수집 중...
terrys_reading의 게시물에 '더 보기' 버튼 없음
좋아요 버튼을 클릭했습니다.
terrys_reading의 정보 수집 완료
rdnmgo의 정보 수집 중...
rdnmgo의 게시물에 '더 보기' 버튼 없음
좋아요 버튼을 클릭했습니다.
rdnmgo의 정보 수집 완료
42lines_의 정보 수집 중...
42lines_의 게시물에 '더 보기' 버튼 없음
좋아요 버튼을 클릭했습니다.
42lines_의 정보 수집 완료
euiclee.books의 정보 수집 중...
euiclee.books의 게시물에 '더 보기' 버튼 없음
좋아요 버튼을 클릭했습니다.
euiclee.books의 정보 수집 완료
ai.gi.book의 정보 수집 중...
ai.gi.book의 게시물에 '더 보기' 버튼 없음
좋아요 버튼을 클릭했습니다.
ai.gi.book의 정보 수집 완료
정보 수집 완료
[{'user_id': 'terrys_reading', 'posts_count': '122', 'post_text': 'Photo by @terrys_reading on November 06, 2024. 책, 잡지, 포스터 및 텍스트의 이미지일 수 있음.', 'post_image': 'https://scontent-ssn1-1.cdninstagram.com/v/t51.29350-15/465381769_3947938692103503_7502000585036406336_n.jpg?stp=dst-jpg_e35&efg=eyJ2ZW5jb2RlX3RhZyI6ImltYWdlX3VybGdlbi4xNDQweDE4MDAuc2RyLmYyOTM1MC5kZWZhdWx0X2ltYWdlIn0&_nc_ht=scontent-ssn1-1.cdninstagram.com&_nc_cat=103&_nc_ohc=ppzRnkdcE3UQ7kNvgHIOtvd&_nc_gid=404f9b32979f4c4f8811bd602b4a6bef&edm=AONqaaQBAAAA&ccb=7-5&ig_cache_key=MzQ5NTg5NzU5NTAzNDA3MzA0MQ%3D%3D.3-ccb7-5&oh=00_AYBiJguN0FDAgzARJ4YIOYN3R_S-Tm61c3WyQYZX-cVmpA&oe=67328ECA&_nc_sid=4e3341', 'post_datetime': '2024-11-07 16:11:30', 'post_description': '인간 그리고 집단은 많은 실수를 하며 살아간다. 그 과정에서 신뢰를 잃기도 한다. 이때 우리가 우리 자신의 실수를 대할 때든, 타인의 실수를 대할 때든 너무 빠르게 판단하는 경향이 있다. 하지만 언제나 진실은 복잡하다.\n\n어떤 문제가 발생했을 때는 세 가지를 고려해야한다. 1. 이 문제의 진정한 원인은 무엇인가? 2. 역량의 문제인가, 도덕성의 문제인가? 3. 어떻게 처벌하고, 보상할 것인가??\n\n이때 우리는 역량의 문제보다 도덕성의 문제에 더 큰 분노를 느낀다. 그렇기에, 대부분의 이들은 어떤 실수를 리프레이밍할 때 역량의 문제로 원인을 돌리기 위해 노력한다.\n\n또한 진실은 복잡하다. 우리는 2단계까지의 판단을 빠르게 내리는 경향이 있고, 이는 사고의 복잡함 때문이다. 이런 요소가 특정 이들이 대중의 눈을 속일 수 있도록 한다.\n\n그렇기에, 그 문제를 너무 빠르게 단정짓지 말고, 문제의 원인이 어디에 있는지, 그래서 그것이 회복 가능한 것인지를 파악해야 한다. 너무 빠르게 모든 신뢰를 끊어낼 필요는 없다.'}, {'user_id': 'rdnmgo', 'posts_count': '130', 'post_text': "Photo by @rdnmgo on November 06, 2024. 사람 1명, 책, 잡지, 포스터 및 문구: '매준지8|백어진올김 박여진올김 PIXAR STORYTELLING 픽사 스토리렐링 고객의 마음을 사로잡는 9가지 스토리 사로잡는9가지스토리법 법칙 구글, 디즈니, 레고, 넷플릭스가 찾는 스토리텔링 마스터 매튜 준의 실전 바이블 피사 20년 경력 스토리제작자의 스토리 제작자의 액심 비법 수록 네이버,카카오 네이버, 카카오 디즈니코리아 인플루언서 추천 2021 올해의 강연자 TOP 20 (BigSpeak)'의 만화일 수 있음.", 'post_image': 'https://scontent-ssn1-1.cdninstagram.com/v/t51.29350-15/465981575_1277944036719424_6915707675113370197_n.jpg?stp=dst-jpg_e15&efg=eyJ2ZW5jb2RlX3RhZyI6ImltYWdlX3VybGdlbi42MTJ4NjEyLnNkci5mMjkzNTAuZGVmYXVsdF9pbWFnZSJ9&_nc_ht=scontent-ssn1-1.cdninstagram.com&_nc_cat=104&_nc_ohc=0toTVffqU7YQ7kNvgEhddMN&_nc_gid=4d78ac23f6d64f43bac69fcc5e283dad&edm=AONqaaQBAAAA&ccb=7-5&ig_cache_key=MzQ5NTgwMDIxNjQ4MzYxMzEwOA%3D%3D.3-ccb7-5&oh=00_AYB5joCErw8b14mpBN2TSrn1ZYKXCYwd52c9FndquovnUw&oe=6732BAA4&_nc_sid=4e3341', 'post_datetime': '2024-11-07 12:58:01', 'post_description': '• 내가 가장 용감했던 순간은 언제인가?\n• 내가 가장 창피했던 순간은 언제인가?\n• 팀워크의 진가를 처음 느낀 건 언제인가?\n\n직접 자신만의 목록을 만들어보자. 오랫동안 묻어둔 기억들을 떠올리는 데 도움이 된다.\n\n특히 아이디어를 구상할 때는 이 과정을 좀 더 심화할 수 있다.\n\n나는 이런 식으로 하나의 이미지를 연상한 뒤 관련 캐릭터와 드라마 스토리로 발전시킨다. 이 간단한 자극 덕분에 영화 《스타워즈》를 아버지와 함께 생애 처음으로 봤던 기억이 해제되었다.'}, {'user_id': '42lines_', 'posts_count': '129', 'post_text': 'Photo by @42lines_ on November 07, 2024. 텍스트의 이미지일 수 있음.', 'post_image': 'https://scontent-ssn1-1.cdninstagram.com/v/t51.29350-15/465951906_3994256504152476_1247787547496513811_n.webp?stp=dst-jpg_e35&efg=eyJ2ZW5jb2RlX3RhZyI6ImltYWdlX3VybGdlbi4xNDQweDE0NDAuc2RyLmYyOTM1MC5kZWZhdWx0X2ltYWdlIn0&_nc_ht=scontent-ssn1-1.cdninstagram.com&_nc_cat=100&_nc_ohc=PcrH4lYKBD0Q7kNvgHiwzLE&_nc_gid=3440a46956744c20ad242bc2b79c78ae&edm=AP4sbd4BAAAA&ccb=7-5&ig_cache_key=MzQ5NjAwMjQyODU2MDM3MTAyOA%3D%3D.3-ccb7-5&oh=00_AYAaBBMJIjKO6v0obGyMHtSUEJwsEpd96GrYi-X9H6ek7w&oe=6732B9DB&_nc_sid=7a9f4b', 'post_datetime': '2024-11-07 19:39:47', 'post_description': ''}, {'user_id': 'euiclee.books', 'posts_count': '129', 'post_text': 'Photo by 유클리책장 | 📚 매일매일 독서기록 on November 07, 2024. 텍스트의 이미지일 수 있음.', 'post_image': 'https://scontent-ssn1-1.cdninstagram.com/v/t51.29350-15/465312883_2824887514360350_2213263804780257364_n.jpg?stp=dst-jpg_e15&efg=eyJ2ZW5jb2RlX3RhZyI6ImltYWdlX3VybGdlbi4xMDgweDEwODAuc2RyLmYyOTM1MC5kZWZhdWx0X2ltYWdlIn0&_nc_ht=scontent-ssn1-1.cdninstagram.com&_nc_cat=106&_nc_ohc=pgmcOVyNe0EQ7kNvgF0yYka&_nc_gid=18c9f1f0d82047e59e35d3d2399f7646&edm=AP4sbd4BAAAA&ccb=7-5&ig_cache_key=MzQ5NjA3MzA4MjQ0MjU1OTU4NQ%3D%3D.3-ccb7-5&oh=00_AYCkUSykqt7HARVelrx5o1deDbBfIX3s6B0kyqjk5WGyBw&oe=6732C26D&_nc_sid=7a9f4b', 'post_datetime': '2024-11-07 22:00:11', 'post_description': '🖋️ 결국은 사람이다. 위대한 인적 자본은 약점을 극복하고 기회를 발굴해서 활용한다.\n\n약소국이었던 네덜란드, 잉글랜드, 스위스, 싱가포르 등이 막대한 부를 일구고 (경우에 따라서는) 힘을 축적하게 된 것도 우수한 인적 자본 덕분이었다고 한다. 어느면에서 보면 우리나라가 이정도로 성장할 수 있던 이유도 인적 자본 덕분이 아니었을까 생각한다.\n\n훌륭한 인재를 만나기 위해서는 나도 그들을 넘어서는 수준까지는 못하더라도 그 수준에 올라가기 위해 끊임없이 발전해야 함은 분명하다.\n\n세상이 어떻게 변화하던 사람을 보는 눈을 기르고 사람에 대해 알고 공부해야 하는 것은 변함이 없지 않을까.\n\n📗#변화하는세계질서 #레이달리오 #한빛비즈\n\n🔖 #독서 #북스타그램 #책 #독서스타그램 #책스타그램 #책리뷰 #책추천 #유클리 #유클리책장 #사람'}, {'user_id': 'ai.gi.book', 'posts_count': '175', 'post_text': 'Photo by @ai.gi.book on November 07, 2024. 돈 및 텍스트의 일러스트레이션일 수 있음.', 'post_image': 'https://scontent-ssn1-1.cdninstagram.com/v/t51.29350-15/465965938_1080538996813400_1772581830090958409_n.jpg?stp=dst-jpg_e35&efg=eyJ2ZW5jb2RlX3RhZyI6ImltYWdlX3VybGdlbi4xNDQweDE4MDAuc2RyLmYyOTM1MC5kZWZhdWx0X2ltYWdlIn0&_nc_ht=scontent-ssn1-1.cdninstagram.com&_nc_cat=108&_nc_ohc=4UykDpbLoOYQ7kNvgEF5Spm&_nc_gid=461450d771ca408fa58d6092f524c747&edm=AONqaaQBAAAA&ccb=7-5&ig_cache_key=MzQ5NjExMjYyNjU4Mjk4NDQ3OA%3D%3D.3-ccb7-5&oh=00_AYBNLX2buHkb0hrK8vX_d7ZQRzrdnKndh-q2nIJTpiR15g&oe=6732B13D&_nc_sid=4e3341', 'post_datetime': '2024-11-07 23:18:44', 'post_description': '9억 미만 일반 아파트는 부동산 대책을 통해서 충분히 대응할 수 있을 수준이지만, 초고가 아파트의 경우는 다르다. 글로벌 자산시장이 강력하게 동조화 흐름을 탄다면, 정부에서 대책을 낸다고 해도 실질적으로 먹힐 만한 것이 거의 없을지도 모른다. 2020~2021년 코로나19 위기 속에서 제로금리로 인해 자산가격이 초강세를 보였던 건 2022년에 고금리로 잡혔지, 주택 공급으로 잡힌 게 아니었다. 이는 2024년에 이뤄지고 있는 부동산 시장 강세도 결국 앞으로 글로벌 자산시장에서 이뤄지는 조정으로 잡힐 가능성이 높다는 것이다. 이는 지금뿐만 아니라 미래에도 지속해서 반복될 수 있다. 왜냐하면 어느새 서울 아파트의 경우, 모든 구매력 중에서 처분 소득이 가장 큰 구매력의 원천으로 전환해버렸기 때문이다.\n\n반대로 시장의 이런 흐름은 건강하지 못한 주택 수요를 의미하기도 한다. 과거의 주택 구입은 무주택에서 1주택으로 전환하는 신규 수요와, 1주택인데 다른 주택으로 갈아타는 수요 등이 혼재했다. 그러나 지금은 비중 측면에서 신규 수요가 감소하고 1주택인데 갈아타는 비중이 증가하고 있다. 이는 만성적인 거래 위축을 불러올 가능성이 적지 않다. 부동산 시장의 유동성에 제약이 생긴다면 이런 요인 때문일 것이다. - <머니 트렌드 2025>, 정태익, 김도윤, 김광석, 김용섭, 김현준, 정수종, 채상욱, 최재붕 - 밀리의 서재\nhttps://www.millie.co.kr/v3/bookDetail/24556adb2d1849d1'}]
CSV 파일에 데이터 저장 중...
CSV 파일에 데이터 저장 완료
성공/실패 평가 중...
성공한 사람: ['terrys_reading', 'rdnmgo', '42lines_', 'euiclee.books', 'ai.gi.book']
실패한 사람: []
요약 이미지 생성 중...
요약 이미지 생성 완료
이미지 업로드 시작...
사진 업로드 중...
새 게시물 버튼 클릭 완료
다음 버튼 클릭 중...
다음 버튼 클릭 완료
다음 버튼 클릭 중...
다음 버튼 클릭 완료
성공/실패 평가 중...
성공한 사람: ['terrys_reading', 'rdnmgo', '42lines_', 'euiclee.books', 'ai.gi.book']
실패한 사람: []
설명 입력 중...
설명 입력 완료
게시물 공유 중...
게시물 공유 완료
사진 업로드 완료
이미지 업로드 완료
드라이버 종료
프로그램 시작
드라이버 설정 중...
드라이버 설정 완료
인스타그램 로그인 시도 중...
로그인 정보 입력 완료
로그인 정보 저장 버튼 클릭 중...
로그인 정보 저장 버튼 클릭 완료
정보 수집 시작...
terrys_reading의 정보 수집 중...
terrys_reading의 게시물에 '더 보기' 버튼 없음
좋아요 버튼을 클릭했습니다.
terrys_reading의 정보 수집 완료
rdnmgo의 정보 수집 중...
rdnmgo의 게시물에 '더 보기' 버튼 없음
오류가 발생했습니다: Message: 
Stacktrace:
0   chromedriver                        0x000000010931b338 chromedriver + 5096248
1   chromedriver                        0x0000000109312b6a chromedriver + 5061482
2   chromedriver                        0x0000000108e9dfd0 chromedriver + 389072
3   chromedriver                        0x0000000108eea9ab chromedriver + 702891
4   chromedriver                        0x0000000108eeaa81 chromedriver + 703105
5   chromedriver                        0x0000000108f2ecd4 chromedriver + 982228
6   chromedriver                        0x0000000108f0ef1d chromedriver + 851741
7   chromedriver                        0x0000000108f2c250 chromedriver + 971344
8   chromedriver                        0x0000000108f0ec93 chromedriver + 851091
9   chromedriver                        0x0000000108eddc79 chromedriver + 650361
10  chromedriver                        0x0000000108ede49e chromedriver + 652446
11  chromedriver                        0x00000001092de0b0 chromedriver + 4845744
12  chromedriver                        0x00000001092e2fc8 chromedriver + 4865992
13  chromedriver                        0x00000001092e3695 chromedriver + 4867733
14  chromedriver                        0x00000001092c0ce9 chromedriver + 4725993
15  chromedriver                        0x00000001092e3989 chromedriver + 4868489
16  chromedriver                        0x00000001092b2c04 chromedriver + 4668420
17  chromedriver                        0x0000000109302e68 chromedriver + 4996712
18  chromedriver                        0x0000000109303067 chromedriver + 4997223
19  chromedriver                        0x000000010931276e chromedriver + 5060462
20  libsystem_pthread.dylib             0x00007fff71f4f109 _pthread_start + 148
21  libsystem_pthread.dylib             0x00007fff71f4ab8b thread_start + 15

rdnmgo의 정보 수집 완료
42lines_의 정보 수집 중...
42lines_의 게시물에 '더 보기' 버튼 없음
좋아요 버튼을 클릭했습니다.
42lines_의 정보 수집 완료
euiclee.books의 정보 수집 중...
euiclee.books의 게시물에 '더 보기' 버튼 없음
좋아요 버튼을 클릭했습니다.
euiclee.books의 정보 수집 완료
ai.gi.book의 정보 수집 중...
ai.gi.book의 게시물에 '더 보기' 버튼 없음
좋아요 버튼을 클릭했습니다.
ai.gi.book의 정보 수집 완료
정보 수집 완료
[{'user_id': 'terrys_reading', 'posts_count': '123', 'post_text': 'Photo by @terrys_reading on November 08, 2024. 신문, 책, 잡지, 포스터 및 텍스트의 그래픽일 수 있음.', 'post_image': 'https://scontent-ssn1-1.cdninstagram.com/v/t51.29350-15/465999959_577373041413042_6864306371941108054_n.jpg?stp=dst-jpg_e35&efg=eyJ2ZW5jb2RlX3RhZyI6ImltYWdlX3VybGdlbi4xNDQweDE4MDAuc2RyLmYyOTM1MC5kZWZhdWx0X2ltYWdlIn0&_nc_ht=scontent-ssn1-1.cdninstagram.com&_nc_cat=106&_nc_ohc=sGcQ5dvMpZEQ7kNvgF21oiV&_nc_gid=a08f3cb713c943cd8fa33e84271707b1&edm=AONqaaQBAAAA&ccb=7-5&ig_cache_key=MzQ5Njg1NDE1MTIxODY0MTU4MA%3D%3D.3-ccb7-5&oh=00_AYApAqo5FT8lyvPFzItKD3lV1ItimtPJYoI2chXNPMkmfg&oe=6733EFE3&_nc_sid=4e3341', 'post_datetime': '2024-11-08 23:52:00', 'post_description': '1. 창업자는 투자자에게 주기적 보고서를 작성한다.\n2. 이때 가장 중요한 요소는 아래와 같다.\n\n미션, 투자자가 도와줬으면 좋겠는 것, 재무 상황, kpi, 사업의기복, 이 다섯가지가 투자와 창업자 소통의 가장 중요한 요소이다.'}, {'user_id': 'rdnmgo', 'posts_count': '130', 'post_text': "Photo by @rdnmgo on November 06, 2024. 사람 1명, 책, 잡지, 포스터 및 문구: '매준지8|백어진올김 박여진올김 PIXAR STORYTELLING 픽사 스토리렐링 고객의 마음을 사로잡는 9가지 스토리 사로잡는9가지스토리법 법칙 구글, 디즈니, 레고, 넷플릭스가 찾는 스토리텔링 마스터 매튜 준의 실전 바이블 피사 20년 경력 스토리제작자의 스토리 제작자의 액심 비법 수록 네이버,카카오 네이버, 카카오 디즈니코리아 인플루언서 추천 2021 올해의 강연자 TOP 20 (BigSpeak)'의 만화일 수 있음.", 'post_image': 'https://scontent-ssn1-1.cdninstagram.com/v/t51.29350-15/465981575_1277944036719424_6915707675113370197_n.jpg?stp=dst-jpg_e15&efg=eyJ2ZW5jb2RlX3RhZyI6ImltYWdlX3VybGdlbi42MTJ4NjEyLnNkci5mMjkzNTAuZGVmYXVsdF9pbWFnZSJ9&_nc_ht=scontent-ssn1-1.cdninstagram.com&_nc_cat=104&_nc_ohc=0toTVffqU7YQ7kNvgEhddMN&_nc_gid=1c3f905106574df98840bac712b0bdca&edm=AP4sbd4BAAAA&ccb=7-5&ig_cache_key=MzQ5NTgwMDIxNjQ4MzYxMzEwOA%3D%3D.3-ccb7-5&oh=00_AYCjBiYOoiR9erE-_IjFkEP2RF5VdAlCJTyKSkqrXIpfiw&oe=67340C24&_nc_sid=7a9f4b', 'post_datetime': '2024-11-07 12:58:01', 'post_description': '• 내가 가장 용감했던 순간은 언제인가?\n• 내가 가장 창피했던 순간은 언제인가?\n• 팀워크의 진가를 처음 느낀 건 언제인가?\n\n직접 자신만의 목록을 만들어보자. 오랫동안 묻어둔 기억들을 떠올리는 데 도움이 된다.\n\n특히 아이디어를 구상할 때는 이 과정을 좀 더 심화할 수 있다.\n\n나는 이런 식으로 하나의 이미지를 연상한 뒤 관련 캐릭터와 드라마 스토리로 발전시킨다. 이 간단한 자극 덕분에 영화 《스타워즈》를 아버지와 함께 생애 처음으로 봤던 기억이 해제되었다.'}, {'user_id': '42lines_', 'posts_count': '130', 'post_text': 'Photo by @42lines_ on November 07, 2024. 야외 및 텍스트의 이미지일 수 있음.', 'post_image': 'https://scontent-ssn1-1.cdninstagram.com/v/t51.29350-15/466085181_1477971139531508_3648195235923867330_n.webp?stp=dst-jpg_e35&efg=eyJ2ZW5jb2RlX3RhZyI6ImltYWdlX3VybGdlbi4xNDQweDE0NDAuc2RyLmYyOTM1MC5kZWZhdWx0X2ltYWdlIn0&_nc_ht=scontent-ssn1-1.cdninstagram.com&_nc_cat=108&_nc_ohc=6K0f29d3-LcQ7kNvgGe09zM&_nc_gid=18fada5fbebb482597205a11468a26c1&edm=AONqaaQBAAAA&ccb=7-5&ig_cache_key=MzQ5NjQzODQ4NzcxNTQzNzE5Nw%3D%3D.3-ccb7-5&oh=00_AYCvSItfoJw12eP-fWfVdNeB8H-W74a503ha2kwPAp0YRg&oe=6733FEF9&_nc_sid=4e3341', 'post_datetime': '2024-11-08 10:06:09', 'post_description': ''}, {'user_id': 'euiclee.books', 'posts_count': '130', 'post_text': 'Photo by 유클리책장 | 📚 매일매일 독서기록 on November 08, 2024. 텍스트의 이미지일 수 있음.', 'post_image': 'https://scontent-ssn1-1.cdninstagram.com/v/t51.29350-15/466033331_1269964030674412_8663444832521399847_n.jpg?stp=dst-jpg_e15&efg=eyJ2ZW5jb2RlX3RhZyI6ImltYWdlX3VybGdlbi4xMDgweDEwODAuc2RyLmYyOTM1MC5kZWZhdWx0X2ltYWdlIn0&_nc_ht=scontent-ssn1-1.cdninstagram.com&_nc_cat=104&_nc_ohc=c4rzhvH8ducQ7kNvgHPdU13&_nc_gid=34ece025d6d14fcab79744b6ea33e18e&edm=AP4sbd4BAAAA&ccb=7-5&ig_cache_key=MzQ5Njc3MzkxNzY0ODU4NzUzMw%3D%3D.3-ccb7-5&oh=00_AYAxkKBUeKJZs1k2tIhhDDcJERgYBPY1psE2EhFmLX4PFQ&oe=6733E62C&_nc_sid=7a9f4b', 'post_datetime': '2024-11-08 21:12:36', 'post_description': '🖋️ 변화는 다수가 아닌 소수의 사람들이 만들어낸다.\n\n역사를 보면 정치, 학문, 금융과 상업, 예술 같은 주요 부문에 종사하는 몇몇 사람에 의해 때로는 좋은 방향으로, 때로는 끔찍한 방향으로 역사의 흐름이 바뀌었다는 것을 알 수 있다.\n\n삶이란 체스나 바둑처럼 움직임 하나하나가 어떤 결과를 낳는데, 다른 사람들보다 이것을 특히 잘하는 사람들이 변화를 만드는 것이다.\n\n나는 내가 아무것도 아닌 것을 너무나도 잘안다. 이말이 나는 아무것도 할 수 없고 무능한 사람 나부랭이라는 소리가 아니라, 말 그대로 아무것도 아니다. 그렇기 때문에 한편으로는 세상을 바꾸는 사람들은 도대체 어떤 점이 다른지가 궁금하다. (집안에 다른 것은 누가봐도 확실하다.)\n\n출발선부터가 달랐을 것이고 비교를 하자면 끝도 없을 것이다. 하지만 어느 상황에 처해있던지 배울 점은 있는 법, 나는 비교보다는 조금이라도 배울점을 찾아 현재의 나보다는 조금 더 성장하고 싶다.\n\n📗#변화하는세계질서 #레이달리오 #한빛비즈\n\n🔖 #독서 #북스타그램 #책 #독서스타그램 #책스타그램 #책리뷰 #책추천 #유클리 #유클리책장 #변화 #소수'}, {'user_id': 'ai.gi.book', 'posts_count': '178', 'post_text': 'Photo by @ai.gi.book on November 08, 2024. 돈 및 텍스트의 일러스트레이션일 수 있음.', 'post_image': 'https://scontent-ssn1-1.cdninstagram.com/v/t51.29350-15/465979444_8777187652348627_4225924513015542256_n.jpg?stp=dst-jpg_e35&efg=eyJ2ZW5jb2RlX3RhZyI6ImltYWdlX3VybGdlbi4xNDQweDE4MDAuc2RyLmYyOTM1MC5kZWZhdWx0X2ltYWdlIn0&_nc_ht=scontent-ssn1-1.cdninstagram.com&_nc_cat=107&_nc_ohc=t9PFBk0CSZIQ7kNvgFPApA2&_nc_gid=c287a4aec4304cb785a0689296526fff&edm=AONqaaQBAAAA&ccb=7-5&ig_cache_key=MzQ5Njg1NjY0Mzc5NDA2NTMzMg%3D%3D.3-ccb7-5&oh=00_AYBzqkQfktKVYE63bE82IaxMPeRA3lCs_5hYI2mJnOD_hA&oe=6733F703&_nc_sid=4e3341', 'post_datetime': '2024-11-08 23:56:57', 'post_description': '주택의 전세는 단순한 회계상으로 따졌을 때 20년 치 임차료의 합산액과 유사하다. 예를 들어 월세가 300만 원인 주택은 연세 3600만 원인 것과 같은데, 그럼 전세는 20년 치에 해당하는 7억 2000만 원인 경우가 많다. 또 서울의 경우 이런 지역은 멀티플 2배를 부여하면 매매가격이 14억 4000만 원인 경우가 일반적이다. 그렇다면 주택가격에 단순 산술 연도로만 40년 치의 임차료가 반영된 셈이다. 예금 금리가 제로인 상황이라면 앞서 14억 4000만 원으로 매년 3600만 원의 임차료를 냈을 때 그때는 임차료를 40년 치 내면서 산다고 볼 수 있다.\n\n14억 4000만 원의 돈이 있고 올해 3600만 원을 임차료로 내면, 남은 14억 400만 원에 대해서 금리가 1%라고 했을 때 잔액은 얼마로 불어날까? 이자가 1% 붙는 것으로 계산하면 40년이 아니라 51년 동안의 임차료를 내면서 살 수 있다. 이자율이 2%라면 어떻게 될까? 그때는 훨씬 증가해서 78년 동안 거주할 수 있다. 아마 이 정도로 거주하게 된다면, 주택은 수명을 다하고 재건축을 기대할 수 있을 것이다.\n\n이처럼 현재의 주택가격은 단순 산술로는 서울의 경우 멀티플 2배라면 40여 년 동안 거주할 수 있는 임차료의 합산 금액과 유사하다. 경기도의 멀티플이 1.6배라면, 약 32년을 거주할 수 있는 비용이며, 지방이 1.4배라면 이는 28년을 거주할 수 있는 비용이 나온다. 그런데 2040년 전후로 한국의 잠재성장률이 마이너스로 전환된다면, 임차료가 이 시기를 전후로 역성장할 가능성이 발생할 것이다. 혹은 임차료가 상승하더라도 주택의 공실이 증가하게 되면서 자연스럽게 공실 리스크가 발생하게 될 것이다. - <머니 트렌드 2025>, 정태익, 김도윤, 김광석, 김용섭, 김현준, 정수종, 채상욱, 최재붕 - 밀리의 서재\nhttps://www.millie.co.kr/v3/bookDetail/24556adb2d1849d1'}]
CSV 파일에 데이터 저장 중...
CSV 파일에 데이터 저장 완료
성공/실패 평가 중...
성공한 사람: ['terrys_reading', 'rdnmgo', '42lines_', 'euiclee.books', 'ai.gi.book']
실패한 사람: []
요약 이미지 생성 중...
요약 이미지 생성 완료
이미지 업로드 시작...
사진 업로드 중...
새 게시물 버튼 클릭 완료
다음 버튼 클릭 중...
다음 버튼 클릭 완료
다음 버튼 클릭 중...
다음 버튼 클릭 완료
성공/실패 평가 중...
성공한 사람: ['terrys_reading', 'rdnmgo', '42lines_', 'euiclee.books', 'ai.gi.book']
실패한 사람: []
설명 입력 중...
설명 입력 완료
게시물 공유 중...
게시물 공유 완료
사진 업로드 완료
이미지 업로드 완료
드라이버 종료
프로그램 시작
드라이버 설정 중...
드라이버 설정 완료
인스타그램 로그인 시도 중...
로그인 정보 입력 완료
로그인 정보 저장 버튼 클릭 중...
로그인 정보 저장 버튼 클릭 완료
정보 수집 시작...
terrys_reading의 정보 수집 중...
terrys_reading의 게시물에 '더 보기' 버튼 없음
좋아요 버튼을 클릭했습니다.
terrys_reading의 정보 수집 완료
rdnmgo의 정보 수집 중...
rdnmgo의 게시물에 '더 보기' 버튼 없음
좋아요 버튼을 클릭했습니다.
rdnmgo의 정보 수집 완료
42lines_의 정보 수집 중...
42lines_의 게시물에 '더 보기' 버튼 없음
좋아요 버튼을 클릭했습니다.
42lines_의 정보 수집 완료
euiclee.books의 정보 수집 중...
euiclee.books의 게시물에 '더 보기' 버튼 없음
좋아요 버튼을 클릭했습니다.
euiclee.books의 정보 수집 완료
ai.gi.book의 정보 수집 중...
ai.gi.book의 게시물에 '더 보기' 버튼 없음
좋아요 버튼을 클릭했습니다.
ai.gi.book의 정보 수집 완료
정보 수집 완료
[{'user_id': 'terrys_reading', 'posts_count': '124', 'post_text': 'Photo by @terrys_reading on November 09, 2024. 잡지, 포스터 및 텍스트의 그래픽일 수 있음.', 'post_image': 'https://scontent-ssn1-1.cdninstagram.com/v/t51.29350-15/465979455_1126848772486779_8826717345534037385_n.jpg?stp=dst-jpg_e35&efg=eyJ2ZW5jb2RlX3RhZyI6ImltYWdlX3VybGdlbi4xNDQweDE0NDAuc2RyLmYyOTM1MC5kZWZhdWx0X2ltYWdlIn0&_nc_ht=scontent-ssn1-1.cdninstagram.com&_nc_cat=103&_nc_ohc=5FQ5KhsWwo4Q7kNvgGEkPtI&_nc_gid=f1531a0e221241829bc97a5dbbecf1db&edm=AONqaaQBAAAA&ccb=7-5&ig_cache_key=MzQ5NzU4MTUyMzgzMjc2MDk2Mw%3D%3D.3-ccb7-5&oh=00_AYCdPYTqlIzCGcLUjk5Kxo7fDv46iKHARDXQUxK25KVWxg&oe=67355988&_nc_sid=4e3341', 'post_datetime': '2024-11-09 23:57:10', 'post_description': '우리에게는 많은 직관과 감정이 존재한다. 하지만, 명확히 표현되지 않으면 편견에 의해 왜곡된다. 글쓰기는 아이디어를 명료하게 있는 그대로 표출하게 한다. 글로 표현할 수 없는 생각은 고민해볼 필요가 있다.\n\nTake four questions:\n\nWhat is your edge over competitors?\n\nHow do you react to unforeseen risk?\n\nWhat have you changed your mind about recently?\n\nWhat part of your job are you not good at?'}, {'user_id': 'rdnmgo', 'posts_count': '131', 'post_text': 'Photo by @rdnmgo on November 09, 2024. 사람 1명, 책, 잡지, 포스터 및 텍스트의 만화일 수 있음.', 'post_image': 'https://scontent-ssn1-1.cdninstagram.com/v/t51.29350-15/466459820_2073060236467462_1455302981084382792_n.jpg?stp=dst-jpg_e15&efg=eyJ2ZW5jb2RlX3RhZyI6ImltYWdlX3VybGdlbi42MTJ4NjEyLnNkci5mMjkzNTAuZGVmYXVsdF9pbWFnZSJ9&_nc_ht=scontent-ssn1-1.cdninstagram.com&_nc_cat=110&_nc_ohc=zgBOQyBEFw4Q7kNvgGQFSIh&_nc_gid=c4b5555382434e12b9fd276025cd1102&edm=AONqaaQBAAAA&ccb=7-5&ig_cache_key=MzQ5NzU3NDE4MzM1MTM2ODQ0OQ%3D%3D.3-ccb7-5&oh=00_AYB5Wd_98peqZtrvti6UsJ_lEJr2Mo1o7FhX-UXL44UIxg&oe=67354DF8&_nc_sid=4e3341', 'post_datetime': '2024-11-09 23:42:35', 'post_description': '모든 영화는 기억을 토대로 만들어진다.\n\n《니모를 찾아서》는 감독의 경험이 녹아 있다. 처음 아버지가 되면서 자식을 과잉보호했던 감독 자신의 스토리다. 존 라세터는 영화 《카》에서 숨 가쁘게 바쁜 자신의 삶을 투사하며 인생을 좀 더 느긋하게 살아야 할 필요성을 이야기한다. 그렇다면 존 라세터는 왜 자동차를 주인공으로 택했을까? 그의 아버지가 자동차 정비사였기 때문이다. 픽사는 대본이나 책의 저작권을 구매해 사용한 적이 없다. 우리가 만든 모든 스토리는 직접 개발한 것이다. 모두 지극히 사적인 공간에서 탄생했다.\n\n《인사이드 아웃》의 감독 피트 닥터도 자신의 스토리를 영화로 엮는 방법을 알아냈다.\n행복한 그의 가족을 보고 있노라면 은근히 나는 왜 더 행복하지 않을까 죄책감마저 들 지경이다. 하지만 그의 딸 엘리가 열두 살이 되면서 모든 것이 바뀌었다. 엘리는 우울해했다. 어느 날 갑자기 엘리는 행복보다는 슬픔, 두려움, 혐오, 분노의 감정에 지배를 받았다.'}, {'user_id': '42lines_', 'posts_count': '131', 'post_text': 'Photo by @42lines_ on November 08, 2024. 텍스트의 이미지일 수 있음.', 'post_image': 'https://scontent-ssn1-1.cdninstagram.com/v/t51.29350-15/466020223_578431491214286_5779585142502887000_n.webp?stp=dst-jpg_e35&efg=eyJ2ZW5jb2RlX3RhZyI6ImltYWdlX3VybGdlbi4xNDQweDE0NDAuc2RyLmYyOTM1MC5kZWZhdWx0X2ltYWdlIn0&_nc_ht=scontent-ssn1-1.cdninstagram.com&_nc_cat=102&_nc_ohc=Az187JoucgQQ7kNvgFn4T6P&_nc_gid=66ae403844524511844568215bd0e337&edm=AONqaaQBAAAA&ccb=7-5&ig_cache_key=MzQ5Njg3MzI3Nzk2NjMwMDA5OQ%3D%3D.3-ccb7-5&oh=00_AYD7PHwyKUs5KJS4Qp6jpgTfjN-itEOVHsydxRs12sc-Yg&oe=673546C7&_nc_sid=4e3341', 'post_datetime': '2024-11-09 00:30:00', 'post_description': ''}, {'user_id': 'euiclee.books', 'posts_count': '131', 'post_text': 'Photo by 유클리책장 | 📚 매일매일 독서기록 on November 09, 2024. 텍스트의 이미지일 수 있음.', 'post_image': 'https://scontent-ssn1-1.cdninstagram.com/v/t51.29350-15/466419870_1308820580553897_3894028131437372767_n.jpg?stp=dst-jpg_e15&efg=eyJ2ZW5jb2RlX3RhZyI6ImltYWdlX3VybGdlbi4xMDgweDEwODAuc2RyLmYyOTM1MC5kZWZhdWx0X2ltYWdlIn0&_nc_ht=scontent-ssn1-1.cdninstagram.com&_nc_cat=109&_nc_ohc=9QaJQmqegScQ7kNvgHtfH9E&_nc_gid=0111ab1d7f2b4a9b887edb931b5df87f&edm=AP4sbd4BAAAA&ccb=7-5&ig_cache_key=MzQ5NzUyNzkwNjkyNTI0MTIyOQ%3D%3D.3-ccb7-5&oh=00_AYBFgfmLgoJ3eF2GHFbMcwDCsopXgA8JV2g0g84adWD8KA&oe=67356422&_nc_sid=7a9f4b', 'post_datetime': '2024-11-09 22:10:39', 'post_description': '🖋️ 의사결정에 있어서 과연 컴퓨터를 사용하는 것이 더 좋을까.\n\n마주한 상황에 따라서 다르겠지만, 컴퓨터는 당연히 감정적인 면을 제외하고 철저히 이성적인면을 이용해 의사결정을 할 것이다. 그리고 그 상황이 철저히 이성적인면을 이용해 의사결정을 해야만 하는 상황이라면 컴퓨터가 우리보다 의사결정을 더 잘한다는 것은 당연할 것이다.\n\n�컴퓨터가 의사결정까지 한다면 도대체 우리는 무엇을 해야 하는가.라는 생각이 들 수도 있다. 하지만 다른 시점에서 본다면 컴퓨터가 우리보다 의사결정을 잘 한다는 것은 어쩌면 훌륭한 조력자가 생긴 것과 다름 없기 때문에 더 좋을 수 있다.\n\n�컴퓨터가 우리를 대체할 것이라는 걱정을 안고 살아가는 것보다는 내가 하고 싶은 일을 더 생산성 있게, 더 좋은 결과를 얻을 수 있도록 활용해야함이 맞지 않을까 생각한다.\n\n📗#변화하는세계질서 #레이달리오 #한빛비즈\n\n🔖 #독서 #북스타그램 #책 #독서스타그램 #책스타그램 #책리뷰 #책추천 #유클리 #유클리책장 #컴퓨터 #의사결정'}, {'user_id': 'ai.gi.book', 'posts_count': '180', 'post_text': 'Photo by @ai.gi.book on November 09, 2024. 돈 및 텍스트의 일러스트레이션일 수 있음.', 'post_image': 'https://scontent-ssn1-1.cdninstagram.com/v/t51.29350-15/466011725_880897000861533_3350665396496521503_n.jpg?stp=dst-jpg_e35&efg=eyJ2ZW5jb2RlX3RhZyI6ImltYWdlX3VybGdlbi4xNDQweDE4MDAuc2RyLmYyOTM1MC5kZWZhdWx0X2ltYWdlIn0&_nc_ht=scontent-ssn1-1.cdninstagram.com&_nc_cat=109&_nc_ohc=vfX7Hn6FGpEQ7kNvgHupa1-&_nc_gid=4c76df953fc84739abab898b176565b3&edm=AP4sbd4BAAAA&ccb=7-5&ig_cache_key=MzQ5NzU4MzA5Mjg2ODAyNzM3OA%3D%3D.3-ccb7-5&oh=00_AYCQk_c83USzL4o9aCpwVQYsgPhgfJX9f5FlRrAGYvGihg&oe=67355FA5&_nc_sid=7a9f4b', 'post_datetime': '2024-11-10 00:00:17', 'post_description': '다 쓰고 가겠다는 노인이 늘어나는 게 왜 중요할까?\n\n\n\n\n\n\n\n우리는 지금 역사상 가장 젊은 노인들을 만나고 있다. 이들의 취미와 소비는 중요한 비즈니스다. 특히 케어 이코노미Care Economy가 점점 중요해지므로 여기에 주목해야 한다. 결국 스스로를 보살피려면 돈이 필요하다. 투자든, 사업을 하든, 일해서 벌어들이든 돈을 많이 벌어놔야 하는 시대다. YOLD가 늘어나고, 케어 이코노미 시장이 커질수록 개인의 투자 시장 역시 커질 것이다. 실제로 60~80대의 관심사를 살펴보면 ‘건강’보다 ‘투자’가 압도적으로 높아졌다. 주식, 부동산 등 투자를 통해 부를 쌓아야겠다는 60~80대가 늘어났고 앞으로도 이들의 투자가 계속될 것이다. 인생의 마무리 단계라고 여겨서 투자를 소극적으로 하거나 멈추며 안정적으로 자산을 운용하는 것이 아니라 아직 자신을 젊다고 여기다 보니 자산 운용과 투자 방향성, 돈을 대하는 태도도 더는 과거의 노인 같지 않다. 또한 이들은 돈을 벌어도 자식에게 상속하기보다 자신이 다 쓰고 가겠다는 마인드가 강하다. 현재 한국의 7080대가 가진 부양과 노후에 대한 관성 역시 변화하고 있다는 뜻이다.\n\n2024년 7월 11일, 행정안전부에서는 65세 이상 주민등록인구가 1000만 명이 넘었다고 발표했다. 이는 전체 인구 중 19.51%다. 65세 이상인 노인의 인구 비중이 14%가 넘으면 고령사회, 20%가 넘으면 초고령사회인데 한국은 2017년 14%를 넘었고, 2025년이면 20%를 넘을 것으로 본다. 2035년이면 30%를 넘고, 2050년이면 40%를 넘을 것이라고 예측된다. 즉 욜드나 액티브 시니어가 만들 비즈니스 기회가 매년 더 커진다는 점이고 그런 의미에서 2025년은 중요한 기점이 된다. 노인의 기준을 바꾸자는 여론 역시 거세질 것이다. 65세 기준으로 따지면 노인이 20%이지만, 70세 기준으로 높이면 크게 줄어든다 - <머니 트렌드 2025>, 정태익, 김도윤, 김광석, 김용섭, 김현준, 정수종, 채상욱, 최재붕 - 밀리의 서재\nhttps://www.millie.co.kr/v3/bookDetail/24556adb2d1849d1'}]
CSV 파일에 데이터 저장 중...
CSV 파일에 데이터 저장 완료
성공/실패 평가 중...
성공한 사람: ['terrys_reading', 'rdnmgo', '42lines_', 'euiclee.books']
실패한 사람: ['ai.gi.book']
요약 이미지 생성 중...
요약 이미지 생성 완료
이미지 업로드 시작...
사진 업로드 중...
새 게시물 버튼 클릭 완료
다음 버튼 클릭 중...
다음 버튼 클릭 완료
다음 버튼 클릭 중...
다음 버튼 클릭 완료
성공/실패 평가 중...
성공한 사람: ['terrys_reading', 'rdnmgo', '42lines_', 'euiclee.books']
실패한 사람: ['ai.gi.book']
설명 입력 중...
설명 입력 완료
게시물 공유 중...
게시물 공유 완료
사진 업로드 완료
이미지 업로드 완료
드라이버 종료
프로그램 시작
드라이버 설정 중...
드라이버 설정 완료
인스타그램 로그인 시도 중...
로그인 정보 입력 완료
로그인 정보 저장 버튼 클릭 중...
로그인 정보 저장 버튼 클릭 완료
정보 수집 시작...
terrys_reading의 정보 수집 중...
terrys_reading의 게시물에 '더 보기' 버튼 없음
좋아요 버튼을 클릭했습니다.
terrys_reading의 정보 수집 완료
rdnmgo의 정보 수집 중...
rdnmgo의 게시물에 '더 보기' 버튼 없음
좋아요 버튼을 클릭했습니다.
rdnmgo의 정보 수집 완료
42lines_의 정보 수집 중...
42lines_의 게시물에 '더 보기' 버튼 없음
좋아요 버튼을 클릭했습니다.
42lines_의 정보 수집 완료
euiclee.books의 정보 수집 중...
euiclee.books의 게시물에 '더 보기' 버튼 없음
좋아요 버튼을 클릭했습니다.
euiclee.books의 정보 수집 완료
ai.gi.book의 정보 수집 중...
ai.gi.book의 게시물에 '더 보기' 버튼 없음
좋아요 버튼을 클릭했습니다.
ai.gi.book의 정보 수집 완료
정보 수집 완료
[{'user_id': 'terrys_reading', 'posts_count': '125', 'post_text': 'Photo by @terrys_reading on November 10, 2024. 텍스트의 그래픽일 수 있음.', 'post_image': 'https://scontent-ssn1-1.cdninstagram.com/v/t51.29350-15/465993511_881554030851883_2576107861773373338_n.jpg?stp=dst-jpg_e35&efg=eyJ2ZW5jb2RlX3RhZyI6ImltYWdlX3VybGdlbi4xNDQweDE4MDAuc2RyLmYyOTM1MC5kZWZhdWx0X2ltYWdlIn0&_nc_ht=scontent-ssn1-1.cdninstagram.com&_nc_cat=107&_nc_ohc=7fGvj8zMrRkQ7kNvgGqIuF6&_nc_gid=3b59028bb09741f99dd7706e415c3fb0&edm=AONqaaQBAAAA&ccb=7-5&ig_cache_key=MzQ5ODI5MzcyNDczMzc4Mjg0NA%3D%3D.3-ccb7-5&oh=00_AYD3ambjPZeRmz7uaJgtwXmdj7bA0hp2yC32MEtOlz8hpg&oe=6736B4C9&_nc_sid=4e3341', 'post_datetime': '2024-11-10 23:32:11', 'post_description': '작은 생각들\n• 진실은 속삭이고, 의견은 외친다.\n• 위대한 작품들은 필요에 의해 사람들이 만들어낸 거다, 의뢰받아서가 아니다.\n• 한 달 동안 하나에 집중하는 것이 10년 동안 여러 개 건드리는 것보다 낫다. 가장 강력한 경쟁자는 하나의 목표에 집중하는 사람이다.\n\n통찰\n• C.S. 루이스: 시작을 바꿀 수는 없지만, 지금부터 새롭게 시작해서 결말을 바꿀 수 있다.\n• 데렉 시버스: 숙달은 돈으로 살 수 없고, 서두를 수도 없으며, 노력으로만 얻을 수 있다.\n• 폴 그레이엄: 글을 쓰다 보면 새로운 아이디어를 발견하게 된다.\n\n정신 모델 | 평형\n• 평형은 균형이 잡힌 상태다. 하지만 모든 시스템은 계속 평형을 찾아가려 하지만 완전히 균형을 이루지는 않는다. 우리 삶도 마찬가지다. 완전한 안정 상태에 도달하길 바라지만, 끝없는 조정이 결국 우리의 삶을 만든다.'}, {'user_id': 'rdnmgo', 'posts_count': '132', 'post_text': 'Photo by @rdnmgo on November 10, 2024. 사람 1명, 책, 잡지, 포스터 및 텍스트의 만화일 수 있음.', 'post_image': 'https://scontent-ssn1-1.cdninstagram.com/v/t51.29350-15/466574626_546378951479865_646650153060345662_n.jpg?stp=dst-jpg_e15&efg=eyJ2ZW5jb2RlX3RhZyI6ImltYWdlX3VybGdlbi42MTJ4NjEyLnNkci5mMjkzNTAuZGVmYXVsdF9pbWFnZSJ9&_nc_ht=scontent-ssn1-1.cdninstagram.com&_nc_cat=109&_nc_ohc=zwyY1CGP_mQQ7kNvgEuV_IR&_nc_gid=d70e840f14ab4dfb946edcdd7112d6b9&edm=AONqaaQBAAAA&ccb=7-5&ig_cache_key=MzQ5ODMwMDQwNTkzMzAyMDUxNw%3D%3D.3-ccb7-5&oh=00_AYBDsZHWI7zjD8ue51-3U9hmn75fPtCm0xcwhk_hx2_kkw&oe=67368D91&_nc_sid=4e3341', 'post_datetime': '2024-11-10 23:45:27', 'post_description': '엘리의 슬픔은 짓눌리지도, 멈추지도, 다른 감정과 균형을 맞추지도 않았다. 마침내 피트는 엘리가 슬픈 상태 그대로 있어도 괜찮다는 사실을 깨달았다. 살면서 느끼는 모든 감정은 한 사람으로 성장하기 위해 모두 필요하다. 그는 딸을 통해 얻은 이 경험을 《인사이드 아웃》 스토리에 담았다. 단순한 이야기지만 모두가 공감하는 스토리를 만들기 위해 자신의 아픔 속으로 걸어 들어간 것이다.\n\n성공한 기업이나 브랜드는 단순히 좋은 아이디어만 만들어내는 것이 아니다. 이들은 열정을 담아 아이디어를 만들고 그 아이디어에 개인적인 투자를 아끼지 않는다.\n인생에서 정말 사랑하는 것, 진심으로 하고 싶은 일이 무엇인지 솔직하게 인정한다면 단순한 경제적 이익이나 대중의 관심과는 반대 지점에 있는 진정성 있는 길로 들어서게 된다. 스티브 잡스는 말했다. “나는 공동묘지에서 최고의 부자가 되는 일 따위는 관심 없다. 나에게 중요한 건 매일 밤 잠들기 전, 오늘도 뭔가 멋진 일을 해냈어… 라는 생각이다.”'}, {'user_id': '42lines_', 'posts_count': '132', 'post_text': 'Photo by @42lines_ on November 09, 2024. 텍스트의 이미지일 수 있음.', 'post_image': 'https://scontent-ssn1-1.cdninstagram.com/v/t51.29350-15/465976800_488238274248433_6736012840056685933_n.webp?stp=dst-jpg_e35&efg=eyJ2ZW5jb2RlX3RhZyI6ImltYWdlX3VybGdlbi4xNDQweDE0NDAuc2RyLmYyOTM1MC5kZWZhdWx0X2ltYWdlIn0&_nc_ht=scontent-ssn1-1.cdninstagram.com&_nc_cat=101&_nc_ohc=_VOy3t_Mxj8Q7kNvgExhoc_&_nc_gid=87c8a5653d7549c384db64490f655287&edm=AP4sbd4BAAAA&ccb=7-5&ig_cache_key=MzQ5NzU4OTUwMDQxMjczNDU1NQ%3D%3D.3-ccb7-5&oh=00_AYCmpk4tk1sPgAg8mYFkhYp5E8FZkjS9U-5ebGHz7MAaMQ&oe=6736A314&_nc_sid=7a9f4b', 'post_datetime': '2024-11-10 00:13:01', 'post_description': ''}, {'user_id': 'euiclee.books', 'posts_count': '132', 'post_text': 'Photo by 유클리책장 | 📚 매일매일 독서기록 on November 10, 2024. 텍스트의 이미지일 수 있음.', 'post_image': 'https://scontent-ssn1-1.cdninstagram.com/v/t39.30808-6/466640233_504564989399434_5928342427644673671_n.jpg?stp=dst-jpg_e35&efg=eyJ2ZW5jb2RlX3RhZyI6ImltYWdlX3VybGdlbi4xMDAweDEwMDAuc2RyLmYzMDgwOC5kZWZhdWx0X2ltYWdlIn0&_nc_ht=scontent-ssn1-1.cdninstagram.com&_nc_cat=110&_nc_ohc=XAe1vnpADcQQ7kNvgFJyD4B&_nc_gid=f4ea53b42c794ce9834671f46be066a0&edm=AP4sbd4AAAAA&ccb=7-5&ig_cache_key=MzQ5ODIzMjI5NjA5NDkxMjUwMQ%3D%3D.3-ccb7-5&oh=00_AYBM_5ydynb5GpF8C1ZDOBMO0hbQ3F7IKnXYQ-RH_OGIWA&oe=67368152&_nc_sid=7a9f4b', 'post_datetime': '2024-11-10 21:30:11', 'post_description': '🖋️ 내가 정말 일부만 알고 있고 더 깊이는 알지 못하기 때문에 그렇게 보이는 것일 수도 있지만 그냥 겉으로 보이는 것에 의하면, 이것이 바로 한국과 미국의 차이점이 아닐까.\n\n한국의 대기업들은 거의 다 기업을 물려 받는다. 물론 내가 실상을 전부 다 알지 못하기 때문에 그런 걸 수도 있고, 미국도 기업을 상속하는 기업들도 많겠지만, 잘 나가고 있는 미국 기업 대부분은 보통 자녀에게 기업을 물려주는 경우는 잘 못 봤다.\n\n능력을 기준으로 중책을 맡기는 사회는 어찌 보면 당연하다. 이런 체제에서야 가장 뛰어난 인재를 뽑을 수 이쏙, 다양한 시각을 가진 인재를 영입할 수 있으며, 가장 공정해서 사회의 불만을 최소화할 수 있기 때문이다.\n\n📗#변화하는세계질서 #레이달리오 #한빛비즈\n\n🔖 #독서 #북스타그램 #책 #독서스타그램 #책스타그램 #책리뷰 #책추천 #유클리 #유클리책장 #인재 #상속'}, {'user_id': 'ai.gi.book', 'posts_count': '181', 'post_text': "Photo by @ai.gi.book on November 10, 2024. 돈 및 문구: 'MONEY 2025 TREND D $ IN E 정태익 김도윤 김광석 김용섭 김현준 정수종 채상욱 최재붕 위기 속 송자의 비밀, 누가 울고 누가 웃는가 420만 명 투자자와 소비자가 입증한 머니 인사이트 살아남기 위해 반드시 읽어야 할 2025 재테크 전략'의 낙서 그림일 수 있음.", 'post_image': 'https://scontent-ssn1-1.cdninstagram.com/v/t51.29350-15/466397643_1118469136530046_5364400642082381248_n.jpg?stp=dst-jpg_e35&efg=eyJ2ZW5jb2RlX3RhZyI6ImltYWdlX3VybGdlbi4xNDQweDE4MDAuc2RyLmYyOTM1MC5kZWZhdWx0X2ltYWdlIn0&_nc_ht=scontent-ssn1-1.cdninstagram.com&_nc_cat=110&_nc_ohc=8t7ZidE3vrAQ7kNvgHjsG_s&_nc_gid=26b2156511f046da890a409e2163f281&edm=AP4sbd4BAAAA&ccb=7-5&ig_cache_key=MzQ5ODEyMjYwNTcyMDcwMzAxNA%3D%3D.3-ccb7-5&oh=00_AYCFDzFpBiQbjYH78P47zOi3FnXo6wqvX7cvkc_1ME45dw&oe=67369BBB&_nc_sid=7a9f4b', 'post_datetime': '2024-11-10 17:52:12', 'post_description': '한국은 이미 케어 이코노미가 시작되었다\n\n\n케어 이코노미가 고속 성장할 나라 중 하나가 한국이다. 일단 한국의 기업들이 이를 간과하지 않는다. 주요 생명보험사들이 실버 케어 시장에 뛰어들었고, 건설사와 부동산 개발 회사들도 고급 실버타운 시장에 뛰어들었다. 학습지 회사도 실버 케어, 액티브 시니어용 교육 서비스를 펼치고 있다. 저출산과 줄어드는 학령 인구에 비해 늘어나는 노인 인구와 노령화 추세를 감안해 주로 어린이를 상대하던 학습지 회사가 노인을 상대하는 서비스로 사업 확장을 한 셈이다. 그뿐만 아니라 노인을 위한 돌봄 로봇이자 반려 로봇, 노인과 장애인의 이동권을 위한 자율주행 서비스도 케어 이코노미에 포함될 수 있다. 국내의 건설 회사, 보험 회사, 교육 회사, 자동차 회사, 전자 회사 등 업종을 가릴 것 없이 케어 이코노미가 만들 미래 시장을 주목하고 있는 중이다. - <머니 트렌드 2025>, 정태익, 김도윤, 김광석, 김용섭, 김현준, 정수종, 채상욱, 최재붕 - 밀리의 서재\nhttps://www.millie.co.kr/v3/bookDetail/24556adb2d1849d1'}]
CSV 파일에 데이터 저장 중...
CSV 파일에 데이터 저장 완료
성공/실패 평가 중...
성공한 사람: ['terrys_reading', 'rdnmgo', '42lines_', 'euiclee.books', 'ai.gi.book']
실패한 사람: []
요약 이미지 생성 중...
요약 이미지 생성 완료
이미지 업로드 시작...
사진 업로드 중...
새 게시물 버튼 클릭 완료
다음 버튼 클릭 중...
다음 버튼 클릭 완료
다음 버튼 클릭 중...
다음 버튼 클릭 완료
성공/실패 평가 중...
성공한 사람: ['terrys_reading', 'rdnmgo', '42lines_', 'euiclee.books', 'ai.gi.book']
실패한 사람: []
설명 입력 중...
설명 입력 완료
게시물 공유 중...
게시물 공유 완료
사진 업로드 완료
이미지 업로드 완료
드라이버 종료
프로그램 시작
드라이버 설정 중...
드라이버 설정 완료
인스타그램 로그인 시도 중...
로그인 정보 입력 완료
로그인 정보 저장 버튼 클릭 중...
로그인 정보 저장 버튼 클릭 완료
정보 수집 시작...
terrys_reading의 정보 수집 중...
terrys_reading의 게시물에 '더 보기' 버튼 없음
좋아요 버튼을 클릭했습니다.
terrys_reading의 정보 수집 완료
rdnmgo의 정보 수집 중...
rdnmgo의 게시물에 '더 보기' 버튼 없음
좋아요 버튼을 클릭했습니다.
rdnmgo의 정보 수집 완료
42lines_의 정보 수집 중...
42lines_의 게시물에 '더 보기' 버튼 없음
좋아요 버튼을 클릭했습니다.
42lines_의 정보 수집 완료
euiclee.books의 정보 수집 중...
euiclee.books의 게시물에 '더 보기' 버튼 없음
좋아요 버튼을 클릭했습니다.
euiclee.books의 정보 수집 완료
ai.gi.book의 정보 수집 중...
ai.gi.book의 게시물에 '더 보기' 버튼 없음
좋아요 버튼을 클릭했습니다.
ai.gi.book의 정보 수집 완료
정보 수집 완료
[{'user_id': 'terrys_reading', 'posts_count': '126', 'post_text': 'Photo by @terrys_reading on November 11, 2024. 책 및 텍스트의 일러스트레이션일 수 있음.', 'post_image': 'https://scontent-ssn1-1.cdninstagram.com/v/t51.29350-15/466071518_1629121338481275_4097627620154601979_n.jpg?stp=dst-jpegr_e35&efg=eyJ2ZW5jb2RlX3RhZyI6ImltYWdlX3VybGdlbi4xNDQweDE4MDAuaGRyLmYyOTM1MC5kZWZhdWx0X2ltYWdlIn0&_nc_ht=scontent-ssn1-1.cdninstagram.com&_nc_cat=103&_nc_ohc=bLkvMbjyD4cQ7kNvgHsCvfe&_nc_gid=5156d51acda64bb08d8b6aa4e8ac8cc5&edm=AONqaaQBAAAA&ccb=7-5&ig_cache_key=MzQ5OTAzMTk2MzQ1OTYzOTY1Mg%3D%3D.3-ccb7-5&oh=00_AYDtIu6tPtAUxZifc2zhXYg-_I8zYYbpSgJ39RNUUFSXWg&oe=6737FBE2&_nc_sid=4e3341', 'post_datetime': '2024-11-11 23:58:56', 'post_description': '텍스트 분석은 텍스트 데이터에서 의미와 인사이트를 도출하는 과정이다. 이때, 텍스트 분석은 정성 분석과 정량 분석으로 분류된다. 정성 분석은 원문 분석으로써 텍스트에 내재된 의미를 탐생한다. 정량정 분석 분석 결과가 정량적으로써, 카테고리화, 단어의 출현 횟수, 빗도 같은 숫자 형태로 나타난다. 이 방법에는 텍스트 추출, 카테고리화, 감성 분석 등이 존재한다.'}, {'user_id': 'rdnmgo', 'posts_count': '133', 'post_text': 'Photo by @rdnmgo on November 10, 2024. 사진 설명이 없습니다..', 'post_image': 'https://scontent-ssn1-1.cdninstagram.com/v/t51.29350-15/466542629_581289557630308_2801854010155683801_n.jpg?stp=dst-jpg_e15&efg=eyJ2ZW5jb2RlX3RhZyI6ImltYWdlX3VybGdlbi42MTJ4NjEyLnNkci5mMjkzNTAuZGVmYXVsdF9pbWFnZSJ9&_nc_ht=scontent-ssn1-1.cdninstagram.com&_nc_cat=104&_nc_ohc=H6n6mvALPGYQ7kNvgEMOK6J&_nc_gid=426a325034714eef9f7cc0ec29b186b3&edm=AONqaaQBAAAA&ccb=7-5&ig_cache_key=MzQ5ODcwMDQwMDg0NzI5MjcyOQ%3D%3D.3-ccb7-5&oh=00_AYBTl5KDZ-muRx-RDlwQmoc_qdzRhjEvc9iU_maXUq6q2A&oe=6737EACE&_nc_sid=4e3341', 'post_datetime': '2024-11-11 13:00:10', 'post_description': '### 느낌이 메시지다\n\n진정성 있는 스토리를 만들려면 약함을 인정하고 솔직해져야 한다. 그런데 메시지를 전달할 때는 절제도 필요하다. 꿀 바른 메시지가 아닌 감성이 필요하다. 관객에게 지나치게 결론을 주입하다 보면 스토리가 교훈적이거나 도덕적인 분위기로 흐르게 된다.\n\n메시지는 관객이 스스로 찾게 해야 한다.\n지나치게 힌트를 많이 주면 관객이 개입할 여지가 없어진다. 관객에게는 그저 제안만 하고 스토리에 참여하게 해야 한다. 이것이 영화관이 갖는 의미이며, 이렇게 될 때 영화 감상은 사회적 행위가 된다.”\n\n그동안 나는 작업했던 모든 영화와 드라마를 통해 관객에게 도덕적 교훈을 직접 전달하지 않아야 한다는 사실을 배웠다. 도덕적 교훈을 직접 언급하는 것은 경험의 진정성을 죽이는 행위다. 《니모를 찾아서》의 도덕적 교훈은 “과잉보호가 사랑하는 사람에게 더 나은 인생을 제공하지는 않는다. 인생은 저마다 길이 있다. 우리는 내려놓는 법을 배워야 한다.” 그 이상도 이하도 아니다. 하지만 이 말을 캐릭터가 직접 말하는 장면은 하나도 없다. 우리는 《니모를 찾아서》의 도덕적 교훈을 과소평가하지 않으면서 관객의 자율적 판단을 존중하고 우리와 관객의 관계도 존중하는 방식으로 소통했다. 우리는 물고기 도리에게 메신저 역할을 부여해 니모의 아빠 말린에게 부드러우면서도 적절한 방식으로 지혜롭게 조언하도록 했다. 영화에서 도리는 말린에게 뼈 있는 말을 던진다. “니모에게 아무 일도 생기지 않게 한다면, 그에게는 정말 아무 일도 일어나지 않을 거야.” 관객인 우리는 그 말을 듣는 순간 깊이 공감한다. 도덕적 교훈이지만 쉬운 말로 편하게 전달된다.'}, {'user_id': '42lines_', 'posts_count': '133', 'post_text': 'Photo by @42lines_ on November 10, 2024. 텍스트의 이미지일 수 있음.', 'post_image': 'https://scontent-ssn1-1.cdninstagram.com/v/t51.29350-15/466458685_538077109110419_9195771501566567621_n.webp?stp=dst-jpg_e35&efg=eyJ2ZW5jb2RlX3RhZyI6ImltYWdlX3VybGdlbi4xNDQweDE0NDAuc2RyLmYyOTM1MC5kZWZhdWx0X2ltYWdlIn0&_nc_ht=scontent-ssn1-1.cdninstagram.com&_nc_cat=111&_nc_ohc=4o0gsUxElhYQ7kNvgE3Ul4k&_nc_gid=b91ad22666104807a1cacccd11be5b9f&edm=AONqaaQBAAAA&ccb=7-5&ig_cache_key=MzQ5ODc1MzkzNTU4NjcxOTcxMw%3D%3D.3-ccb7-5&oh=00_AYDcDTql4mCk93vfzUYcTJnFFkWqlQWSXT1YiSkTOQNSUw&oe=6737F55D&_nc_sid=4e3341', 'post_datetime': '2024-11-11 14:46:32', 'post_description': ''}, {'user_id': 'euiclee.books', 'posts_count': '133', 'post_text': 'Photo by 유클리책장 | 📚 매일매일 독서기록 on November 11, 2024. 텍스트의 이미지일 수 있음.', 'post_image': 'https://scontent-ssn1-1.cdninstagram.com/v/t39.30808-6/465901524_504937692695497_3305239864954392356_n.jpg?stp=dst-jpg_e35&efg=eyJ2ZW5jb2RlX3RhZyI6ImltYWdlX3VybGdlbi4xMDAweDEwMDAuc2RyLmYzMDgwOC5kZWZhdWx0X2ltYWdlIn0&_nc_ht=scontent-ssn1-1.cdninstagram.com&_nc_cat=101&_nc_ohc=o9mP_W63eJUQ7kNvgFRPdSa&_nc_gid=8afb5ad77d354239b73a4884b6a0a6a3&edm=AONqaaQAAAAA&ccb=7-5&ig_cache_key=MzQ5ODk3MjMyMjg5Njk2ODAwNw%3D%3D.3-ccb7-5&oh=00_AYCjspzuFWrwYYW-Yfhw-KRz_nSKa2mR4_9z-Ms9RZWy5Q&oe=6737DF53&_nc_sid=4e3341', 'post_datetime': '2024-11-11 22:00:27', 'post_description': '🖋️ 역사를 통해서 가장 명확하게 알 수 있는 것은 숙련된 협력 관계를 통해 한정된 파이를 키워 분배함으로써 공생 관계를 구축하고, 모든 사람이 행복하게 사는 것이 부와 권력을 쟁취하기 위해 투쟁하여 한쪽이 다른 편을 굴복시키는 내전보다 훨씬 유익하고 덜 고통스럽다는 사실이다.\n\n국제관계든 인간관계든 설득을 하고 좋은 관계를 유지하려면 상대방이 무엇을 원하는가를 먼저 파악하는 것이 제일 중요한 것 같다는 생각이 들었다.\n\n사람이라면 누구나 당연히 먼저 본인이 원하는 것을 생각하고 그것 위주로 설명하기 마련이지만, 사실 그 이야기를 듣는 상대방은 아무런 관심이 없는 것이 당연하다. 앞으로 무엇을 하던 사람들과 어울려 살아야 한다면 상대방이 원하는 것이 무엇인지 파악하는 능력 하나는 갖고 있으면 좋지 않을까 생각한다.\n\n📗#변화하는세계질서 #레이달리오 #한빛비즈\n\n🔖 #독서 #북스타그램 #책 #독서스타그램 #책스타그램 #책리뷰 #책추천 #유클리 #유클리책장 #공생 #설득'}, {'user_id': 'ai.gi.book', 'posts_count': '183', 'post_text': 'Photo by @ai.gi.book on November 10, 2024. 돈 및 텍스트의 그래픽일 수 있음.', 'post_image': 'https://scontent-ssn1-1.cdninstagram.com/v/t51.29350-15/465978817_3106605376146585_4435342954854631348_n.jpg?stp=dst-jpg_e35&efg=eyJ2ZW5jb2RlX3RhZyI6ImltYWdlX3VybGdlbi4xNDQweDE4MDAuc2RyLmYyOTM1MC5kZWZhdWx0X2ltYWdlIn0&_nc_ht=scontent-ssn1-1.cdninstagram.com&_nc_cat=109&_nc_ohc=fMa1ZE93c5YQ7kNvgGr93DB&_nc_gid=296723213f164a3da0311e856541fa37&edm=AONqaaQBAAAA&ccb=7-5&ig_cache_key=MzQ5ODM2NzY1NzcxNDc3MzY5MA%3D%3D.3-ccb7-5&oh=00_AYDGdxhFt46QYxsKTNTIBkszuQU5sgW6guyPfSprxthN6w&oe=6737FC2E&_nc_sid=4e3341', 'post_datetime': '2024-11-11 01:59:04', 'post_description': '2030대뿐만 아니라 10대의 당뇨병도 증가하지 않을까 예상한다. 앞서 탕후루 유행의 중심에 초중고생이 있었다고 말했다. 그리고 이미 6~18세 소아 청소년 5명 중 1명은 과체중과 비만이라고 한다. 최근 유행한 간식과 먹거리인 탕후루, 약과, 흑당, 달고나, 생과일주스 등은 모두 고당도 음식이다. 아울러 2030대들의 카페, 디저트에 관한 관심도 수년간 급상승하는 추세다. 고당도 음료와 고당도 디저트 소비가 증가할 수밖에 없는 배경이니 2030대가 당뇨병에 걸릴 확률도 높고 10대에게도 그대로 영향을 미치게 될 것이다.\n\n지금 10대가 성인이 되고, 중년이 되고 노년이 될 때면 당뇨병 환자는 요즘과 비교할 수 없을 정도로 많아질 것이다. 당뇨병 환자는 대개 발병 20년 후쯤 합병증을 겪게 된다. 그렇다면 5060대 당뇨병 환자는 7080대에 들어서 합병증으로 문제가 될 수 있는데, 2030대 당뇨병 환자는 4050대에 합병증을 겪게 될 수 있다. 한창 일하는 4050대가 경제 활동을 멈출 수도 있다는 것이다. 이 상황까지 다다르지 않기 위한 근본적인 접근은 다이어트일 것이다. 비만에서 벗어나야 당뇨에서 벗어 - <머니 트렌드 2025>, 정태익, 김도윤, 김광석, 김용섭, 김현준, 정수종, 채상욱, 최재붕 - 밀리의 서재\nhttps://www.millie.co.kr/v3/bookDetail/24556adb2d1849d1'}]
CSV 파일에 데이터 저장 중...
CSV 파일에 데이터 저장 완료
성공/실패 평가 중...
성공한 사람: ['terrys_reading', 'rdnmgo', '42lines_', 'euiclee.books', 'ai.gi.book']
실패한 사람: []
요약 이미지 생성 중...
요약 이미지 생성 완료
이미지 업로드 시작...
사진 업로드 중...
새 게시물 버튼 클릭 완료
다음 버튼 클릭 중...
다음 버튼 클릭 완료
다음 버튼 클릭 중...
다음 버튼 클릭 완료
성공/실패 평가 중...
성공한 사람: ['terrys_reading', 'rdnmgo', '42lines_', 'euiclee.books', 'ai.gi.book']
실패한 사람: []
설명 입력 중...
설명 입력 완료
게시물 공유 중...
게시물 공유 완료
사진 업로드 완료
이미지 업로드 완료
드라이버 종료
프로그램 시작
드라이버 설정 중...
드라이버 설정 완료
인스타그램 로그인 시도 중...
로그인 정보 입력 완료
로그인 정보 저장 버튼 클릭 중...
로그인 정보 저장 버튼 클릭 완료
정보 수집 시작...
terrys_reading의 정보 수집 중...
terrys_reading의 게시물에 '더 보기' 버튼 없음
좋아요 버튼을 클릭했습니다.
terrys_reading의 정보 수집 완료
rdnmgo의 정보 수집 중...
rdnmgo의 게시물에 '더 보기' 버튼 없음
좋아요 버튼을 클릭했습니다.
rdnmgo의 정보 수집 완료
42lines_의 정보 수집 중...
42lines_의 게시물에 '더 보기' 버튼 없음
좋아요 버튼을 클릭했습니다.
42lines_의 정보 수집 완료
euiclee.books의 정보 수집 중...
euiclee.books의 게시물에 '더 보기' 버튼 없음
좋아요 버튼을 클릭했습니다.
euiclee.books의 정보 수집 완료
ai.gi.book의 정보 수집 중...
ai.gi.book의 게시물에 '더 보기' 버튼 없음
좋아요 버튼을 클릭했습니다.
ai.gi.book의 정보 수집 완료
정보 수집 완료
[{'user_id': 'terrys_reading', 'posts_count': '127', 'post_text': 'Photo by @terrys_reading on November 12, 2024. 포스터, 잡지 및 텍스트의 그래픽일 수 있음.', 'post_image': 'https://scontent-ssn1-1.cdninstagram.com/v/t51.29350-15/466716476_1026394409240567_4053789816427827120_n.jpg?stp=dst-jpg_e35&efg=eyJ2ZW5jb2RlX3RhZyI6ImltYWdlX3VybGdlbi4xNDQweDE4MDAuc2RyLmYyOTM1MC5kZWZhdWx0X2ltYWdlIn0&_nc_ht=scontent-ssn1-1.cdninstagram.com&_nc_cat=111&_nc_ohc=16EAxdG-_Y4Q7kNvgF6tWHV&_nc_gid=679bd7552db24530ad118636d76cf361&edm=AONqaaQBAAAA&ccb=7-5&ig_cache_key=MzQ5OTc1NDIyOTc4MDU2NDA4OA%3D%3D.3-ccb7-5&oh=00_AYBX9nHWFvw6_ygeA8MxYjbzrttrPTFt6uC_Fa1YvbOrNg&oe=67393057&_nc_sid=4e3341', 'post_datetime': '2024-11-12 23:53:57', 'post_description': 'When you first start to study a field, it seems like you have to memorize a zillion things. You don’t. What you need is to identify the core principles – generally three to twelve of them – that govern the field. The million things you thought you had to memorize are simply various combinations of the core principles.'}, {'user_id': 'rdnmgo', 'posts_count': '134', 'post_text': 'Photo by @rdnmgo on November 12, 2024. 사람 1명, 책, 잡지, 포스터 및 텍스트의 만화일 수 있음.', 'post_image': 'https://scontent-ssn1-1.cdninstagram.com/v/t51.29350-15/466497396_1093179025807438_3803594984842628333_n.jpg?stp=dst-jpg_e15&efg=eyJ2ZW5jb2RlX3RhZyI6ImltYWdlX3VybGdlbi42MTJ4NjEyLnNkci5mMjkzNTAuZGVmYXVsdF9pbWFnZSJ9&_nc_ht=scontent-ssn1-1.cdninstagram.com&_nc_cat=110&_nc_ohc=imoZfRA8eOAQ7kNvgG4zSBW&_nc_gid=96ce94ad4d164d478cb5f0838deb16da&edm=AONqaaQBAAAA&ccb=7-5&ig_cache_key=MzQ5OTYyMDgwMTIyNzcxODI0NQ%3D%3D.3-ccb7-5&oh=00_AYByv3b-PAerZ4u4nq5pDPLxu_JEXK3XxI2RpJtSzR-LdQ&oe=67392606&_nc_sid=4e3341', 'post_datetime': '2024-11-12 19:28:51', 'post_description': '관객이 스스로 교훈을 발견하는 것이 관건이다. 이것이 제대로 이루어지면 관객은 교훈을 직접 듣는다는 느낌보다는 퍼즐을 푼다는 느낌이 들 것이다. 저마다 고유한 방식으로 문제의 해답에 도달하기 때문이다. 스토리텔러는 그저 적절한 단서만 던져주면 된다.\n\n이 세상에 따분한 강령 하나를 보태기보다는, 고객이 기업의 제품이나 서비스를 접했을 때 느꼈으면 하는 점을 시각적 요소와 함께 한두 단어 정도로 전달하는 방식이 훨씬 낫다. 이런 면에서 티파니 앤 컴퍼니의 소통 방식은 매우 탁월하다. 이 기업은 광고와 웹사이트, 제품 포장지, 매장에 사용된 컬러와 서체, 이미지를 통해 기업의 강령을 전달한다. 이 요소들은 우아함, 일탈, 사랑이라는 감정을 자아내기 위해 세심하게 선택된 것이다.\n시각적이면서도 내러티브가 담긴 스토리텔링을 통해 고객이 그런 감정을 발견하는 기쁨을 느끼길 원한다. 이것이 훌륭한 기업들이 택하는 방식이다.'}, {'user_id': '42lines_', 'posts_count': '134', 'post_text': 'Photo by @42lines_ on November 11, 2024. 텍스트의 이미지일 수 있음.', 'post_image': 'https://scontent-ssn1-1.cdninstagram.com/v/t51.29350-15/465753143_589133727117180_5050377816705122261_n.webp?stp=dst-jpg_e35&efg=eyJ2ZW5jb2RlX3RhZyI6ImltYWdlX3VybGdlbi4xNDQweDE0NDAuc2RyLmYyOTM1MC5kZWZhdWx0X2ltYWdlIn0&_nc_ht=scontent-ssn1-1.cdninstagram.com&_nc_cat=100&_nc_ohc=-vhYyUronrQQ7kNvgEZwMCV&_nc_gid=8a5c7c0191314f49aa000f52c86ecea8&edm=AONqaaQBAAAA&ccb=7-5&ig_cache_key=MzQ5OTQ4Nzg1NTU0NjQ4ODA0MQ%3D%3D.3-ccb7-5&oh=00_AYDe3A0st6YC_u1cLdB__LSxnJuf7K34kAonCmuwwTNaEw&oe=67393433&_nc_sid=4e3341', 'post_datetime': '2024-11-12 15:04:42', 'post_description': ''}, {'user_id': 'euiclee.books', 'posts_count': '134', 'post_text': 'Photo by 유클리책장 | 📚 매일매일 독서기록 on November 12, 2024. 사진 설명이 없습니다..', 'post_image': 'https://scontent-ssn1-1.cdninstagram.com/v/t39.30808-6/466490424_505843705938229_1014421499331155505_n.jpg?stp=dst-jpg_e35&efg=eyJ2ZW5jb2RlX3RhZyI6ImltYWdlX3VybGdlbi4xMDAweDEwMDAuc2RyLmYzMDgwOC5kZWZhdWx0X2ltYWdlIn0&_nc_ht=scontent-ssn1-1.cdninstagram.com&_nc_cat=101&_nc_ohc=NkdcgrHObvIQ7kNvgEXd-14&_nc_gid=adb6eb53b05440ac8e8c19cc0bd917be&edm=AONqaaQAAAAA&ccb=7-5&ig_cache_key=MzQ5OTY2Njc1NDMwNjAyMTQ4MQ%3D%3D.3-ccb7-5&oh=00_AYDegFQzkL1AV_MNqw9cNL87pJ4Gvhbw_HK9JwIMaYDzzQ&oe=67393235&_nc_sid=4e3341', 'post_datetime': '2024-11-12 21:00:10', 'post_description': '🖋️ 더 이상 필요한 것이 없다고 생각한 명나라의 황제는 해외 원정을 중지하고 문호를 닫아버린 후 쾌락에 빠져 관료와 환관에게 정사를 맡겨버렸다. 결국 내부 권력투쟁과 부패가 만연해 국가 기반이 취약해지고 군사력도 약해졌다.\n\n기업이나 제국이나 무너지는 원인을 보면 외부적인 요인도 분명히 있겠지만, 결국은 내부적인 요인으로부터 무너지는 것을 볼 수 있다.\n\n전체적인 흐름을 보는데에 있어서, 현재 기업이나 나라가 전성기를 거치고 있는지 아니면 쇠퇴의 길을 걷고 있는지를 판단 할때 이끌고 있는 리더와 내부상황을 보는 것도 상황을 판단하는 방법 중 하나이지 않을까 생각한다.\n\n📗#변화하는세계질서 #레이달리오 #한빛비즈\n\n🔖 #독서 #북스타그램 #책 #독서스타그램 #책스타그램 #책리뷰 #책추천 #유클리 #유클리책장 #권력 #멸망'}, {'user_id': 'ai.gi.book', 'posts_count': '185', 'post_text': "Photo by @ai.gi.book on November 11, 2024. 돈 및 문구: 'MONEY 2025 TREND D $ IN E 정태익 김도윤 김광석 김용섭 김현준 정수종 채상욱 최재붕 위기 속 송자의 비밀, 누가 울고 누가 웃는가 420만 명 투자자와 소비자가 입증한 머니 인사이트 살아남기 위해 반드시 읽어야 할 2025 재테크 전략'의 그래픽일 수 있음.", 'post_image': 'https://scontent-ssn1-1.cdninstagram.com/v/t51.29350-15/466433119_1570248301039633_2486908200870793232_n.jpg?stp=dst-jpg_e35&efg=eyJ2ZW5jb2RlX3RhZyI6ImltYWdlX3VybGdlbi4xNDQweDE4MDAuc2RyLmYyOTM1MC5kZWZhdWx0X2ltYWdlIn0&_nc_ht=scontent-ssn1-1.cdninstagram.com&_nc_cat=101&_nc_ohc=wPjY3uKrP8kQ7kNvgGgf-SF&_nc_gid=f78cc7e736024f98a05f234a57331549&edm=AONqaaQBAAAA&ccb=7-5&ig_cache_key=MzQ5OTI5NjM1Nzc4MDA4NDkzMQ%3D%3D.3-ccb7-5&oh=00_AYCjFEfSavnJ0yHJvLVaFO7BF0kB7maig7ZqIZJAS2FEdw&oe=673928E4&_nc_sid=4e3341', 'post_datetime': '2024-11-12 08:44:14', 'post_description': '각종 온라인 커뮤니티에서는 부동산, 자동차, 명품 등의 계급표가 심심찮게 업로드된다. 예를 들어 부동산 계급표는 수도권의 지역구를 비롯해 지방 주요 도시의 급지를 나눈 것이다. 사실 같은 동네 안에서도 집값의 차이가 천차만별이기 때문에 이런 계급표는 다소 불확실하다. 그러나 여기서 느낄 수 있는 사실은 우리가 소비하거나 투자하는 분야마다 사람들이 최상위와 최하위까지 계급을 나누고, 이를 기준점으로 삼게 된다는 것이다. 자신의 취향이나 기준이 아닌, 타인의 선호도를 신경 쓰고 따라가게 된다는 점에 주목해야 한다. - <머니 트렌드 2025>, 정태익, 김도윤, 김광석, 김용섭, 김현준, 정수종, 채상욱, 최재붕 - 밀리의 서재\nhttps://www.millie.co.kr/v3/bookDetail/24556adb2d1849d1'}]
CSV 파일에 데이터 저장 중...
CSV 파일에 데이터 저장 완료
성공/실패 평가 중...
성공한 사람: ['terrys_reading', 'rdnmgo', '42lines_', 'euiclee.books', 'ai.gi.book']
실패한 사람: []
요약 이미지 생성 중...
요약 이미지 생성 완료
이미지 업로드 시작...
사진 업로드 중...
새 게시물 버튼 클릭 완료
다음 버튼 클릭 중...
다음 버튼 클릭 완료
다음 버튼 클릭 중...
다음 버튼 클릭 완료
성공/실패 평가 중...
성공한 사람: ['terrys_reading', 'rdnmgo', '42lines_', 'euiclee.books', 'ai.gi.book']
실패한 사람: []
설명 입력 중...
설명 입력 완료
게시물 공유 중...
게시물 공유 완료
사진 업로드 완료
이미지 업로드 완료
드라이버 종료
프로그램 시작
드라이버 설정 중...
드라이버 설정 완료
인스타그램 로그인 시도 중...
로그인 정보 입력 완료
로그인 정보 저장 버튼 클릭 중...
로그인 정보 저장 버튼 클릭 완료
정보 수집 시작...
terrys_reading의 정보 수집 중...
terrys_reading의 게시물에 '더 보기' 버튼 없음
좋아요 버튼을 클릭했습니다.
terrys_reading의 정보 수집 완료
rdnmgo의 정보 수집 중...
rdnmgo의 게시물에 '더 보기' 버튼 없음
좋아요 버튼을 클릭했습니다.
rdnmgo의 정보 수집 완료
42lines_의 정보 수집 중...
42lines_의 게시물에 '더 보기' 버튼 없음
좋아요 버튼을 클릭했습니다.
42lines_의 정보 수집 완료
euiclee.books의 정보 수집 중...
euiclee.books의 게시물에 '더 보기' 버튼 없음
좋아요 버튼을 클릭했습니다.
euiclee.books의 정보 수집 완료
ai.gi.book의 정보 수집 중...
ai.gi.book의 게시물에 '더 보기' 버튼 없음
좋아요 버튼을 클릭했습니다.
ai.gi.book의 정보 수집 완료
정보 수집 완료
[{'user_id': 'terrys_reading', 'posts_count': '128', 'post_text': 'Photo by @terrys_reading on November 13, 2024. 포스터, 신문, 책 및 텍스트의 팝 아트일 수 있음.', 'post_image': 'https://scontent-ssn1-1.cdninstagram.com/v/t51.29350-15/466609724_529060993443052_8304421556805708290_n.jpg?stp=dst-jpg_e35&efg=eyJ2ZW5jb2RlX3RhZyI6ImltYWdlX3VybGdlbi4xNDQweDE0NDAuc2RyLmYyOTM1MC5kZWZhdWx0X2ltYWdlIn0&_nc_ht=scontent-ssn1-1.cdninstagram.com&_nc_cat=104&_nc_ohc=wxuuOEA9YA4Q7kNvgHE0cID&_nc_gid=0419516293cd47269d3e49eae11d7c5a&edm=AONqaaQBAAAA&ccb=7-5&ig_cache_key=MzUwMDQ4MTc1MjMxNTkwMjg2NA%3D%3D.3-ccb7-5&oh=00_AYA6iV0UurE_YHXHNbO177bmpdqgjFeiRpzJUexljjKbdA&oe=673AAD97&_nc_sid=4e3341', 'post_datetime': '2024-11-13 23:59:24', 'post_description': '25가지의 심리학적 편향\n1. 보상 처벌 과잉 반응\n2. 호감 애정 경향\n3. 미움 혐오 경향\n4. 의심 회피 경향\n5. 비일관성 회피 경향\n6. 호기심 경향\n7. 칸트식 공정성 경향\n8. 시기 질투 경향\n9. 호혜성 경향\n10. 단순한 연계에 영향 받는 경향\n11. 고통 회피형 심리적 부인\n12. 과잉 자기 존중 경향\n13. 과잉 낙관 경향\n14. 박탈 과잉 반응 경향\n15. 사회적 증거 경향\n16. 대비 오반응 겯ㅇ향\n17. 스트레스 영향 경향\n18. 가용성 오평가 경향\n19. 미활성 상실 경향\n20. 약물 악영향 경향\n21. 노화 악영향 경향\n22 권위 악영향 경향\n23 헛소리 남발 경향\n24 이유 존중 경향\n25. 룰라팔루자'}, {'user_id': 'rdnmgo', 'posts_count': '135', 'post_text': "Photo by @rdnmgo on November 13, 2024. 사람 1명, 책, 잡지, 포스터 및 문구: '매듀론재81박여진올검 PIXAR PIX STORYTELLING 픽사 스토리렐링 고객의 마음을 사로잡는 9가지 스토리 스토리법칙 법칙 구글, 디즈니, 레고, 넷플릭스가 릭스가 찾는 스토리텔링 마스터 매류 문의 실전 바이블 폭사 20년 경력 스토리제적자희 스토리 제작자의 액싱 비법 수록 네이버, 카카오 디즈니코리아 인플루언서추천 추천 2021 올해의 강연자 TOP TOP20 20 (BigSpeak)'의 만화일 수 있음.", 'post_image': 'https://scontent-ssn1-1.cdninstagram.com/v/t51.29350-15/466739060_595856476300449_5738522045509768391_n.jpg?stp=dst-jpg_e15&efg=eyJ2ZW5jb2RlX3RhZyI6ImltYWdlX3VybGdlbi42MTJ4NjEyLnNkci5mMjkzNTAuZGVmYXVsdF9pbWFnZSJ9&_nc_ht=scontent-ssn1-1.cdninstagram.com&_nc_cat=109&_nc_ohc=MNFaxxq-ApMQ7kNvgECgCE1&_nc_gid=668b0718779b433886c8bf7a50fbc03d&edm=AONqaaQBAAAA&ccb=7-5&ig_cache_key=MzUwMDMzNzkyNjA4NzEwODg2OQ%3D%3D.3-ccb7-5&oh=00_AYAQG2RS_afMIvFkdCPFYSXCm9oytKNEpfFtHJlLbCNopg&oe=673A922F&_nc_sid=4e3341', 'post_datetime': '2024-11-13 19:13:39', 'post_description': '디즈니랜드의 테마파크와 상점에서, 디즈니 영화를 보면서 그저 즐거운 시간을 보냈다. 강령을 직접 들은 적은 없었고 다만 느꼈을 뿐이다.\n\n우리 부모님과 조부모님은 고객과 ‘놀이와 재미’의 정서를 나누기 위해 장난감 가게에 생생한 체험 문화를 만들었다. 경주용 자동차 트랙을 설치하고, 책을 읽는 공간을 마련하고, 친구들과 장난감을 조립할 수 있는 공간도 만들었다. 강령이 아니라 정서를 만들고 싶었다.\n\n우리는 있는 그대로의 진정성 있는 스토리를 만들기 위해 노력해야 한다. 부족한 점을 드러낸 솔직한 이야기와 관객과 접점이 있는 호감형의 캐릭터를 만들어야 한다. 관객을 강령이 아닌 경험으로 초대해 유대감을 더욱 단단히 다져야 한다. 관객은 보고 들은 것은 잊어도 느낌은 절대로 잊지 않는다.'}, {'user_id': '42lines_', 'posts_count': '135', 'post_text': "Photo by @42lines_ on November 12, 2024. 문구: '그 의미에서 이 영화는 제목이 나타내는 것처럼 오즈 야스지로 '도쿄 '도쿄'론의 총결산이라고도 할 할수 수 있다. <외아들>의 부모자식의 긴장 관계가 여기서는 침잠하고 체념과 관용이 지배하는 것은, 아들 세대에서 부모 세대로 나이를 더해간 오즈 자신의 연령적 성숙의 반영일까. 2024.11.13 2024. -習- i 꽁치가 먹고 싶습니다 오즈야스치로 지음, 박창학 옮김 M'의 이미지일 수 있음.", 'post_image': 'https://scontent-ssn1-1.cdninstagram.com/v/t51.29350-15/467005393_1680483539540647_7954299962874778118_n.webp?stp=dst-jpg_e35&efg=eyJ2ZW5jb2RlX3RhZyI6ImltYWdlX3VybGdlbi4xNDQweDE0NDAuc2RyLmYyOTM1MC5kZWZhdWx0X2ltYWdlIn0&_nc_ht=scontent-ssn1-1.cdninstagram.com&_nc_cat=107&_nc_ohc=v-HIQJj4900Q7kNvgFVOmvf&_nc_gid=70bac6eafccf490b83f2baf7c6551182&edm=AONqaaQBAAAA&ccb=7-5&ig_cache_key=MzUwMDE2ODY5MDIyMjI4NTMyNA%3D%3D.3-ccb7-5&oh=00_AYB1zllKyiL_AWGaSsWYpyw9_Jvyrn5djKmDBOc3yHK6dw&oe=673A7785&_nc_sid=4e3341', 'post_datetime': '2024-11-13 13:37:24', 'post_description': ''}, {'user_id': 'euiclee.books', 'posts_count': '135', 'post_text': 'Photo by 유클리책장 | 📚 매일매일 독서기록 on November 13, 2024. 텍스트의 이미지일 수 있음.', 'post_image': 'https://scontent-ssn1-1.cdninstagram.com/v/t39.30808-6/466868315_506771972512069_2628137713533234625_n.jpg?stp=dst-jpg_e35&efg=eyJ2ZW5jb2RlX3RhZyI6ImltYWdlX3VybGdlbi4xMDAweDEwMDAuc2RyLmYzMDgwOC5kZWZhdWx0X2ltYWdlIn0&_nc_ht=scontent-ssn1-1.cdninstagram.com&_nc_cat=101&_nc_ohc=AFEcQCdAedYQ7kNvgHmppmJ&_nc_gid=8354e663717c4f0d808013168792700f&edm=AONqaaQAAAAA&ccb=7-5&ig_cache_key=MzUwMDM5MTY1NzQ0MzUwOTA2Mg%3D%3D.3-ccb7-5&oh=00_AYACMssCMTwAjKco7f8Ry-MbpsB_VUvG1wGtl6_lB_kATQ&oe=673A7711&_nc_sid=4e3341', 'post_datetime': '2024-11-13 21:00:27', 'post_description': '🖋️ 저자는 중국과 미국을 비교하면서 계획을 세우고 목표를 달성하는 방식의 차이점에 대해서 설명한다. 물론 저자 또한 모든 것을 알지 못할 것이고 틀린 점도 분명히 존재할 것이다. 하지만 이 분석이 틀렸더라도 배울 점은 분명히 존재한다.\n\n중국 지도자들은 한 세기 이상을 내다보고 미래를 계획하는데, 이는 괜찮은 왕조가 지속되는 최소한의 기간이 한 세기이기 때문이라고 한다. 전형적인 개발 사이클에서 각 국면이 저마다 수십년에 걸쳐 진행된다는 사실을 알고 계획을 수립하는 것이다.\n\n계획을 세울 때는 명확한 목표와 그 성과를 판단할 수 있는 지표가 필요하다. 목표를 달성하는데에 있어서 지금 내가 어느 수준까지 도달했고, 내가 계획한 목표까지 얼마나 남았는지 측정할 수 있어야 그 목표에 도달할 수 있기 때문이다.\n\n계획 2035, 14차 5개년 계획과 같이 실제로 중국이 그 계획대로 목표를 달성해 나가고 있는지는 나는 잘 모른다. 하지만 그럼에도 불구하고 목표와 계획을 세우는데에 있어서 배울 점은 존재한다고 생각한다.\n\n📗#변화하는세계질서 #레이달리오 #한빛비즈\n\n🔖 #독서 #북스타그램 #책 #독서스타그램 #책스타그램 #책리뷰 #책추천 #유클리 #유클리책장 #목표 #계획'}, {'user_id': 'ai.gi.book', 'posts_count': '187', 'post_text': "Photo by @ai.gi.book on November 12, 2024. 돈 및 문구: 'MONEY 2025 TREND D $ IN E 정태익 김도윤 김광석 김용섭 김현준 정수종 채상욱 최재붕 위기 속 송자의 비밀, 누가 울고 누가 웃는가 420만 명 투자자와 소비자가 입증한 머니 인사이트 살아남기 위해 반드시 읽어야 할 2025 재테크 전략'의 팝 아트일 수 있음.", 'post_image': 'https://scontent-ssn1-1.cdninstagram.com/v/t51.29350-15/466828830_543906011836584_1812208655079413878_n.jpg?stp=dst-jpg_e35&efg=eyJ2ZW5jb2RlX3RhZyI6ImltYWdlX3VybGdlbi4xNDQweDE4MDAuc2RyLmYyOTM1MC5kZWZhdWx0X2ltYWdlIn0&_nc_ht=scontent-ssn1-1.cdninstagram.com&_nc_cat=100&_nc_ohc=2ZyK668hMX0Q7kNvgF9a_F0&_nc_gid=1552f035bcfa40f680965559182e237b&edm=AONqaaQBAAAA&ccb=7-5&ig_cache_key=MzUwMDAwNDgzOTA3NjU1MjgzNA%3D%3D.3-ccb7-5&oh=00_AYCqgX9Adf-rBj0SYPHO3HXVJ0UV5cmhprV-H3tIaTn_QQ&oe=673A8A2E&_nc_sid=4e3341', 'post_datetime': '2024-11-13 08:11:52', 'post_description': '바뀌는 웨딩 문화에 따라 하위 시장들이 생겨나고 있다. 부케 기프트 서비스가 그렇다. 결혼식 때 부케를 받은 사람이 부케를 잘 말려서 부부에게 돌려주면 부부가 행복하게 잘 산다는 의미를 담은 문화가 있는데, 꽃을 예쁘게 말리기 어려워하는 사람들을 대상으로 한 서비스인 것이다. 그리고 스튜디오 촬영 시 드레스 변경이나 장소 교체에 따라 머리 스타일을 바꾸는 문화가 자리 잡게 되면서 출장 미용 서비스를 추가하는 것도 자연스러워졌다. 게다가 인스타그램에 사진을 즉각적으로 올리기 위해 친구가 찍어준 것처럼 자연스러우면서도 전문가의 손길이 느껴지는 ‘아이폰 스냅’ 시장도 커지고 있어 사진 촬영 클래스를 수료하고 주말마다 부업으로 스냅 촬영을 하는 이들도 생겼다. 스튜디오 촬영장의 꽃을 생화로 꾸미는 플라워 디렉팅까지 다양한 항목에서 틈새시장이 형성되고 있다. - <머니 트렌드 2025>, 정태익, 김도윤, 김광석, 김용섭, 김현준, 정수종, 채상욱, 최재붕 - 밀리의 서재\nhttps://www.millie.co.kr/v3/bookDetail/24556adb2d1849d1'}]
CSV 파일에 데이터 저장 중...
CSV 파일에 데이터 저장 완료
성공/실패 평가 중...
성공한 사람: ['terrys_reading', 'rdnmgo', '42lines_', 'euiclee.books', 'ai.gi.book']
실패한 사람: []
요약 이미지 생성 중...
요약 이미지 생성 완료
이미지 업로드 시작...
사진 업로드 중...
새 게시물 버튼 클릭 완료
다음 버튼 클릭 중...
다음 버튼 클릭 완료
다음 버튼 클릭 중...
다음 버튼 클릭 완료
성공/실패 평가 중...
성공한 사람: ['terrys_reading', 'rdnmgo', '42lines_', 'euiclee.books', 'ai.gi.book']
실패한 사람: []
설명 입력 중...
설명 입력 완료
게시물 공유 중...
게시물 공유 완료
사진 업로드 완료
이미지 업로드 완료
드라이버 종료
프로그램 시작
드라이버 설정 중...
드라이버 설정 완료
인스타그램 로그인 시도 중...
로그인 정보 입력 완료
로그인 정보 저장 버튼 클릭 중...
로그인 정보 저장 버튼 클릭 완료
정보 수집 시작...
terrys_reading의 정보 수집 중...
terrys_reading의 게시물에 '더 보기' 버튼 없음
좋아요 버튼을 클릭했습니다.
terrys_reading의 정보 수집 완료
rdnmgo의 정보 수집 중...
rdnmgo의 게시물에 '더 보기' 버튼 없음
좋아요 버튼을 클릭했습니다.
rdnmgo의 정보 수집 완료
42lines_의 정보 수집 중...
42lines_의 게시물에 '더 보기' 버튼 없음
좋아요 버튼을 클릭했습니다.
42lines_의 정보 수집 완료
euiclee.books의 정보 수집 중...
euiclee.books의 게시물에 '더 보기' 버튼 없음
좋아요 버튼을 클릭했습니다.
euiclee.books의 정보 수집 완료
ai.gi.book의 정보 수집 중...
ai.gi.book의 게시물에 '더 보기' 버튼 없음
좋아요 버튼을 클릭했습니다.
ai.gi.book의 정보 수집 완료
정보 수집 완료
[{'user_id': 'terrys_reading', 'posts_count': '129', 'post_text': 'Photo by @terrys_reading on November 14, 2024. 사람 1명 및 텍스트의 그래픽일 수 있음.', 'post_image': 'https://scontent-ssn1-1.cdninstagram.com/v/t51.29350-15/466814277_1292850681755850_663202359714340463_n.jpg?stp=dst-jpg_e35&efg=eyJ2ZW5jb2RlX3RhZyI6ImltYWdlX3VybGdlbi4xNDQweDE4MDAuc2RyLmYyOTM1MC5kZWZhdWx0X2ltYWdlIn0&_nc_ht=scontent-ssn1-1.cdninstagram.com&_nc_cat=106&_nc_ohc=kOmPGi8EprgQ7kNvgE9laVd&_nc_gid=33c73a250ddd420d9568c60767c52470&edm=AONqaaQBAAAA&ccb=7-5&ig_cache_key=MzUwMTIwNTYyOTQ4ODI1MTgyMw%3D%3D.3-ccb7-5&oh=00_AYDcOeET8MXmGl4BWCjAr7HORxUpPsrDm6NWGPrvXvvJkA&oe=673BD17E&_nc_sid=4e3341', 'post_datetime': '2024-11-14 23:57:37', 'post_description': '1. 내가 먹는 음식이 내 건강을 결정하고, 내가 소비하는 정보가 내 사고를 결정한다. 만약, 사고의 수준을 높이고 싶다면 의식적으로 내가 받아들이는 정보를 통제할 필요가 있다. 과연 이 정보는 1년 뒤에도 유용한가?\n2. 독점과 경쟁은 자본주의의 음과 양이다. 경쟁은 가장 자연스러운 상태이며, 독점은 모든 자본가들의 이상향이다. 다만 독점은 그 자체로 자기 파괴적 속성을 띈다.'}, {'user_id': 'rdnmgo', 'posts_count': '136', 'post_text': "Photo by @rdnmgo on November 14, 2024. 사람 1명, 책, 잡지, 포스터 및 문구: '매준지8|백어진올김 박여진올김 PIXAR STORYTELLING 픽사 스토리렐링 고객의 마음을 사로잡는 9가지 스토리 사로잡는9가지스토리법 법칙 구글, 디즈니, 레고, 넷플릭스가 찾는 스토리텔링 마스터 매튜 준의 실전 바이블 피사 20년 경력 스토리제작자의 스토리 제작자의 액심 비법 수록 네이버,카카오 네이버, 카카오 디즈니코리아 인플루언서 추천 2021 올해의 강연자 TOP 20 (BigSpeak)'의 만화일 수 있음.", 'post_image': 'https://scontent-ssn1-1.cdninstagram.com/v/t51.29350-15/466736832_942706474366257_3001713758111308909_n.jpg?stp=dst-jpg_e15&efg=eyJ2ZW5jb2RlX3RhZyI6ImltYWdlX3VybGdlbi42MTJ4NjEyLnNkci5mMjkzNTAuZGVmYXVsdF9pbWFnZSJ9&_nc_ht=scontent-ssn1-1.cdninstagram.com&_nc_cat=109&_nc_ohc=gewh9kIVqpMQ7kNvgEzplJ_&_nc_gid=33a84a9d77d84601b0572301093ae9f6&edm=AONqaaQBAAAA&ccb=7-5&ig_cache_key=MzUwMTA3NTQ2NjQxMDU1OTUxMA%3D%3D.3-ccb7-5&oh=00_AYAvlrePA9cpxCI35RYOcpEaMTokx7Oam0zACEwUbKAlMg&oe=673BDA4D&_nc_sid=4e3341', 'post_datetime': '2024-11-14 19:39:00', 'post_description': '### 핵심정리\n\n■ 관객과 정서적 유대감을 단단히 다지고 싶다면 공감과 진심이 답이다. 스토리에 신뢰가 떨어지면 공감대는 곧 사라지고 당신이 만든 영화, 책, 노래, 연설은 관객이나 청중의 마음에서 잊혀진다.\n\n■ 솔직해져라. 자신의 경험을 이야기하되 성공담만이 아니라 실패담과 힘들었던 경험도 털어놓아라. 물론 쉽지 않겠지만 이것이 스토리텔링의 핵심이다.\n\n■ 끈기가 성공보다 낫다. 실패하지 않으면 혁신도 없다.\n\n■ 관객이 스스로 스토리의 메시지와 의미를 찾도록 내버려두라.\n\n■ 진정한 강령은 말이 아니라 느낌이다.\n\n■ 고객이 기업의 제품이나 서비스를 접했을 때 느꼈으면 하는 점을 표현하는 단어를 한두 개 골라보자. 어떻게 하면 내러티브와 시각적 스토리텔링을 통해 사람들에게 그 느낌을 이끌어낼 수 있는가?'}, {'user_id': '42lines_', 'posts_count': '136', 'post_text': "Photo by @42lines_ on November 13, 2024. 파이 및 문구: '만들려는 서비스가 언제 동작하고, 사용자에게 어떤 입력을 받아 어떤 결과를 보여줄지에 대한 믿그림을 그리는 작업을 '설계'라고 합니다. 'A 버튼을 누른 사용자에게는 B 페이지를 보여주자', '회원가입을 하면 환영 메일을 보내자' 같은 기본적인 것부터, 사람의 생각을 컴퓨터가 알아들을 수 있게 순서와 용어를 달리 표현하는 것도 설계에 포함됩니다. 개발 용어사전 PROTOCOL BIT SERVER 개발 발용어사전 주향목 LOG M'의 이미지일 수 있음.", 'post_image': 'https://scontent-ssn1-1.cdninstagram.com/v/t51.29350-15/466795290_538097108989916_1112426416104792687_n.webp?stp=dst-jpg_e35&efg=eyJ2ZW5jb2RlX3RhZyI6ImltYWdlX3VybGdlbi4xNDQweDE0NDAuc2RyLmYyOTM1MC5kZWZhdWx0X2ltYWdlIn0&_nc_ht=scontent-ssn1-1.cdninstagram.com&_nc_cat=108&_nc_ohc=tm60iSMPXGkQ7kNvgELN0Z0&_nc_gid=06549059121f4f5f91d8fffdba96eb23&edm=AONqaaQBAAAA&ccb=7-5&ig_cache_key=MzUwMDk4ODkxMjkwMjc3NjE5OQ%3D%3D.3-ccb7-5&oh=00_AYDlGTJiusav2ibs4MQwh-_it4rf17JBXlXUdJIDVvg5rw&oe=673BEDDC&_nc_sid=4e3341', 'post_datetime': '2024-11-14 16:47:02', 'post_description': ''}, {'user_id': 'euiclee.books', 'posts_count': '136', 'post_text': 'Photo by 유클리책장 | 📚 매일매일 독서기록 on November 14, 2024. 문구: \'"세계 지도자들과 이야기를 나눌 나눌때 때 그들이 이 다차원 체스 게임을 두는 다른 사람들의 진정한 생각을 제대로 이해조차 하지 못한다는 점을 깨닫고 충격을 받은 적도 있다." -[변화하는 -[변화하는세계질서] 세계질서]\'의 이미지일 수 있음.', 'post_image': 'https://scontent-ssn1-1.cdninstagram.com/v/t39.30808-6/466782267_507717072417559_8302559204703298736_n.jpg?stp=dst-jpg_e35&efg=eyJ2ZW5jb2RlX3RhZyI6ImltYWdlX3VybGdlbi4xMDAweDEwMDAuc2RyLmYzMDgwOC5kZWZhdWx0X2ltYWdlIn0&_nc_ht=scontent-ssn1-1.cdninstagram.com&_nc_cat=107&_nc_ohc=uR8SRprQDewQ7kNvgEANSvJ&_nc_gid=da1dcf708b5e4d5a9f5cf8cbf932ea77&edm=AONqaaQAAAAA&ccb=7-5&ig_cache_key=MzUwMTE0NjcxNDk5ODc3MDYyNA%3D%3D.3-ccb7-5&oh=00_AYAfap9dasjnKAylfPPE0nUrwbUgK6C7q0I-Fu3SHaUloA&oe=673BC963&_nc_sid=4e3341', 'post_datetime': '2024-11-14 22:00:35', 'post_description': '🖋️ 제대로 이해하기는 커녕 따라가기도 버겁다. 미중 문제는 세계의 흐름을 파악하기 위해서는 꼭 알아야 하는 문제이지만 이러한 문제는 일반적인 일대일 충돌보다 훨씬 더 복잡하게 돌아간다.\n\n예를 들어 미중 관계를 살펴볼땐 양자 외교를 넘어 다자 외교 관계와 관련된 모든 중요한 측면을 따져보아야 한다. 이를테면 주요 아시아, 유럽, 중동의 정부들과 민간 부문, 그리고 이들 국가의 중요한 외교 관계 등을 고려해야 한다.\n\n즉 미중 관계를 떠올릴 땐 대만과 미국, 그리고 대만과 중국의 관계까지 생각해야 한다. 한국, 대만, 일본 사우디아라비아, 이란, 이스라엘, 이집트 등 중요한 외교 관계와 기타 유사한 관계도 모두 고려해야 한다는 것이다.\n\n솔직히 말해서 너무 복잡하다. 머리가 터져버릴 것만 같다. 이래서 저자는 성능이 좋은 컴퓨터와 많은 데이터가 필요하다고 말하고 있는 것 같다. 컴퓨터를 잘만 활용하면 수많은 지식들을 습득하고 정리하는데에 인간보다 오히려 낫지 않을까 생각한다.\n\n📗#변화하는세계질서 #레이달리오 #한빛비즈\n\n🔖 #독서 #북스타그램 #책 #독서스타그램 #책스타그램 #책리뷰 #책추천 #유클리 #유클리책장'}, {'user_id': 'ai.gi.book', 'posts_count': '189', 'post_text': 'Photo by @ai.gi.book on November 13, 2024. 돈 및 텍스트의 그래픽일 수 있음.', 'post_image': 'https://scontent-ssn1-1.cdninstagram.com/v/t51.29350-15/466143414_864281225903207_3912969948571090672_n.jpg?stp=dst-jpg_e35&efg=eyJ2ZW5jb2RlX3RhZyI6ImltYWdlX3VybGdlbi4xNDQweDE4MDAuc2RyLmYyOTM1MC5kZWZhdWx0X2ltYWdlIn0&_nc_ht=scontent-ssn1-1.cdninstagram.com&_nc_cat=111&_nc_ohc=jX7hJrE1UU4Q7kNvgFE_sD8&_nc_gid=c7c328199d754b928d256062b362ef29&edm=AONqaaQBAAAA&ccb=7-5&ig_cache_key=MzUwMDkzMzg0Mjk1OTU0NjQ4Nw%3D%3D.3-ccb7-5&oh=00_AYCe_7jkpR1x4KZoR2BdQ5zUaC_xS4EafTS_iNniEde3Jw&oe=673BCA73&_nc_sid=4e3341', 'post_datetime': '2024-11-14 14:57:37', 'post_description': '역사를 돌아볼 필요가 있다. 닷컴 버블 때 엄청난 주가 폭등과 폭락을 일으켰던 기업은 애플, 마이크로소프트, 구글, 아마존 같은 빅테크 기업이다. 이들이 사업을 시작할 당시엔 인터넷이 거품이라며 속았다는 반응이 주를 이루었다. 하지만 이 기업들은 닷컴 버블을 뚫고 살아나 세계 최고의 빅테크 기업으로 성장했고 인터넷 근간의 디지털 문명으로 대전환을 이뤄냈다. 이 사실을 2024년 생성형 AI에 대한 자본 집중 현상에 대입해보자. 엄청나게 많은 자본은 에너지가 된다. 기업은 충분한 자본을 바탕으로 생성형 AI 서비스나 제품 개발에 투자한다. 그러니 이제 실적보다 실력을 보여줘야 하는 시기이다. 시간이 지나 버블이 꺼지고 생존한 기업은 세계적인 기업으로 성장할 것이다. 그리고 인류의 문명은 AI를 기반으로 또 한 번 대전환을 맞이할 것이다. 이것이 2025년 AI 대전환, AX에 대비하라고 하는 이유다. 역사는 반복된다. - <머니 트렌드 2025>, 정태익, 김도윤, 김광석, 김용섭, 김현준, 정수종, 채상욱, 최재붕 - 밀리의 서재\nhttps://www.millie.co.kr/v3/bookDetail/24556adb2d1849d1'}]
CSV 파일에 데이터 저장 중...
CSV 파일에 데이터 저장 완료
성공/실패 평가 중...
성공한 사람: ['terrys_reading', 'rdnmgo', '42lines_', 'euiclee.books', 'ai.gi.book']
실패한 사람: []
요약 이미지 생성 중...
요약 이미지 생성 완료
이미지 업로드 시작...
사진 업로드 중...
새 게시물 버튼 클릭 완료
다음 버튼 클릭 중...
다음 버튼 클릭 완료
다음 버튼 클릭 중...
다음 버튼 클릭 완료
성공/실패 평가 중...
성공한 사람: ['terrys_reading', 'rdnmgo', '42lines_', 'euiclee.books', 'ai.gi.book']
실패한 사람: []
설명 입력 중...
설명 입력 완료
게시물 공유 중...
게시물 공유 완료
사진 업로드 완료
이미지 업로드 완료
드라이버 종료
프로그램 시작
드라이버 설정 중...
드라이버 설정 완료
인스타그램 로그인 시도 중...
로그인 정보 입력 완료
로그인 정보 저장 버튼 클릭 중...
로그인 정보 저장 버튼 클릭 완료
정보 수집 시작...
terrys_reading의 정보 수집 중...
terrys_reading의 게시물에 '더 보기' 버튼 없음
좋아요 버튼을 클릭했습니다.
terrys_reading의 정보 수집 완료
rdnmgo의 정보 수집 중...
rdnmgo의 게시물에 '더 보기' 버튼 없음
좋아요 버튼을 클릭했습니다.
rdnmgo의 정보 수집 완료
42lines_의 정보 수집 중...
42lines_의 게시물에 '더 보기' 버튼 없음
좋아요 버튼을 클릭했습니다.
42lines_의 정보 수집 완료
euiclee.books의 정보 수집 중...
euiclee.books의 게시물에 '더 보기' 버튼 없음
좋아요 버튼을 클릭했습니다.
euiclee.books의 정보 수집 완료
ai.gi.book의 정보 수집 중...
ai.gi.book의 게시물에 '더 보기' 버튼 없음
좋아요 버튼을 클릭했습니다.
ai.gi.book의 정보 수집 완료
정보 수집 완료
[{'user_id': 'terrys_reading', 'posts_count': '130', 'post_text': 'Photo by @terrys_reading on November 15, 2024. 책 및 텍스트의 이미지일 수 있음.', 'post_image': 'https://scontent-ssn1-1.cdninstagram.com/v/t51.29350-15/467043905_3637986053169561_3628869184868489639_n.jpg?stp=dst-jpg_e35&efg=eyJ2ZW5jb2RlX3RhZyI6ImltYWdlX3VybGdlbi4xNDQweDE4MDAuc2RyLmYyOTM1MC5kZWZhdWx0X2ltYWdlIn0&_nc_ht=scontent-ssn1-1.cdninstagram.com&_nc_cat=109&_nc_ohc=t_uSwvKdVx8Q7kNvgE-IDFC&_nc_gid=8c04cbaf1c204b65b306ae966243abf3&edm=AONqaaQBAAAA&ccb=7-5&ig_cache_key=MzUwMTkzMDI4NjYzMDQ0MzA0Nw%3D%3D.3-ccb7-5&oh=00_AYALs0af6SD48FEigbMa19GQ0SNjlf9qOAZWvGsZigVxMQ&oe=673D19C2&_nc_sid=4e3341', 'post_datetime': '2024-11-15 23:57:23', 'post_description': '1. 멍거는 1880년의 시대에서 코카콜라를 100만 달러로 2조 달러의 기업으로 키우는 사고 실험을 제안한다.\n2. 이 사도에서 멍거는 상표권, 브랜드권, 유통권 등에 대한 전략적 개념과 수치가 가지는 정량적 의의를 분석한다. 이 과정에서 멍거는 당시 구체화되지 않은 행동경제학의 개념들을 통해 자신의 근거들을 보강하며, 하지 말아야 할 행동들을 나열하기도 한다.\n3. 코카콜라는 상표권, 유통 계약, 신 제품 출시 등에서 몇 가지 실수를 하기는 했다. 그럼에도 코카콜라의 성공 궤적은 멍거의 논리를 따랐으며 상당 부분 성공했다.\n4. 물론 멍거의 사고 실험은 결과 지향적이라는 비판을 받을 여지가 있다. 그럼에도, 그가 사고한 수준이나 그 사고의 정밀성, 그리고 그 사고를 뒷받침하는 심리학적 원리는 탄탄하다.\n5. 그렇기에, 멍거가 말한 것과 같이 망치를 들고 모든 것을 때려 박으려는 태도를 피해야 한다. 심리 등의 다양한 분야의 지식들을 통해 실질적인 문제 해결에 적용할 수 있는 태도, 나아가 자신이 틀린 것을 기꺼이 찾아내려는 태도가 필요하다.'}, {'user_id': 'rdnmgo', 'posts_count': '137', 'post_text': 'Photo by @rdnmgo on November 15, 2024. 사람 1명, 책, 잡지, 포스터 및 텍스트의 만화일 수 있음.', 'post_image': 'https://scontent-ssn1-1.cdninstagram.com/v/t51.29350-15/466569791_1085137320065562_1241591756703378000_n.jpg?stp=dst-jpg_e15&efg=eyJ2ZW5jb2RlX3RhZyI6ImltYWdlX3VybGdlbi42MTJ4NjEyLnNkci5mMjkzNTAuZGVmYXVsdF9pbWFnZSJ9&_nc_ht=scontent-ssn1-1.cdninstagram.com&_nc_cat=106&_nc_ohc=yEqi0CUP5YMQ7kNvgHXFOS1&_nc_gid=30d6fa2d0ba64027bad8020a55519a88&edm=AONqaaQBAAAA&ccb=7-5&ig_cache_key=MzUwMTgxODA0MTQ3NjIzMDM4Mw%3D%3D.3-ccb7-5&oh=00_AYARv7ezHp0XieodwiCpRUAkmhgwOAjQ6rUcxv0oCfgAZQ&oe=673D277F&_nc_sid=4e3341', 'post_datetime': '2024-11-15 20:14:22', 'post_description': '## 5장 구조\n모든 스토리는 시작-중간-끝이 있다\n\n국가와 문화, 나이와 성별, 사회적 지위와 계층을 막론하고 모든 스토리는 시작-중간-끝으로 이루어진다.\n우리가 사는 세상의 모든 것은 시작-중간-끝이라는 구조를 이루기 때문이다.\n\n이런 시작-중간-끝의 순환 구조가 우리의 삶 모든 곳에서 일어나 스토리를 만든다. 이런 스토리 구조는 본능에서 비롯된 인간 존재의 본질이다.\n시작-중간-끝이 명확해야 한다. 그렇지 않으면 관객은 지루해하거나 혼란스러워하거나 실망한다.\n\n시작-중간-끝은 각각 도입(setup), 전개(build), 결말(payoff)이라고도 부른다.'}, {'user_id': '42lines_', 'posts_count': '137', 'post_text': "Photo by @42lines_ on November 14, 2024. 문구: '개발한 소프트웨어를 사용자가 볼 수 있고 쓸 수 있게 하는 일을 '배포'라고 합니다. '배포'를 해야 앱을 다운받을 수 있고, 온라인에서 웹 페이지나 웹 서비스에 점속할 수 있습니다. 개발 용어사전 PROTOCOL BIT API SERVER 개발 용어사전 주향목 CODE LOG LOC M'의 이미지일 수 있음.", 'post_image': 'https://scontent-ssn1-1.cdninstagram.com/v/t51.29350-15/466983494_1603997090244414_1974114154523259912_n.webp?stp=dst-jpg_e35&efg=eyJ2ZW5jb2RlX3RhZyI6ImltYWdlX3VybGdlbi4xNDQweDE0NDAuc2RyLmYyOTM1MC5kZWZhdWx0X2ltYWdlIn0&_nc_ht=scontent-ssn1-1.cdninstagram.com&_nc_cat=106&_nc_ohc=JZwa4gpit24Q7kNvgFIvH3q&_nc_gid=d86e8c5ea8a94a9d9f0eeef30886b96e&edm=AONqaaQBAAAA&ccb=7-5&ig_cache_key=MzUwMTYyODYxNjI3MDY0NDQ3MA%3D%3D.3-ccb7-5&oh=00_AYBbBtnxgesHOTkHJNe-1fgaz4pmIlkU6C3nxWpEtDBjoA&oe=673D41DB&_nc_sid=4e3341', 'post_datetime': '2024-11-15 13:58:01', 'post_description': ''}, {'user_id': 'euiclee.books', 'posts_count': '137', 'post_text': 'Photo by 유클리책장 | 📚 매일매일 독서기록 on November 15, 2024. 책, 잡지, 포스터 및 텍스트의 이미지일 수 있음.', 'post_image': 'https://scontent-ssn1-1.cdninstagram.com/v/t39.30808-6/467297836_508572635665336_7518936211950237277_n.jpg?stp=dst-jpg_e35&efg=eyJ2ZW5jb2RlX3RhZyI6ImltYWdlX3VybGdlbi4xMDAweDEwMDAuc2RyLmYzMDgwOC5kZWZhdWx0X2ltYWdlIn0&_nc_ht=scontent-ssn1-1.cdninstagram.com&_nc_cat=104&_nc_ohc=VdkSbKIkfjcQ7kNvgESLbUQ&_nc_gid=c22c44e7953e42aeb9f08798f12f25f2&edm=AP4sbd4AAAAA&ccb=7-5&ig_cache_key=MzUwMTg3MTUwMzc5MjczNzExMw%3D%3D.3-ccb7-5&oh=00_AYCMGq3zDNAMSpUl8BO04drSTyjH7ofMwvCwiIJg5FsXHg&oe=673D4CC7&_nc_sid=7a9f4b', 'post_datetime': '2024-11-15 22:00:38', 'post_description': '🖋️ 세계의 흐름이 어떻게 변화하는지 궁금하다면, 한번 쯤은 읽어볼만한 책이다.\n\n물론 내용이 내가 경제에 대해서 잘 알지 못해서 그런 것일 수도 있지만, 쉽고 가볍게 읽을만한 책은 아니다. 하지만 세상과 단절되어 산에 들어가 사는 것이 아닌 이상 현재 경제의 흐름이 어떻게 흘러가고 있는지는 반드시 알고 있어야 하는 내용이 아닐까 싶다.\n\n솔직히 한편으로는 내가 살아있는 동안 미국이 망할 수나 있을까라는 의문이 들만큼 강대국이라는 사실은 누구나 인정하겠지만 미래에 어떤 일이 펼처질지는 아무도 모른다. 그리고 그 미래를 대비하는 사람들은 경제가 침체하고 있는 상황에서도 돈을 번다.\n\n미국 경제는 2000년 닷컴 버블로 정점을 찍은 후 경기 침체에 빠졌고, 2007년 버블로 정점을 찍은 후 2008년 글로벌 금융 위기를 경험했다. 2020년 코로나바이러스가 촉발한 경기 침체 직전인 2019년에도 정점을 찍었다. 이 기간에는 소련이 쇠퇴하는 동시에 중국이 부상했으며, 부와 기회의 격차를 더 벌리는 결과를 낳았다.\n\n저자가 하는 말이 다 맞을 수는 없을 것이고 틀린 점도 분명히 존재할 것이다. 하지만 세계의 흐름을 파악할 수 있는 눈은 배울 수 있으면 배워야 하는 것이 맞지 않을까.\n\n📗#변화하는세계질서 #레이달리오 #한빛비즈\n\n🔖 #독서 #북스타그램 #책 #독서스타그램 #책스타그램 #책리뷰 #책추천 #유클리 #유클리책장'}, {'user_id': 'ai.gi.book', 'posts_count': '191', 'post_text': 'Photo by @ai.gi.book on November 15, 2024. 돈 및 텍스트의 낙서 그림일 수 있음.', 'post_image': 'https://scontent-ssn1-1.cdninstagram.com/v/t51.29350-15/467010522_531929389734633_1674077822382821005_n.jpg?stp=dst-jpg_e35&efg=eyJ2ZW5jb2RlX3RhZyI6ImltYWdlX3VybGdlbi4xNDQweDE4MDAuc2RyLmYyOTM1MC5kZWZhdWx0X2ltYWdlIn0&_nc_ht=scontent-ssn1-1.cdninstagram.com&_nc_cat=109&_nc_ohc=3Uqo3e8Ek1sQ7kNvgHrIHNC&_nc_gid=5a7f49767d8e4d5c88984c08e853d962&edm=AONqaaQBAAAA&ccb=7-5&ig_cache_key=MzUwMTkyNjA1NDMwOTQ0OTY5Mg%3D%3D.3-ccb7-5&oh=00_AYBUWae1NjsGYvUTftuaNGa7mJhGlT0GVN-wX1WyqZUC4w&oe=673D4C7C&_nc_sid=4e3341', 'post_datetime': '2024-11-15 23:48:58', 'post_description': 'AI 반도체 기업들도 계속 성장 중이다. 가장 눈에 띄는 스타트업은 삼바노바다. 삼바노바는 고성능 CPU 분야 대부 쿤레 올루코툰 스탠퍼드대학 교수와 인공지능 소프트웨어 전문가 크리스 레 스탠퍼드대학 교수가 공동으로 창업한 회사다. 직접 생산한 반도체로 생성형 AI 계산을 위한 팜을 제공하는데 실력 검증은 마쳤고 이미 상당한 실적까지 내고 있어 50억 달러의 가치를 인정받고 있다. - <머니 트렌드 2025>, 정태익, 김도윤, 김광석, 김용섭, 김현준, 정수종, 채상욱, 최재붕 - 밀리의 서재\nhttps://www.millie.co.kr/v3/bookDetail/24556adb2d1849d1'}]
CSV 파일에 데이터 저장 중...
CSV 파일에 데이터 저장 완료
성공/실패 평가 중...
성공한 사람: ['terrys_reading', 'rdnmgo', '42lines_', 'euiclee.books', 'ai.gi.book']
실패한 사람: []
요약 이미지 생성 중...
요약 이미지 생성 완료
이미지 업로드 시작...
사진 업로드 중...
새 게시물 버튼 클릭 완료
다음 버튼 클릭 중...
다음 버튼 클릭 완료
다음 버튼 클릭 중...
다음 버튼 클릭 완료
성공/실패 평가 중...
성공한 사람: ['terrys_reading', 'rdnmgo', '42lines_', 'euiclee.books', 'ai.gi.book']
실패한 사람: []
설명 입력 중...
설명 입력 완료
게시물 공유 중...
게시물 공유 완료
사진 업로드 완료
이미지 업로드 완료
드라이버 종료
프로그램 시작
드라이버 설정 중...
드라이버 설정 완료
인스타그램 로그인 시도 중...
로그인 정보 입력 완료
로그인 정보 저장 버튼 클릭 중...
로그인 정보 저장 버튼 클릭 완료
정보 수집 시작...
terrys_reading의 정보 수집 중...
terrys_reading의 게시물에 '더 보기' 버튼 없음
좋아요 버튼을 클릭했습니다.
terrys_reading의 정보 수집 완료
rdnmgo의 정보 수집 중...
rdnmgo의 게시물에 '더 보기' 버튼 없음
좋아요 버튼을 클릭했습니다.
rdnmgo의 정보 수집 완료
42lines_의 정보 수집 중...
42lines_의 게시물에 '더 보기' 버튼 없음
좋아요 버튼을 클릭했습니다.
42lines_의 정보 수집 완료
euiclee.books의 정보 수집 중...
euiclee.books의 게시물에 '더 보기' 버튼 없음
좋아요 버튼을 클릭했습니다.
euiclee.books의 정보 수집 완료
ai.gi.book의 정보 수집 중...
ai.gi.book의 게시물에 '더 보기' 버튼 없음
좋아요 버튼을 클릭했습니다.
ai.gi.book의 정보 수집 완료
정보 수집 완료
[{'user_id': 'terrys_reading', 'posts_count': '131', 'post_text': "Photo by @terrys_reading on November 16, 2024. 책, 잡지, 스포츠 장비, 포스터 및 문구: 'CREATITYAEARNGPEREORMAIGSASAP CREATIVITY, LEARNING PERFORMANCE,SELF-IMPROVEMENT READING TIME: 33 MINUTES The Ultimate Deliberate Practice Guide: How to Be the Best Everything You Need to Know to Improve Your Performance at Anything -For Beginners and Experts Deliberate practice is the best technique for achieving expert performance in every field -including writing, teaching, sports, programming, music, medicine, therap'의 이미지일 수 있음.", 'post_image': 'https://scontent-ssn1-1.cdninstagram.com/v/t51.29350-15/467177937_940148998010373_2011974871090285715_n.jpg?stp=dst-jpg_e35&efg=eyJ2ZW5jb2RlX3RhZyI6ImltYWdlX3VybGdlbi4xNDQweDE4MDAuc2RyLmYyOTM1MC5kZWZhdWx0X2ltYWdlIn0&_nc_ht=scontent-ssn1-1.cdninstagram.com&_nc_cat=109&_nc_ohc=rj8ns8xmBVoQ7kNvgGLRvdf&_nc_gid=f69c78b28b484e0fb4d82b46b3dc18e1&edm=AONqaaQBAAAA&ccb=7-5&ig_cache_key=MzUwMjY1NDQ2Mzc1ODI1OTQyOA%3D%3D.3-ccb7-5&oh=00_AYAancvymZXhINQHcqp_x8uiNdLOok408Pwc3gUP49OU5Q&oe=673E715B&_nc_sid=4e3341', 'post_datetime': '2024-11-16 23:56:11', 'post_description': 'Deliberate Practice란?\n\n• 목적: 특정 기술을 체계적으로 발전시키기# 위한 집중적이고 구조화된 연습 방법.\n• 적용 분야: 작문, 교육, 스포츠, 프로그래밍, 음악, 의학, 심리 치료, 체스, 비즈니스 등 다양한 분야에서 전문성을 키우는 데 사용됨.\n\nDeliberate Practice의 핵심 요소\n\n1. Specific Goals (명확한 목표 설정)\n• 향상시키고자 하는 기술의 특정 측면을 명확히 정의.\n• 단순한 연습이 아니라 개선을 목표로 한 집중적인 연습.\n\n2. Immediate Feedback (즉각적인 피드백)\n• 결과를 바로 확인하여 잘못된 점을 파악.\n• 피드백을 통해 계속해서 기술을 세밀히 조정.\n\n3. High Mental Effort (높은 정신적 집중)\n• 기존 능력의 한계를 넘어서기 위해 도전적인 과제에 몰입.\n• 반복적이고 쉽게 할 수 있는 작업을 피하고 정신적 에너지를 소모하는 연습에 집중.\n\n4. Repetition with Refinement (세밀한 반복과 개선)\n• 단순한 반복이 아닌, 기술과 실수를 수정하며 정밀하게 반복.\n\nDeliberate Practice의 장점\n\n• 계속적인 진보: 측정 가능한 성과 지표를 설정하고 꾸준히 개선.\n• 약점 극복: 개인의 약점을 식별하고 전략적으로 해결.\n• 새로운 능력 개발: 기존의 신체적, 정신적 한계를 넘어서 새로운 능력 습득.\n• 초보자와 전문가 모두 적용 가능: 초보자는 빠르게 학습 속도를 높이고, 전문가는 성과 정체기를 극복하며 집중력 향상 가능.\n\nDeliberate Practice와 일반 연습의 차이\n\n• 일반 연습:\n• 반복 작업에 중점을 둠.\n• 대체로 수동적이고 무의식적인 행동을 동반.\n• Deliberate Practice:\n• 도전적이고 목표 지향적이며 의식적인 집중을 요구.\n\n실행 전략\n\n1. 구체적이고 도전적인 목표 설정: 달성 가능한 작은 목표로 나눠 접근.\n2. 피드백 루프 형성: 지도자, 코치, 또는 스스로 피드백 제공.\n3. 집중 연습 시간 확보: 매일 일정 시간을 정해 방해 요소를 배제하고 몰입.\n4. 작은 성공 축적: 꾸준히 개선되는 성취감을 통해 동기 부여 유지.\n결\n\nDeliberate Practice는 기존 연습 방식과 차별화된 구조적이고 체계적인 접근법으로, 초보자와 전문가 모두가 학습 속도를 높이고 전문성을 심화시키는 데 효과적이다. 의식적 노력을 통해 현재의 한계를 넘어서고, 목표에 도달하기 위한 지속적이고 실질적인 진보를 가능하게 한다.'}, {'user_id': 'rdnmgo', 'posts_count': '138', 'post_text': 'Photo by @rdnmgo on November 16, 2024. 사람 1명, 책, 잡지, 포스터 및 텍스트의 만화일 수 있음.', 'post_image': 'https://scontent-ssn1-1.cdninstagram.com/v/t51.29350-15/467391304_2065925490528933_1671685649584681648_n.jpg?stp=dst-jpg_e15&efg=eyJ2ZW5jb2RlX3RhZyI6ImltYWdlX3VybGdlbi42MTJ4NjEyLnNkci5mMjkzNTAuZGVmYXVsdF9pbWFnZSJ9&_nc_ht=scontent-ssn1-1.cdninstagram.com&_nc_cat=109&_nc_ohc=GBzmoCi1jAIQ7kNvgFEoiCB&_nc_gid=1f6b31f05ece4098a58eb5c77061c416&edm=AONqaaQBAAAA&ccb=7-5&ig_cache_key=MzUwMjU1MjI4MjI5MTgwMzIzMw%3D%3D.3-ccb7-5&oh=00_AYDzHRbVhKUrO8x29CxdllPStKzrVLAxIiGVLse8oRlk2Q&oe=673E85A6&_nc_sid=4e3341', 'post_datetime': '2024-11-16 20:33:10', 'post_description': '2007년 스티브 잡스가 아이폰을 처음 소개할 때 그의 프레젠테이션은 시작(도입)-중간(전개)-끝(결말) 구조를 이루었다.\n\n• 도입: 이 스토리의 영웅인 스티브는 세상의 평범하고 형편없는 스마트폰 문제를 해결하기 위해 새 제품을 만든 이야기를 들려준다. 그는 시중의 모든 스마트폰은 전혀 스마트하지 않다고 혹평했다.\n\n• 전개: 스티브는 자신의 스마트폰이 가정집의 컴퓨터보다 얼마나 스마트한지 보여주었고 아이폰을 만드느라 겪은 온갖 어려움과 진통을 이야기하며 결국 자신의 팀이 이 문제들을 해결한 스토리를 들려준다. 여기에 무거운 스타일러스 펜을 멀티터치 스크린으로 대체하고 설치가 번거로웠던 프로그램들도 앱(Apps)으로 대체한 과정도 이야기한다.\n\n• 결말: 연설 끝에 스티브는 새 아이폰이 세상의 평범한 스마트폰들을 어떻게 바꿀 것인지 말한다. 관객은 흥분과 감동의 도가니에 빠져든다.'}, {'user_id': '42lines_', 'posts_count': '138', 'post_text': 'Photo by @42lines_ on November 15, 2024. 텍스트의 이미지일 수 있음.', 'post_image': 'https://scontent-ssn1-1.cdninstagram.com/v/t51.29350-15/466840293_1477192166310863_1342360593135838532_n.jpg?stp=dst-jpg_e35&efg=eyJ2ZW5jb2RlX3RhZyI6ImltYWdlX3VybGdlbi4xNDQweDE0NDAuc2RyLmYyOTM1MC5kZWZhdWx0X2ltYWdlIn0&_nc_ht=scontent-ssn1-1.cdninstagram.com&_nc_cat=111&_nc_ohc=LY9pFavQLEMQ7kNvgEMRVPN&_nc_gid=96393d861c54470b8f7a7950b5c990b7&edm=AONqaaQBAAAA&ccb=7-5&ig_cache_key=MzUwMjM2MjQ2MjQwNDk1Mjc1Mw%3D%3D.3-ccb7-5&oh=00_AYAJELntT00rCNs5gaSL2epOP1QBzxluvxJAYm6PgBsP-A&oe=673E771B&_nc_sid=4e3341', 'post_datetime': '2024-11-16 14:16:02', 'post_description': '클라우드 컴퓨팅은 IT 인프라 Infrastructure 가 인터넷을 통해 ‘온디맨드 On-Demand’로 제공되고, 사용자가 사용한 만큼 비용을 지불하는 것을 말합니다. 온디맨드란, 이용자의 요구에 따라 상품이나 서비스가 즉시 제공되는 방식이나 기능을 말하고요. - <개발 용어사전>, 주향목 - 밀리의 서재 https://www.millie.co.kr/v3/bookDetail/a1fc97a3b0c3435b'}, {'user_id': 'euiclee.books', 'posts_count': '138', 'post_text': 'Photo by 유클리책장 | 📚 매일매일 독서기록 on November 16, 2024. 텍스트의 이미지일 수 있음.', 'post_image': 'https://scontent-ssn1-1.cdninstagram.com/v/t51.29350-15/467200499_2274660852903808_7476571038947969684_n.jpg?stp=dst-jpg_e15&efg=eyJ2ZW5jb2RlX3RhZyI6ImltYWdlX3VybGdlbi4xMDgweDEwODAuc2RyLmYyOTM1MC5kZWZhdWx0X2ltYWdlIn0&_nc_ht=scontent-ssn1-1.cdninstagram.com&_nc_cat=104&_nc_ohc=ZyuWFumLi54Q7kNvgHGP9XG&_nc_gid=0d3d6f49539048689240c5dc7b516554&edm=AONqaaQBAAAA&ccb=7-5&ig_cache_key=MzUwMjYwNzEyMjk5MzUyODk2Mw%3D%3D.3-ccb7-5&oh=00_AYCrmUjXL-DdXIROpOhZgxjSgo8goZTb-2fxwRksd0efNw&oe=673EA023&_nc_sid=4e3341', 'post_datetime': '2024-11-16 22:22:09', 'post_description': '🖋️ 실패에 대한 걱정이 많을수록 실패할 확률이 높다.\n\n우리의 뇌는 생각하지 말라고 하는 것은 더 생각나게 하는 재주를 가지고 있다. "코끼리를 생각하지 마세요."라는 말을 듣는 순간 아마 머릿속에서 코끼리가 떠나가지 않을 것이다.\n\n이는 부정적인 감정에도 적용되는 원리이다. 걱정을 하면 할수록 우리의 뇌에서는 그 걱정만 집중한다.\n\n실패할까 걱정하는 심리는 현재 자신이 하는 일에 집중하지 못하게 하고 기본적인 대응조차 심사숙고하게 만드는 것이다.\n\n이를 극복하는 방법은 간단하다. 실패를 걱정하는 것이 아니라. 성공에 집중하면 된다. 매일 긍정적인 생각을 한다는 것이 당연히 쉽지는 않겠지만 부정적인 생각보다는 긍정적인 생각을 하려고 노력하자.\n\n📗#심리학을만나행복해졌다 #장원청 #미디어숲\n\n🔖 #독서 #북스타그램 #책 #독서스타그램 #책스타그램 #책리뷰 #책추천 #유클리 #유클리책장 #긍정 #부정 #실패 #성공 #월렌다효과'}, {'user_id': 'ai.gi.book', 'posts_count': '192', 'post_text': "Photo by @ai.gi.book on November 15, 2024. 돈 및 문구: 'MONEY 2025 TREND D $ IN E 정태익 김도윤 김광석 김용섭 김현준 정수종 채상욱 최재붕 위기 속 송자의 비밀, 누가 울고 누가 웃는가 420만 명 투자자와 소비자가 입증한 머니 인사이트 살아남기 위해 반드시 읽어야 할 2025 재테크 전략'의 그래픽일 수 있음.", 'post_image': 'https://scontent-ssn1-1.cdninstagram.com/v/t51.29350-15/467023415_1817772768755277_5499574957950436358_n.jpg?stp=dst-jpg_e35&efg=eyJ2ZW5jb2RlX3RhZyI6ImltYWdlX3VybGdlbi4xNDQweDE4MDAuc2RyLmYyOTM1MC5kZWZhdWx0X2ltYWdlIn0&_nc_ht=scontent-ssn1-1.cdninstagram.com&_nc_cat=109&_nc_ohc=5Wfln8op8uoQ7kNvgE3ja9g&_nc_gid=501e17f32f8c4fe1b4eac525156a8799&edm=AONqaaQBAAAA&ccb=7-5&ig_cache_key=MzUwMjMwODE2NjM2NjY4MjYxMg%3D%3D.3-ccb7-5&oh=00_AYB_4qqpbCuHO5-ah7S6VXo7a5edtZ6Nccd9-M8nheqCPQ&oe=673E9E4D&_nc_sid=4e3341', 'post_datetime': '2024-11-16 12:28:10', 'post_description': '생성형 AI와 융합해 가장 큰 발전을 이루고 있는 분야가 바로 로보틱스다. 가장 먼저 선도적 기술을 선보인 회사는 테슬라다. 테슬라는 2023년 12월 옵티머스2를 선보였는데 비판받았던 옵티머스1에 비해 엄청난 발전을 보여주며 로봇 시대가 가까워졌음을 증명했다. 옵티머스2는 테슬라 차량에 들어간 자율주행 FSD 칩을 탑재하고 있으며 소프트웨어도 자율주행 자동차가 연결된 인공지능 신경망에 연결되어있어서, 스스로 학습이 가능하고 명령어를 생성해 자체적으로 움직일 수 있는 지능형 휴머노이드다. 챗 GPT가 보여줬듯 생성형 AI는 코딩도 매우 잘할 수 있다. 이것을 로봇에 적용하면 임의의 상황에 대응하는 행동을 로봇이 스스로 판단해 실행할 수 있다. 즉 대화의 맥락 속에 필요한 행동이 있다고 판단되면 로봇이 직접 그 행동에 필요한 코딩을 생성하고 이를 실행하는 방식이다. - <머니 트렌드 2025>, 정태익, 김도윤, 김광석, 김용섭, 김현준, 정수종, 채상욱, 최재붕 - 밀리의 서재\nhttps://www.millie.co.kr/v3/bookDetail/24556adb2d1849d1'}]
CSV 파일에 데이터 저장 중...
CSV 파일에 데이터 저장 완료
성공/실패 평가 중...
성공한 사람: ['terrys_reading', 'rdnmgo', '42lines_', 'euiclee.books', 'ai.gi.book']
실패한 사람: []
요약 이미지 생성 중...
요약 이미지 생성 완료
이미지 업로드 시작...
사진 업로드 중...
새 게시물 버튼 클릭 완료
다음 버튼 클릭 중...
다음 버튼 클릭 완료
다음 버튼 클릭 중...
다음 버튼 클릭 완료
성공/실패 평가 중...
성공한 사람: ['terrys_reading', 'rdnmgo', '42lines_', 'euiclee.books', 'ai.gi.book']
실패한 사람: []
설명 입력 중...
설명 입력 완료
게시물 공유 중...
게시물 공유 완료
사진 업로드 완료
이미지 업로드 완료
드라이버 종료
프로그램 시작
드라이버 설정 중...
드라이버 설정 완료
인스타그램 로그인 시도 중...
로그인 정보 입력 완료
로그인 정보 저장 버튼 클릭 중...
로그인 정보 저장 버튼 클릭 완료
정보 수집 시작...
terrys_reading의 정보 수집 중...
terrys_reading의 게시물에 '더 보기' 버튼 없음
좋아요 버튼을 클릭했습니다.
terrys_reading의 정보 수집 완료
rdnmgo의 정보 수집 중...
rdnmgo의 게시물에 '더 보기' 버튼 없음
좋아요 버튼을 클릭했습니다.
rdnmgo의 정보 수집 완료
42lines_의 정보 수집 중...
42lines_의 게시물에 '더 보기' 버튼 없음
좋아요 버튼을 클릭했습니다.
42lines_의 정보 수집 완료
euiclee.books의 정보 수집 중...
euiclee.books의 게시물에 '더 보기' 버튼 없음
좋아요 버튼을 클릭했습니다.
euiclee.books의 정보 수집 완료
ai.gi.book의 정보 수집 중...
ai.gi.book의 게시물에 '더 보기' 버튼 없음
좋아요 버튼을 클릭했습니다.
ai.gi.book의 정보 수집 완료
정보 수집 완료
[{'user_id': 'terrys_reading', 'posts_count': '132', 'post_text': "Photo by @terrys_reading on November 17, 2024. 문구: 'November 17, 2024 #603 read on fs.blog Free Version Welcome to Brain Food, a weekly newsletter full Welcome of timeless ideas and insights you can use in life and work. Tiny Thoughts * The lazy lose to the average. The average lose to the focused. The focused lose to the obsessed. 米水 Champions obsess over fundamentals, not'의 Twitter 스크린샷일 수 있음.", 'post_image': 'https://scontent-ssn1-1.cdninstagram.com/v/t51.29350-15/467181122_7800139306756118_6212947818894794037_n.jpg?stp=dst-jpg_e35&efg=eyJ2ZW5jb2RlX3RhZyI6ImltYWdlX3VybGdlbi4xNDQweDE4MDAuc2RyLmYyOTM1MC5kZWZhdWx0X2ltYWdlIn0&_nc_ht=scontent-ssn1-1.cdninstagram.com&_nc_cat=102&_nc_ohc=Fs-6P49xTOYQ7kNvgGaP3RL&_nc_gid=a70eee3ebe9b4559bc4bd7927e281501&edm=AONqaaQBAAAA&ccb=7-5&ig_cache_key=MzUwMzM0NzkzOTU3MTI0NTcyMA%3D%3D.3-ccb7-5&oh=00_AYBfulKv3C-knwCBq2JRoQ4yuA50Z7IzWt2B5Z0Fo8wYUA&oe=673FDC8B&_nc_sid=4e3341', 'post_datetime': '2024-11-17 22:54:00', 'post_description': '1. 성과 측면에서 게으름 < 평범함 < 집착\n2. 어부들은 바다와 폭풍의 위험함을 안다. 그럼에도 그들응 바다로 나선다. 상상 속의 두려움보다, 현실의 위험을 맞닥뜨리는 것을 선택한 것이다.\n3. 내가 바꿀 수 없는 사릴에 목 메고 있는 것보다, 내가 행동할 수 있는 것에 집중하는 편이 적합하다.'}, {'user_id': 'rdnmgo', 'posts_count': '139', 'post_text': 'Photo by @rdnmgo on November 17, 2024. 사람 1명, 책, 잡지, 포스터 및 텍스트의 만화일 수 있음.', 'post_image': 'https://scontent-ssn1-1.cdninstagram.com/v/t51.29350-15/467517831_1509492343774205_7493431840678194614_n.jpg?stp=dst-jpg_e15&efg=eyJ2ZW5jb2RlX3RhZyI6ImltYWdlX3VybGdlbi42MTJ4NjEyLnNkci5mMjkzNTAuZGVmYXVsdF9pbWFnZSJ9&_nc_ht=scontent-ssn1-1.cdninstagram.com&_nc_cat=105&_nc_ohc=_NhmzcUaO5gQ7kNvgH8TEd8&_nc_gid=ca5e2d83d7054bbb8bd5dbbd72bc6ea8&edm=AONqaaQBAAAA&ccb=7-5&ig_cache_key=MzUwMzM0ODI3NTc3ODI4NTk5NA%3D%3D.3-ccb7-5&oh=00_AYAV-u_lhhqZNU2aYjkF5COEIBc81KYfQEVR_PEmjnarGw&oe=673FBD56&_nc_sid=4e3341', 'post_datetime': '2024-11-17 22:54:40', 'post_description': '스토리의 시작(도입) 부분에서는 ‘평범한 세상’을 설정한다.\n이 시점에서 관객은 영웅의 열정에 호기심을 느낀다. 여기서 평범한 세상을 방해하는 문제를 꼭 언급해야 하는데, 영웅이 반드시 해결해야만 하는 크고 강력한 문제여야 한다.\n\n중간(전개) 부분은 해결책을 찾는 과정이다. 여기서는 영웅이 문제를 해결하는 과정 중 겪는 온갖 우여곡절과 어려움, 좌절이 포함된다.\n\n끝(결말) 부분에서는 영웅이 어떻게 성공했는지 들려주는데 관객에게 설렘과 감동을 주는 방식으로 전달되어야 한다.'}, {'user_id': '42lines_', 'posts_count': '139', 'post_text': 'Photo by @42lines_ on November 17, 2024. 텍스트의 이미지일 수 있음.', 'post_image': 'https://scontent-ssn1-1.cdninstagram.com/v/t51.29350-15/467517147_1275368997243759_868909322286560310_n.jpg?stp=dst-jpg_e35&efg=eyJ2ZW5jb2RlX3RhZyI6ImltYWdlX3VybGdlbi4xNDQweDE0NDAuc2RyLmYyOTM1MC5kZWZhdWx0X2ltYWdlIn0&_nc_ht=scontent-ssn1-1.cdninstagram.com&_nc_cat=103&_nc_ohc=zdcY0F95umYQ7kNvgG6iC97&_nc_gid=8abdafd5885042ecbc1eb56b12907453&edm=AONqaaQBAAAA&ccb=7-5&ig_cache_key=MzUwMzE4OTY1NTQ4MTczODgxMQ%3D%3D.3-ccb7-5&oh=00_AYAIHLO2f340Dl-QVenY26SLXExYFzEG89XlxlgYtgtgVg&oe=673FE8B7&_nc_sid=4e3341', 'post_datetime': '2024-11-17 17:39:31', 'post_description': 'NoSQL 데이터베이스는 관계형이 아닌 비관계형 데이터베이스를 말해요. 관계형은 데이터의 구조를 엄격하게 지켜 마트의 진열장처럼 정리해서 저장해야 하지만, NoSQL은 데이터끼리 관계를 맺지 않고 조금 더 유연성 있게 저장하기 때문에 빠르게 바뀌는 비정형 데이터를 처리하기에 적합합니다. - <개발 용어사전>, 주향목 - 밀리의 서재 https://www.millie.co.kr/v3/bookDetail/a1fc97a3b0c3435b'}, {'user_id': 'euiclee.books', 'posts_count': '139', 'post_text': 'Photo by 유클리책장 | 📚 매일매일 독서기록 on November 17, 2024. 텍스트의 이미지일 수 있음.', 'post_image': 'https://scontent-ssn1-1.cdninstagram.com/v/t51.29350-15/467473043_1553065898674939_1440958996625667434_n.jpg?stp=dst-jpg_e15&efg=eyJ2ZW5jb2RlX3RhZyI6ImltYWdlX3VybGdlbi4xMDgweDEwODAuc2RyLmYyOTM1MC5kZWZhdWx0X2ltYWdlIn0&_nc_ht=scontent-ssn1-1.cdninstagram.com&_nc_cat=107&_nc_ohc=rz3NcjkKqJ4Q7kNvgFSHm7c&_nc_gid=2b0f4f4f1bea418eae4454d12e3df440&edm=AONqaaQBAAAA&ccb=7-5&ig_cache_key=MzUwMzI5NTY5NzE2Njk3MzgxMA%3D%3D.3-ccb7-5&oh=00_AYBqThwm6TnV68Im-yt5-8FQNysH0zFqYk3cbe23dec7Rw&oe=673FE08C&_nc_sid=4e3341', 'post_datetime': '2024-11-17 21:10:13', 'post_description': '🖋️ 우리는 알게 모르게 타인의 영향을 정말 많이 받으면서 살아간다.\n\n아니 어쩌면 평생 타인의 영향을 받으면서 살아가고 있는지도 모른다. 사람들과 생각을 교류 하고 영향을 주고 받으면서 내 신념과 자아가 더 단단해지고 확실해지는 과정을 거치기 때문이다.\n\n이 때문에 내 주위에 있는 사람이 누군지에 따라 내가 누군지 결정된다는 말이나, 한 사람의 주변을 보면 그 사람을 알 수 있다는 말도 생기지 않았을까.\n\n책을 읽어야 하는 이유도 마찬가지다. 타인과 고류할 수 있는 가장 쉬운 방법 중에 하나가 책을 읽은 것이다. 책을 읽으면서 타인의 생각을 들여다보고 거기에 나의 의견을 덫붙이고 사유하는 �것은 나의 자아를 찾아가는 과정 중의 하나로 볼 수 있지 않을까 생각한다.\n\n📗#심리학을만나행복해졌다 #장원청 #미디어숲\n\n🔖 #독서 #북스타그램 #책 #독서스타그램 #책스타그램 #책리뷰 #책추천 #유클리 #유클리책장 #자아 #신념'}, {'user_id': 'ai.gi.book', 'posts_count': '194', 'post_text': 'Photo by @ai.gi.book on November 17, 2024. 돈 및 텍스트의 낙서 그림일 수 있음.', 'post_image': 'https://scontent-ssn1-1.cdninstagram.com/v/t51.29350-15/467315360_2363475614044515_744095543339656525_n.jpg?stp=dst-jpg_e35&efg=eyJ2ZW5jb2RlX3RhZyI6ImltYWdlX3VybGdlbi4xNDQweDE4MDAuc2RyLmYyOTM1MC5kZWZhdWx0X2ltYWdlIn0&_nc_ht=scontent-ssn1-1.cdninstagram.com&_nc_cat=103&_nc_ohc=BrSjunPtZPoQ7kNvgFTMfcy&_nc_gid=abb94b466be54eeca3ea3df03da50b53&edm=AONqaaQBAAAA&ccb=7-5&ig_cache_key=MzUwMzE3NDYyMDM1MjA0MTE0Mw%3D%3D.3-ccb7-5&oh=00_AYBcNxnmJbv_ERRaExhPaOf6uTXup18NejX6dXbXf3hTCg&oe=673FDC1B&_nc_sid=4e3341', 'post_datetime': '2024-11-17 17:09:39', 'post_description': '빅테크 기업에선 생성형 AI를 적용했을 때 혁신 가능성이 높은 분야로 의료와 교육을 꼽는다. 그런데 한국에서 규제가 가장 강력한 분야가 바로 의료와 교육이다. 우리가 동남아와 경쟁하는 데 가장 큰 걸림돌이 이 규제다. 규제는 그냥 만들어지지 않는다. 사회적 인식이 규제를 만들어내는 힘이다. 우리 사회는 미국이나 동남아 지역에 비해 디지털 전환에 거부감을 느끼는 편이다. 기성세대의 권력을 보호하는 것이 새로운 기업에 기회를 주는 것보다 더 중요하다고 믿는다. 어찌 보면 오랫동안 선진국의 비즈니스 모델을 따라잡는 데에 익숙해진 개발도상국의 습성이라고도 할 수 있다. 무언가 도전적인 일을 하기보다는 이미 선진국에서 성숙한 산업을 도입하는 데 익숙한 관성이 만든 현상이다. 기존에 잘된 산업을 들여올 때 필요한 것은 도전 정신이 아니라 자본이며, 자본을 보호해주는 것은 규제를 만드는 권력자들이다. 권력을 가진 사람들은 당연히 규제를 통해 보호받고 싶어 할 것이다. - <머니 트렌드 2025>, 정태익, 김도윤, 김광석, 김용섭, 김현준, 정수종, 채상욱, 최재붕 - 밀리의 서재\nhttps://www.millie.co.kr/v3/bookDetail/24556adb2d1849d1'}]
CSV 파일에 데이터 저장 중...
CSV 파일에 데이터 저장 완료
성공/실패 평가 중...
성공한 사람: ['terrys_reading', 'rdnmgo', '42lines_', 'euiclee.books', 'ai.gi.book']
실패한 사람: []
요약 이미지 생성 중...
요약 이미지 생성 완료
이미지 업로드 시작...
사진 업로드 중...
새 게시물 버튼 클릭 완료
다음 버튼 클릭 중...
다음 버튼 클릭 완료
다음 버튼 클릭 중...
다음 버튼 클릭 완료
성공/실패 평가 중...
성공한 사람: ['terrys_reading', 'rdnmgo', '42lines_', 'euiclee.books', 'ai.gi.book']
실패한 사람: []
설명 입력 중...
설명 입력 완료
게시물 공유 중...
게시물 공유 완료
사진 업로드 완료
이미지 업로드 완료
드라이버 종료
프로그램 시작
드라이버 설정 중...
드라이버 설정 완료
인스타그램 로그인 시도 중...
로그인 정보 입력 완료
로그인 정보 저장 버튼 클릭 중...
로그인 정보 저장 버튼 클릭 완료
정보 수집 시작...
terrys_reading의 정보 수집 중...
terrys_reading의 게시물에 '더 보기' 버튼 없음
오류가 발생했습니다: Message: 
Stacktrace:
0   chromedriver                        0x000000010a0db338 chromedriver + 5096248
1   chromedriver                        0x000000010a0d2b6a chromedriver + 5061482
2   chromedriver                        0x0000000109c5dfd0 chromedriver + 389072
3   chromedriver                        0x0000000109caa9ab chromedriver + 702891
4   chromedriver                        0x0000000109caaa81 chromedriver + 703105
5   chromedriver                        0x0000000109ceecd4 chromedriver + 982228
6   chromedriver                        0x0000000109ccef1d chromedriver + 851741
7   chromedriver                        0x0000000109cec250 chromedriver + 971344
8   chromedriver                        0x0000000109ccec93 chromedriver + 851091
9   chromedriver                        0x0000000109c9dc79 chromedriver + 650361
10  chromedriver                        0x0000000109c9e49e chromedriver + 652446
11  chromedriver                        0x000000010a09e0b0 chromedriver + 4845744
12  chromedriver                        0x000000010a0a2fc8 chromedriver + 4865992
13  chromedriver                        0x000000010a0a3695 chromedriver + 4867733
14  chromedriver                        0x000000010a080ce9 chromedriver + 4725993
15  chromedriver                        0x000000010a0a3989 chromedriver + 4868489
16  chromedriver                        0x000000010a072c04 chromedriver + 4668420
17  chromedriver                        0x000000010a0c2e68 chromedriver + 4996712
18  chromedriver                        0x000000010a0c3067 chromedriver + 4997223
19  chromedriver                        0x000000010a0d276e chromedriver + 5060462
20  libsystem_pthread.dylib             0x00007fff71f4f109 _pthread_start + 148
21  libsystem_pthread.dylib             0x00007fff71f4ab8b thread_start + 15

terrys_reading의 정보 수집 완료
rdnmgo의 정보 수집 중...
rdnmgo의 게시물에 '더 보기' 버튼 없음
좋아요 버튼을 클릭했습니다.
rdnmgo의 정보 수집 완료
42lines_의 정보 수집 중...
42lines_의 게시물에 '더 보기' 버튼 없음
좋아요 버튼을 클릭했습니다.
42lines_의 정보 수집 완료
euiclee.books의 정보 수집 중...
euiclee.books의 게시물에 '더 보기' 버튼 없음
좋아요 버튼을 클릭했습니다.
euiclee.books의 정보 수집 완료
ai.gi.book의 정보 수집 중...
ai.gi.book의 게시물에 '더 보기' 버튼 없음
좋아요 버튼을 클릭했습니다.
ai.gi.book의 정보 수집 완료
정보 수집 완료
[{'user_id': 'terrys_reading', 'posts_count': '132', 'post_text': "Photo by @terrys_reading on November 17, 2024. 문구: 'November 17, 2024 #603 read on fs.blog Free Version Welcome to Brain Food, a weekly newsletter full Welcome of timeless ideas and insights you can use in life and work. Tiny Thoughts * The lazy lose to the average. The average lose to the focused. The focused lose to the obsessed. 米水 Champions obsess over fundamentals, not'의 Twitter 스크린샷일 수 있음.", 'post_image': 'https://scontent-ssn1-1.cdninstagram.com/v/t51.29350-15/467181122_7800139306756118_6212947818894794037_n.jpg?stp=dst-jpg_e35&efg=eyJ2ZW5jb2RlX3RhZyI6ImltYWdlX3VybGdlbi4xNDQweDE4MDAuc2RyLmYyOTM1MC5kZWZhdWx0X2ltYWdlIn0&_nc_ht=scontent-ssn1-1.cdninstagram.com&_nc_cat=102&_nc_ohc=Fs-6P49xTOYQ7kNvgGaP3RL&_nc_gid=2377f29f74aa41999549c044fc8f7b12&edm=AP4sbd4BAAAA&ccb=7-5&ig_cache_key=MzUwMzM0NzkzOTU3MTI0NTcyMA%3D%3D.3-ccb7-5&oh=00_AYDiD7FNk-yIGUncs7lxibyN0i1-p3kmeVRYAllzXjlOdQ&oe=67412E0B&_nc_sid=7a9f4b', 'post_datetime': '2024-11-17 22:54:00', 'post_description': '1. 성과 측면에서 게으름 < 평범함 < 집착\n2. 어부들은 바다와 폭풍의 위험함을 안다. 그럼에도 그들응 바다로 나선다. 상상 속의 두려움보다, 현실의 위험을 맞닥뜨리는 것을 선택한 것이다.\n3. 내가 바꿀 수 없는 사릴에 목 메고 있는 것보다, 내가 행동할 수 있는 것에 집중하는 편이 적합하다.'}, {'user_id': 'rdnmgo', 'posts_count': '140', 'post_text': 'Photo by @rdnmgo on November 18, 2024. 사람 1명, 책, 잡지, 포스터 및 텍스트의 만화일 수 있음.', 'post_image': 'https://scontent-ssn1-1.cdninstagram.com/v/t51.29350-15/467497156_1594252614521108_5850391819609699959_n.jpg?stp=dst-jpg_e15_tt6&efg=eyJ2ZW5jb2RlX3RhZyI6ImltYWdlX3VybGdlbi42MTJ4NjEyLnNkci5mMjkzNTAuZGVmYXVsdF9pbWFnZSJ9&_nc_ht=scontent-ssn1-1.cdninstagram.com&_nc_cat=108&_nc_ohc=sv29REB82dYQ7kNvgFUetP7&_nc_gid=1cb1970360964b7797667e613b614038&edm=AONqaaQBAAAA&ccb=7-5&ig_cache_key=MzUwMzk1MDgzNzYyODAwNjE2NQ%3D%3D.3-ccb7-5&oh=00_AYCiAqpUsdMQXkR6wZ9CFF4_Cb74ezQhOf048l9fze8obw&oe=674110E2&_nc_sid=4e3341', 'post_datetime': '2024-11-18 18:51:51', 'post_description': '### 스토리의 6단계\n\n일단 스토리를 도입, 전개, 결말의 구조로 짰다면 여기서 더 깊이 들어갈 수도 있다. 영화를 제작할 때는 이 과정을 심화해 총 6단계로 만든다.\n\n1. 도입\n2. 사건 촉발\n3. 점진적 갈등 고조\n4. 위기\n5. 절정\n6. 결말\n\n#### 1. 도입\n\n‘도입’은 스토리를 설정하는 단계다. 이 단계는 누가, 무엇을, 왜, 어디서 했는지 보여주면서 평범한 세상을 소개한다.\n\n• 누가 주인공인가?\n• 주인공은 무엇을 원하는가?\n• 왜 그것을 원하는가?\n• 이 스토리는 어디서 펼쳐지는가?\n\n이런 정보가 없으면 관객은 기준을 잡지 못해 초반부터 갈팡질팡한다.'}, {'user_id': '42lines_', 'posts_count': '140', 'post_text': 'Photo by @42lines_ on November 17, 2024. 텍스트의 이미지일 수 있음.', 'post_image': 'https://scontent-ssn1-1.cdninstagram.com/v/t51.29350-15/467552629_879986217596917_1339576432212811294_n.jpg?stp=dst-jpg_e35&efg=eyJ2ZW5jb2RlX3RhZyI6ImltYWdlX3VybGdlbi4xNDQweDE0NDAuc2RyLmYyOTM1MC5kZWZhdWx0X2ltYWdlIn0&_nc_ht=scontent-ssn1-1.cdninstagram.com&_nc_cat=101&_nc_ohc=76-k1kvkdfUQ7kNvgHa4b-A&_nc_gid=7886641310ec4a278f1ff3fa63191f55&edm=AONqaaQBAAAA&ccb=7-5&ig_cache_key=MzUwMzg0MzY2NjUzNDgzNjMyMQ%3D%3D.3-ccb7-5&oh=00_AYBsPp1owj9ImwlG8UcRu_MMLhshSlH5fcWFhw9EbQDibg&oe=67410FC3&_nc_sid=4e3341', 'post_datetime': '2024-11-18 15:18:55', 'post_description': '도커는 단일 컨테이너에 특화되어 있는데요, 이 단점을 보완하기 위해서 구글의 개발자들이 쿠버네티스 Kubernetes 라는 오픈 소스 플랫폼을 개발했습니다. 문제가 생긴 컨테이너를 교체하거나, 컨테이너의 비밀번호나 설정을 관리하는 일을 오케스트레이션 Orchestration 이라고 하는데, 컨테이너에 대한 오케스트레이션을 쉽게 할 수 있도록 도와주는 도구 중 대표적인 것이 바로 쿠버네티스예요. - <개발 용어사전>, 주향목 - 밀리의 서재 https://www.millie.co.kr/v3/bookDetail/a1fc97a3b0c3435b'}, {'user_id': 'euiclee.books', 'posts_count': '140', 'post_text': 'Photo by 유클리책장 | 📚 매일매일 독서기록 on November 18, 2024. 텍스트의 이미지일 수 있음.', 'post_image': 'https://scontent-ssn1-1.cdninstagram.com/v/t39.30808-6/467303671_511171598738773_9153253154137839955_n.jpg?stp=dst-jpg_e35&efg=eyJ2ZW5jb2RlX3RhZyI6ImltYWdlX3VybGdlbi4xMDAweDEwMDAuc2RyLmYzMDgwOC5kZWZhdWx0X2ltYWdlIn0&_nc_ht=scontent-ssn1-1.cdninstagram.com&_nc_cat=101&_nc_ohc=rOToMqC7D6EQ7kNvgFhUxqt&_nc_gid=3f4ebfa9e6384b8fa3fcaf615c60542c&edm=AONqaaQAAAAA&ccb=7-5&ig_cache_key=MzUwNDA0NTc3NDc5MTQzMzI2Nw%3D%3D.3-ccb7-5&oh=00_AYCjUoNkA9kCk0dESTASW9xXM_4y7BN0dVbGzrLZOGdHgA&oe=67413497&_nc_sid=4e3341', 'post_datetime': '2024-11-18 22:00:30', 'post_description': '🖋️ 우리가 살면서 제일 조심해야 할 것 중 하나가 바로 양때효과이다.\n\n이는 편승효과라고 불리기도 하는데, 핵심은 집단의 힘 앞에서 개인이 이성적인 판단을 포기하고, 대중의 추세만을 좇는 것이다. 이로써 자신의 판단을 부정하고, 일의 의미를 주관적으로 고려할 수 없게 된다.\n\n우리가 어떤 일에 부딪힐 때 어떤 분석도 없이 군중에게 순종해서는 안 되고 맹목적으로 남들이 하는 대로 따라 하다가는 낭패를 볼 수 있다는 것이다. 대중의 행동이 이성적으로 올바르면 자연스럽게 따라가되, 대중의 행동이 비이성적으로 주도될 때는 신중해야 한다.\n\n이 효과를 직접적으로 체험할 수 있는 곳을 찾아보자면 주식시장이 생각난다. 분명히 대중과는 다른 길을 걸어야 함이 맞지만 분위기에 휩쓸리지 않기란 정말 어렵다.\n\n그렇기 때문에 독립적으로 사고하는 정신을 키우고, 대중의 행동을 맹목적으로 따는 것을 조심해야 한다. 본전을 날리더라도 이것이 건강한 심리 상태이며 지혜로운 생존의 길이다.\n\n📗#심리학을만나행복해졌다 #장원청 #미디어숲\n\n🔖 #독서 #북스타그램 #책 #독서스타그램 #책스타그램 #책리뷰 #책추천 #유클리 #유클리책장 #심리학 #대중 #편승효과 #양때효과 #주식'}, {'user_id': 'ai.gi.book', 'posts_count': '196', 'post_text': "Photo by @ai.gi.book on November 18, 2024. 돈 및 문구: 'MONEY 2025 TREND D $ IN E 정태익 김도윤 김광석 김용섭 김현준 정수종 채상욱 최재붕 위기 속 송자의 비밀, 누가 울고 누가 웃는가 420만 명 투자자와 소비자가 입증한 머니 인사이트 살아남기 위해 반드시 읽어야 할 2025 재테크 전략'의 그래픽일 수 있음.", 'post_image': 'https://scontent-ssn1-1.cdninstagram.com/v/t51.29350-15/467337390_1117581359762163_4162845839816767175_n.jpg?stp=dst-jpg_e35&efg=eyJ2ZW5jb2RlX3RhZyI6ImltYWdlX3VybGdlbi4xNDQweDE4MDAuc2RyLmYyOTM1MC5kZWZhdWx0X2ltYWdlIn0&_nc_ht=scontent-ssn1-1.cdninstagram.com&_nc_cat=103&_nc_ohc=-O4mgETGyqwQ7kNvgE9M5AH&_nc_gid=3925914fd3094f41b30b50015804a483&edm=AONqaaQBAAAA&ccb=7-5&ig_cache_key=MzUwNDA0NjM2NTU3NzUxMzI1MQ%3D%3D.3-ccb7-5&oh=00_AYDZUie-7n2nUBTbJBPxlMDbMO315q3Q3I9BJUHxo9zTZA&oe=674138A4&_nc_sid=4e3341', 'post_datetime': '2024-11-18 22:01:39', 'post_description': '로보택시를 LA에서도 운영할 수 있도록 허가했다. 시범 서비스라 신청한 사람들만 무료로 이용이 가능한데 사용자들의 후기가 속속 올라오는 중이다. 신기한 서비스에 신청 고객이 몰려 아직도 몇 달을 기다려야 이용할 수 있다. 완전한 무인 차인 만큼 기대와 우려가 섞여 있지만 대체로 만족하는 분위기다. 위급 상황에도 대처가 우수한 것으로 알려졌다. 사용 후기들이 확산되면 상용 서비스로 전환하는 것에 대한 사회적 분위기가 형성될 수 있다. 특히 미국에서도 고령자들의 운전으로 인한 사고가 사회적 이슈로 부상하고 있기에 이런 서비스의 도입이 오히려 안전하다는 인식이 생길 수 있다. 물론 아직도 자전거와 충돌하거나 정차된 견인차를 추돌하는 사고가 보고되지만 대체로 충분한 기술력이 인정되고 있는 분위기다. - <머니 트렌드 2025>, 정태익, 김도윤, 김광석, 김용섭, 김현준, 정수종, 채상욱, 최재붕 - 밀리의 서재\nhttps://www.millie.co.kr/v3/bookDetail/24556adb2d1849d1'}]
CSV 파일에 데이터 저장 중...
CSV 파일에 데이터 저장 완료
성공/실패 평가 중...
성공한 사람: ['terrys_reading', 'rdnmgo', '42lines_', 'euiclee.books', 'ai.gi.book']
실패한 사람: []
요약 이미지 생성 중...
요약 이미지 생성 완료
이미지 업로드 시작...
사진 업로드 중...
새 게시물 버튼 클릭 완료
다음 버튼 클릭 중...
다음 버튼 클릭 완료
다음 버튼 클릭 중...
다음 버튼 클릭 완료
성공/실패 평가 중...
성공한 사람: ['terrys_reading', 'rdnmgo', '42lines_', 'euiclee.books', 'ai.gi.book']
실패한 사람: []
설명 입력 중...
설명 입력 완료
게시물 공유 중...
게시물 공유 완료
사진 업로드 완료
이미지 업로드 완료
드라이버 종료
프로그램 시작
드라이버 설정 중...
드라이버 설정 완료
인스타그램 로그인 시도 중...
로그인 정보 입력 완료
로그인 정보 저장 버튼 클릭 중...
로그인 정보 저장 버튼 클릭 완료
정보 수집 시작...
terrys_reading의 정보 수집 중...
terrys_reading의 게시물에 '더 보기' 버튼 없음
좋아요 버튼을 클릭했습니다.
terrys_reading의 정보 수집 완료
rdnmgo의 정보 수집 중...
rdnmgo의 게시물에 '더 보기' 버튼 없음
좋아요 버튼을 클릭했습니다.
rdnmgo의 정보 수집 완료
42lines_의 정보 수집 중...
42lines_의 게시물에 '더 보기' 버튼 없음
좋아요 버튼을 클릭했습니다.
42lines_의 정보 수집 완료
euiclee.books의 정보 수집 중...
euiclee.books의 게시물에 '더 보기' 버튼 없음
좋아요 버튼을 클릭했습니다.
euiclee.books의 정보 수집 완료
ai.gi.book의 정보 수집 중...
ai.gi.book의 게시물에 '더 보기' 버튼 없음
좋아요 버튼을 클릭했습니다.
ai.gi.book의 정보 수집 완료
정보 수집 완료
[{'user_id': 'terrys_reading', 'posts_count': '133', 'post_text': 'Photo by @terrys_reading on November 19, 2024. 스케치, 책 및 텍스트의 이미지일 수 있음.', 'post_image': 'https://scontent-ssn1-1.cdninstagram.com/v/t51.29350-15/467544332_1748855589268015_2213126873967706693_n.jpg?stp=dst-jpegr_e35&efg=eyJ2ZW5jb2RlX3RhZyI6ImltYWdlX3VybGdlbi4xNDQweDE4MDAuaGRyLmYyOTM1MC5kZWZhdWx0X2ltYWdlIn0&_nc_ht=scontent-ssn1-1.cdninstagram.com&_nc_cat=107&_nc_ohc=nKbnCA6LnJYQ7kNvgE2YGns&_nc_gid=094e85c39d404665bcd21aa5e1f9fe9d&edm=AONqaaQBAAAA&ccb=7-5&ig_cache_key=MzUwNDgyODgzODIwNDgyODY5OQ%3D%3D.3-ccb7-5&oh=00_AYBeSI2JFzQhGvLESCI-8RZAnH6wG0jf6IQmJOE50-9zqA&oe=67427700&_nc_sid=4e3341', 'post_datetime': '2024-11-19 23:56:17', 'post_description': '어떤 문제를 해결하려고 할 때 거꾸로 사고하는 것은 가장 쉬운 방법 중 하나이다. 어떻게 인도를 발전시킬 수 있을까가 아니라, 어떻게 인도를 망칠 수 있을까의 관점을 가지는 것이다. 핵심적 실수를 피하는 것의 난이도가 더 낮고, 장기적으로 성공 확률이 높다.'}, {'user_id': 'rdnmgo', 'posts_count': '141', 'post_text': 'Photo by @rdnmgo on November 19, 2024. 사람 1명, 책, 잡지, 포스터 및 텍스트의 만화일 수 있음.', 'post_image': 'https://scontent-ssn1-1.cdninstagram.com/v/t51.29350-15/467555290_548415618003413_2500104884845545686_n.jpg?stp=dst-jpg_e15&efg=eyJ2ZW5jb2RlX3RhZyI6ImltYWdlX3VybGdlbi42MTJ4NjEyLnNkci5mMjkzNTAuZGVmYXVsdF9pbWFnZSJ9&_nc_ht=scontent-ssn1-1.cdninstagram.com&_nc_cat=105&_nc_ohc=wQErwsdc3SkQ7kNvgHHjsQj&_nc_gid=9bd59bdb0ec945dfb884140dc7db41d7&edm=AONqaaQBAAAA&ccb=7-5&ig_cache_key=MzUwNDY4MTk5NjYxMTU4NzU4MA%3D%3D.3-ccb7-5&oh=00_AYAKgSRVn3M2ziZ9DlFmd3_ZpRx0kXWPCk5JqEG9x0mdzA&oe=67427469&_nc_sid=4e3341', 'post_datetime': '2024-11-19 19:04:32', 'post_description': '영화 《월-E》에서 무력하고 낭만적인 로봇의 간절한 바람은 진정한 사랑과 우정이다. 주인공이 추구하는 열정은 무엇이든 될 수 있는데, 이것은 스토리 첫 부분에 설정해야 한다.\n\n캐릭터의 욕망과 균형을 맞출 결점이나 약점도 반드시 필요하다. 결점은 어떤 한계, 불완전함, 공포증, 결함 등 캐릭터의 뛰어난 능력 다른 한편에 존재해야 한다.\n누구에게나 약점이 있는데, 그것은 그 사람을 매력적이고 독창적이게 만든다. 따라서 캐릭터를 설정할 때도 망설이지 말고 약점이나 결점을 넣어야 한다.\n\n도입 단계에서 필수적인 기초 작업을 했다면 이제 주인공과 관객의 발목을 붙잡고 슬슬 스토리에 시동을 걸어야 한다. 그러려면 인생이 뒤바뀔 만한 사건을 소개해야 한다.'}, {'user_id': '42lines_', 'posts_count': '141', 'post_text': 'Photo by @42lines_ on November 19, 2024. 텍스트의 이미지일 수 있음.', 'post_image': 'https://scontent-ssn1-1.cdninstagram.com/v/t51.29350-15/467755175_569252135956897_18934162830491062_n.jpg?stp=dst-jpg_e35&efg=eyJ2ZW5jb2RlX3RhZyI6ImltYWdlX3VybGdlbi4xNDQweDE0NDAuc2RyLmYyOTM1MC5kZWZhdWx0X2ltYWdlIn0&_nc_ht=scontent-ssn1-1.cdninstagram.com&_nc_cat=101&_nc_ohc=94XAP_Ekv4AQ7kNvgFePfK-&_nc_gid=516fefba1cdf4ce3a3645986871ec51a&edm=AONqaaQBAAAA&ccb=7-5&ig_cache_key=MzUwNDcxNDc3MzUyOTczNjI5Mg%3D%3D.3-ccb7-5&oh=00_AYApeNySrdRs4n3s_P-igdKdMeae4EMp-XpcyTmYyp4wMA&oe=674293AC&_nc_sid=4e3341', 'post_datetime': '2024-11-19 20:09:39', 'post_description': 'CD는 ‘지속적인 서비스 제공 Delivery’, 또는 ‘지속적인 배포 Deployment ‘를 뜻합니다. 중단되지 않고 연속적으로 배포되는 환경을 말하는데요. 과거에는 웹사이트를 새로 배포하려면 실행되고 있던 웹사이트를 잠시 멈추고, 새로운 파일을 업로드 했어야 하는데요. 이런 방식은 너무 수동적이기도 하고 웹사이트가 다운되는 단점이 있어서 웹사이트를 종료하지 않고 계속해서 실행될 수 있도록 하는 CD 프로세스가 생겨났습니다. - <개발 용어사전>, 주향목 - 밀리의 서재 https://www.millie.co.kr/v3/bookDetail/a1fc97a3b0c3435b'}, {'user_id': 'euiclee.books', 'posts_count': '141', 'post_text': 'Photo by 유클리책장 | 📚 매일매일 독서기록 on November 19, 2024. 텍스트의 이미지일 수 있음.', 'post_image': 'https://scontent-ssn1-1.cdninstagram.com/v/t39.30808-6/467735675_512048218651111_3151463086812659499_n.jpg?stp=dst-jpg_e35&efg=eyJ2ZW5jb2RlX3RhZyI6ImltYWdlX3VybGdlbi4xMDAweDEwMDAuc2RyLmYzMDgwOC5kZWZhdWx0X2ltYWdlIn0&_nc_ht=scontent-ssn1-1.cdninstagram.com&_nc_cat=107&_nc_ohc=_AXx8IyjM_wQ7kNvgHCRPgF&_nc_gid=eb043f1e2bc9493ca4f84ba675a899ab&edm=AONqaaQAAAAA&ccb=7-5&ig_cache_key=MzUwNDc3MDQ1MTM5MjY4Njk1Nw%3D%3D.3-ccb7-5&oh=00_AYBNK9Is-29vCbjmD5mExfuhDUaZurUpOh3auQdOdWkLag&oe=67427A82&_nc_sid=4e3341', 'post_datetime': '2024-11-19 22:00:20', 'post_description': '🖋️ 사실 재능은 꾸준함을 이길 수 없다는 말에 완전히 수긍이 되는 바는 아니지만 기회 역시 꾸준함을 이길 수 없다는 말에는 동의한다.\n\n살아가면서 재능이 있는 사람, 그리고 재능이 있고 꾸준하며 즐기는 사람 등을 봐왔다. 나는 재능 따위는 없었기 때문에 그냥 제일 자신있던 것은 꾸준히 하는 것 뿐이었다.\n\n그리고 나타났던 결과는 재능 있던 사람을 어느정도 따라잡을 수 있었지만 재능 있고 꾸준하며 즐기는 사람까지 따라가기에는 무리가 있었다. 그들은 항상 앞서가 있었다. 그래도 하나 알게 된 것은 꾸준하면 어느정도까지는 올라갈 수 있다는 것이었다.\n\n기회 또한 마찬가지다. 오히려 기회라는 것에는 꾸준함이 제일 중요한 것 같다. 꾸준히 도전해야 기회가 생기고 실패를 하더라도 다시 일어설 수 있는 발판을 마련할 수 있기 때문이다.\n\n📗#심리학을만나행복해졌다 #장원청 #미디어숲\n\n🔖 #독서 #북스타그램 #책 #독서스타그램 #책스타그램 #책리뷰 #책추천 #유클리 #유클리책장 #심리학 #재능 #꾸준함 #기회 #도전'}, {'user_id': 'ai.gi.book', 'posts_count': '198', 'post_text': 'Photo by @ai.gi.book on November 19, 2024. 돈 및 텍스트의 팝 아트일 수 있음.', 'post_image': 'https://scontent-ssn1-1.cdninstagram.com/v/t51.29350-15/467644091_2077590119365547_7363441130121716649_n.jpg?stp=dst-jpg_e35&efg=eyJ2ZW5jb2RlX3RhZyI6ImltYWdlX3VybGdlbi4xNDQweDE4MDAuc2RyLmYyOTM1MC5kZWZhdWx0X2ltYWdlIn0&_nc_ht=scontent-ssn1-1.cdninstagram.com&_nc_cat=111&_nc_ohc=hnXHmTutk4cQ7kNvgHMBNPD&_nc_gid=f800a4ce19a54f9f9ebefe25594b7bc1&edm=AONqaaQBAAAA&ccb=7-5&ig_cache_key=MzUwNDgyODU4OTg0NDM1NTU1Ng%3D%3D.3-ccb7-5&oh=00_AYAXO1CXb-RasexUsEpSAG3DVIP_wZdJilASQuuGVb47hw&oe=67428562&_nc_sid=4e3341', 'post_datetime': '2024-11-19 23:55:47', 'post_description': '2025년 제일 권하고 싶은 조언은 ‘열심히 AI를 공부하라’다. 생성형 AI의 발전 속도가 너무 빠르다고 하지만 이제 챗 GPT가 나온 지 2년 정도 되었다. 한 번도 안 써본 사람이라고 해도 딱 2년 뒤처진 것이다. 그럼 따라잡는 것도 어렵지 않다. 더구나 처음 나온 서비스는 굳이 모르더라도 큰 문제가 될 게 없다. 거듭 강조하지만 닷컴 버블 때를 상기해보자. 인터넷이 바꾸는 세상에 깊은 관심을 가졌던 사람들이 결국 디지털 문명의 주인이 되었다. ‘역사를 잊은 민족에게 미래는 없다’라는 말을 들었을 때 일본이 떠올랐다면 당신의 세계관은 변화가 필요하다. 24년 전의 과거도 우리에게 강력한 메시지를 전달하고 있다. AI는 충분한 자본이 축적되었고, 이를 확산시킬 인재도 빠르게 모여들고 있다. 서비스가 나오기만 한다면 전 인류로 확산시킬 디지털 플랫폼 문명까지 완벽하게 작동 중이다. 인터넷 시대가 왔던 것보다 더 빠른 속도로 AI 문명 시대가 다가올 수 있다. 2025년 AI 시대에 탑승하라. 역사가 당신에게 그렇게 외치고 있다. - <머니 트렌드 2025>, 정태익, 김도윤, 김광석, 김용섭, 김현준, 정수종, 채상욱, 최재붕 - 밀리의 서재\nhttps://www.millie.co.kr/v3/bookDetail/24556adb2d1849d1'}]
CSV 파일에 데이터 저장 중...
CSV 파일에 데이터 저장 완료
성공/실패 평가 중...
성공한 사람: ['terrys_reading', 'rdnmgo', '42lines_', 'euiclee.books', 'ai.gi.book']
실패한 사람: []
요약 이미지 생성 중...
요약 이미지 생성 완료
이미지 업로드 시작...
사진 업로드 중...
새 게시물 버튼 클릭 완료
다음 버튼 클릭 중...
다음 버튼 클릭 완료
다음 버튼 클릭 중...
다음 버튼 클릭 완료
성공/실패 평가 중...
성공한 사람: ['terrys_reading', 'rdnmgo', '42lines_', 'euiclee.books', 'ai.gi.book']
실패한 사람: []
설명 입력 중...
설명 입력 완료
게시물 공유 중...
게시물 공유 완료
사진 업로드 완료
이미지 업로드 완료
드라이버 종료
프로그램 시작
드라이버 설정 중...
드라이버 설정 완료
인스타그램 로그인 시도 중...
로그인 정보 입력 완료
로그인 정보 저장 버튼 클릭 중...
로그인 정보 저장 버튼 클릭 완료
정보 수집 시작...
terrys_reading의 정보 수집 중...
terrys_reading의 게시물에 '더 보기' 버튼 없음
오류가 발생했습니다: Message: 
Stacktrace:
0   chromedriver                        0x0000000106f31338 chromedriver + 5096248
1   chromedriver                        0x0000000106f28b6a chromedriver + 5061482
2   chromedriver                        0x0000000106ab3fd0 chromedriver + 389072
3   chromedriver                        0x0000000106b009ab chromedriver + 702891
4   chromedriver                        0x0000000106b00a81 chromedriver + 703105
5   chromedriver                        0x0000000106b44cd4 chromedriver + 982228
6   chromedriver                        0x0000000106b24f1d chromedriver + 851741
7   chromedriver                        0x0000000106b42250 chromedriver + 971344
8   chromedriver                        0x0000000106b24c93 chromedriver + 851091
9   chromedriver                        0x0000000106af3c79 chromedriver + 650361
10  chromedriver                        0x0000000106af449e chromedriver + 652446
11  chromedriver                        0x0000000106ef40b0 chromedriver + 4845744
12  chromedriver                        0x0000000106ef8fc8 chromedriver + 4865992
13  chromedriver                        0x0000000106ef9695 chromedriver + 4867733
14  chromedriver                        0x0000000106ed6ce9 chromedriver + 4725993
15  chromedriver                        0x0000000106ef9989 chromedriver + 4868489
16  chromedriver                        0x0000000106ec8c04 chromedriver + 4668420
17  chromedriver                        0x0000000106f18e68 chromedriver + 4996712
18  chromedriver                        0x0000000106f19067 chromedriver + 4997223
19  chromedriver                        0x0000000106f2876e chromedriver + 5060462
20  libsystem_pthread.dylib             0x00007fff71f4f109 _pthread_start + 148
21  libsystem_pthread.dylib             0x00007fff71f4ab8b thread_start + 15

terrys_reading의 정보 수집 완료
rdnmgo의 정보 수집 중...
rdnmgo의 게시물에 '더 보기' 버튼 없음
좋아요 버튼을 클릭했습니다.
rdnmgo의 정보 수집 완료
42lines_의 정보 수집 중...
42lines_의 게시물에 '더 보기' 버튼 없음
좋아요 버튼을 클릭했습니다.
42lines_의 정보 수집 완료
euiclee.books의 정보 수집 중...
euiclee.books의 게시물에 '더 보기' 버튼 없음
좋아요 버튼을 클릭했습니다.
euiclee.books의 정보 수집 완료
ai.gi.book의 정보 수집 중...
ai.gi.book의 게시물에 '더 보기' 버튼 없음
좋아요 버튼을 클릭했습니다.
ai.gi.book의 정보 수집 완료
정보 수집 완료
[{'user_id': 'terrys_reading', 'posts_count': '133', 'post_text': 'Photo by @terrys_reading on November 19, 2024. 스케치, 책 및 텍스트의 이미지일 수 있음.', 'post_image': 'https://scontent-ssn1-1.cdninstagram.com/v/t51.29350-15/467544332_1748855589268015_2213126873967706693_n.jpg?stp=dst-jpegr_e35&efg=eyJ2ZW5jb2RlX3RhZyI6ImltYWdlX3VybGdlbi4xNDQweDE4MDAuaGRyLmYyOTM1MC5kZWZhdWx0X2ltYWdlIn0&_nc_ht=scontent-ssn1-1.cdninstagram.com&_nc_cat=107&_nc_ohc=nKbnCA6LnJYQ7kNvgE2YGns&_nc_gid=218b358a87324ebea5dabbe93b862cb7&edm=AP4sbd4BAAAA&ccb=7-5&ig_cache_key=MzUwNDgyODgzODIwNDgyODY5OQ%3D%3D.3-ccb7-5&oh=00_AYBGitr88QdgRpnCYXk-QagN1sJAqgcrmhGn0gdPuxvv8A&oe=6743C880&_nc_sid=7a9f4b', 'post_datetime': '2024-11-19 23:56:17', 'post_description': '어떤 문제를 해결하려고 할 때 거꾸로 사고하는 것은 가장 쉬운 방법 중 하나이다. 어떻게 인도를 발전시킬 수 있을까가 아니라, 어떻게 인도를 망칠 수 있을까의 관점을 가지는 것이다. 핵심적 실수를 피하는 것의 난이도가 더 낮고, 장기적으로 성공 확률이 높다.'}, {'user_id': 'rdnmgo', 'posts_count': '142', 'post_text': 'Photo by @rdnmgo on November 20, 2024. 사람 1명, 책, 잡지, 포스터 및 텍스트의 만화일 수 있음.', 'post_image': 'https://scontent-ssn1-1.cdninstagram.com/v/t51.29350-15/467691599_533873332856050_7982407631557736511_n.jpg?stp=dst-jpg_e15&efg=eyJ2ZW5jb2RlX3RhZyI6ImltYWdlX3VybGdlbi42MTJ4NjEyLnNkci5mMjkzNTAuZGVmYXVsdF9pbWFnZSJ9&_nc_ht=scontent-ssn1-1.cdninstagram.com&_nc_cat=110&_nc_ohc=3_B7Xt4nnnEQ7kNvgEXuZtk&_nc_gid=bf277372c1254203bdb4777b1a15495d&edm=AONqaaQBAAAA&ccb=7-5&ig_cache_key=MzUwNTQwNzI4MzE1MDI0MTg4OQ%3D%3D.3-ccb7-5&oh=00_AYCv0XFO08HmGInsMg9hHrEROE6fIMeyEPH1Vqq7xMOVLw&oe=6743DDBE&_nc_sid=4e3341', 'post_datetime': '2024-11-20 19:05:33', 'post_description': '#### 2. 사건 촉발\n\n‘사건 촉발’ 단계에서는 주인공이 가장 사랑하는 것(또는 사람)을 완전히 전복시키거나 주인공이 가장 열망하는 것을 빼앗거나 쥐어준다.\n\n어느 쪽이든 촉발된 사건은 주인공의 열정을 이용해 이야기를 끌고 나가는 장치가 된다. 이 장치를 제대로 설정하면 관객은 주인공에게 연민을 느끼게 되고 주인공이 어떻게 새로운 상황이나 뜻밖의 상황을 바꿀지, 또는 어떻게 그 상황에 적응하는지를 보고 싶어 한다. 이 지점부터 스토리는 본격적으로 흥미진진해진다.'}, {'user_id': '42lines_', 'posts_count': '142', 'post_text': 'Photo by @42lines_ on November 19, 2024. 텍스트의 이미지일 수 있음.', 'post_image': 'https://scontent-ssn1-1.cdninstagram.com/v/t51.29350-15/467767380_1262250491694529_3817342796639282987_n.jpg?stp=dst-jpg_e35&efg=eyJ2ZW5jb2RlX3RhZyI6ImltYWdlX3VybGdlbi4xNDQweDE0NDAuc2RyLmYyOTM1MC5kZWZhdWx0X2ltYWdlIn0&_nc_ht=scontent-ssn1-1.cdninstagram.com&_nc_cat=101&_nc_ohc=awXB9IzC3fAQ7kNvgEgyoSX&_nc_gid=d32a9d1190214391a2e55f71968491d3&edm=AONqaaQBAAAA&ccb=7-5&ig_cache_key=MzUwNTMxMDA5NjM0NjI1MzY3MA%3D%3D.3-ccb7-5&oh=00_AYD6-0gvTlbAOJM7Wy2CouWViiCf3i4HEjyrrIJznOwMTw&oe=6743B9FA&_nc_sid=4e3341', 'post_datetime': '2024-11-20 15:52:27', 'post_description': '반응형 웹 디자인을 할 때에는 보통 PC보다 스마트폰을 위한 작업을 먼저 합니다. 스마트폰으로 웹사이트에 접속하는 사람이 더 많아졌고, 더 작은 화면인 스마트폰에서 웹사이트가 가진 제약사항들을 반영하여 꾸밈을 최소화하고 기능에 집중된 사이트를 만들기 위해서죠. 이를 모바일 퍼스트 디자인 Mobile First Design 이라고 합니다. - <개발 용어사전>, 주향목 - 밀리의 서재 https://www.millie.co.kr/v3/bookDetail/a1fc97a3b0c3435b'}, {'user_id': 'euiclee.books', 'posts_count': '142', 'post_text': 'Photo by 유클리책장 | 📚 매일매일 독서기록 on November 20, 2024. 캘린더, 카드, 책, 포스터 및 텍스트의 일러스트레이션일 수 있음.', 'post_image': 'https://scontent-ssn1-1.cdninstagram.com/v/t39.30808-6/467719415_512905651898701_2390825847247187349_n.jpg?stp=dst-jpg_e35&efg=eyJ2ZW5jb2RlX3RhZyI6ImltYWdlX3VybGdlbi4xMDAweDEwMDAuc2RyLmYzMDgwOC5kZWZhdWx0X2ltYWdlIn0&_nc_ht=scontent-ssn1-1.cdninstagram.com&_nc_cat=101&_nc_ohc=Mmkfc8wj8T0Q7kNvgHZrKks&_nc_gid=d2271e20f67b49539df1fcc8eff7a621&edm=AONqaaQAAAAA&ccb=7-5&ig_cache_key=MzUwNTQ2NDk4NDI0ODI2NjIyNw%3D%3D.3-ccb7-5&oh=00_AYAFdCMQo1R54LdxMiq9wodEMJypRhOYBlG2ymEMy7ynLQ&oe=6743D821&_nc_sid=4e3341', 'post_datetime': '2024-11-20 21:00:13', 'post_description': '🖋️ 이 책은 정말 다양하고 쉬운 예시들을 통해서 일상에서 적용될 수 있는 심리학 법칙들을 설명하고 있다.\n\n심리학은 우리가 살아가고 인간관계를 형성하는데에 있어서 정말 엄청난 영향을 미친다. 월렌다 효과, 편승 효과, 바넘 효과, 돼지 게임 등 들어본적 있을 수도 있고 없을 수도 있는 법칙들은 사람의 본성이 다양한 상황에서 어떻게 반응하는지에 대한 것들을 설명하고 있다.\n\n무엇을 하던지 사람과 항상 어울러서 살아갈 것임은 분명하다. 그 속에서 관계를 잘 유지하려면 사람에 대해서 알아야 하는 것이 맞지 않을까. 그리고 사람에 대해서 알려면 심리학은 필수 인 것 같은 생각이 든다.\n\n사람과의 관계에 대해서 관심이 있다면, 어떤 상황에서 내가 어떤 위치에 있는지 파악하고 싶다면, 그 흐름을 내것으로 가져오고 싶다면 이 책을 한 번쯤은 읽어보아도 좋을 듯하다.\n\n📗#심리학을만나행복해졌다 #장원청 #미디어숲\n\n🔖 #독서 #북스타그램 #책 #독서스타그램 #책스타그램 #책리뷰 #책추천 #유클리 #유클리책장 #심리학 #인간관계'}, {'user_id': 'ai.gi.book', 'posts_count': '199', 'post_text': 'Photo by @ai.gi.book on November 19, 2024. 돈 및 텍스트의 그래픽일 수 있음.', 'post_image': 'https://scontent-ssn1-1.cdninstagram.com/v/t51.29350-15/467646017_910859324324691_4913689528591179824_n.jpg?stp=dst-jpg_e35&efg=eyJ2ZW5jb2RlX3RhZyI6ImltYWdlX3VybGdlbi4xNDQweDE4MDAuc2RyLmYyOTM1MC5kZWZhdWx0X2ltYWdlIn0&_nc_ht=scontent-ssn1-1.cdninstagram.com&_nc_cat=103&_nc_ohc=7N1XYDR5XdAQ7kNvgE6vDPJ&_nc_gid=31bcc02a4a3d490191b551b18f34ecdf&edm=AONqaaQBAAAA&ccb=7-5&ig_cache_key=MzUwNTA4NjA4NjMwMzg3ODgyMQ%3D%3D.3-ccb7-5&oh=00_AYDQZmOLk8McBelbhwJC4mtQJzBh8mhfICMttTXiq364Fg&oe=6743D36B&_nc_sid=4e3341', 'post_datetime': '2024-11-20 08:27:23', 'post_description': '생성형 AI와 관련된 자본은 미국, 그리고 TSMC를 보유한 대만 정도가 혜택을 보는 중이다. 그래서 엔비디아가 확실한 실적을 보여준 것이다. 데이터 서버에 대한 수요도 폭발적으로 증가하고 있다. 한국의 메모리 업체들도 수요 증가의 혜택을 누렸다. 말하자면 AI 반도체 기업들은 확실한 실적을 만들었다. 그래서 주가도 상승할 수 있었다. 엔비디아의 주가가 너무 지나치다는 지적도 있지만 지금처럼 대체 상품이 없는 상태에서 독점이 지속된다면 과장되었다고 표현하기 어렵다. 이제 국가별로, 또 기업별로 소버린 AI에 대한 관심이 높아진다면 GPU 인기는 더욱 치솟게 된다. 아무래도 AI 반도체 호황은 2025년을 넘어 상당 기간 지속될 것으로 보인다. - <머니 트렌드 2025>, 정태익, 김도윤, 김광석, 김용섭, 김현준, 정수종, 채상욱, 최재붕 - 밀리의 서재\nhttps://www.millie.co.kr/v3/bookDetail/24556adb2d1849d1'}]
CSV 파일에 데이터 저장 중...
CSV 파일에 데이터 저장 완료
성공/실패 평가 중...
성공한 사람: ['terrys_reading', 'rdnmgo', '42lines_', 'euiclee.books', 'ai.gi.book']
실패한 사람: []
요약 이미지 생성 중...
요약 이미지 생성 완료
이미지 업로드 시작...
사진 업로드 중...
새 게시물 버튼 클릭 완료
다음 버튼 클릭 중...
다음 버튼 클릭 완료
다음 버튼 클릭 중...
다음 버튼 클릭 완료
성공/실패 평가 중...
성공한 사람: ['terrys_reading', 'rdnmgo', '42lines_', 'euiclee.books', 'ai.gi.book']
실패한 사람: []
설명 입력 중...
설명 입력 완료
게시물 공유 중...
게시물 공유 완료
사진 업로드 완료
이미지 업로드 완료
드라이버 종료
프로그램 시작
드라이버 설정 중...
드라이버 설정 완료
인스타그램 로그인 시도 중...
로그인 정보 입력 완료
로그인 정보 저장 버튼 클릭 중...
로그인 정보 저장 버튼 클릭 완료
정보 수집 시작...
terrys_reading의 정보 수집 중...
terrys_reading의 게시물에 '더 보기' 버튼 없음
좋아요 버튼을 클릭했습니다.
terrys_reading의 정보 수집 완료
rdnmgo의 정보 수집 중...
rdnmgo의 게시물에 '더 보기' 버튼 없음
좋아요 버튼을 클릭했습니다.
rdnmgo의 정보 수집 완료
42lines_의 정보 수집 중...
42lines_의 게시물에 '더 보기' 버튼 없음
좋아요 버튼을 클릭했습니다.
42lines_의 정보 수집 완료
euiclee.books의 정보 수집 중...
euiclee.books의 게시물에 '더 보기' 버튼 없음
좋아요 버튼을 클릭했습니다.
euiclee.books의 정보 수집 완료
ai.gi.book의 정보 수집 중...
ai.gi.book의 게시물에 '더 보기' 버튼 없음
좋아요 버튼을 클릭했습니다.
ai.gi.book의 정보 수집 완료
정보 수집 완료
[{'user_id': 'terrys_reading', 'posts_count': '134', 'post_text': "Photo by @terrys_reading on November 21, 2024. 신문, 스케치, 책 및 문구: 'POOR POORCHARLIE'S ALMA ALMANACK NACK I'의 팝 아트일 수 있음.", 'post_image': 'https://scontent-ssn1-1.cdninstagram.com/v/t51.29350-15/467730909_1086391889793326_7918158332478239363_n.jpg?stp=dst-jpg_e35&efg=eyJ2ZW5jb2RlX3RhZyI6ImltYWdlX3VybGdlbi4xNDQweDE4MDAuc2RyLmYyOTM1MC5kZWZhdWx0X2ltYWdlIn0&_nc_ht=scontent-ssn1-1.cdninstagram.com&_nc_cat=102&_nc_ohc=VPVcqgS-5m4Q7kNvgFpt7M4&_nc_gid=72dc206149704ea6b0df22bb42fe2b28&edm=AONqaaQBAAAA&ccb=7-5&ig_cache_key=MzUwNjI3NTQwNzQ4MzQ5NDY2OQ%3D%3D.3-ccb7-5&oh=00_AYBDdL_fgCWV4l36cvROylA-iDA7B9O9r-IJq2A3nFTB2A&oe=674503C0&_nc_sid=4e3341', 'post_datetime': '2024-11-21 23:50:22', 'post_description': '삶을 위한 강연'}, {'user_id': 'rdnmgo', 'posts_count': '143', 'post_text': "Photo by @rdnmgo on November 21, 2024. 사람 1명, 책, 잡지, 포스터 및 문구: '매준지8|백어진올김 박여진올김 PIXAR STORYTELLING 픽사 스토리렐링 고객의 마음을 사로잡는 9가지 스토리 사로잡는9가지스토리법 법칙 구글, 디즈니, 레고, 넷플릭스가 찾는 스토리텔링 마스터 매튜 준의 실전 바이블 피사 20년 경력 스토리제작자의 스토리 제작자의 액심 비법 수록 네이버,카카오 네이버, 카카오 디즈니코리아 인플루언서 추천 2021 올해의 강연자 TOP 20 (BigSpeak)'의 만화일 수 있음.", 'post_image': 'https://scontent-ssn1-1.cdninstagram.com/v/t51.29350-15/467818306_627174879832254_327709540164843089_n.jpg?stp=dst-jpg_e15&efg=eyJ2ZW5jb2RlX3RhZyI6ImltYWdlX3VybGdlbi42MTJ4NjEyLnNkci5mMjkzNTAuZGVmYXVsdF9pbWFnZSJ9&_nc_ht=scontent-ssn1-1.cdninstagram.com&_nc_cat=106&_nc_ohc=zJWkr2NKu3IQ7kNvgGots9b&_nc_gid=fb03adf8a86941578968068248fbd4c7&edm=AONqaaQBAAAA&ccb=7-5&ig_cache_key=MzUwNjE0MDI1ODY4NzI0MzgzNQ%3D%3D.3-ccb7-5&oh=00_AYARsNk-kzTLc0IHZSzZn8uTFixUn9BdO_V-0njX-A4tww&oe=67452A4D&_nc_sid=4e3341', 'post_datetime': '2024-11-21 19:21:51', 'post_description': '#### 3. 점진적 갈등 고조\n\n‘점진적 갈등 고조’ 단계는 말 그대로 갈등이 점점 심화되는 과정이다. 관객이 주인공의 이야기를 따라갈수록 갈등 상황은 복잡해진다. 갈등이 점차 고조되는 과정에서 관객은 주인공이 소중한 것을 빼앗긴 후 삶을 되돌리기 위해 견뎌야 할 시련이나 바라던 것을 얻은 뒤 새로운 상황에 적응하기 위해 반드시 겪어야 할 어려움을 지켜보게 된다. 주인공은 갈등이 점점 고조되는 상황을 통해 변화를 겪는다. 여기서 중요한 점은 반드시 주인공이 변화를 겪는 과정, 즉 주인공이 경험을 통해 무언가를 배우는 과정이 있어야 한다는 사실이다. 관객의 몰입도를 끌어올리려면 갈등이 주는 모진 시련도 점점 고조되어야 한다. 그럴 때 첫 번째 갈등은 가장 극복하기 쉬운 갈등이 되고 마지막 갈등은 가장 견디기 어려운 시련이 된다.\n\n순수하게 재미의 관점에서 보자면 갈등의 수준이 1에서 10으로 단계적으로 고조될 때 관객의 흥미도 점차 높아진다. 처음부터 5 정도 수준의 강한 갈등으로 시작하다가 갑자기 2로 떨어지면 스토리는 지루해진다. 보통 사람들과 마찬가지로 스토리 속 주인공도 변화나 적응 상황에 직면하면 저항이 가장 적은 길을 택하게 될 것이다. 그러다가 10 수준의 갈등 상황이 닥치면 주인공은 위기를 맞이한다.'}, {'user_id': '42lines_', 'posts_count': '143', 'post_text': 'Photo by @42lines_ on November 20, 2024. 텍스트의 이미지일 수 있음.', 'post_image': 'https://scontent-ssn1-1.cdninstagram.com/v/t51.29350-15/467773137_1106137024398872_1092902984148356330_n.jpg?stp=dst-jpg_e35&efg=eyJ2ZW5jb2RlX3RhZyI6ImltYWdlX3VybGdlbi4xNDQweDE0NDAuc2RyLmYyOTM1MC5kZWZhdWx0X2ltYWdlIn0&_nc_ht=scontent-ssn1-1.cdninstagram.com&_nc_cat=108&_nc_ohc=DwObvW2BhWwQ7kNvgEbNnCP&_nc_gid=73737285bf184181851384b87b17b2b1&edm=AONqaaQBAAAA&ccb=7-5&ig_cache_key=MzUwNTgzOTIwMTU2MzA2OTM4MQ%3D%3D.3-ccb7-5&oh=00_AYCrvGVk4GkCjCAIM-MyLm71iSIgT4SRrAcgQb4SHBGeBA&oe=67451947&_nc_sid=4e3341', 'post_datetime': '2024-11-21 09:23:42', 'post_description': '개발자들은 서비스에서 문제를 해결하기 위해서 설계 과정에서 알고리즘을 짜고, 이를 코드로 옮겨서 문제를 해결하는 과정을 반복합니다.\n\n그렇다면 좋은 알고리즘이란 어떤 알고리즘일까요? 올바른 답을 내리면서 컴퓨터의 자원을 최소로 사용하고, 연산하는 데 걸리는 시간이 짧은 알고리즘입니다. - <개발 용어사전>, 주향목 - 밀리의 서재 https://www.millie.co.kr/v3/bookDetail/a1fc97a3b0c3435b'}, {'user_id': 'euiclee.books', 'posts_count': '143', 'post_text': 'Photo by 유클리책장 | 📚 매일매일 독서기록 on November 21, 2024. 텍스트의 이미지일 수 있음.', 'post_image': 'https://scontent-ssn1-1.cdninstagram.com/v/t39.30808-6/467753043_513750728480860_1442324317118655786_n.jpg?stp=dst-jpg_e35&efg=eyJ2ZW5jb2RlX3RhZyI6ImltYWdlX3VybGdlbi4xMDAweDEwMDAuc2RyLmYzMDgwOC5kZWZhdWx0X2ltYWdlIn0&_nc_ht=scontent-ssn1-1.cdninstagram.com&_nc_cat=104&_nc_ohc=yWl2wW-j-oAQ7kNvgF6mX6Z&_nc_gid=ec63a7a8308841858a15448a0eb0f554&edm=AONqaaQAAAAA&ccb=7-5&ig_cache_key=MzUwNjE4OTgwNzI4MzMwOTczNg%3D%3D.3-ccb7-5&oh=00_AYBKzezl7XlezsjdgyJy3nMb1dnTSGOF9dQKWTqiXzJMWA&oe=67452DD3&_nc_sid=4e3341', 'post_datetime': '2024-11-21 21:00:19', 'post_description': '시간관리의 중요성은 아무리 강조해도 모자를 정도로 얼마나 중요한 것인지 다들 잘 알고 있을 것이다. 하지만 제일 어려운 것 또한 시간관리이다.\n\n나도 시간을 관리하는 것이 얼마나 중요한지, 모두에게 공평한 것이 24시간이라는 것을 너무나 잘 알고 있지만 정작 그 시간을 잘 활용한다는 것이 너무나도 어렵다. 눈을 감았다 뜨면 하루가 지나가있고 정신차려보면 일주일이 지나가있다.\n\n시간 관리를 하기에 앞서 내가 무엇을 해야하는지 목표를 세우는 것이 먼저겠지만, 해야할 것이 생겼다면 그 목표를 달성하기 위해 24시간을 온전한 나의 것으로 만드는 것은 필수가 아닐까 생각한다.\n\n📗#하루24시간어떻게살것인가 #베넷 #범우사\n\n🔖 #독서 #북스타그램 #책 #독서스타그램 #책스타그램 #책리뷰 #책추천 #유클리 #유클리책장 #시간관리 #시간 #하루 #자기계발'}, {'user_id': 'ai.gi.book', 'posts_count': '201', 'post_text': "Photo by @ai.gi.book on November 21, 2024. 돈 및 문구: 'MONEY 2025 TREND D $ IN E 정태익 김도윤 김광석 김용섭 김현준 정수종 채상욱 최재붕 위기 속 송자의 비밀, 누가 울고 누가 웃는가 420만 명 투자자와 소비자가 입증한 머니 인사이트 살아남기 위해 반드시 읽어야 할 2025 재테크 전략'의 팝 아트일 수 있음.", 'post_image': 'https://scontent-ssn1-1.cdninstagram.com/v/t51.29350-15/467803111_1805811436620177_8497899157575940678_n.jpg?stp=dst-jpg_e35&efg=eyJ2ZW5jb2RlX3RhZyI6ImltYWdlX3VybGdlbi4xNDQweDE4MDAuc2RyLmYyOTM1MC5kZWZhdWx0X2ltYWdlIn0&_nc_ht=scontent-ssn1-1.cdninstagram.com&_nc_cat=109&_nc_ohc=W6AbvnLE-wwQ7kNvgFoLSM7&_nc_gid=b929bd0462294be3ad50db2c75f41ff4&edm=AONqaaQBAAAA&ccb=7-5&ig_cache_key=MzUwNjIyMTY5MDQwMzA3ODM5OA%3D%3D.3-ccb7-5&oh=00_AYDKcbRst0x7HxeQ1AxSMq9v0ZWZs1icmVlA6bfEWMcS4A&oe=67452438&_nc_sid=4e3341', 'post_datetime': '2024-11-21 22:03:38', 'post_description': '사실 기후는 변하는 것이 맞다. 다만 지금의 문제는 속도다. 너무 빠르게 변한다는 것이다. 기후변화에는 자연적 그리고 인위적 요인이 있다. 자연적 요인은 말 그대로 인간의 영향 없이 자연적 요인에 의해 기후가 변하는 것을 의미하는데 태양 활동의 변화, 화산 폭발, 지구 궤도 변화 등이 있다. 기본적으로 지구를 지탱하는 근본적인 에너지원은 태양이다. 따라서 태양 활동의 변화로 인한 에너지 공급량의 변화에 따라 지구가 뜨거워지거나 차가워질 수 있다. 하지만 자연적 요인에 의한 변화는 지금과 같은 빠른 속도의 기후변화를 유발할 수 없다. - <머니 트렌드 2025>, 정태익, 김도윤, 김광석, 김용섭, 김현준, 정수종, 채상욱, 최재붕 - 밀리의 서재\nhttps://www.millie.co.kr/v3/bookDetail/24556adb2d1849d1'}]
CSV 파일에 데이터 저장 중...
CSV 파일에 데이터 저장 완료
성공/실패 평가 중...
성공한 사람: ['terrys_reading', 'rdnmgo', '42lines_', 'euiclee.books', 'ai.gi.book']
실패한 사람: []
요약 이미지 생성 중...
요약 이미지 생성 완료
이미지 업로드 시작...
사진 업로드 중...
새 게시물 버튼 클릭 완료
다음 버튼 클릭 중...
다음 버튼 클릭 완료
다음 버튼 클릭 중...
다음 버튼 클릭 완료
성공/실패 평가 중...
성공한 사람: ['terrys_reading', 'rdnmgo', '42lines_', 'euiclee.books', 'ai.gi.book']
실패한 사람: []
설명 입력 중...
설명 입력 완료
게시물 공유 중...
게시물 공유 완료
사진 업로드 완료
이미지 업로드 완료
드라이버 종료
프로그램 시작
드라이버 설정 중...
드라이버 설정 완료
인스타그램 로그인 시도 중...
로그인 정보 입력 완료
로그인 정보 저장 버튼 클릭 중...
로그인 정보 저장 버튼 클릭 완료
정보 수집 시작...
terrys_reading의 정보 수집 중...
terrys_reading의 게시물에 '더 보기' 버튼 없음
오류가 발생했습니다: Message: 
Stacktrace:
0   chromedriver                        0x0000000105cc1338 chromedriver + 5096248
1   chromedriver                        0x0000000105cb8b6a chromedriver + 5061482
2   chromedriver                        0x0000000105843fd0 chromedriver + 389072
3   chromedriver                        0x00000001058909ab chromedriver + 702891
4   chromedriver                        0x0000000105890a81 chromedriver + 703105
5   chromedriver                        0x00000001058d4cd4 chromedriver + 982228
6   chromedriver                        0x00000001058b4f1d chromedriver + 851741
7   chromedriver                        0x00000001058d2250 chromedriver + 971344
8   chromedriver                        0x00000001058b4c93 chromedriver + 851091
9   chromedriver                        0x0000000105883c79 chromedriver + 650361
10  chromedriver                        0x000000010588449e chromedriver + 652446
11  chromedriver                        0x0000000105c840b0 chromedriver + 4845744
12  chromedriver                        0x0000000105c88fc8 chromedriver + 4865992
13  chromedriver                        0x0000000105c89695 chromedriver + 4867733
14  chromedriver                        0x0000000105c66ce9 chromedriver + 4725993
15  chromedriver                        0x0000000105c89989 chromedriver + 4868489
16  chromedriver                        0x0000000105c58c04 chromedriver + 4668420
17  chromedriver                        0x0000000105ca8e68 chromedriver + 4996712
18  chromedriver                        0x0000000105ca9067 chromedriver + 4997223
19  chromedriver                        0x0000000105cb876e chromedriver + 5060462
20  libsystem_pthread.dylib             0x00007fff71f4f109 _pthread_start + 148
21  libsystem_pthread.dylib             0x00007fff71f4ab8b thread_start + 15

terrys_reading의 정보 수집 완료
rdnmgo의 정보 수집 중...
rdnmgo의 게시물에 '더 보기' 버튼 없음
좋아요 버튼을 클릭했습니다.
rdnmgo의 정보 수집 완료
42lines_의 정보 수집 중...
42lines_의 게시물에 '더 보기' 버튼 없음
좋아요 버튼을 클릭했습니다.
42lines_의 정보 수집 완료
euiclee.books의 정보 수집 중...
euiclee.books의 게시물에 '더 보기' 버튼 없음
좋아요 버튼을 클릭했습니다.
euiclee.books의 정보 수집 완료
ai.gi.book의 정보 수집 중...
ai.gi.book의 게시물에 '더 보기' 버튼 없음
좋아요 버튼을 클릭했습니다.
ai.gi.book의 정보 수집 완료
정보 수집 완료
[{'user_id': 'terrys_reading', 'posts_count': '134', 'post_text': "Photo by @terrys_reading on November 21, 2024. 신문, 스케치, 책 및 문구: 'POOR POORCHARLIE'S ALMA ALMANACK NACK I'의 팝 아트일 수 있음.", 'post_image': 'https://scontent-ssn1-1.cdninstagram.com/v/t51.29350-15/467730909_1086391889793326_7918158332478239363_n.jpg?stp=dst-jpg_e35_tt6&efg=eyJ2ZW5jb2RlX3RhZyI6ImltYWdlX3VybGdlbi4xNDQweDE4MDAuc2RyLmYyOTM1MC5kZWZhdWx0X2ltYWdlIn0&_nc_ht=scontent-ssn1-1.cdninstagram.com&_nc_cat=102&_nc_ohc=VPVcqgS-5m4Q7kNvgFpt7M4&_nc_gid=062490de12f746b096fcc81532ee315b&edm=AP4sbd4BAAAA&ccb=7-5&ig_cache_key=MzUwNjI3NTQwNzQ4MzQ5NDY2OQ%3D%3D.3-ccb7-5&oh=00_AYBwrQCZW9WsCS79M3eJCuaHmGB3NCecCMGzdgrLwowFDA&oe=67465540&_nc_sid=7a9f4b', 'post_datetime': '2024-11-21 23:50:22', 'post_description': '삶을 위한 강연'}, {'user_id': 'rdnmgo', 'posts_count': '144', 'post_text': 'Photo by @rdnmgo on November 22, 2024. 사람 1명, 책, 잡지, 포스터 및 텍스트의 만화일 수 있음.', 'post_image': 'https://scontent-ssn1-1.cdninstagram.com/v/t51.29350-15/467856582_1491000271533125_760132504309026915_n.jpg?stp=dst-jpg_e15&efg=eyJ2ZW5jb2RlX3RhZyI6ImltYWdlX3VybGdlbi42MTJ4NjEyLnNkci5mMjkzNTAuZGVmYXVsdF9pbWFnZSJ9&_nc_ht=scontent-ssn1-1.cdninstagram.com&_nc_cat=105&_nc_ohc=XOFSWTYRKt8Q7kNvgH3MG7-&_nc_gid=6489de22451f4afcae217e7542aba62e&edm=AONqaaQBAAAA&ccb=7-5&ig_cache_key=MzUwNjg0MzU5NjU0MjE1NDY0OQ%3D%3D.3-ccb7-5&oh=00_AYD2yLN5ZZZvSUrdXQVLlyWS0r8HHzLB_n4Q4M-jptHAAA&oe=67467306&_nc_sid=4e3341', 'post_datetime': '2024-11-22 18:39:15', 'post_description': '#### 4. 위기\n\n이 시점에서 관객은 스토리에 푹 빠져 안절부절못하며 주인공이 올바른 선택을 내리길 간절히 바란다. 관객은 주인공이 올바른 선택을 내리면 자신도 삶의 역경을 잘 이겨내고 더 나은 방향으로 변화할 수 있다는 믿음을 얻기도 한다.\n\n수많은 스토리에서 진언(眞言, mantra) 또는 좌우명이 중대한 결정을 내리는 데 중요한 동기를 부여한다. 진언은 격언이나 이미지가 될 수도 있고 주인공이 지나온 여정에서 읽거나 기억하거나 성찰한 내용이 될 수도 있다. 어떤 형식이든 진언은 주인공이 스스로 배운 바를 돌아보도록 강하게 압박한다. 거의 모든 영화마다 위기 단계에서는 이 진언이 발동한다.\n\n스토리의 주인공이 변화를 선택하면 대체로 긍정적인 결말을 맞이한다. 《니모를 찾아서》는 주인공이 변화하면서 해피엔딩으로 끝난다. 하지만 주인공이 중대한 순간에 변화를 거부하는 스토리는 경종을 울리며 비극적 결말로 끝나는 경우가 많다. 위기가 종료되면 스토리는 절정으로 치닫는다.'}, {'user_id': '42lines_', 'posts_count': '144', 'post_text': 'Photo by @42lines_ on November 21, 2024. 텍스트의 이미지일 수 있음.', 'post_image': 'https://scontent-ssn1-1.cdninstagram.com/v/t51.29350-15/467532503_1488932488338624_2357210359083344894_n.jpg?stp=dst-jpg_e35&efg=eyJ2ZW5jb2RlX3RhZyI6ImltYWdlX3VybGdlbi4xNDQweDE0NDAuc2RyLmYyOTM1MC5kZWZhdWx0X2ltYWdlIn0&_nc_ht=scontent-ssn1-1.cdninstagram.com&_nc_cat=100&_nc_ohc=1jL-u5D8FuIQ7kNvgH9zs3W&_nc_gid=cebcea9e318742c9bfc2a30ec2b0b95c&edm=AONqaaQBAAAA&ccb=7-5&ig_cache_key=MzUwNjcxMjg5NjM0MzAxOTc4Ng%3D%3D.3-ccb7-5&oh=00_AYAvAJqwMHQAWhpeBQdCsAVlLrPMTUW4g1zYUSAObCBfSA&oe=67467FB5&_nc_sid=4e3341', 'post_datetime': '2024-11-22 14:19:34', 'post_description': 'HTML, CSS, JavaScript 파일은 모두 글자로 이루어진 코드인데요. 렌더링은 이러한 코드를 사람이 눈으로 쉽게 이해하고 상호작용할 수 있게 바꿔 보여주는 작업이에요.\n브라우저마다 내장된 렌더링 엔진들이 코드를 해석하고 이를 우리가 보는 웹 페이지로 렌더링합니다. 브라우저마다 렌더링 엔진들이 각각 달라서 웹 프론트엔드 개발자들은 여러 브라우저에서 테스트를 진행합니다. - <개발 용어사전>, 주향목 - 밀리의 서재 https://www.millie.co.kr/v3/bookDetail/a1fc97a3b0c3435b'}, {'user_id': 'euiclee.books', 'posts_count': '144', 'post_text': 'Photo by 유클리책장 | 📚 매일매일 독서기록 on November 22, 2024. 일기장, 캘린더, 카드, 포스터, 책 및 텍스트의 일러스트레이션일 수 있음.', 'post_image': 'https://scontent-ssn1-1.cdninstagram.com/v/t51.29350-15/467412351_890890823111852_4380813382190782571_n.jpg?stp=dst-jpg_e15&efg=eyJ2ZW5jb2RlX3RhZyI6ImltYWdlX3VybGdlbi4xMDgweDEwODAuc2RyLmYyOTM1MC5kZWZhdWx0X2ltYWdlIn0&_nc_ht=scontent-ssn1-1.cdninstagram.com&_nc_cat=108&_nc_ohc=frJIpRMdZmQQ7kNvgE_krwT&_nc_gid=8f0b8eda1333415493360f6a988f9a7e&edm=AONqaaQBAAAA&ccb=7-5&ig_cache_key=MzUwNjk3ODEyNzYxODk2NDY4Mg%3D%3D.3-ccb7-5&oh=00_AYA4VH7bdYFcy_x4bjhS_N_GmpNtOtSVMIhAy52uO0kJxg&oe=674657C3&_nc_sid=4e3341', 'post_datetime': '2024-11-22 23:06:33', 'post_description': '🖋️ 자기계발 책에서 하는 말은 대부분 그냥 저냥 비슷하다.\n\n이 책을 요약하자면, 시간을 잘만 활용하면 내가 원하는 것을 할 수 있다는 것 하지만 시간을 활용하고 계획을 세우는데에 있어서 지나치게 나를 과대평가 하거나 욕심을 부린다면 오히려 역효과가 발생한다는 것이다.\n\n주체는 나다. 내가 실천하지 않으면 읽은 것, 본 것은 아무런 도움이 되지 못한다는 뜻이다. 그냥 자기계발 책을 읽는 것 자체만으로 마음 한켠에 안도의 한숨을 내 쉬고 있을지 모른다.\n\n시간을 잘 활용해야 한다고 머릿속으로 늘 생각하고 있지만, 출근길에는 잠만 자고 퇴근길에는 넷플릭스만 본다는 것은 안 비밀이다.\n\n📗#하루24시간어떻게살것인가 #베넷 #범우사\n\n🔖 #독서 #북스타그램 #책 #독서스타그램 #책스타그램 #책리뷰 #책추천 #유클리 #유클리책장 #시간관리 #시간 #하루 #자기계발'}, {'user_id': 'ai.gi.book', 'posts_count': '203', 'post_text': 'Photo by @ai.gi.book on November 22, 2024. 돈 및 텍스트의 낙서 그림일 수 있음.', 'post_image': 'https://scontent-ssn1-1.cdninstagram.com/v/t51.29350-15/467927012_1928462474311806_5140850942319240024_n.jpg?stp=dst-jpg_e35&efg=eyJ2ZW5jb2RlX3RhZyI6ImltYWdlX3VybGdlbi4xNDQweDE4MDAuc2RyLmYyOTM1MC5kZWZhdWx0X2ltYWdlIn0&_nc_ht=scontent-ssn1-1.cdninstagram.com&_nc_cat=106&_nc_ohc=WVqVpUiH4bYQ7kNvgGGhfYZ&_nc_gid=8fd369f8d5da44faadd940382c28c46a&edm=AONqaaQBAAAA&ccb=7-5&ig_cache_key=MzUwNjg0NzA1NjE0NjQ5MTEwMg%3D%3D.3-ccb7-5&oh=00_AYBwX3TFwxLgYTpPBcWfN1fw_fVrIeOW9G3hBPmb7_e2UQ&oe=67468128&_nc_sid=4e3341', 'post_datetime': '2024-11-22 18:46:07', 'post_description': 'ETS가 더 강력하게 시행된다는 것은 CBAM의 효력 또한 강해진다는 것을 의미한다. 이 상황에서 한국 기업들의 고민은 커질 수밖에 없다. 이미 한국과 유럽의 배출권 가격에 상당한 차이가 있기 때문에 앞으로 유럽의 ETS 개편에 따라 배출권 가격이 어떻게 변해갈지 정확한 파악이 필요하기 때문이다. 한국처럼 수출 주도형 제조업이 국가 산업의 핵심인 국가는 앞으로 유럽과의 거래에서 친환경 전환에 동참하지 않는 것이 큰 부담이 될 수밖에 없는 상황이다. - <머니 트렌드 2025>, 정태익, 김도윤, 김광석, 김용섭, 김현준, 정수종, 채상욱, 최재붕 - 밀리의 서재\nhttps://www.millie.co.kr/v3/bookDetail/24556adb2d1849d1'}]
CSV 파일에 데이터 저장 중...
CSV 파일에 데이터 저장 완료
성공/실패 평가 중...
성공한 사람: ['terrys_reading', 'rdnmgo', '42lines_', 'euiclee.books', 'ai.gi.book']
실패한 사람: []
요약 이미지 생성 중...
요약 이미지 생성 완료
이미지 업로드 시작...
사진 업로드 중...
새 게시물 버튼 클릭 완료
다음 버튼 클릭 중...
다음 버튼 클릭 완료
다음 버튼 클릭 중...
다음 버튼 클릭 완료
성공/실패 평가 중...
성공한 사람: ['terrys_reading', 'rdnmgo', '42lines_', 'euiclee.books', 'ai.gi.book']
실패한 사람: []
설명 입력 중...
설명 입력 완료
게시물 공유 중...
게시물 공유 완료
사진 업로드 완료
이미지 업로드 완료
드라이버 종료
프로그램 시작
드라이버 설정 중...
드라이버 설정 완료
인스타그램 로그인 시도 중...
로그인 정보 입력 완료
로그인 정보 저장 버튼 클릭 중...
로그인 정보 저장 버튼 클릭 완료
정보 수집 시작...
terrys_reading의 정보 수집 중...
terrys_reading의 게시물에 '더 보기' 버튼 없음
좋아요 버튼을 클릭했습니다.
terrys_reading의 정보 수집 완료
rdnmgo의 정보 수집 중...
rdnmgo의 게시물에 '더 보기' 버튼 없음
좋아요 버튼을 클릭했습니다.
rdnmgo의 정보 수집 완료
42lines_의 정보 수집 중...
42lines_의 게시물에 '더 보기' 버튼 없음
좋아요 버튼을 클릭했습니다.
42lines_의 정보 수집 완료
euiclee.books의 정보 수집 중...
euiclee.books의 게시물에 '더 보기' 버튼 없음
좋아요 버튼을 클릭했습니다.
euiclee.books의 정보 수집 완료
ai.gi.book의 정보 수집 중...
ai.gi.book의 게시물에 '더 보기' 버튼 없음
좋아요 버튼을 클릭했습니다.
ai.gi.book의 정보 수집 완료
정보 수집 완료
[{'user_id': 'terrys_reading', 'posts_count': '135', 'post_text': 'Photo by @terrys_reading on November 23, 2024. 일기장, 잡지, 신문 및 텍스트의 이미지일 수 있음.', 'post_image': 'https://scontent-ssn1-1.cdninstagram.com/v/t51.29350-15/468155200_8702121476571021_6850543753375285055_n.jpg?stp=dst-jpg_e35_tt6&efg=eyJ2ZW5jb2RlX3RhZyI6ImltYWdlX3VybGdlbi4xNDQweDE4MDAuc2RyLmYyOTM1MC5kZWZhdWx0X2ltYWdlIn0&_nc_ht=scontent-ssn1-1.cdninstagram.com&_nc_cat=109&_nc_ohc=4GRrVA6vhdcQ7kNvgGrLx8y&_nc_gid=2f3abfc51db840b1874b9e52d2c5115c&edm=AONqaaQBAAAA&ccb=7-5&ig_cache_key=MzUwNzcxOTQxMjc5MjU1OTYxMw%3D%3D.3-ccb7-5&oh=00_AYDKJLGMIJVIPXLUEWQo1on-PDPwhiyvlmTKeMbw0tdO6w&oe=6747D548&_nc_sid=4e3341', 'post_datetime': '2024-11-23 23:39:20', 'post_description': 'Technological change is one of the hardest things to cope with, which is why so many people fail at it.'}, {'user_id': 'rdnmgo', 'posts_count': '145', 'post_text': 'Photo by @rdnmgo on November 22, 2024. 사람 1명, 책, 잡지, 포스터 및 텍스트의 만화일 수 있음.', 'post_image': 'https://scontent-ssn1-1.cdninstagram.com/v/t51.29350-15/467853158_934919064736013_3764875722244499404_n.jpg?stp=dst-jpg_e15&efg=eyJ2ZW5jb2RlX3RhZyI6ImltYWdlX3VybGdlbi42MTJ4NjEyLnNkci5mMjkzNTAuZGVmYXVsdF9pbWFnZSJ9&_nc_ht=scontent-ssn1-1.cdninstagram.com&_nc_cat=105&_nc_ohc=32UlPQW9dL8Q7kNvgEPPr1M&_nc_gid=5e77eb7823ec417d91013b1297209e24&edm=AONqaaQBAAAA&ccb=7-5&ig_cache_key=MzUwNzQ4MzUzMTg2MzI3NzQ2Ng%3D%3D.3-ccb7-5&oh=00_AYD1SkDrY05xGx_1bnFXAXKVXJz1J2_hmjG34nwCseExsQ&oe=6747D6F6&_nc_sid=4e3341', 'post_datetime': '2024-11-23 15:50:41', 'post_description': '#### 5. 절정\n\n‘절정’은 새롭게 변화한 주인공이 적대적 인물이나 악당을 상대하고 물리치는 단계다. 여기서부터 결말이 진행된다. 이전의 모든 단계는 절정을 향해 진행된다. 그러므로 절정 단계에서는 반드시 가장 흥미진진하고 액션이 가득한 장면을 선보여야 한다. 여기서 주목해야 할 점은 주인공이 위기를 극복했을 때 가장 큰 약점이 가장 큰 강점으로 전환된다는 느낌을 주어야 한다는 것이다. 스토리 초반과 달리 주인공은 이제 적대적 인물을 물리치기 위한 만반의 준비를 마쳤다. 스토리에서 이 부분은 대단히 중요하다!\n\n적대적 인물이 스토리의 절정 단계에서 패배하면, 필연적으로 주인공에게는 마지막 일격을 가할 책임이 부여된다. 이 책임을 주인공에게서 빼앗아도 안 되고, 모든 관심을 주인공에게 쏟으며 스토리를 끝까지 지켜본 관객에게서 빼앗아도 안 된다. 결정적 승리의 순간에 곁길로 새면 스토리는 공허해지고 관객은 실망한다. 오직 주인공만이 중대한 결정을 내린 다음 적대적 인물을 물리칠 수 있는 유일한 존재다.\n\n적대자를 물리치거나 제거하면서 이제 마지막 단계로 들어가게 된다.'}, {'user_id': '42lines_', 'posts_count': '145', 'post_text': 'Photo by @42lines_ on November 22, 2024. 텍스트의 이미지일 수 있음.', 'post_image': 'https://scontent-ssn1-1.cdninstagram.com/v/t51.29350-15/468023699_874770144773680_1866715247422156884_n.jpg?stp=dst-jpg_e35_tt6&efg=eyJ2ZW5jb2RlX3RhZyI6ImltYWdlX3VybGdlbi4xNDQweDE0NDAuc2RyLmYyOTM1MC5kZWZhdWx0X2ltYWdlIn0&_nc_ht=scontent-ssn1-1.cdninstagram.com&_nc_cat=104&_nc_ohc=T-htRseS7vgQ7kNvgEfI32O&_nc_gid=a7013b8cd5934469b44bed48d1be60a1&edm=AONqaaQBAAAA&ccb=7-5&ig_cache_key=MzUwNzMzNjkxNjUzNzA4MTAzOQ%3D%3D.3-ccb7-5&oh=00_AYCzmh6Fy8DLlkYZ1j_yroJjpa_ZJAMxJX80elRruoOUow&oe=6747CF02&_nc_sid=4e3341', 'post_datetime': '2024-11-23 10:59:23', 'post_description': '웹 앱은 앱의 외관을 가지고 있는 웹사이트를 말합니다. 스마트폰에 설치된 브라우저를 통해서 웹사이트에 접근하는 것으로 실행할 수 있는데요. 웹사이트 하나를 개발해서 두 운영 체제 모두 지원할 수 있지만, 카메라나 주소록 같은 스마트폰의 기능을 온전히 사용하지 못한다는 제약이 있습니다. - <개발 용어사전>, 주향목 - 밀리의 서재 https://www.millie.co.kr/v3/bookDetail/a1fc97a3b0c3435b'}, {'user_id': 'euiclee.books', 'posts_count': '145', 'post_text': 'Photo by 유클리책장 | 📚 매일매일 독서기록 on November 23, 2024. 텍스트의 이미지일 수 있음.', 'post_image': 'https://scontent-ssn1-1.cdninstagram.com/v/t51.29350-15/468174410_591442436876517_3374298192111396260_n.jpg?stp=dst-jpg_e15&efg=eyJ2ZW5jb2RlX3RhZyI6ImltYWdlX3VybGdlbi4xMDgweDEwODAuc2RyLmYyOTM1MC5kZWZhdWx0X2ltYWdlIn0&_nc_ht=scontent-ssn1-1.cdninstagram.com&_nc_cat=109&_nc_ohc=egB3feaaEX0Q7kNvgGrdft5&_nc_gid=fd5b8da3618a427ba895989de03326f0&edm=AONqaaQBAAAA&ccb=7-5&ig_cache_key=MzUwNzcwNzA1NTQ4NDQ5MTg3OA%3D%3D.3-ccb7-5&oh=00_AYD6n1UcF_C3VcaBM5Z-fy5JjgkpNe2ucTBi2LVI8S45SQ&oe=6747BC0A&_nc_sid=4e3341', 'post_datetime': '2024-11-23 23:14:49', 'post_description': '🖋️ 어른이 된다는 것은 도대체 뭘 의미할까.\n\n20살이 되는 것? 스스로 책임져야 할 것이 많아지는 것? 부모가 되는 것?\n\n성숙함은 결코 나이에 비례하지 않는다. 끊임없이 배우고 사유 하며 성장해나가야 한다. 그런 의미에서는 나는 아직도 갈길이 너무나 멀게 느껴진다.\n\n과거의 나보다 조금이라도 더 상장하고 싶은 마음은 늘 존재하지만, 시간은 그런 내 마음을 몰라주고 바람처럼 지나가버린다. 나는 아직 애기라고 생각하지만 정신차려보면 몇년이 훅 지나가 있다.\n\n한편으로는 책임질 것이 많아지는 어른이 되기 보다 어린아이로 남아있었으면 하는 마음도 없지 않아있지만, 시간은 나를 절대 기다려주지 않기에 시간만 흘러보내기 보다는 그에 맞춰 성장할 수 있도록 노력해야 하지 않을까.\n\n매일 알게되는 것이라고는 세상에 똑똑한 사람이 너무나도 많고, 나는 부족한게 많다는 것 뿐인데, 갈 길이 너무나도 멀게 느껴진다.\n\n📗#어른이되어보니보이는것들 #코이케가즈오 #다른상상\n\n🔖 #독서 #북스타그램 #책 #독서스타그램 #책스타그램 #책리뷰 #책추천 #유클리 #유클리책장 #어른 #으른'}, {'user_id': 'ai.gi.book', 'posts_count': '204', 'post_text': 'Photo by @ai.gi.book on November 22, 2024. 텍스트의 이미지일 수 있음.', 'post_image': 'https://scontent-ssn1-1.cdninstagram.com/v/t51.29350-15/468027921_1762743867907755_5661094478343775822_n.jpg?stp=dst-jpg_e35&efg=eyJ2ZW5jb2RlX3RhZyI6ImltYWdlX3VybGdlbi4xMTc5eDExNzkuc2RyLmYyOTM1MC5kZWZhdWx0X2ltYWdlIn0&_nc_ht=scontent-ssn1-1.cdninstagram.com&_nc_cat=103&_nc_ohc=cPCWtkLwyMEQ7kNvgFNPfFa&_nc_gid=60e9fb2aac1a4cf386e781c7dd3ac6c7&edm=AONqaaQBAAAA&ccb=7-5&ig_cache_key=MzUwNzMzNTY2MDQwMTczMTczMA%3D%3D.3-ccb7-5&oh=00_AYCB-SJo3XaQMnLHgr-sJ8McP8P6vJaa_mGV7CRug_ZbfQ&oe=6747CC87&_nc_sid=4e3341', 'post_datetime': '2024-11-23 10:56:54', 'post_description': '그래서 엔비디아, 구글, 화웨이 등 IT 기업에서는 최근 기후변화에 따른 재난을 예측하기 위해 기술을 활용한다. 이미 엔비디아는 생성형 AI, 물리 모델, 첨단 비주얼 테크닉을 결합한 기후 예측 모델 ‘Earth-2’를 개발했다. 디지털 트윈 형태의 클라우드 플랫폼으로 기존 기후 예측 모델보다 빠르고 확실하게 이상기후를 예측할 수 있다고 한다. 현재 보편적으로 활용 중인 기후모델 기반의 예측 한계를 AI로 극복하려는 시도다. 이렇게 기존 방식보다 빠르고 정확하게 이상기후 현상을 예측할 수 있다면 기후변화로 인한 막대한 금융 리스크를 줄일 수 있을 것이다. - <머니 트렌드 2025>, 정태익, 김도윤, 김광석, 김용섭, 김현준, 정수종, 채상욱, 최재붕 - 밀리의 서재\nhttps://www.millie.co.kr/v3/bookDetail/24556adb2d1849d1'}]
CSV 파일에 데이터 저장 중...
CSV 파일에 데이터 저장 완료
성공/실패 평가 중...
성공한 사람: ['terrys_reading', 'rdnmgo', '42lines_', 'euiclee.books', 'ai.gi.book']
실패한 사람: []
요약 이미지 생성 중...
요약 이미지 생성 완료
이미지 업로드 시작...
사진 업로드 중...
새 게시물 버튼 클릭 완료
다음 버튼 클릭 중...
다음 버튼 클릭 완료
다음 버튼 클릭 중...
다음 버튼 클릭 완료
성공/실패 평가 중...
성공한 사람: ['terrys_reading', 'rdnmgo', '42lines_', 'euiclee.books', 'ai.gi.book']
실패한 사람: []
설명 입력 중...
설명 입력 완료
게시물 공유 중...
게시물 공유 완료
사진 업로드 완료
이미지 업로드 완료
드라이버 종료
프로그램 시작
드라이버 설정 중...
드라이버 설정 완료
인스타그램 로그인 시도 중...
로그인 정보 입력 완료
로그인 정보 저장 버튼 클릭 중...
로그인 정보 저장 버튼 클릭 완료
정보 수집 시작...
terrys_reading의 정보 수집 중...
terrys_reading의 게시물에 '더 보기' 버튼 없음
좋아요 버튼을 클릭했습니다.
terrys_reading의 정보 수집 완료
rdnmgo의 정보 수집 중...
rdnmgo의 게시물에 '더 보기' 버튼 없음
좋아요 버튼을 클릭했습니다.
rdnmgo의 정보 수집 완료
42lines_의 정보 수집 중...
42lines_의 게시물에 '더 보기' 버튼 없음
좋아요 버튼을 클릭했습니다.
42lines_의 정보 수집 완료
euiclee.books의 정보 수집 중...
euiclee.books의 게시물에 '더 보기' 버튼 없음
좋아요 버튼을 클릭했습니다.
euiclee.books의 정보 수집 완료
ai.gi.book의 정보 수집 중...
ai.gi.book의 게시물에 '더 보기' 버튼 없음
좋아요 버튼을 클릭했습니다.
ai.gi.book의 정보 수집 완료
정보 수집 완료
[{'user_id': 'terrys_reading', 'posts_count': '136', 'post_text': 'Photo by @terrys_reading on November 24, 2024. 사람 1명, 잡지 및 텍스트의 Twitter 스크린샷일 수 있음.', 'post_image': 'https://scontent-ssn1-1.cdninstagram.com/v/t51.29350-15/468117087_1469612607067246_419826236165501110_n.jpg?stp=dst-jpg_e15&efg=eyJ2ZW5jb2RlX3RhZyI6ImltYWdlX3VybGdlbi4xMDgweDEwODAuc2RyLmYyOTM1MC5kZWZhdWx0X2ltYWdlIn0&_nc_ht=scontent-ssn1-1.cdninstagram.com&_nc_cat=110&_nc_ohc=OccDIE55oNMQ7kNvgGx_Ii6&_nc_gid=6451be00bae04ed385b3a8864b087261&edm=AONqaaQBAAAA&ccb=7-5&ig_cache_key=MzUwODQ0NDU2Nzc3NzM4MTc5MA%3D%3D.3-ccb7-5&oh=00_AYBfqjsYxTpDSaLAU--ebQduQ45pCWkP3rzbY6--SP2bpA&oe=674907FE&_nc_sid=4e3341', 'post_datetime': '2024-11-24 23:40:06', 'post_description': '"침묵 속에서 열심히 일하세요. 성공이 당신의 소음이 되게 하세요."\n\n"매 순간마다 당신은 미래를 다루기에 더 좋거나 더 나쁜 위치에 놓이게 됩니다. 결국 삶을 더 쉽게 만들거나 더 어렵게 만드는 것은 바로 그 위치입니다...\n\n좋은 위치는 상황에 의해 결정하도록 강요받는 대신 생각할 수 있게 해줍니다. 세상에서 가장 뛰어난 사람들이 지속적으로 좋은 결정을 내리는 한 가지 이유는 상황에 의해 결정하도록 강요받는 경우가 드물기 때문입니다.'}, {'user_id': 'rdnmgo', 'posts_count': '146', 'post_text': 'Photo by @rdnmgo on November 24, 2024. 사람 1명, 책, 잡지, 포스터 및 텍스트의 만화일 수 있음.', 'post_image': 'https://scontent-ssn1-1.cdninstagram.com/v/t51.29350-15/468068613_1278282813395853_4910502487629882218_n.jpg?stp=dst-jpg_e15_tt6&efg=eyJ2ZW5jb2RlX3RhZyI6ImltYWdlX3VybGdlbi42MTJ4NjEyLnNkci5mMjkzNTAuZGVmYXVsdF9pbWFnZSJ9&_nc_ht=scontent-ssn1-1.cdninstagram.com&_nc_cat=109&_nc_ohc=vHtdGDqbKmMQ7kNvgHZQwre&_nc_gid=9347ea61c3d04f2780e461303d83c4de&edm=AONqaaQBAAAA&ccb=7-5&ig_cache_key=MzUwODI2OTI3MzcxNTYzMTI2Nw%3D%3D.3-ccb7-5&oh=00_AYDRUKmTrjrC6KOGmYUCsnTWzPOUUgJqoTBrUMliRAYnqw&oe=674906AE&_nc_sid=4e3341', 'post_datetime': '2024-11-24 17:51:49', 'post_description': '#### 6. 결말\n\n‘결말’은 짜릿한 롤러코스터의 마지막 단계와도 같다. 아슬아슬한 여러 굴곡을 다 지나쳐 온 롤러코스터는 탑승한 승객을 내려주고 새로운 승객을 태우기 위해 서서히 승강장으로 들어온다. 스토리의 결말도 마찬가지다. 여전히 관객의 심장은 빠르게 뛰고 있다. 아직도 붕 뜬 기분이다. 방금 그런 경험을 했다는 사실이 믿기지 않을 정도다.\n\n결말 단계에서는 느슨했던 모든 부분의 매듭을 확실히 지어주어야 한다. 그래야 관객이 수많은 의문을 품은 채 찜찜하게 자리에서 일어나는 일을 막을 수 있다. 이 단계에서는 조연들의 다양한 스토리도 모두 꼼꼼하게 매듭지어져야 한다.\n\n이 단계에서는 남아 있는 모든 문제를 해결하는 것이 중요하다. 그래야 ‘스토리는 반드시 끝난다는’ 냉혹한 현실을 견디게 해준다. 이제 승강장에서 내려야 하는 탑승객의 마음을 따뜻하게 해주기도 한다. 좋은 결말은 관객에게 행복감과 만족감을 선사한다.\n\n6단계 스토리 구조의 장점은 다양한 곳에 활용할 수 있다는 점이다. 개인적으로 나는 영화나 TV 스페셜 드라마, 단편 영화, 기타 작품을 만들 때 이 스토리 구조를 활용한다. 6단계 스토리 구조는 실제로 효과가 매우 뛰어나다.'}, {'user_id': '42lines_', 'posts_count': '146', 'post_text': 'Photo by @42lines_ on November 24, 2024. 텍스트의 이미지일 수 있음.', 'post_image': 'https://scontent-ssn1-1.cdninstagram.com/v/t51.29350-15/468218190_545917548232931_3710038169137150750_n.jpg?stp=dst-jpg_e35&efg=eyJ2ZW5jb2RlX3RhZyI6ImltYWdlX3VybGdlbi4xNDQweDE0NDAuc2RyLmYyOTM1MC5kZWZhdWx0X2ltYWdlIn0&_nc_ht=scontent-ssn1-1.cdninstagram.com&_nc_cat=111&_nc_ohc=vca6aJx-5RcQ7kNvgHYi2tn&_nc_gid=96f42b87a4ae4bbebb39f4bb4052137f&edm=AONqaaQBAAAA&ccb=7-5&ig_cache_key=MzUwODI1MjM0NzQxODMxMjM3OA%3D%3D.3-ccb7-5&oh=00_AYBvmaYlIbhR2fx5-17YuF4XmZlTgNmiO68SgiZ_xwOUrw&oe=6748FF4C&_nc_sid=4e3341', 'post_datetime': '2024-11-24 17:18:11', 'post_description': 'API는 대표적인 소프트웨어 인터페이스입니다. 서로 연결된 두 컴퓨터나 소프트웨어가 개발자가 만든 코드를 통해서 데이터를 주고받을 수 있는 연결을 뜻합니다. - <개발 용어사전>, 주향목 - 밀리의 서재 https://www.millie.co.kr/v3/bookDetail/a1fc97a3b0c3435b'}, {'user_id': 'euiclee.books', 'posts_count': '146', 'post_text': 'Photo by 유클리책장 | 📚 매일매일 독서기록 on November 24, 2024. 텍스트의 이미지일 수 있음.', 'post_image': 'https://scontent-ssn1-1.cdninstagram.com/v/t51.29350-15/468154369_425511943944737_2209794904796490332_n.jpg?stp=dst-jpg_e15&efg=eyJ2ZW5jb2RlX3RhZyI6ImltYWdlX3VybGdlbi4xMDgweDEwODAuc2RyLmYyOTM1MC5kZWZhdWx0X2ltYWdlIn0&_nc_ht=scontent-ssn1-1.cdninstagram.com&_nc_cat=105&_nc_ohc=NJDHSogF8jMQ7kNvgE7l8t-&_nc_gid=f0bf0dc7081841e1b873a147357dc74f&edm=AONqaaQBAAAA&ccb=7-5&ig_cache_key=MzUwODMyNDczNzk4NDcyNDE4Ng%3D%3D.3-ccb7-5&oh=00_AYBHgzuV6zzK5M76N_43wW0n0DcqrQFuT-TjuGeUtwnPsA&oe=67492D68&_nc_sid=4e3341', 'post_datetime': '2024-11-24 19:42:02', 'post_description': '🖋️ 타인을 봐도, 나 스스로를 돌이켜봐도 나를 사랑하지 않고는 타인을 사랑할 수 없지 않을까 생각한다.\n\n사람은 자신에 대한 긍정 이상으로 다른 사람을 긍정 할 수 없는데, 이는 자기 이해의 한계가 세상을 바라보는 시선의 한계가 되는 것이다.\n\n늘 부정적이며 자신을 사랑할 수 없는 사람은 타인을 미워하고 시기하며 질투할 수 밖에 없지 않을까. 자신을 사랑하는 방법을 모르면 타인을 사랑하는 방법 또한 알 수 없는 것이다.\n\n타인을 사랑하는 것도 정말 중요하지만, 그 전에 앞서 타인을 사랑하고 싶으면 본인 자신부터 소중하게 여기며 사랑 할 수 있어야 하지 않을까 생각한다.\n\n📗#어른이되어보니보이는것들 #코이케가즈오 #다른상상\n\n🔖 #독서 #북스타그램 #책 #독서스타그램 #책스타그램 #책리뷰 #책추천 #유클리 #유클리책장 #어른 #사랑'}, {'user_id': 'ai.gi.book', 'posts_count': '205', 'post_text': "Photo by @ai.gi.book on November 23, 2024. 돈 및 문구: 'MONEY 2025 TREND D $ IN E 정태익 김도윤 김광석 김용섭 김현준 정수종 채상욱 최재붕 위기 속 송자의 비밀, 누가 울고 누가 웃는가 420만 명 투자자와 소비자가 입증한 머니 인사이트 살아남기 위해 반드시 읽어야 할 2025 재테크 전략'의 낙서 그림일 수 있음.", 'post_image': 'https://scontent-ssn1-1.cdninstagram.com/v/t51.29350-15/467872596_1117951953667469_3001369169408825399_n.jpg?stp=dst-jpg_e35_tt6&efg=eyJ2ZW5jb2RlX3RhZyI6ImltYWdlX3VybGdlbi4xNDQweDE4MDAuc2RyLmYyOTM1MC5kZWZhdWx0X2ltYWdlIn0&_nc_ht=scontent-ssn1-1.cdninstagram.com&_nc_cat=105&_nc_ohc=_Wll9m38EiMQ7kNvgHZeqLU&_nc_gid=9748919ca5ff4ff4a5d7671117746114&edm=AONqaaQBAAAA&ccb=7-5&ig_cache_key=MzUwODE3Mzg0MDAwMzY4NTI0Nw%3D%3D.3-ccb7-5&oh=00_AYBJYw-aTmSjXkv9xq6VkVQOFVnteQ4rBfyTOoIHjSIgiA&oe=67490F00&_nc_sid=4e3341', 'post_datetime': '2024-11-24 14:42:12', 'post_description': '첫째, 머니 트렌드를 편식하지 마세요. 중심 키워드가 무엇인지 가려내기보다, 우선 책을 읽고 충분히 소화하고 나서 나에게 맞는 것을 취사선택하면 좋겠습니다. 책에 실린 수많은 키워드 중 제가 가장 관심을 쏟은 것들은 이러했습니다. 결혼을 아직 못했기에 웨딩 인플레이션과 수면 이혼에 시선이 갔고, 복부 탄력에 신경 쓰느라 평생 다이어트, 비만 치료제가 눈에 들어왔으며, 제가 투자한 테슬라와 비트코인 때문에 로보택시와 코인을 다룬 파트를 읽었습니다. 다른 파트의 글을 넘겨버렸다는 게 아니라 지극히 개인적인 관심사를 바탕으로 관련된 부분을 먼저 봤다는 뜻입니다. - <머니 트렌드 2025>, 정태익, 김도윤, 김광석, 김용섭, 김현준, 정수종, 채상욱, 최재붕 - 밀리의 서재\nhttps://www.millie.co.kr/v3/bookDetail/24556adb2d1849d1'}]
CSV 파일에 데이터 저장 중...
CSV 파일에 데이터 저장 완료
성공/실패 평가 중...
성공한 사람: ['terrys_reading', 'rdnmgo', '42lines_', 'euiclee.books', 'ai.gi.book']
실패한 사람: []
요약 이미지 생성 중...
요약 이미지 생성 완료
이미지 업로드 시작...
사진 업로드 중...
새 게시물 버튼 클릭 완료
다음 버튼 클릭 중...
다음 버튼 클릭 완료
다음 버튼 클릭 중...
다음 버튼 클릭 완료
성공/실패 평가 중...
성공한 사람: ['terrys_reading', 'rdnmgo', '42lines_', 'euiclee.books', 'ai.gi.book']
실패한 사람: []
설명 입력 중...
설명 입력 완료
게시물 공유 중...
게시물 공유 완료
사진 업로드 완료
이미지 업로드 완료
드라이버 종료
프로그램 시작
드라이버 설정 중...
드라이버 설정 완료
인스타그램 로그인 시도 중...
로그인 정보 입력 완료
로그인 정보 저장 버튼 클릭 중...
로그인 정보 저장 버튼 클릭 완료
정보 수집 시작...
terrys_reading의 정보 수집 중...
terrys_reading: 데이터 수집 실패 - Message: no such element: Unable to locate element: {"method":"xpath","selector":"//*[contains(text(), "게시물")]//span"}
  (Session info: chrome=128.0.6613.114); For documentation on this error, please visit: https://www.selenium.dev/documentation/webdriver/troubleshooting/errors#no-such-element-exception
Stacktrace:
0   chromedriver                        0x0000000101c85338 chromedriver + 5096248
1   chromedriver                        0x0000000101c7cb6a chromedriver + 5061482
2   chromedriver                        0x0000000101807fd0 chromedriver + 389072
3   chromedriver                        0x00000001018549ab chromedriver + 702891
4   chromedriver                        0x0000000101854a81 chromedriver + 703105
5   chromedriver                        0x0000000101898cd4 chromedriver + 982228
6   chromedriver                        0x0000000101878f1d chromedriver + 851741
7   chromedriver                        0x0000000101896250 chromedriver + 971344
8   chromedriver                        0x0000000101878c93 chromedriver + 851091
9   chromedriver                        0x0000000101847c79 chromedriver + 650361
10  chromedriver                        0x000000010184849e chromedriver + 652446
11  chromedriver                        0x0000000101c480b0 chromedriver + 4845744
12  chromedriver                        0x0000000101c4cfc8 chromedriver + 4865992
13  chromedriver                        0x0000000101c4d695 chromedriver + 4867733
14  chromedriver                        0x0000000101c2ace9 chromedriver + 4725993
15  chromedriver                        0x0000000101c4d989 chromedriver + 4868489
16  chromedriver                        0x0000000101c1cc04 chromedriver + 4668420
17  chromedriver                        0x0000000101c6ce68 chromedriver + 4996712
18  chromedriver                        0x0000000101c6d067 chromedriver + 4997223
19  chromedriver                        0x0000000101c7c76e chromedriver + 5060462
20  libsystem_pthread.dylib             0x00007fff71f4f109 _pthread_start + 148
21  libsystem_pthread.dylib             0x00007fff71f4ab8b thread_start + 15

rdnmgo의 정보 수집 중...
rdnmgo의 게시물에 '더 보기' 버튼 없음
좋아요 버튼을 클릭했습니다.
rdnmgo의 정보 수집 완료
42lines_의 정보 수집 중...
42lines_의 게시물에 '더 보기' 버튼 없음
좋아요 버튼을 클릭했습니다.
42lines_의 정보 수집 완료
euiclee.books의 정보 수집 중...
euiclee.books의 게시물에 '더 보기' 버튼 없음
좋아요 버튼을 클릭했습니다.
euiclee.books의 정보 수집 완료
ai.gi.book의 정보 수집 중...
ai.gi.book의 게시물에 '더 보기' 버튼 없음
좋아요 버튼을 클릭했습니다.
ai.gi.book의 정보 수집 완료
정보 수집 완료
[{'user_id': 'rdnmgo', 'posts_count': '147', 'post_text': 'Photo by @rdnmgo on November 25, 2024. 사람 1명, 책, 잡지, 포스터 및 텍스트의 만화일 수 있음.', 'post_image': 'https://scontent-ssn1-1.cdninstagram.com/v/t51.29350-15/468324381_948854700481175_5395345298356104927_n.jpg?stp=dst-jpg_e15_tt6&efg=eyJ2ZW5jb2RlX3RhZyI6ImltYWdlX3VybGdlbi42MTJ4NjEyLnNkci5mMjkzNTAuZGVmYXVsdF9pbWFnZSJ9&_nc_ht=scontent-ssn1-1.cdninstagram.com&_nc_cat=111&_nc_ohc=NXNAxGDXSywQ7kNvgFy_Se2&_nc_gid=6a0d1532caa14b86891340996d2f426f&edm=AONqaaQBAAAA&ccb=7-5&ig_cache_key=MzUwOTAzOTA3NzkxNzQ4MzQ3NQ%3D%3D.3-ccb7-5&oh=00_AYD7P6yLwLF9R8aiVgZXJg1uojyZl1-EbEMTtvT0XoV-IQ&oe=674A5078&_nc_sid=4e3341', 'post_datetime': '2024-11-25 19:21:17', 'post_description': '### 스토리의 뼈대\n\n스토리를 처음 만드는 사람은 이 6단계 구조가 엄두도 안 날 수 있다. 그렇다면 ‘스토리의 뼈대’로 시작할 것을 권한다. 스토리의 뼈대는 막연한 상황에서도 멋진 이야기를 만들어내는 빠르고 쉬운 방법이다. 이 방식은 15년 전 내가 픽사의 개발팀 ‘임프로버블(Improvables)’에서 일할 때 처음 알게 되었다.\n\n스토리의 뼈대를 만드는 방법은 다음과 같다. 일단 미완성된 문장 8개의 나머지 부분을 캐릭터와 상황 그리고 짠! 하고 끝내는 결말로 채운다.\n\n미완성 문장은 대체로 다음과 같다.\n\n• 옛날에…\n• 그리고 매일…\n• 그러던 어느 날…\n• 그래서…\n• 그래서…\n• 그래서…\n• 마침내…\n• 그날 이후…\n\n다음은 스토리의 뼈대와 6단계 구조를 함께 활용하는 방법이다.\n\n• 옛날에… ⇒ 도입\n• 그리고 매일… ⇒ 도입\n• 그러던 어느 날… ⇒ 사건 촉발\n• 그래서… ⇒ 점진적 갈등 고조\n• 그래서… ⇒ 점진적 갈등 고조\n• 그래서… ⇒ 점진적 갈등 고조\n• 마침내… ⇒ 위기와 절정\n• 그날 이후… ⇒ 결말'}, {'user_id': '42lines_', 'posts_count': '147', 'post_text': "Photo by @42lines_ on November 25, 2024. 사람 1명, 잡지, 포스터, 책 및 문구: '2025 대한민국 소비트렌드 전망 김난도 전미영 최지혜 권정을 한다혜 이혜원 이준영 이황은 이하모 추예권 전다현 트렌드 코리아 2025 경계가사라지는 시대, 모든 전제를 원점으로 되돌려라 대한민국 No.1 트렌드서 미라면 SNAKE SENSE 행복에 대한 고정관님이 방복예대한고정관님이무너지는시데. 무녀 시대, 보통의 도동의하무와무해할,1%의상상이서담을및 담을 찾고 하루와 무해합, 1%의 성장에 디지턴의 편리합 속에서 '물성'이 더욱귀해진다. 더욱'의 이미지일 수 있음.", 'post_image': 'https://scontent-ssn1-1.cdninstagram.com/v/t51.29350-15/468274551_557396560409816_5822755179831426221_n.jpg?stp=dst-jpg_e15_tt6&efg=eyJ2ZW5jb2RlX3RhZyI6ImltYWdlX3VybGdlbi4xMDgweDEwODAuc2RyLmYyOTM1MC5kZWZhdWx0X2ltYWdlIn0&_nc_ht=scontent-ssn1-1.cdninstagram.com&_nc_cat=108&_nc_ohc=GJYW0d_ZW4cQ7kNvgGsOxDr&_nc_gid=eaa14589b80a4128900a63b8d70861bd&edm=AONqaaQBAAAA&ccb=7-5&ig_cache_key=MzUwOTA5OTI3NzMzNzkxNjEwNw%3D%3D.3-ccb7-5&oh=00_AYCXDnJSwcYJ2VMdfhwlCN-s2QuxjfElS8pYhOy6f5iPBA&oe=674A78E1&_nc_sid=4e3341', 'post_datetime': '2024-11-25 21:20:53', 'post_description': "세상을 살아가는 방식은 두 가지로 나눌 수 있다: '지키다' 또는 '바꾸다'.\n\n<트렌드 코리아>, 김난도"}, {'user_id': 'euiclee.books', 'posts_count': '147', 'post_text': 'Photo by 유클리책장 | 📚 매일매일 독서기록 on November 25, 2024. 텍스트의 이미지일 수 있음.', 'post_image': 'https://scontent-ssn1-1.cdninstagram.com/v/t39.30808-6/468213315_517173938138539_6180907949299135271_n.jpg?stp=dst-jpg_e35_tt6&efg=eyJ2ZW5jb2RlX3RhZyI6ImltYWdlX3VybGdlbi4xMDAweDEwMDAuc2RyLmYzMDgwOC5kZWZhdWx0X2ltYWdlIn0&_nc_ht=scontent-ssn1-1.cdninstagram.com&_nc_cat=107&_nc_ohc=pTQBFy6glSUQ7kNvgHbRguD&_nc_gid=e4f478563cdd457f8c2e9f64c13cf8b6&edm=AONqaaQAAAAA&ccb=7-5&ig_cache_key=MzUwOTA4ODkzOTg0Mzc3ODk3MQ%3D%3D.3-ccb7-5&oh=00_AYC0EyGrNyLR49DlTE2JGnsh6Dsg1a8LumRACaRALaySqg&oe=674A7F48&_nc_sid=4e3341', 'post_datetime': '2024-11-25 21:00:23', 'post_description': '🖋️ 공부를 하면서 지식을 온전히 내것으로 만들 수 있는 방법 중 하나는 남에게 그 지식을 가르치는 것이다.\n\n공부를 하다보면 일방적으로 지식을 흡수하는 것도 공부를 안하는 것보다야 낫지만, 그 개념을 정리하고 그 개념에 대해서 안다고 말 할 수준에 도달하려면 남에게 설명할 수 있을 정도는 되야 그렇게 말 할 수 있지 않을까 생각한다.\n\n실제로 공부를 하는 과정 속에서 단순히 강의와 책만 보면서 지식을 익히는 것보다 그 지식을 남에게 설명해주었을 때, 그 지식이 온전히 내 것이 되는 경험을 할 수 있었다.\n\n📗#어른이되어보니보이는것들 #코이케가즈오 #다른상상\n\n🔖 #독서 #북스타그램 #책 #독서스타그램 #책스타그램 #책리뷰 #책추천 #유클리 #유클리책장 #어른 #공부'}, {'user_id': 'ai.gi.book', 'posts_count': '206', 'post_text': 'Photo by @ai.gi.book on November 24, 2024. 돈 및 텍스트의 팝 아트일 수 있음.', 'post_image': 'https://scontent-ssn1-1.cdninstagram.com/v/t51.29350-15/468382283_1103650670686791_1954364097705561972_n.jpg?stp=dst-jpg_e35&efg=eyJ2ZW5jb2RlX3RhZyI6ImltYWdlX3VybGdlbi4xNDQweDE4MDAuc2RyLmYyOTM1MC5kZWZhdWx0X2ltYWdlIn0&_nc_ht=scontent-ssn1-1.cdninstagram.com&_nc_cat=103&_nc_ohc=aYOuA4u35GsQ7kNvgEhKGYG&_nc_gid=77969882f60e480193150c50a72152d7&edm=AP4sbd4BAAAA&ccb=7-5&ig_cache_key=MzUwODY2MTc5NTY2ODQ5OTQ1Nw%3D%3D.3-ccb7-5&oh=00_AYBnhrrjv_uGDfZfzTvtkmNqq2nWjlT4gLtuP9DqCOyWgw&oe=674A4B71&_nc_sid=7a9f4b', 'post_datetime': '2024-11-25 06:51:41', 'post_description': '또한 워런 버핏은 일찍이 이런 유언을 남기기도 했습니다. “내 유산의 90%는 인덱스 펀드에 넣고, 나머지 10%는 미국 국채에 넣어라.” S&P500 지수를 추종하는 인덱스 펀드를 사라는 것은 전 세계 어떤 나라보다 미국의 성장을 믿고 확신하기 때문일 것입니다. 두 가지 이야기를 합쳐보면 투자의 고수가 아닌 이상 ‘나 자신에게 투자해서 번 확실한 돈으로, 가장 확실한 투자로 자산을 모아라’라는 뜻이 되지 않을까 싶습니다. - <머니 트렌드 2025>, 정태익, 김도윤, 김광석, 김용섭, 김현준, 정수종, 채상욱, 최재붕 - 밀리의 서재\nhttps://www.millie.co.kr/v3/bookDetail/24556adb2d1849d1'}]
CSV 파일에 데이터 저장 중...
CSV 파일에 데이터 저장 완료
성공/실패 평가 중...
성공한 사람: ['rdnmgo', '42lines_', 'euiclee.books', 'ai.gi.book']
실패한 사람: []
요약 이미지 생성 중...
요약 이미지 생성 완료
이미지 업로드 시작...
사진 업로드 중...
새 게시물 버튼 클릭 완료
다음 버튼 클릭 중...
다음 버튼 클릭 완료
다음 버튼 클릭 중...
다음 버튼 클릭 완료
성공/실패 평가 중...
성공한 사람: ['rdnmgo', '42lines_', 'euiclee.books', 'ai.gi.book']
실패한 사람: []
설명 입력 중...
설명 입력 완료
게시물 공유 중...
게시물 공유 완료
사진 업로드 완료
이미지 업로드 완료
드라이버 종료
프로그램 시작
드라이버 설정 중...
드라이버 설정 완료
인스타그램 로그인 시도 중...
로그인 정보 입력 완료
로그인 정보 저장 버튼 클릭 중...
로그인 정보 저장 버튼 클릭 완료
정보 수집 시작...
terrys_reading의 정보 수집 중...
terrys_reading의 게시물에 '더 보기' 버튼 없음
좋아요 버튼을 클릭했습니다.
terrys_reading의 정보 수집 완료
rdnmgo의 정보 수집 중...
rdnmgo의 게시물에 '더 보기' 버튼 없음
좋아요 버튼을 클릭했습니다.
rdnmgo의 정보 수집 완료
42lines_의 정보 수집 중...
42lines_의 게시물에 '더 보기' 버튼 없음
좋아요 버튼을 클릭했습니다.
42lines_의 정보 수집 완료
euiclee.books의 정보 수집 중...
euiclee.books의 게시물에 '더 보기' 버튼 없음
좋아요 버튼을 클릭했습니다.
euiclee.books의 정보 수집 완료
ai.gi.book의 정보 수집 중...
ai.gi.book의 게시물에 '더 보기' 버튼 없음
좋아요 버튼을 클릭했습니다.
ai.gi.book의 정보 수집 완료
정보 수집 완료
[{'user_id': 'terrys_reading', 'posts_count': '137', 'post_text': 'Photo by @terrys_reading on November 26, 2024. 사람 1명, 책, 잡지 및 텍스트의 이미지일 수 있음.', 'post_image': 'https://scontent-ssn1-1.cdninstagram.com/v/t51.29350-15/468238182_1490496488308323_5300173979490054146_n.jpg?stp=dst-jpg_e15&efg=eyJ2ZW5jb2RlX3RhZyI6ImltYWdlX3VybGdlbi42MTJ4NjEyLnNkci5mMjkzNTAuZGVmYXVsdF9pbWFnZSJ9&_nc_ht=scontent-ssn1-1.cdninstagram.com&_nc_cat=103&_nc_ohc=0dJQxyskse8Q7kNvgGsF9qO&_nc_gid=f47244bf4c8341aca3e304370096dea6&edm=AONqaaQBAAAA&ccb=7-5&ig_cache_key=MzUwOTkwMjg0MDU5MDM3Nzk1OQ%3D%3D.3-ccb7-5&oh=00_AYBaeuFPVn1d0t5uhbw_XcfS2xllBqcyctlsp05aVki-eg&oe=674BA12A&_nc_sid=4e3341', 'post_datetime': '2024-11-26 23:57:25', 'post_description': '1. 가치 투자의 길에는 교통 체증이 없다. 그저 넓고, 뚫려있으며 묵묵히 걸어가면 된다. 하지만 사람들은 더 빠른 결과 수익을 얻으려 지름길을 선택한다. 그길은 대부분 샛길이다. 목적지는 멀다. 15년 이상 꾸준히 기업과 비즈니스에 대해 공부해야 한다. 지적으로 정직해야 하며, 자신이 모르는 부분을 끝까지 파고들어야 한다. 시장은 지적 약점을 정확히 꿰뚫고 들어온다.'}, {'user_id': 'rdnmgo', 'posts_count': '148', 'post_text': 'Photo by @rdnmgo on November 26, 2024. 사람 1명, 책, 잡지, 포스터 및 텍스트의 만화일 수 있음.', 'post_image': 'https://scontent-ssn1-1.cdninstagram.com/v/t51.29350-15/468425165_9183129531721490_6866764634478063756_n.jpg?stp=dst-jpg_e15&efg=eyJ2ZW5jb2RlX3RhZyI6ImltYWdlX3VybGdlbi42MTJ4NjEyLnNkci5mMjkzNTAuZGVmYXVsdF9pbWFnZSJ9&_nc_ht=scontent-ssn1-1.cdninstagram.com&_nc_cat=102&_nc_ohc=eNCurrCtrO4Q7kNvgGvl1oR&_nc_gid=f07a8df49e1e4c70b7f6d1e0199f9777&edm=AONqaaQBAAAA&ccb=7-5&ig_cache_key=MzUwOTc1ODc0MTE2MTM2NTgxNg%3D%3D.3-ccb7-5&oh=00_AYD2okdFb1eRzgwC1L8ejAK-UEPxq76F2VZVyKJOpVdmAA&oe=674BC2CB&_nc_sid=4e3341', 'post_datetime': '2024-11-26 19:11:07', 'post_description': '스토리의 뼈대 만들기는 다음과 같은 경우에도 활용할 수 있다.\n\n• 개인 이야기(자신의 이야기나 기업 설립자의 이야기 등)\n• 기업 이야기\n• 자기 자신이나 자신의 기업을 통해 한 사람의 미래가 얼마나 더 좋아질 수 있는지 보여주는 이야기\n• 자신이 만든 기업, 제품, 서비스 등을 통해 긍정적 영향을 받은 사람이나 집단의 이야기'}, {'user_id': '42lines_', 'posts_count': '148', 'post_text': "Photo by @42lines_ on November 26, 2024. 사람 1명, 잡지, 포스터, 책 및 문구: '2025 대한민국 소비트렌드 전망 김난도 전미영 최지혜 권정을 한다혜 이혜원 이준영 이황은 이하모 추예권 전다현 트렌드 코리아 2025 경계가사라지는 시대, 모든 전제를 원점으로 되돌려라 대한민국 No.1 트렌드서 미라면 SNAKE SENSE 행복에 대한 고정관님이 방복예대한고정관님이무너지는시데. 무녀 시대, 보통의 도동의하무와무해할,1%의상상이서담을및 담을 찾고 하루와 무해합, 1%의 성장에 디지턴의 편리합 속에서 '물성'이 더욱귀해진다. 더욱'의 이미지일 수 있음.", 'post_image': 'https://scontent-ssn1-1.cdninstagram.com/v/t51.29350-15/468231796_362390133594658_3539929733900161781_n.jpg?stp=dst-jpg_e15_tt6&efg=eyJ2ZW5jb2RlX3RhZyI6ImltYWdlX3VybGdlbi4xMDgweDEwODAuc2RyLmYyOTM1MC5kZWZhdWx0X2ltYWdlIn0&_nc_ht=scontent-ssn1-1.cdninstagram.com&_nc_cat=110&_nc_ohc=DVWpZlAAxM0Q7kNvgHUMVEY&_nc_gid=a62489395e964a46869262eecfe97352&edm=AONqaaQBAAAA&ccb=7-5&ig_cache_key=MzUwOTczOTg0Njk0NjgxOTYxOA%3D%3D.3-ccb7-5&oh=00_AYADU-_3s_ldBSEQXlhm3IyPxT9LVsVszwg9llv7N-imHg&oe=674BA43C&_nc_sid=4e3341', 'post_datetime': '2024-11-26 18:33:35', 'post_description': '코로나 사태 이후, 우리를 둘러싼 환경은 더욱 빠르게 바뀌고 있다. 결국은 이러한 트렌드 변화를 누가 어떻게 대응하느냐에 따라, 서서히 주저앉을 수도 혹은 빠르게 도약할 수도 있다. 우리가 반드시 ‘지켜야’ 할 소중한 것들이 많겠지만, 불가피하게 한쪽을 선택해야 한다면, ‘바꾸다’를 선택해야 하는 시대를 우리는 살게 됐다. - <트렌드 코리아 2025>, 김난도, 전미영, 최지혜, 권정윤, 한다혜, 이혜원, 이준영, 이향은, 추예린, 전다현 지음 - 밀리의 서재 https://www.millie.co.kr/v3/bookDetail/c5c19cf719fe4693'}, {'user_id': 'euiclee.books', 'posts_count': '148', 'post_text': 'Photo by 유클리책장 | 📚 매일매일 독서기록 on November 26, 2024. 사진 설명이 없습니다..', 'post_image': 'https://scontent-ssn1-1.cdninstagram.com/v/t39.30808-6/467782281_518015551387711_5686953018978231679_n.jpg?stp=dst-jpg_e35_tt6&efg=eyJ2ZW5jb2RlX3RhZyI6ImltYWdlX3VybGdlbi4xMDAweDEwMDAuc2RyLmYzMDgwOC5kZWZhdWx0X2ltYWdlIn0&_nc_ht=scontent-ssn1-1.cdninstagram.com&_nc_cat=107&_nc_ohc=RmFSHxWPojMQ7kNvgFM_YNF&_nc_gid=aa8adb3ba767446da766ffe1d39397cf&edm=AONqaaQAAAAA&ccb=7-5&ig_cache_key=MzUwOTgxMzYzNDYxNjM4Njg3MA%3D%3D.3-ccb7-5&oh=00_AYCLu1gzfxXw2w5MmZZieYQyJrABEE41CPdI3tJcclpOiQ&oe=674BA7AF&_nc_sid=4e3341', 'post_datetime': '2024-11-26 21:00:13', 'post_description': "🖋️ 나이가 들어 무언가를 배우고 멋진 노인이 되는 것이 아니라 젊었을 때부터 멋진 사람이 나이가 들어서도 멋진 노인이 된다는 것.\n\n'책을 읽어서 지식을 얻고, 여행을 가서 행동하면 지식이 지혜로 바뀌고, 다른 사람의 험담을 하지 않는 것은 인격을 드러낸다.' 멋진 사람이 되기 위해, 성숙한 사람이 되기 위해서 이 세가지는 가장 먼저 해야 하는 것들이 아닐까 작가는 이야기 한다.\n\n인간은 죽음을 향해 살아가고 있다는 것을 아는 유일한 동물이다. 하지만 인간은 한순간, 한순간 귀중한 시간을 지나 언젠가 끝이 온다는 것을 알면서도 쓸데없이 시간을 낭비하고, 생을 당연한 일처럼 여기며, 죽음에 가까워지고 있다는 것도 의식하지 않고 살고있다. 죽음을 '언젠가 일어날 일'이라고 막연하게 생각하고 있는 것이다.\n\n성숙한 어른, 멋진 어른이 되려면 단순히 시간이 흘러가기만 기다리는 것이 아니라. 지금부터 멋진 사람이 되기 위해 노력해야 하지 않을까 생각한다.\n\n📗#어른이되어보니보이는것들 #코이케가즈오 #다른상상\n\n🔖 #독서 #북스타그램 #책 #독서스타그램 #책스타그램 #책리뷰 #책추천 #유클리 #유클리책장 #어른"}, {'user_id': 'ai.gi.book', 'posts_count': '207', 'post_text': 'Photo by @ai.gi.book on November 25, 2024. 텍스트의 이미지일 수 있음.', 'post_image': 'https://scontent-ssn1-1.cdninstagram.com/v/t51.29350-15/468496685_1102274981441717_995786319236755411_n.jpg?stp=dst-jpg_e35&efg=eyJ2ZW5jb2RlX3RhZyI6ImltYWdlX3VybGdlbi4xNDQweDE4MDAuc2RyLmYyOTM1MC5kZWZhdWx0X2ltYWdlIn0&_nc_ht=scontent-ssn1-1.cdninstagram.com&_nc_cat=105&_nc_ohc=ymgaA73-_1UQ7kNvgF99ehQ&_nc_gid=319e7330357a4f0d9fcc458581562a30&edm=AONqaaQBAAAA&ccb=7-5&ig_cache_key=MzUwOTUzNjI3MTQyNzc3NjEwMw%3D%3D.3-ccb7-5&oh=00_AYAVsu8JmcddTyHBS8PYkj8b_xmGfU9_JZXLotb2AG80BQ&oe=674BBCD3&_nc_sid=4e3341', 'post_datetime': '2024-11-26 11:49:07', 'post_description': '나발 레비칸트'}]
CSV 파일에 데이터 저장 중...
CSV 파일에 데이터 저장 완료
성공/실패 평가 중...
성공한 사람: ['terrys_reading', 'rdnmgo', '42lines_', 'euiclee.books', 'ai.gi.book']
실패한 사람: []
요약 이미지 생성 중...
요약 이미지 생성 완료
이미지 업로드 시작...
사진 업로드 중...
새 게시물 버튼 클릭 완료
다음 버튼 클릭 중...
다음 버튼 클릭 완료
다음 버튼 클릭 중...
다음 버튼 클릭 완료
성공/실패 평가 중...
성공한 사람: ['terrys_reading', 'rdnmgo', '42lines_', 'euiclee.books', 'ai.gi.book']
실패한 사람: []
설명 입력 중...
설명 입력 완료
게시물 공유 중...
게시물 공유 완료
사진 업로드 완료
이미지 업로드 완료
드라이버 종료
프로그램 시작
드라이버 설정 중...
드라이버 설정 완료
인스타그램 로그인 시도 중...
로그인 정보 입력 완료
로그인 정보 저장 버튼 클릭 중...
로그인 정보 저장 버튼 클릭 완료
정보 수집 시작...
terrys_reading의 정보 수집 중...
terrys_reading의 게시물에 '더 보기' 버튼 없음
좋아요 버튼을 클릭했습니다.
terrys_reading의 정보 수집 완료
rdnmgo의 정보 수집 중...
rdnmgo의 게시물에 '더 보기' 버튼 없음
좋아요 버튼을 클릭했습니다.
rdnmgo의 정보 수집 완료
42lines_의 정보 수집 중...
42lines_의 게시물에 '더 보기' 버튼 없음
좋아요 버튼을 클릭했습니다.
42lines_의 정보 수집 완료
euiclee.books의 정보 수집 중...
euiclee.books의 게시물에 '더 보기' 버튼 없음
좋아요 버튼을 클릭했습니다.
euiclee.books의 정보 수집 완료
ai.gi.book의 정보 수집 중...
ai.gi.book의 게시물에 '더 보기' 버튼 없음
좋아요 버튼을 클릭했습니다.
ai.gi.book의 정보 수집 완료
정보 수집 완료
[{'user_id': 'terrys_reading', 'posts_count': '138', 'post_text': "Photo by @terrys_reading on November 27, 2024. 돈, 책, 잡지 및 문구: '매일 조금씩 더 지혜롭고 부유하게 사는 법 투자도 인생도 복리처럼 처럼 가무담 가우담바이드지든 김상우육김 모든 투자자가 읽어야 합. 책- 모닝스타 가치투자의산실 산실 걸럼비아 비즈니스 스물' 출간 도서 김현준, 정채진, 숙향, 박성진등 국내외 주식투자 셀럽 극찬!! THE JOYS OF COMPOUNDING AI100ZA 부크으 BOOn'의 이미지일 수 있음.", 'post_image': 'https://scontent-ssn1-1.cdninstagram.com/v/t51.29350-15/468576290_918224546565056_1352729093773259725_n.jpg?stp=dst-jpg_e35&efg=eyJ2ZW5jb2RlX3RhZyI6ImltYWdlX3VybGdlbi4xNDQweDE0NDAuc2RyLmYyOTM1MC5kZWZhdWx0X2ltYWdlIn0&_nc_ht=scontent-ssn1-1.cdninstagram.com&_nc_cat=108&_nc_ohc=FgMxIydJLXUQ7kNvgE_ysmS&_nc_gid=6b481b6c96754545979206fe27d8db8e&edm=AONqaaQBAAAA&ccb=7-5&ig_cache_key=MzUxMDYxOTQyNjIwNDc2Nzc0MA%3D%3D.3-ccb7-5&oh=00_AYDEyol6HvJTvrKJEmiCNP38okjqf3C_7plTzideKup0xg&oe=674D0570&_nc_sid=4e3341', 'post_datetime': '2024-11-27 23:41:09', 'post_description': '성공적인 투자자와 그저 그런 투자자를 구분해 주는 것은 열정이 다. 진정 열정적인 투자자가 된다는 것은 세상의 미래와 그 방향에 대 해 항상 생각하고 있다는 것을 의미한다. 또한 주변의 모든 것을 항상 열심히 관찰하고 있다는 것을 의미한다.\n\n투자는 단순히 부를 창조하는 과정이 아니다. 진정으로 열정적인 투자자에게 투자는 커다란 행복과 순수한 지적 기쁨의 원천이다. 삶 에 열정적인 것은 훌륭한 일이지만, 우리가 통제할 수 있는 것들에 한 해 그러는 것이 현명하다. 그렇지 않으면 나쁜 결과가 발생해 실망할 수도 있다.'}, {'user_id': 'rdnmgo', 'posts_count': '149', 'post_text': 'Photo by @rdnmgo on November 27, 2024. 사람 1명, 책, 잡지, 포스터 및 텍스트의 만화일 수 있음.', 'post_image': 'https://scontent-ssn1-1.cdninstagram.com/v/t51.29350-15/468442670_1479596679370540_8211750948964678962_n.jpg?stp=dst-jpg_e15_tt6&efg=eyJ2ZW5jb2RlX3RhZyI6ImltYWdlX3VybGdlbi42MTJ4NjEyLnNkci5mMjkzNTAuZGVmYXVsdF9pbWFnZSJ9&_nc_ht=scontent-ssn1-1.cdninstagram.com&_nc_cat=104&_nc_ohc=WG--Nz2rUEoQ7kNvgGLV7nj&_nc_gid=a0417cfbb6894bb8b4fe84fe2e3aa33a&edm=AONqaaQBAAAA&ccb=7-5&ig_cache_key=MzUxMDUwMzExOTIzMjIxMzk1MA%3D%3D.3-ccb7-5&oh=00_AYCqeKh08c5dbiS61AC0h5IX7iiQm3PHIW9RKypapWnPGw&oe=674D10E7&_nc_sid=4e3341', 'post_datetime': '2024-11-27 19:50:04', 'post_description': '다음은 개인 이야기나 기업 설립자 이야기를 만들기 위해 스토리의 뼈대를 어떻게 활용할 수 있는지 보여주는 사례다.\n\n#### 월트 디즈니\n\n옛날에 1901년 월터 엘리아스 디즈니(Walter Elias Disney)가 일리노이주 시카고의 어느 가난한 집 넷째 아들로 태어났다. 월터의 가족은 근면과 엄격한 규율을 따르는 가정이었다.\n\n매일 월트는 신문 배달과 학교 수업, 온갖 자질구레한 일을 마치고 나서 만화를 그렸다.\n\n그러던 어느 날, 학교 친구를 통해 보드빌(vaudeville, 노래·춤·촌극 등을 엮은 오락 연예로 버라이어티 쇼와 비슷한 개념＿옮긴이)과 모션 픽처(motion picture)의 세계를 알게 되면서 그의 인생이 180도 바뀐다.\n\n그래서 고등학생 시절 월트는 캔자스 시티 미술원(Kansas City Art Institute)에서 토요일마다 미술과 만화 작화 과정을 배운다.\n\n그래서 만화가를 직업으로 삼기로 결심하고 몇 편의 단편 애니메이션을 만들었지만, 비즈니스 세계의 초년생인데다가 저작권 개념에도 어두웠던 탓에 작품들을 빼앗겼다.\n\n그래서 비즈니스에 밝은 형 로이와 손을 잡고 월트 디즈니 컴퍼니에서 만든 모든 캐릭터와 스토리의 저작권을 보호하고 창의성을 지킬 수 있게 된다.\n\n마침내 그는 미키 마우스를 창조한다. 미키 마우스는 세계적인 성공을 거두었고 이에 힘입어 최초의 유성 애니메이션 《증기선 윌리(Steamboat Willie)》와 최초의 장편 컬러 애니메이션 《백설공주》(1937)을 만들게 된다.\n\n그날 이후 월트 디즈니 컴퍼니는 살아 움직이는 액션이 있는 애니메이션과 연령대를 초월해 모두가 즐길 수 있는 테마파크를 만들어 세계적으로 사랑받는 브랜드가 된다.'}, {'user_id': '42lines_', 'posts_count': '149', 'post_text': 'Photo by @42lines_ on November 26, 2024. 사람 1명, 잡지, 포스터, 책 및 텍스트의 이미지일 수 있음.', 'post_image': 'https://scontent-ssn1-1.cdninstagram.com/v/t51.29350-15/468502344_2024649581332480_4086006110223777381_n.jpg?stp=dst-jpg_e15_tt6&efg=eyJ2ZW5jb2RlX3RhZyI6ImltYWdlX3VybGdlbi4xMDgweDEwODAuc2RyLmYyOTM1MC5kZWZhdWx0X2ltYWdlIn0&_nc_ht=scontent-ssn1-1.cdninstagram.com&_nc_cat=104&_nc_ohc=tCQlSWi-gx0Q7kNvgHOFMlg&_nc_gid=31fe4be7c09e46ea8613a66687be9701&edm=AONqaaQBAAAA&ccb=7-5&ig_cache_key=MzUxMDI3MDE1OTIzNDI0NDQ4MQ%3D%3D.3-ccb7-5&oh=00_AYBUojOXwkvDChGeV1ScOLXyiGQiSWP1B_gD5__CbUtmjA&oe=674D0C8A&_nc_sid=4e3341', 'post_datetime': '2024-11-27 12:07:13', 'post_description': '인구와 문화의 국제적인 이동성이 커지면서 ‘한국적 K’의 개념이 변화하는 ‘그라데이션K’, 기후 변화로 삶의 방식은 물론이고 산업과 정책마저 바꾸도록 만들고 있는 지구온난화 시대의 ‘기후감수성’, 가상 기술에 대한 반작용으로 나타나는 소비자의 감각 경험 선호에 따른 ‘물성매력’, 기술의 어포던스affordance를 높이기 위해 인간화되는 ‘페이스테크’, 시장 생태계가 갈수록 개방화하며 함께 진화해나갈 수 있는 경향성을 지적한 ‘공진화 전략’이 2025년에 선보이는 거시적 트렌드다. - <트렌드 코리아 2025>, 김난도, 전미영, 최지혜, 권정윤, 한다혜, 이혜원, 이준영, 이향은, 추예린, 전다현 지음 - 밀리의 서재 https://www.millie.co.kr/v3/bookDetail/c5c19cf719fe4693'}, {'user_id': 'euiclee.books', 'posts_count': '149', 'post_text': 'Photo by 유클리책장 | 📚 매일매일 독서기록 on November 27, 2024. 텍스트의 이미지일 수 있음.', 'post_image': 'https://scontent-ssn1-1.cdninstagram.com/v/t39.30808-6/468550348_518880017967931_3711405983777026693_n.jpg?stp=dst-jpg_e35&efg=eyJ2ZW5jb2RlX3RhZyI6ImltYWdlX3VybGdlbi4xMDAweDEwMDAuc2RyLmYzMDgwOC5kZWZhdWx0X2ltYWdlIn0&_nc_ht=scontent-ssn1-1.cdninstagram.com&_nc_cat=107&_nc_ohc=-WDCtEGnDLwQ7kNvgHM0U6F&_nc_gid=b95eff0c74f444dcb44333707c0d6575&edm=AONqaaQAAAAA&ccb=7-5&ig_cache_key=MzUxMDUzODUxMTA4NzYzMzAyNw%3D%3D.3-ccb7-5&oh=00_AYCzrfqb1pq7ILu_uNdykhGnRuvcT_P7tuIGaAKyymAFpA&oe=674CEDC3&_nc_sid=4e3341', 'post_datetime': '2024-11-27 21:00:24', 'post_description': '🖋️ 투자에 있어서 가장 큰 적은 두려움이 맞는 것 같다. 수수료에 관한 이야기는 책을 더 읽어봐야 함이 맞겠지만, 두려움은 확실하다.\n\n주식이 오르면 사고 싶고, 떨어지면 팔고 싶은 것이 어쩔 수 없는 심리이다. 하지만 그 반대로 해야 손실이 없다는 것은 누구나 아는 사실이다.\n\n그 바탕에는 본인의 확실한 판단이 있어야 하지만, 그렇지 못하면 두려울 수 밖에 없다. 돈 공부는 너무 복잡하다. 하지만 살아가면서 반드시 해야할 공부 중의 하나가 돈 공부가 아닐까 싶다.\n\n📗#흔들리지않는돈의법칙 #토니로빈스 #RHK\n\n🔖 #독서 #북스타그램 #책 #독서스타그램 #책스타그램 #책리뷰 #책추천 #유클리 #유클리책장 #돈 #투자 #두려움 #주식'}, {'user_id': 'ai.gi.book', 'posts_count': '208', 'post_text': 'Photo by @ai.gi.book on November 26, 2024. 텍스트의 이미지일 수 있음.', 'post_image': 'https://scontent-ssn1-1.cdninstagram.com/v/t51.29350-15/468457443_1553782558577850_962905019693493535_n.jpg?stp=dst-jpg_e35_tt6&efg=eyJ2ZW5jb2RlX3RhZyI6ImltYWdlX3VybGdlbi4xNDQweDE4MDAuc2RyLmYyOTM1MC5kZWZhdWx0X2ltYWdlIn0&_nc_ht=scontent-ssn1-1.cdninstagram.com&_nc_cat=106&_nc_ohc=LJm8U5gVSG4Q7kNvgFfN7DG&_nc_gid=5fd169ee39fd46e2aa76b60c3c718352&edm=AONqaaQBAAAA&ccb=7-5&ig_cache_key=MzUxMDIyMjQ5NTEzODIxNTI2OQ%3D%3D.3-ccb7-5&oh=00_AYC-p3gUYnJfHeB0rMc5B9Auo0gVEaMsM0bHlR-djSYIHA&oe=674CFB8F&_nc_sid=4e3341', 'post_datetime': '2024-11-27 10:32:31', 'post_description': '나발 레비칸트'}]
CSV 파일에 데이터 저장 중...
CSV 파일에 데이터 저장 완료
성공/실패 평가 중...
성공한 사람: ['terrys_reading', 'rdnmgo', '42lines_', 'euiclee.books', 'ai.gi.book']
실패한 사람: []
요약 이미지 생성 중...
요약 이미지 생성 완료
이미지 업로드 시작...
사진 업로드 중...
새 게시물 버튼 클릭 완료
다음 버튼 클릭 중...
다음 버튼 클릭 완료
다음 버튼 클릭 중...
다음 버튼 클릭 완료
성공/실패 평가 중...
성공한 사람: ['terrys_reading', 'rdnmgo', '42lines_', 'euiclee.books', 'ai.gi.book']
실패한 사람: []
설명 입력 중...
설명 입력 완료
게시물 공유 중...
게시물 공유 완료
사진 업로드 완료
이미지 업로드 완료
드라이버 종료
프로그램 시작
드라이버 설정 중...
드라이버 설정 완료
인스타그램 로그인 시도 중...
로그인 정보 입력 완료
로그인 정보 저장 버튼 클릭 중...
로그인 정보 저장 버튼 클릭 완료
정보 수집 시작...
terrys_reading의 정보 수집 중...
terrys_reading의 게시물에 '더 보기' 버튼 없음
좋아요 버튼을 클릭했습니다.
terrys_reading의 정보 수집 완료
rdnmgo의 정보 수집 중...
rdnmgo의 게시물에 '더 보기' 버튼 없음
좋아요 버튼을 클릭했습니다.
rdnmgo의 정보 수집 완료
42lines_의 정보 수집 중...
42lines_의 게시물에 '더 보기' 버튼 없음
좋아요 버튼을 클릭했습니다.
42lines_의 정보 수집 완료
euiclee.books의 정보 수집 중...
euiclee.books의 게시물에 '더 보기' 버튼 없음
좋아요 버튼을 클릭했습니다.
euiclee.books의 정보 수집 완료
ai.gi.book의 정보 수집 중...
ai.gi.book의 게시물에 '더 보기' 버튼 없음
좋아요 버튼을 클릭했습니다.
ai.gi.book의 정보 수집 완료
정보 수집 완료
[{'user_id': 'terrys_reading', 'posts_count': '139', 'post_text': 'Photo by @terrys_reading on November 28, 2024. 일기장, 스케치, 책 및 텍스트의 이미지일 수 있음.', 'post_image': 'https://scontent-ssn1-1.cdninstagram.com/v/t51.29350-15/468726745_1542060216449465_4997159571110755611_n.jpg?stp=dst-jpegr_e35&efg=eyJ2ZW5jb2RlX3RhZyI6ImltYWdlX3VybGdlbi4xNDQweDE4MDAuaGRyLmYyOTM1MC5kZWZhdWx0X2ltYWdlIn0&_nc_ht=scontent-ssn1-1.cdninstagram.com&_nc_cat=105&_nc_ohc=5sJ79KpT6ZMQ7kNvgHMVq_Y&_nc_gid=8cb9eb691deb42c89a10bd7bc0d4c3e1&edm=AP4sbd4BAAAA&ccb=7-5&ig_cache_key=MzUxMTM1MzIxODk2MzU2ODU1NA%3D%3D.3-ccb7-5&oh=00_AYALep8tPIDz06kUVvtw1wiHgyqhtSe3a6DEZU6rf1bwZg&oe=674E4241&_nc_sid=7a9f4b', 'post_datetime': '2024-11-28 23:59:04', 'post_description': '호명 사회, 시뮬레이션, 핵 개인화.\n\n결국 집단에서 개인으로 힘이 옮겨간다.\n\n미래에 대한 불안으로 타인의 경험을 통해 시뮬레이션 하려 하지만 이는 도전을 주저하게 한다. 과도한 시뮬레이션이 문제가 되고 있다.'}, {'user_id': 'rdnmgo', 'posts_count': '150', 'post_text': 'Photo by @rdnmgo on November 28, 2024. 사람 1명, 책, 잡지, 포스터 및 텍스트의 만화일 수 있음.', 'post_image': 'https://scontent-ssn1-1.cdninstagram.com/v/t51.29350-15/468820887_461043953297817_3833373420611007815_n.jpg?stp=dst-jpg_e15&efg=eyJ2ZW5jb2RlX3RhZyI6ImltYWdlX3VybGdlbi42MTJ4NjEyLnNkci5mMjkzNTAuZGVmYXVsdF9pbWFnZSJ9&_nc_ht=scontent-ssn1-1.cdninstagram.com&_nc_cat=109&_nc_ohc=Z6xwOmGplxkQ7kNvgFfEn_k&_nc_gid=312eb87adef04157816a360cb6a428d8&edm=AONqaaQBAAAA&ccb=7-5&ig_cache_key=MzUxMTMzMzk4MDYxMzY2Mjc0OQ%3D%3D.3-ccb7-5&oh=00_AYBAZcAJiGE2dgMxVyfwt-FsO1Z7m46fiQjI8n_Zlq9SFw&oe=674E4233&_nc_sid=4e3341', 'post_datetime': '2024-11-28 23:20:50', 'post_description': '#### 가상의 자율 주행 자동차 업체\n\n옛날에 자동차가 발명되면서 직장에 가거나 가족을 만나거나 여행을 다닐 때 여러 지역을 훨씬 빠르고 효율적으로 이동할 수 있었다.\n\n매일 더 많은 자동차가 만들어졌고, 더 많은 자동차가 팔렸고, 더 많은 도로가 깔렸고, 더 많은 사람이 자동차에 의지했다. 기업은 온갖 제품을 자동차로 운송했다. 심지어 자동차도 자동차로 운송했다! 새로운 기술이 발전하면서 자동차의 속도와 안전성이 향상되었고, 세상은 점점 더 가깝게 연결되었다.\n\n그러던 어느 날부터 세상에는 너무 많은 자동차가 생겨났다. 이에 따라 교통 체증, 유독한 매연, 교통사고도 늘어났다. 2013년, 전 세계에서 자동차 사고로 사망한 사람 숫자는 약 125만 명이다. 미국에서 일어난 사고만 해도 3만 2,675건에 이르고, 사고의 94%가 인간의 실수 때문에 벌어졌다. 무언가 개선이 필요했다.\n\n그래서 각 분야의 과학자, 공학자, 리더 들이 해결책을 찾는 데 골몰했다.\n\n그래서 컴퓨터 기술과 소프트웨어가 등장하게 되었다. 이는 음주 운전, 부주의한 운전, 운전 중 피로 등 인간의 실수로 인한 비극을 줄이는 데 보탬이 되었다.\n\n하지만 정부 규제, 자동차 보험, 자율 주행의 안전성에 대한 대중의 신뢰 확보 등 풀어야 할 여러 과제가 있었다.\n\n마침내 [기업명]은 [제품명]을 만들어 필요한 모든 실험을 마쳤고, 안전성과 이동성을 향상시킨 새로운 고성능 자율 주행 기술을 선보이게 되었다.\n\n오늘 이후 우리 [기업명]은 사람과 물건을 이곳에서 저곳으로 더 안전하고 더 빠르고 더 쉽게 이동할 수 있는 자율 주행 자동차 개발에 끊임없이 지평을 넓혀갈 것이다.'}, {'user_id': '42lines_', 'posts_count': '150', 'post_text': 'Photo by @42lines_ on November 27, 2024. 사람 1명, 잡지, 포스터, 책 및 텍스트의 이미지일 수 있음.', 'post_image': 'https://scontent-ssn1-1.cdninstagram.com/v/t51.29350-15/468628516_600334709102324_3511861067089188210_n.jpg?stp=dst-jpg_e15_tt6&efg=eyJ2ZW5jb2RlX3RhZyI6ImltYWdlX3VybGdlbi4xMDgweDEwODAuc2RyLmYyOTM1MC5kZWZhdWx0X2ltYWdlIn0&_nc_ht=scontent-ssn1-1.cdninstagram.com&_nc_cat=108&_nc_ohc=z3GsFs06essQ7kNvgGfqumO&_nc_gid=c08e286abbb946abb3b04dc878e5c21c&edm=AP4sbd4BAAAA&ccb=7-5&ig_cache_key=MzUxMTA5MDQ1NjQwNTI0OTExMQ%3D%3D.3-ccb7-5&oh=00_AYADHcATmLr9bHcmF949nj0YMDw_8pT3_GrmXTacEMQseg&oe=674E6B4A&_nc_sid=7a9f4b', 'post_datetime': '2024-11-28 15:17:00', 'post_description': '개인적인 느낌이겠지만, 요즘 주변에 의기소침한 사람들이 많다. 청년이든 중년이든 나이를 불문하고 그렇다. 꼭 취직이 어렵거나 사업이 힘들어서만은 아니다. 기대는 높아졌는데, 현실은 녹록지 않아서 그런 것 같다. 우리가 매일 들여다보는 스마트폰 너머에는 멋진 것들로만 가득한데, 내 하루하루는 비루하기 짝이 없다. 옛날보다 삶의 수준은 더 나아졌는데 마음이 오히려 더 침울해진 것은 바로 이 때문이다. 우리는 비교를 너무 많이 한다 - <트렌드 코리아 2025>, 김난도, 전미영, 최지혜, 권정윤, 한다혜, 이혜원, 이준영, 이향은, 추예린, 전다현 지음 - 밀리의 서재 https://www.millie.co.kr/v3/bookDetail/c5c19cf719fe4693'}, {'user_id': 'euiclee.books', 'posts_count': '150', 'post_text': 'Photo by 유클리책장 | 📚 매일매일 독서기록 on November 28, 2024. 텍스트의 이미지일 수 있음.', 'post_image': 'https://scontent-ssn1-1.cdninstagram.com/v/t39.30808-6/468667715_519746271214639_1971526442715387149_n.jpg?stp=dst-jpg_e35&efg=eyJ2ZW5jb2RlX3RhZyI6ImltYWdlX3VybGdlbi4xMDAweDEwMDAuc2RyLmYzMDgwOC5kZWZhdWx0X2ltYWdlIn0&_nc_ht=scontent-ssn1-1.cdninstagram.com&_nc_cat=107&_nc_ohc=VZiMCMv1BAMQ7kNvgG0qOix&_nc_gid=d3149226e16549799d09049dfc75c38d&edm=AONqaaQAAAAA&ccb=7-5&ig_cache_key=MzUxMTI2MzMwMjQ4MDgzNDIwOA%3D%3D.3-ccb7-5&oh=00_AYCWNsoxROI-ViQOSIJqIh3cKdDHBFbFOrZL1yrDe-WceA&oe=674E516E&_nc_sid=4e3341', 'post_datetime': '2024-11-28 21:00:26', 'post_description': '🖋️ 겨울이 닥쳐와도 기다리면 봄은 반드시 온다.\n\n기업 수익이 증가하고 노동자들의 효율성과 생산선이 향상되고 인구가 증가하고 새로운 혁신 기술이 발전할수록 주가는 계속해서 상승한다. 물론 이 책에서는 미국 주식을 한정지어서 말하고 있다.\n\n수입만으로는 재정적 자유를 얻을 수 없다. 부자가 되는 진정한 길은 자산의 일부를 투자하여 오랜 기간 동안 복리로 불리는 데 있다. 그것이 바로 아무것도 하지 않고 부자가 되는 길이다. 돈의 노예가 아니라 돈의 주인이 되는 길, 진정한 재정적 자유를 이륙하는 방법이다.\n\n📗#흔들리지않는돈의법칙 #토니로빈스 #RHK\n\n🔖 #독서 #북스타그램 #책 #독서스타그램 #책스타그램 #책리뷰 #책추천 #유클리 #유클리책장 #돈 #투자 #주식 #복리'}, {'user_id': 'ai.gi.book', 'posts_count': '209', 'post_text': 'Photo by @ai.gi.book on November 28, 2024. 텍스트의 이미지일 수 있음.', 'post_image': 'https://scontent-ssn1-1.cdninstagram.com/v/t51.29350-15/468578467_1827494864655529_5059357714179249180_n.jpg?stp=dst-jpg_e35_tt6&efg=eyJ2ZW5jb2RlX3RhZyI6ImltYWdlX3VybGdlbi4xNDQweDE4MDAuc2RyLmYyOTM1MC5kZWZhdWx0X2ltYWdlIn0&_nc_ht=scontent-ssn1-1.cdninstagram.com&_nc_cat=101&_nc_ohc=JssQXrYdJPUQ7kNvgF7WDCT&_nc_gid=9695a37fdf7747029c12ea6eb1c83463&edm=AONqaaQBAAAA&ccb=7-5&ig_cache_key=MzUxMTMyNzIzMjQ1MzI0NDQwNA%3D%3D.3-ccb7-5&oh=00_AYDLC_g-6S85a-nCeg758yE35_2gGu0P21iAhmmDNNShbw&oe=674E5FD5&_nc_sid=4e3341', 'post_datetime': '2024-11-28 23:07:26', 'post_description': '나발 레비칸트'}]
CSV 파일에 데이터 저장 중...
CSV 파일에 데이터 저장 완료
성공/실패 평가 중...
성공한 사람: ['terrys_reading', 'rdnmgo', '42lines_', 'euiclee.books', 'ai.gi.book']
실패한 사람: []
요약 이미지 생성 중...
요약 이미지 생성 완료
이미지 업로드 시작...
사진 업로드 중...
새 게시물 버튼 클릭 완료
다음 버튼 클릭 중...
다음 버튼 클릭 완료
다음 버튼 클릭 중...
다음 버튼 클릭 완료
성공/실패 평가 중...
성공한 사람: ['terrys_reading', 'rdnmgo', '42lines_', 'euiclee.books', 'ai.gi.book']
실패한 사람: []
설명 입력 중...
설명 입력 완료
게시물 공유 중...
게시물 공유 완료
사진 업로드 완료
이미지 업로드 완료
드라이버 종료
프로그램 시작
드라이버 설정 중...
드라이버 설정 완료
인스타그램 로그인 시도 중...
로그인 정보 입력 완료
로그인 정보 저장 버튼 클릭 중...
로그인 정보 저장 버튼 클릭 완료
정보 수집 시작...
terrys_reading의 정보 수집 중...
terrys_reading: 데이터 수집 실패 - Message: no such element: Unable to locate element: {"method":"xpath","selector":"//*[contains(text(), "게시물")]//span"}
  (Session info: chrome=128.0.6613.114); For documentation on this error, please visit: https://www.selenium.dev/documentation/webdriver/troubleshooting/errors#no-such-element-exception
Stacktrace:
0   chromedriver                        0x000000010849c338 chromedriver + 5096248
1   chromedriver                        0x0000000108493b6a chromedriver + 5061482
2   chromedriver                        0x000000010801efd0 chromedriver + 389072
3   chromedriver                        0x000000010806b9ab chromedriver + 702891
4   chromedriver                        0x000000010806ba81 chromedriver + 703105
5   chromedriver                        0x00000001080afcd4 chromedriver + 982228
6   chromedriver                        0x000000010808ff1d chromedriver + 851741
7   chromedriver                        0x00000001080ad250 chromedriver + 971344
8   chromedriver                        0x000000010808fc93 chromedriver + 851091
9   chromedriver                        0x000000010805ec79 chromedriver + 650361
10  chromedriver                        0x000000010805f49e chromedriver + 652446
11  chromedriver                        0x000000010845f0b0 chromedriver + 4845744
12  chromedriver                        0x0000000108463fc8 chromedriver + 4865992
13  chromedriver                        0x0000000108464695 chromedriver + 4867733
14  chromedriver                        0x0000000108441ce9 chromedriver + 4725993
15  chromedriver                        0x0000000108464989 chromedriver + 4868489
16  chromedriver                        0x0000000108433c04 chromedriver + 4668420
17  chromedriver                        0x0000000108483e68 chromedriver + 4996712
18  chromedriver                        0x0000000108484067 chromedriver + 4997223
19  chromedriver                        0x000000010849376e chromedriver + 5060462
20  libsystem_pthread.dylib             0x00007fff71f4f109 _pthread_start + 148
21  libsystem_pthread.dylib             0x00007fff71f4ab8b thread_start + 15

rdnmgo의 정보 수집 중...
rdnmgo의 게시물에 '더 보기' 버튼 없음
좋아요 버튼을 클릭했습니다.
rdnmgo의 정보 수집 완료
42lines_의 정보 수집 중...
42lines_의 게시물에 '더 보기' 버튼 없음
좋아요 버튼을 클릭했습니다.
42lines_의 정보 수집 완료
euiclee.books의 정보 수집 중...
euiclee.books의 게시물에 '더 보기' 버튼 없음
좋아요 버튼을 클릭했습니다.
euiclee.books의 정보 수집 완료
ai.gi.book의 정보 수집 중...
ai.gi.book의 게시물에 '더 보기' 버튼 없음
좋아요 버튼을 클릭했습니다.
ai.gi.book의 정보 수집 완료
정보 수집 완료
[{'user_id': 'rdnmgo', 'posts_count': '151', 'post_text': "Photo by @rdnmgo on November 29, 2024. 사람 1명, 책, 잡지, 포스터 및 문구: '매듀론재81박여진올검 PIXAR PIX STORYTELLING 픽사 스토리렐링 고객의 마음을 사로잡는 9가지 스토리 스토리법칙 법칙 구글, 디즈니, 레고, 넷플릭스가 릭스가 찾는 스토리텔링 마스터 매류 문의 실전 바이블 폭사 20년 경력 스토리제적자희 스토리 제작자의 액싱 비법 수록 네이버, 카카오 디즈니코리아 인플루언서추천 추천 2021 올해의 강연자 TOP TOP20 20 (BigSpeak)'의 만화일 수 있음.", 'post_image': 'https://scontent-ssn1-1.cdninstagram.com/v/t51.29350-15/468910210_1642633643013899_6763061894731323823_n.jpg?stp=dst-jpg_e15&efg=eyJ2ZW5jb2RlX3RhZyI6ImltYWdlX3VybGdlbi42MTJ4NjEyLnNkci5mMjkzNTAuZGVmYXVsdF9pbWFnZSJ9&_nc_ht=scontent-ssn1-1.cdninstagram.com&_nc_cat=111&_nc_ohc=7BiGYd609hEQ7kNvgFTWmKs&_nc_gid=667a64f3739148d1bfeb966645808bf9&edm=AONqaaQBAAAA&ccb=7-5&ig_cache_key=MzUxMTkzNzk5MDY4OTI5NDM1MA%3D%3D.3-ccb7-5&oh=00_AYDUdaBA441ktitspNvZ4rDyzTuf201gvSEszTayLFwwsQ&oe=674F9DD7&_nc_sid=4e3341', 'post_datetime': '2024-11-29 19:20:54', 'post_description': '다음은 스토리의 뼈대를 활용한 마지막 사례다. 어떤 기업이나 제품, 서비스를 통해 긍정적 영향을 받은 사람 또는 집단의 스토리를 전하는 방법을 보여준다.\n\n#### 제프리스 토이즈\n\n옛날에 우리 증조할아버지 내외분이 잡화점을 열었다.\n\n매일 두 분은 손님들에게 다양한 제품을 판매했다.\n\n그러던 어느 날 한 여성이 당황한 얼굴로 가게에 들어왔다. 여성은 남편이 아주 중요한 면접을 봐야 하는데 정장 코트의 단추 하나가 없어졌다고 했다. 남편의 코트에 달린 단추와 똑같은 단추를 서둘러 구해야 했다!\n\n그래서 두 분은 급한 처지에 몰린 여성을 도우려고 온 가게를 헤집으며 단추를 찾기 시작했다. 하지만 똑같은 단추는 없었다.\n\n그래서 두 분은 재고 창고로 들어가 단추들을 뒤졌다. 그러나 창고에도 똑같은 단추는 없었다.\n\n그래서 단추 통이란 단추 통은 모두 진열대에 쏟아 단추를 찾았다. 그래도 단추가 보이지 않았다!\n\n마침내 여성이 소리쳤다. “저거예요! 바로 저 단추예요. 남편 코트 단추와 똑같아요!” 여성은 증조할아버지의 재킷을 가리켰다. 증조할아버지는 한 치의 망설임도 없이 가위로 단추를 잘라 여성에게 주었다. 공짜로 말이다.\n\n그날 이후 여성과 그녀의 가족은 증조할아버지 내외분이 운영하는 잡화점의 단골이 되었고 주변 사람들에게도 입소문을 내주었다.'}, {'user_id': '42lines_', 'posts_count': '151', 'post_text': "Photo by @42lines_ on November 29, 2024. 사람 1명, 잡지, 포스터, 책 및 문구: '2025 대한민국 소비트렌드 전망 김난도 전미영 최지혜 권정을 한다혜 이혜원 이준영 이황은 이하모 추예권 전다현 트렌드 코리아 2025 경계가사라지는 시대, 모든 전제를 원점으로 되돌려라 대한민국 No.1 트렌드서 미라면 SNAKE SENSE 행복에 대한 고정관님이 방복예대한고정관님이무너지는시데. 무녀 시대, 보통의 도동의하무와무해할,1%의상상이서담을및 담을 찾고 하루와 무해합, 1%의 성장에 디지턴의 편리합 속에서 '물성'이 더욱귀해진다. 더욱'의 이미지일 수 있음.", 'post_image': 'https://scontent-ssn1-1.cdninstagram.com/v/t51.29350-15/468792361_1337204480582262_2257721699361676323_n.jpg?stp=dst-jpg_e15&efg=eyJ2ZW5jb2RlX3RhZyI6ImltYWdlX3VybGdlbi4xMDgweDEwODAuc2RyLmYyOTM1MC5kZWZhdWx0X2ltYWdlIn0&_nc_ht=scontent-ssn1-1.cdninstagram.com&_nc_cat=106&_nc_ohc=CmnYMODNWlAQ7kNvgF5JqZN&_nc_gid=4cb150cbd1534e999eb8184704db0f82&edm=AONqaaQBAAAA&ccb=7-5&ig_cache_key=MzUxMTg4ODk0Njg3MDA2MjE1Mg%3D%3D.3-ccb7-5&oh=00_AYCMhJU6knBw-FtMTtsHFmxEC9Q_Q5cZ25USSMs0isvNvw&oe=674F91ED&_nc_sid=4e3341', 'post_datetime': '2024-11-29 17:43:28', 'post_description': '“진정한 고귀함은 남보다 잘 하는 것이 아니라, 과거보다 나아지는 것”이라고 했다. 거창할 필요 없다. 오늘 하루 어제보다 조금 괜찮았던 작은 ‘원포인트’가 있었다면, 그걸로 의미있다. - <트렌드 코리아 2025>, 김난도, 전미영, 최지혜, 권정윤, 한다혜, 이혜원, 이준영, 이향은, 추예린, 전다현 지음 - 밀리의 서재 https://www.millie.co.kr/v3/bookDetail/c5c19cf719fe4693'}, {'user_id': 'euiclee.books', 'posts_count': '151', 'post_text': 'Photo by 유클리책장 | 📚 매일매일 독서기록 on November 29, 2024. 문구: \'"원칙을 \'아는 것\'만으로는 충분하지 않다. 당신이 할 일은 그것을 \'실천\'하는 것이다. 결국 중요한 것은 행동이다." -[든의 -[돈의법칙] 법칙]\'의 이미지일 수 있음.', 'post_image': 'https://scontent-ssn1-1.cdninstagram.com/v/t39.30808-6/468702513_520649534457646_5104913654254083609_n.jpg?stp=dst-jpg_e35&efg=eyJ2ZW5jb2RlX3RhZyI6ImltYWdlX3VybGdlbi4xMDAweDEwMDAuc2RyLmYzMDgwOC5kZWZhdWx0X2ltYWdlIn0&_nc_ht=scontent-ssn1-1.cdninstagram.com&_nc_cat=110&_nc_ohc=14ZZuOA_jawQ7kNvgHmFkXh&_nc_gid=c38683dec22c4006aade1862820f3d2d&edm=AONqaaQAAAAA&ccb=7-5&ig_cache_key=MzUxMTk4ODAwOTMyOTY3MjI2Mw%3D%3D.3-ccb7-5&oh=00_AYDyhiEOj9xUv14Ijp71Yok7TWi5hwr-L6_5HnKvQifF2A&oe=674FC444&_nc_sid=4e3341', 'post_datetime': '2024-11-29 21:00:18', 'post_description': '🖋️ 투자를 하던 아님 다른 것을 하던, 제일 중요한 것은 행동이다.\n\n버핏이 한 이야기가 있다. 첫째 돈을 잃지 말아라. 둘째, 첫 번째 규칙을 잊지 말아라. 최고의 투자자들은 돈을 버는 것에 집중하는 것이 아니라. 우선 돈을 잃지 않는 것에 집중한다고 한다.\n\n또한 보호책을 마련하지 않고 무작정 위험한 일에 뛰어들지 않는다. 어떤 일을 하던 원칙이 존재할 것이고, 누가 봐도 당연히 그래야만 하는 것들이 존재할 것이다.\n\n하지만 머리로만 아는 것과 행동하는 것은 천지차이이다. 늘 실천이 중요하다는 것을 기억하자.\n\n📗#흔들리지않는돈의법칙 #토니로빈스 #RHK\n\n🔖 #독서 #북스타그램 #책 #독서스타그램 #책스타그램 #책리뷰 #책추천 #유클리 #유클리책장 #돈 #투자 #실천 #행동'}, {'user_id': 'ai.gi.book', 'posts_count': '210', 'post_text': 'Photo by @ai.gi.book on November 28, 2024. 텍스트의 이미지일 수 있음.', 'post_image': 'https://scontent-ssn1-1.cdninstagram.com/v/t51.29350-15/468817392_3824980254391221_8089225164043055585_n.jpg?stp=dst-jpg_e35&efg=eyJ2ZW5jb2RlX3RhZyI6ImltYWdlX3VybGdlbi4xNDQweDE4MDAuc2RyLmYyOTM1MC5kZWZhdWx0X2ltYWdlIn0&_nc_ht=scontent-ssn1-1.cdninstagram.com&_nc_cat=109&_nc_ohc=gpvnCW4UMRYQ7kNvgGfehpM&_nc_gid=505f2a991fb24a9f9ed64321e052c973&edm=AP4sbd4BAAAA&ccb=7-5&ig_cache_key=MzUxMTYyMzIyNjkyNzM3MjQxMg%3D%3D.3-ccb7-5&oh=00_AYCJIjbGZjbULGPhOJad3zzyC-u-uASpSd9pcm3fxdofGg&oe=674F8EA8&_nc_sid=7a9f4b', 'post_datetime': '2024-11-29 08:55:31', 'post_description': '나발 래비칸트'}]
CSV 파일에 데이터 저장 중...
CSV 파일에 데이터 저장 완료
성공/실패 평가 중...
성공한 사람: ['rdnmgo', '42lines_', 'euiclee.books', 'ai.gi.book']
실패한 사람: []
요약 이미지 생성 중...
요약 이미지 생성 완료
이미지 업로드 시작...
사진 업로드 중...
새 게시물 버튼 클릭 완료
다음 버튼 클릭 중...
다음 버튼 클릭 완료
다음 버튼 클릭 중...
다음 버튼 클릭 완료
성공/실패 평가 중...
성공한 사람: ['rdnmgo', '42lines_', 'euiclee.books', 'ai.gi.book']
실패한 사람: []
설명 입력 중...
설명 입력 완료
게시물 공유 중...
게시물 공유 완료
사진 업로드 완료
이미지 업로드 완료
드라이버 종료
프로그램 시작
드라이버 설정 중...
드라이버 설정 완료
인스타그램 로그인 시도 중...
로그인 정보 입력 완료
로그인 정보 저장 버튼 클릭 중...
로그인 정보 저장 버튼 클릭 완료
정보 수집 시작...
terrys_reading의 정보 수집 중...
terrys_reading의 게시물에 '더 보기' 버튼 없음
좋아요 버튼을 클릭했습니다.
terrys_reading의 정보 수집 완료
rdnmgo의 정보 수집 중...
rdnmgo의 게시물에 '더 보기' 버튼 없음
좋아요 버튼을 클릭했습니다.
rdnmgo의 정보 수집 완료
42lines_의 정보 수집 중...
42lines_의 게시물에 '더 보기' 버튼 없음
좋아요 버튼을 클릭했습니다.
42lines_의 정보 수집 완료
euiclee.books의 정보 수집 중...
euiclee.books의 게시물에 '더 보기' 버튼 없음
좋아요 버튼을 클릭했습니다.
euiclee.books의 정보 수집 완료
ai.gi.book의 정보 수집 중...
ai.gi.book의 게시물에 '더 보기' 버튼 없음
좋아요 버튼을 클릭했습니다.
ai.gi.book의 정보 수집 완료
정보 수집 완료
[{'user_id': 'terrys_reading', 'posts_count': '141', 'post_text': "Photo by @terrys_reading on November 30, 2024. 일기장, 스케치, 책 및 문구: '្ឆ្តុវ 동곡대학교 돈국대학교승양도서관 출양도서관 승양도시관 MN 1126669'의 이미지일 수 있음.", 'post_image': 'https://scontent-ssn1-1.cdninstagram.com/v/t51.29350-15/468735045_841786934574906_8016262080809432897_n.jpg?stp=dst-jpegr_e35_tt6&efg=eyJ2ZW5jb2RlX3RhZyI6ImltYWdlX3VybGdlbi4xNDQweDE4MDAuaGRyLmYyOTM1MC5kZWZhdWx0X2ltYWdlIn0&_nc_ht=scontent-ssn1-1.cdninstagram.com&_nc_cat=106&_nc_ohc=ec4ZF8GBJeIQ7kNvgHb1xNW&_nc_gid=25bdd6298f424392a9b212b0bd1fedb7&edm=AP4sbd4BAAAA&ccb=7-5&ig_cache_key=MzUxMjgwMTg2ODM2NTE3MTQ0NQ%3D%3D.3-ccb7-5&oh=00_AYBnP0vVihGXUp3O4vCG2fbXZyfxvzbcb7OTucG7P0QkFg&oe=6750FE4D&_nc_sid=7a9f4b', 'post_datetime': '2024-11-30 23:57:16', 'post_description': '도반 같은 책을 읽는 사람들\n\n정보의 폭증은 좋아하는 이들이 모일 수 있는 기반을 마련했다.\n현대 사회에서 모임은 콘텐츠를 중심으로 모이는 경향이 있다.\n이때 중심에 있는 오직 하나의 공통점은 내가 어떤 컨텐츠, 어떤 활자를 습득하는가이다.\n내가 소비하는 것이 나와 내가 속할 네트워크를 결정하는 것이다.'}, {'user_id': 'rdnmgo', 'posts_count': '152', 'post_text': 'Photo by @rdnmgo on November 30, 2024. 사람 1명, 책, 잡지, 포스터 및 텍스트의 만화일 수 있음.', 'post_image': 'https://scontent-ssn1-1.cdninstagram.com/v/t51.29350-15/468885311_1046489273832077_4324785628736680419_n.jpg?stp=dst-jpg_e15_tt6&efg=eyJ2ZW5jb2RlX3RhZyI6ImltYWdlX3VybGdlbi42MTJ4NjEyLnNkci5mMjkzNTAuZGVmYXVsdF9pbWFnZSJ9&_nc_ht=scontent-ssn1-1.cdninstagram.com&_nc_cat=105&_nc_ohc=TJHlD_E95D4Q7kNvgFPqiOI&_nc_gid=1dad7b0dc720488f8567dae0be2f3d5f&edm=AONqaaQBAAAA&ccb=7-5&ig_cache_key=MzUxMjc5Mjg1NzMwNTg1NzExNg%3D%3D.3-ccb7-5&oh=00_AYC-MJr-dnhHKkXGW8LeAamb-0o0YQjk4Hj3poz9UeK1xA&oe=6750FEEA&_nc_sid=4e3341', 'post_datetime': '2024-11-30 23:39:22', 'post_description': '광고나 홍보 연설, 회의 시간 발표에서 전하고자 하는 내용을 완벽히 담은 스토리를 만드는 것은 참 어렵다. 특히 마감에 쫓길 때는 더더욱 그렇다. 한 가지 팁을 알려주자면, 필요할 때 바로바로 꺼내 쓸 수 있는 ‘파일’에 여러 스토리를 보관하는 것이다. 여유가 있을 때 스토리의 뼈대를 적용할 수 있는 인생의 중요한 순간들을 기록한다. 그리고 각 스토리를 주제별로 분류한다. 가령, 나이 듦, 자기희생, 고난 극복과 같은 주제의 스토리를 카테고리별로 나눈다. 그러다가 연설이나 발표 자리에서 주제와 잘 맞는 이야기를 골라 활용하면 요긴하다. 예컨대, 강연 주제가 업무상 겪는 어려움을 극복하는 방법이라면 처음 춤을 배웠을 때나 외국어를 터득했을 때, 좋아하는 사람에게 데이트를 신청할 때의 경험담을 선택하면 된다. 팀워크가 중요한 상황에서 동료들을 격려해야 하는 자리라면 어린 시절 친구들과 만들었던 모임이나 팀으로 협동심을 발휘해 이겼던 게임, 배우자의 도움으로 육아를 잘하게 되었던 스토리를 고를 수도 있다. 개인이 경험한 스토리는 청중에게 감동을 주는 동시에 중요한 메시지도 전달하는 매우 유용한 수단이다.'}, {'user_id': '42lines_', 'posts_count': '152', 'post_text': 'Photo by @42lines_ on November 30, 2024. 사람 1명, 잡지, 포스터, 책 및 텍스트의 이미지일 수 있음.', 'post_image': 'https://scontent-ssn1-1.cdninstagram.com/v/t51.29350-15/468983251_1850529512441869_4155637335412692736_n.jpg?stp=dst-jpg_e15&efg=eyJ2ZW5jb2RlX3RhZyI6ImltYWdlX3VybGdlbi4xMDgweDEwODAuc2RyLmYyOTM1MC5kZWZhdWx0X2ltYWdlIn0&_nc_ht=scontent-ssn1-1.cdninstagram.com&_nc_cat=101&_nc_ohc=n6LuU0uTD2oQ7kNvgGWtK-i&_nc_gid=9366eb2718b94b159e6de58242e8b5b7&edm=AONqaaQBAAAA&ccb=7-5&ig_cache_key=MzUxMjY0MjIwNjYzMTM2MTkxOQ%3D%3D.3-ccb7-5&oh=00_AYDSgw3z6rWqHvP54TT5zw2TUVF2vOmH4n_p-hLVNoA_8Q&oe=6750EAA1&_nc_sid=4e3341', 'post_datetime': '2024-11-30 18:40:03', 'post_description': '같은 도우라도 토핑이 다르면 이름과 가격이 달라진다. 같은 신발, 같은 가방이라도 무엇으로 어떻게 꾸미느냐에 따라 세상에 둘도 없는 나만의 것이 된다. 토핑경제에서는 소비자가 자신의 창의성을 발휘할 수 있는 여지를 남겨야 한다. 당신의 상품은 아직 미완성이다. 고객이 토핑을 더해줄 때까지는. - <트렌드 코리아 2025>, 김난도, 전미영, 최지혜, 권정윤, 한다혜, 이혜원, 이준영, 이향은, 추예린, 전다현 지음 - 밀리의 서재 https://www.millie.co.kr/v3/bookDetail/c5c19cf719fe4693'}, {'user_id': 'euiclee.books', 'posts_count': '152', 'post_text': 'Photo by 유클리책장 | 📚 매일매일 독서기록 on November 30, 2024. 텍스트의 이미지일 수 있음.', 'post_image': 'https://scontent-ssn1-1.cdninstagram.com/v/t51.29350-15/468279618_8717211041725209_7465133378248753089_n.jpg?stp=dst-jpg_e15&efg=eyJ2ZW5jb2RlX3RhZyI6ImltYWdlX3VybGdlbi4xMDgweDEwODAuc2RyLmYyOTM1MC5kZWZhdWx0X2ltYWdlIn0&_nc_ht=scontent-ssn1-1.cdninstagram.com&_nc_cat=109&_nc_ohc=F5NZ5BIBUU4Q7kNvgFcgcTA&_nc_gid=66d4a0f79c9847c0aed88b28ac5eb4dc&edm=AONqaaQBAAAA&ccb=7-5&ig_cache_key=MzUxMjc4MTMxMjI0MTQ3MDU0Ng%3D%3D.3-ccb7-5&oh=00_AYDMiYjyhVIXEcYDCurh_5oCUZHC6JKJvkAL8wI118C3qQ&oe=67510E70&_nc_sid=4e3341', 'post_datetime': '2024-11-30 23:16:27', 'post_description': '🖋️ 세상에 두려움이 없는 사람이 있을까?\n\n물론 없는 사람도 있겠지만, 그건 두려움이 원래부터 없었던 것이 아니라. 경험을 통해 두려워 할 필요가 없다는 것을 알았던 것이 아닐까.\n\n두려움은 대부분 무지에서 온다. 아무것도 모르기 때문에 두려운 것이다. 하지만 그 두려움은 용기로 극복할 수 있다.\n\n살다보면, 수많은 장애물들을 만날 것이고, 그 장애물을 보고 돌아서기 보다는 하나씩 넘어가야 하는 날이 반드시 온다. 그 장애물을 넘기 위해서는 평소에 조그만 두려움을 하나하나씩 정복해가는 연습을 해야하지 않을까 생각한다.\n\n📗#흔들리지않는돈의법칙 #토니로빈스 #RHK\n\n🔖 #독서 #북스타그램 #책 #독서스타그램 #책스타그램 #책리뷰 #책추천 #유클리 #유클리책장 #돈 #투자 #용기 #두려움'}, {'user_id': 'ai.gi.book', 'posts_count': '211', 'post_text': "Photo by @ai.gi.book on November 29, 2024. 문구: 'It's the mark of a charlatan to try and explain simple things in complex ways and it's the mark of a genius to explain complicated things in simple ways. 간단한 것을 복잡하게 설명하려고 노력하는 것은 사기꾼의 특징이고, 복잡한 것을 간단하게 설명하는 것은 천재의 특징이다.'의 이미지일 수 있음.", 'post_image': 'https://scontent-ssn1-1.cdninstagram.com/v/t51.29350-15/468820561_478750285237587_5186311610195832135_n.jpg?stp=dst-jpg_e35&efg=eyJ2ZW5jb2RlX3RhZyI6ImltYWdlX3VybGdlbi4xNDQweDE4MDAuc2RyLmYyOTM1MC5kZWZhdWx0X2ltYWdlIn0&_nc_ht=scontent-ssn1-1.cdninstagram.com&_nc_cat=103&_nc_ohc=2sF6IEElR2UQ7kNvgELlUnx&_nc_gid=a0ae11f038ba45e9bc849ab954077fba&edm=AONqaaQBAAAA&ccb=7-5&ig_cache_key=MzUxMjQyNzM3NDA3MDE3Nzc0OA%3D%3D.3-ccb7-5&oh=00_AYATig_dt5xtjG9u3KDroYQ0-A1jb-Ps58qgISKWGZTVFw&oe=6750F846&_nc_sid=4e3341', 'post_datetime': '2024-11-30 11:33:13', 'post_description': '나발 라비칸트'}]
CSV 파일에 데이터 저장 중...
CSV 파일에 데이터 저장 완료
성공/실패 평가 중...
성공한 사람: ['terrys_reading', 'rdnmgo', '42lines_', 'euiclee.books', 'ai.gi.book']
실패한 사람: []
요약 이미지 생성 중...
요약 이미지 생성 완료
이미지 업로드 시작...
사진 업로드 중...
새 게시물 버튼 클릭 완료
다음 버튼 클릭 중...
다음 버튼 클릭 완료
다음 버튼 클릭 중...
다음 버튼 클릭 완료
성공/실패 평가 중...
성공한 사람: ['terrys_reading', 'rdnmgo', '42lines_', 'euiclee.books', 'ai.gi.book']
실패한 사람: []
설명 입력 중...
설명 입력 완료
게시물 공유 중...
게시물 공유 완료
사진 업로드 완료
이미지 업로드 완료
드라이버 종료
프로그램 시작
드라이버 설정 중...
드라이버 설정 완료
인스타그램 로그인 시도 중...
로그인 정보 입력 완료
로그인 정보 저장 버튼 클릭 중...
로그인 정보 저장 버튼 클릭 완료
정보 수집 시작...
terrys_reading의 정보 수집 중...
terrys_reading의 게시물에 '더 보기' 버튼 없음
좋아요 버튼을 클릭했습니다.
terrys_reading의 정보 수집 완료
rdnmgo의 정보 수집 중...
rdnmgo의 게시물에 '더 보기' 버튼 없음
좋아요 버튼을 클릭했습니다.
rdnmgo의 정보 수집 완료
42lines_의 정보 수집 중...
42lines_의 게시물에 '더 보기' 버튼 없음
좋아요 버튼을 클릭했습니다.
42lines_의 정보 수집 완료
euiclee.books의 정보 수집 중...
euiclee.books의 게시물에 '더 보기' 버튼 없음
좋아요 버튼을 클릭했습니다.
euiclee.books의 정보 수집 완료
ai.gi.book의 정보 수집 중...
ai.gi.book의 게시물에 '더 보기' 버튼 없음
좋아요 버튼을 클릭했습니다.
ai.gi.book의 정보 수집 완료
정보 수집 완료
[{'user_id': 'terrys_reading', 'posts_count': '142', 'post_text': 'Photo by @terrys_reading on December 01, 2024. 사람 1명 및 텍스트의 Twitter 스크린샷일 수 있음.', 'post_image': 'https://scontent-ssn1-1.cdninstagram.com/v/t51.29350-15/469158267_1308617193602658_1466808524781496968_n.jpg?stp=dst-jpg_e35&efg=eyJ2ZW5jb2RlX3RhZyI6ImltYWdlX3VybGdlbi4xNDQweDE4MDAuc2RyLmYyOTM1MC5kZWZhdWx0X2ltYWdlIn0&_nc_ht=scontent-ssn1-1.cdninstagram.com&_nc_cat=106&_nc_ohc=G7qw7bQvV5IQ7kNvgFeiLzt&_nc_gid=8d7bac77491d410eb776aba00d704bc1&edm=AONqaaQBAAAA&ccb=7-5&ig_cache_key=MzUxMzUxOTYzNDAyMTkzNTM4NA%3D%3D.3-ccb7-5&oh=00_AYBd37eMFfz0W3n-J55jEUDnfCUAM9Qfl7zUEWeSkNLk4Q&oe=67523FE9&_nc_sid=4e3341', 'post_datetime': '2024-12-01 23:43:21', 'post_description': '1. 6초 안에 사람의 마음을 사로잡지 못하면 그들은 떠난다.\n2. 그렇기에 100단어 이상의 글을 쓸 때면 첫 문장을 쓰는게 40%의 시간을, 나머지 40%는 그 다음 두 문장을, 그리고 나머지 시간을 다른 부분에 쏟아야 한다.\n\n1. 말, 행동을 중단하는 것은 생각과 고민의 기회를 준다.'}, {'user_id': 'rdnmgo', 'posts_count': '153', 'post_text': "Photo by @rdnmgo on December 01, 2024. 사람 1명, 책, 잡지, 포스터 및 문구: '매준지8|백어진올김 박여진올김 PIXAR STORYTELLING 픽사 스토리렐링 고객의 마음을 사로잡는 9가지 스토리 사로잡는9가지스토리법 법칙 구글, 디즈니, 레고, 넷플릭스가 찾는 스토리텔링 마스터 매튜 준의 실전 바이블 피사 20년 경력 스토리제작자의 스토리 제작자의 액심 비법 수록 네이버,카카오 네이버, 카카오 디즈니코리아 인플루언서 추천 2021 올해의 강연자 TOP 20 (BigSpeak)'의 만화일 수 있음.", 'post_image': 'https://scontent-ssn1-1.cdninstagram.com/v/t51.29350-15/469054267_2277538295972737_8161812733556368649_n.jpg?stp=dst-jpg_e15&efg=eyJ2ZW5jb2RlX3RhZyI6ImltYWdlX3VybGdlbi42MTJ4NjEyLnNkci5mMjkzNTAuZGVmYXVsdF9pbWFnZSJ9&_nc_ht=scontent-ssn1-1.cdninstagram.com&_nc_cat=101&_nc_ohc=xs_zlv2DpaoQ7kNvgGtjB_5&_nc_gid=cba5b991d66d415399a41e50f48dc9cb&edm=AONqaaQBAAAA&ccb=7-5&ig_cache_key=MzUxMzQ5NjEzNTA4MTQ4MDkzMA%3D%3D.3-ccb7-5&oh=00_AYAO80L2qtHNr8nR20Q5AbziJy9ITJ1fRGvTfQgSYSuFqA&oe=6752475F&_nc_sid=4e3341', 'post_datetime': '2024-12-01 22:56:39', 'post_description': '### 핵심정리\n\n■ 인간이 경험하는 모든 일은 시작-중간-끝 구조를 이룬다.\n\n■ 90분 분량의 영화든 30초짜리 홍보 연설이든 스토리의 도입-전개-결말이 필요하다.\n\n■ 스토리의 도입부에서는 ‘평범한 세상’에서 주어진 환경에 맞춰 살아가는 영웅의 모습을 보여준다. 이때 캐릭터의 욕망은 선명하게 드러나야 하고 여기에 수반되는 약점도 반드시 존재해야 한다.\n\n■ ‘사건 촉발’ 또는 ‘후크’에서는 캐릭터가 가장 열정을 쏟는 대상이 드러나야 하며, 그것이 어떤 사건을 계기로 완전히 무너지거나 뒤바뀌어야 한다.\n\n■ 스토리 중반에는 문제의 해결책을 찾는 과정과 그 과정에서 생기는 우여곡절이 나온다.\n\n■ 결말에서는 영웅이 어떤 방식으로든 성공하는 모습을 보여주되 관객에게 짜릿함과 감동도 선사해야 한다.\n\n■ 스토리의 뼈대는 막연한 상황에서 멋진 스토리를 만드는 빠르고 손쉬운 수단이다.'}, {'user_id': '42lines_', 'posts_count': '153', 'post_text': 'Photo by @42lines_ on November 30, 2024. 사람 1명, 잡지, 포스터, 책 및 텍스트의 이미지일 수 있음.', 'post_image': 'https://scontent-ssn1-1.cdninstagram.com/v/t51.29350-15/468980663_1092802652568798_2309603845556607657_n.jpg?stp=dst-jpg_e15&efg=eyJ2ZW5jb2RlX3RhZyI6ImltYWdlX3VybGdlbi4xMDgweDEwODAuc2RyLmYyOTM1MC5kZWZhdWx0X2ltYWdlIn0&_nc_ht=scontent-ssn1-1.cdninstagram.com&_nc_cat=106&_nc_ohc=nKbp_FY5sSEQ7kNvgFodOg5&_nc_gid=9415a4e635a64e639c6777cfadc8e33f&edm=AONqaaQBAAAA&ccb=7-5&ig_cache_key=MzUxMzIxNDUxNjc5NDgyODQwOQ%3D%3D.3-ccb7-5&oh=00_AYCX-LEC1qpWI09ma2qEFZLvEOCy6BUPWCDFxPBXSzh5IQ&oe=675258B0&_nc_sid=4e3341', 'post_datetime': '2024-12-01 13:37:08', 'post_description': '2024년은 시간을 효율적으로 관리하고 싶은 소비자의 니즈와 AI라는 강력한 수단이 만나 초효율주의의 서막을 알린 해였다. 시장에는 새로운 수요가 등장했고, 기업들은 이에 발빠르게 대응했다. - <트렌드 코리아 2025>, 김난도, 전미영, 최지혜, 권정윤, 한다혜, 이혜원, 이준영, 이향은, 추예린, 전다현 지음 - 밀리의 서재 https://www.millie.co.kr/v3/bookDetail/c5c19cf719fe4693'}, {'user_id': 'euiclee.books', 'posts_count': '153', 'post_text': 'Photo by 유클리책장 | 📚 매일매일 독서기록 on December 01, 2024. 텍스트의 이미지일 수 있음.', 'post_image': 'https://scontent-ssn1-1.cdninstagram.com/v/t51.29350-15/468674544_1326368905196359_2656531390747365643_n.jpg?stp=dst-jpg_e15_tt6&efg=eyJ2ZW5jb2RlX3RhZyI6ImltYWdlX3VybGdlbi4xMDgweDEwODAuc2RyLmYyOTM1MC5kZWZhdWx0X2ltYWdlIn0&_nc_ht=scontent-ssn1-1.cdninstagram.com&_nc_cat=107&_nc_ohc=svrEYg0i6KQQ7kNvgEEgRdT&_nc_gid=453d5ed760c44d05ab171cbec1fb5b2d&edm=AONqaaQBAAAA&ccb=7-5&ig_cache_key=MzUxMzQzMjY3OTcyNTU0NjQ4Nw%3D%3D.3-ccb7-5&oh=00_AYBwqX1rtM42nBjtAJIOuDOYj0vc2GdE9XrXZxuLHSo-uQ&oe=67526642&_nc_sid=4e3341', 'post_datetime': '2024-12-01 20:50:36', 'post_description': '🖋️ 우리의 뇌는 고통을 피하고 쾌락을 추구하게끔 설계되어 있다.\n\n�어쩌면 투자를 하던, 공부를 하던, 일을 하던 나의 최대의 적은 나 일지도 모르겠다.\n\n어려운 것보다는 쉬운 것을 하고 싶고, 본능적으로 즉각적인 보상을 추구한다.\n\n남과 비교하기 전에 나부터 넘어서자. 최대의 적은 멀리 있는 것이 아니라 가까이 존재한다.\n\n📗#흔들리지않는돈의법칙 #토니로빈스 #RHK\n\n🔖 #독서 #북스타그램 #책 #독서스타그램 #책스타그램 #책리뷰 #책추천 #유클리 #유클리책장 #돈 #투자 #적 #본인'}, {'user_id': 'ai.gi.book', 'posts_count': '212', 'post_text': 'Photo by @ai.gi.book on December 01, 2024. 텍스트의 이미지일 수 있음.', 'post_image': 'https://scontent-ssn1-1.cdninstagram.com/v/t51.29350-15/468974271_1099038045054131_7611403712553729371_n.jpg?stp=dst-jpg_e35_tt6&efg=eyJ2ZW5jb2RlX3RhZyI6ImltYWdlX3VybGdlbi4xNDQweDE4MDAuc2RyLmYyOTM1MC5kZWZhdWx0X2ltYWdlIn0&_nc_ht=scontent-ssn1-1.cdninstagram.com&_nc_cat=111&_nc_ohc=I1cx9rVZ9-AQ7kNvgEutzNt&_nc_gid=f27e438afe004638b58a74540acf112f&edm=AONqaaQBAAAA&ccb=7-5&ig_cache_key=MzUxMzQwMDg0NTQ4NTk4MDYxMA%3D%3D.3-ccb7-5&oh=00_AYAj-2UNTh2VTA4WecvP6Km28Acf-1O1xL6Llv4Y5spmPQ&oe=67525CF5&_nc_sid=4e3341', 'post_datetime': '2024-12-01 19:47:20', 'post_description': '나발 라비칸트'}]
CSV 파일에 데이터 저장 중...
CSV 파일에 데이터 저장 완료
성공/실패 평가 중...
성공한 사람: ['terrys_reading', 'rdnmgo', '42lines_', 'euiclee.books', 'ai.gi.book']
실패한 사람: []
요약 이미지 생성 중...
요약 이미지 생성 완료
이미지 업로드 시작...
사진 업로드 중...
새 게시물 버튼 클릭 완료
다음 버튼 클릭 중...
다음 버튼 클릭 완료
다음 버튼 클릭 중...
다음 버튼 클릭 완료
성공/실패 평가 중...
성공한 사람: ['terrys_reading', 'rdnmgo', '42lines_', 'euiclee.books', 'ai.gi.book']
실패한 사람: []
설명 입력 중...
설명 입력 완료
게시물 공유 중...
게시물 공유 완료
사진 업로드 완료
이미지 업로드 완료
드라이버 종료
프로그램 시작
드라이버 설정 중...
드라이버 설정 완료
인스타그램 로그인 시도 중...
로그인 정보 입력 완료
로그인 정보 저장 버튼 클릭 중...
로그인 정보 저장 버튼 클릭 완료
정보 수집 시작...
terrys_reading의 정보 수집 중...
terrys_reading의 게시물에 '더 보기' 버튼 없음
좋아요 버튼을 클릭했습니다.
terrys_reading의 정보 수집 완료
rdnmgo의 정보 수집 중...
rdnmgo의 게시물에 '더 보기' 버튼 없음
좋아요 버튼을 클릭했습니다.
rdnmgo의 정보 수집 완료
42lines_의 정보 수집 중...
42lines_의 게시물에 '더 보기' 버튼 없음
좋아요 버튼을 클릭했습니다.
42lines_의 정보 수집 완료
euiclee.books의 정보 수집 중...
euiclee.books의 게시물에 '더 보기' 버튼 없음
좋아요 버튼을 클릭했습니다.
euiclee.books의 정보 수집 완료
ai.gi.book의 정보 수집 중...
ai.gi.book의 게시물에 '더 보기' 버튼 없음
좋아요 버튼을 클릭했습니다.
ai.gi.book의 정보 수집 완료
정보 수집 완료
[{'user_id': 'terrys_reading', 'posts_count': '143', 'post_text': 'Photo by @terrys_reading on December 02, 2024. 책의 이미지일 수 있음.', 'post_image': 'https://scontent-ssn1-1.cdninstagram.com/v/t51.29350-15/469119419_1294347325354038_2720264929273522705_n.jpg?stp=dst-jpg_e15_tt6&efg=eyJ2ZW5jb2RlX3RhZyI6ImltYWdlX3VybGdlbi42NDB4NjQwLnNkci5mMjkzNTAuZGVmYXVsdF9pbWFnZSJ9&_nc_ht=scontent-ssn1-1.cdninstagram.com&_nc_cat=106&_nc_ohc=BjdDL9y0WpgQ7kNvgH_Apgl&_nc_gid=69b6558f57814c919a415ccec7d094cf&edm=AONqaaQBAAAA&ccb=7-5&ig_cache_key=MzUxNDI1MjM5MzEyOTA2ODQzNg%3D%3D.3-ccb7-5&oh=00_AYAazYqpE1N1EpyG6wo3KWiHx_K5O6OGzR3dtvcDIq3eWw&oe=6753BA42&_nc_sid=4e3341', 'post_datetime': '2024-12-02 23:59:12', 'post_description': '자립은 표류하는 것이 아니라 깊어지는 것이다.\n\n앞으로는 실행의 능력과, 질문의 능력 두 가지가 가장 핵심적인 역량으로 떠오를 것이다.'}, {'user_id': 'rdnmgo', 'posts_count': '154', 'post_text': 'Photo by @rdnmgo on December 02, 2024. 사람 1명, 책, 잡지, 포스터 및 텍스트의 만화일 수 있음.', 'post_image': 'https://scontent-ssn1-1.cdninstagram.com/v/t51.29350-15/469180391_594624546337565_520976795109518298_n.jpg?stp=dst-jpg_e15&efg=eyJ2ZW5jb2RlX3RhZyI6ImltYWdlX3VybGdlbi42MTJ4NjEyLnNkci5mMjkzNTAuZGVmYXVsdF9pbWFnZSJ9&_nc_ht=scontent-ssn1-1.cdninstagram.com&_nc_cat=105&_nc_ohc=PIKeStlm9xkQ7kNvgGZR0TH&_nc_gid=e9fc153aee1449ef815e9ac6a5607f7b&edm=AONqaaQBAAAA&ccb=7-5&ig_cache_key=MzUxNDEwNzkzNDk3Nzg2MjAwNg%3D%3D.3-ccb7-5&oh=00_AYDMQmKL1qQgc05cqMu_e-7g8Tj6TDpuHKs7PlwKdtNHuQ&oe=6753B0EA&_nc_sid=4e3341', 'post_datetime': '2024-12-02 19:12:12', 'post_description': '## 6장 영웅\n우리는 어떤 영웅에게 푹 빠지는가\n\n> 영웅은 크나큰 역경에도 인내하고 견뎌낼 힘을 추구하는 평범한 개인이다.\n> - 크리스토퍼 리브\n> - 슈퍼맨으로 더 유명한 배우\n\n나는 훌륭한 스토리텔러를 몇 명 알고 있다. 어릴 때 아버지와 어머니를 비롯한 가족들이 풀어놓던 이야기보따리가 있다.\n모두 다른 스토리였지만 하나같이 놀라웠다. 모든 스토리는 두 가지 공통점이 있다. 하나는 시작-중간-끝으로 구성되어 있다는 것이고, 또 하나는 영웅이 등장한다는 것이다. 앞 장에서는 스토리의 구조를 살펴보았다. 이번 장에서는 스토리에 영웅 또는 리더가 왜 등장하고, 어떻게 등장해야 하는지 살펴보고자 한다.\n\n영웅은 늘 스토리의 중심에 선다. 영웅이 보여주는 비전과 용기, 자기희생 정신은 남녀노소 모두에게 감동을 안겨준다. 우리는 문화, 지역, 언어를 초월해 모든 스토리에서 영웅을 만나게 된다. 수만 년 전 동굴벽화에서도 부족 사람들에게 먹을 것을 구해주기 위해 거대한 짐승을 사냥하는 영웅의 모습을 볼 수 있다.\n인류 역사 초기의 스토리에도 시작-중간-끝 구조가 있고 다양한 변화를 겪는 영웅 길가메시가 등장한다는 사실을 알 수 있다. 추론해보자면 이런 스토리들은 점토판에 새겨지기 오래전부터 여러 세대에 걸쳐 입에서 입으로 전해 내려왔을 것이다.'}, {'user_id': '42lines_', 'posts_count': '154', 'post_text': "Photo by @42lines_ on December 02, 2024. 사람 1명, 잡지, 포스터, 책 및 문구: '2025 대한민국 소비트렌드 전망 김난도 전미영 최지혜 권정을 한다혜 이혜원 이준영 이황은 이하모 추예권 전다현 트렌드 코리아 2025 경계가사라지는 시대, 모든 전제를 원점으로 되돌려라 대한민국 No.1 트렌드서 미라면 SNAKE SENSE 행복에 대한 고정관님이 방복예대한고정관님이무너지는시데. 무녀 시대, 보통의 도동의하무와무해할,1%의상상이서담을및 담을 찾고 하루와 무해합, 1%의 성장에 디지턴의 편리합 속에서 '물성'이 더욱귀해진다. 더욱'의 이미지일 수 있음.", 'post_image': 'https://scontent-ssn1-1.cdninstagram.com/v/t51.29350-15/468988102_1665772017321106_4912827173983540388_n.jpg?stp=dst-jpg_e15&efg=eyJ2ZW5jb2RlX3RhZyI6ImltYWdlX3VybGdlbi4xMDgweDEwODAuc2RyLmYyOTM1MC5kZWZhdWx0X2ltYWdlIn0&_nc_ht=scontent-ssn1-1.cdninstagram.com&_nc_cat=110&_nc_ohc=KI65mgRgSmgQ7kNvgGYdi05&_nc_gid=2d4055648cb149bc902980253c0c6166&edm=AONqaaQBAAAA&ccb=7-5&ig_cache_key=MzUxNDIwMzE1MzQzMDc2MDg4OA%3D%3D.3-ccb7-5&oh=00_AYA0NAoejf1uSnyni_Pb-9zh8XGYnuAUv6X6yKjTku_yYg&oe=6753A165&_nc_sid=4e3341', 'post_datetime': '2024-12-02 22:21:23', 'post_description': '요약을 넘어 콘텐츠 빨리 감기 소비도 증가했다. 틱톡·숏츠·릴스 등 SNS의 패러다임이 숏폼으로 옮겨가면서 음악도 전개가 빨라졌다. 특히 Z세대 중심으로 원곡을 1.5배속, 2배속 등 빠른 속도로 감상하는 것이 새로운 문화로 떠오르며 ‘스페드 업’ 버전이 인기를 끌었다. 스페드 업은 특정 노래의 속도를 원곡에 비해 120~150%가량 빨리 돌려 듣는 2차 창작물을 말한다. 아이돌 시장에서 이전에 발매한 곡을 스페드 업 버전으로 재해석하는 것은 필수로 자리 잡았다. - <트렌드 코리아 2025>, 김난도, 전미영, 최지혜, 권정윤, 한다혜, 이혜원, 이준영, 이향은, 추예린, 전다현 지음 - 밀리의 서재 https://www.millie.co.kr/v3/bookDetail/c5c19cf719fe4693'}, {'user_id': 'euiclee.books', 'posts_count': '154', 'post_text': 'Photo by 유클리책장 | 📚 매일매일 독서기록 on December 02, 2024. 텍스트의 이미지일 수 있음.', 'post_image': 'https://scontent-ssn1-1.cdninstagram.com/v/t39.30808-6/469005711_523256830863583_7895455297649832875_n.jpg?stp=dst-jpg_e35&efg=eyJ2ZW5jb2RlX3RhZyI6ImltYWdlX3VybGdlbi4xMDAweDEwMDAuc2RyLmYzMDgwOC5kZWZhdWx0X2ltYWdlIn0&_nc_ht=scontent-ssn1-1.cdninstagram.com&_nc_cat=107&_nc_ohc=N0MfR76pvikQ7kNvgGCiy2C&_nc_gid=689f7f6db55347809d7a97afe7b3323f&edm=AONqaaQAAAAA&ccb=7-5&ig_cache_key=MzUxNDE2MjM0Njc1MDg4ODMwMA%3D%3D.3-ccb7-5&oh=00_AYDslPjiglAHfJpx7WGKkddsIOLVhlqBDBKIhpz2xFbAQg&oe=6753935C&_nc_sid=4e3341', 'post_datetime': '2024-12-02 21:00:20', 'post_description': '🖋️ 돈을 버는 데 필요한 법칙과 수단은 실제로 매우 단순하다.\n\n복리의 힘을 활용하고, 주식시장에 장기간 머무르며, 포트폴리오를 다각화하고, 세금과 지출 비용을 최대한 절약한다면 재정적 자유를 성취할 확률은 비약적으로 증가한다.\n\n안타깝게도 우리 모두에게는 도박에 대한 욕구가 숨어 있다. 이를 너무나도 잘 알고 있는 도박산업은 그런 우리의 심리와 생리를 교모하게 이용하고 착취한다. 월스트리트도 변반 다르지 않다.\n\n이 때문에 개미 투자자가 저지르는 가장 큰 실수는 주가가 상승할 때 상승세가 계속될 것이라고 예상하여 주식을 사는 것이며, 주가가 하락할 때는 계속 하락할 것이라고 예상해 주식을 파는 것이다.\n\n감정에 휘둘리지 말고, 이성적으로 생각하자. 항상 준비를 갖추자.\n\n📗#흔들리지않는돈의법칙 #토니로빈스 #RHK\n\n🔖 #독서 #북스타그램 #책 #독서스타그램 #책스타그램 #책리뷰 #책추천 #유클리 #유클리책장 #돈 #투자 #복리 #주식 #개미투자자'}, {'user_id': 'ai.gi.book', 'posts_count': '213', 'post_text': 'Photo by @ai.gi.book on December 02, 2024. 텍스트의 이미지일 수 있음.', 'post_image': 'https://scontent-ssn1-1.cdninstagram.com/v/t51.29350-15/468981249_883126617355425_3186032069558297425_n.jpg?stp=dst-jpg_e35&efg=eyJ2ZW5jb2RlX3RhZyI6ImltYWdlX3VybGdlbi4xNDQweDE4MDAuc2RyLmYyOTM1MC5kZWZhdWx0X2ltYWdlIn0&_nc_ht=scontent-ssn1-1.cdninstagram.com&_nc_cat=109&_nc_ohc=XIe6f8DyWEQQ7kNvgGJnjjq&_nc_gid=5a0d2929151a47edade67efa3d03dbf9&edm=AONqaaQBAAAA&ccb=7-5&ig_cache_key=MzUxNDI1MDA0NTI5NTQ4OTE4OQ%3D%3D.3-ccb7-5&oh=00_AYDIUomduha8N3AGjb7W-a1kpIELSp1kmdIeov4bq5Adsw&oe=6753A2F8&_nc_sid=4e3341', 'post_datetime': '2024-12-02 23:54:32', 'post_description': '나발 라비칸트'}]
CSV 파일에 데이터 저장 중...
CSV 파일에 데이터 저장 완료
성공/실패 평가 중...
성공한 사람: ['terrys_reading', 'rdnmgo', '42lines_', 'euiclee.books', 'ai.gi.book']
실패한 사람: []
요약 이미지 생성 중...
요약 이미지 생성 완료
이미지 업로드 시작...
사진 업로드 중...
새 게시물 버튼 클릭 완료
다음 버튼 클릭 중...
다음 버튼 클릭 완료
다음 버튼 클릭 중...
다음 버튼 클릭 완료
성공/실패 평가 중...
성공한 사람: ['terrys_reading', 'rdnmgo', '42lines_', 'euiclee.books', 'ai.gi.book']
실패한 사람: []
설명 입력 중...
설명 입력 완료
게시물 공유 중...
게시물 공유 완료
사진 업로드 완료
이미지 업로드 완료
드라이버 종료
프로그램 시작
드라이버 설정 중...
드라이버 설정 완료
인스타그램 로그인 시도 중...
로그인 정보 입력 완료
로그인 정보 저장 버튼 클릭 중...
로그인 정보 저장 버튼 클릭 완료
정보 수집 시작...
terrys_reading의 정보 수집 중...
terrys_reading의 게시물에 '더 보기' 버튼 없음
좋아요 버튼을 클릭했습니다.
terrys_reading의 정보 수집 완료
rdnmgo의 정보 수집 중...
rdnmgo의 게시물에 '더 보기' 버튼 없음
좋아요 버튼을 클릭했습니다.
rdnmgo의 정보 수집 완료
42lines_의 정보 수집 중...
42lines_의 게시물에 '더 보기' 버튼 없음
좋아요 버튼을 클릭했습니다.
42lines_의 정보 수집 완료
euiclee.books의 정보 수집 중...
euiclee.books의 게시물에 '더 보기' 버튼 없음
좋아요 버튼을 클릭했습니다.
euiclee.books의 정보 수집 완료
ai.gi.book의 정보 수집 중...
ai.gi.book의 게시물에 '더 보기' 버튼 없음
좋아요 버튼을 클릭했습니다.
ai.gi.book의 정보 수집 완료
정보 수집 완료
[{'user_id': 'terrys_reading', 'posts_count': '144', 'post_text': 'Photo by @terrys_reading on December 03, 2024. 일기장, 스케치, 포크, 책 및 텍스트의 이미지일 수 있음.', 'post_image': 'https://scontent-ssn1-1.cdninstagram.com/v/t51.29350-15/469165857_1251720016084948_4376865097702453222_n.jpg?stp=dst-jpg_e35_tt6&efg=eyJ2ZW5jb2RlX3RhZyI6ImltYWdlX3VybGdlbi4xNDQweDE4MDAuc2RyLmYyOTM1MC5kZWZhdWx0X2ltYWdlIn0&_nc_ht=scontent-ssn1-1.cdninstagram.com&_nc_cat=104&_nc_ohc=9NrefZb0hQwQ7kNvgGgAwx5&_nc_gid=3a6dead2bfc643fe8b1555518dc3de5f&edm=AONqaaQBAAAA&ccb=7-5&ig_cache_key=MzUxNDk3Njk5NjIyNjI4NDgzNQ%3D%3D.3-ccb7-5&oh=00_AYAdvzzjJintx5XbaWdTRI2pFdGAqsBx6YKzn5x-gxxGTQ&oe=6754FAAE&_nc_sid=4e3341', 'post_datetime': '2024-12-03 23:58:52', 'post_description': '1. 도망치는 게 아니라 깊어져야 한다.\n2. 단골을 찾는다는 것은 한 고객의 관심사를 아주 깊게 이해하고 해결한다는 것을 의미한다'}, {'user_id': 'rdnmgo', 'posts_count': '155', 'post_text': "Photo by @rdnmgo on December 03, 2024. 사람 1명, 책, 잡지, 포스터 및 문구: '매듀론재81박여진올검 PIXAR PIX STORYTELLING 픽사 스토리렐링 고객의 마음을 사로잡는 9가지 스토리 스토리법칙 법칙 구글, 디즈니, 레고, 넷플릭스가 릭스가 찾는 스토리텔링 마스터 매류 문의 실전 바이블 폭사 20년 경력 스토리제적자희 스토리 제작자의 액싱 비법 수록 네이버, 카카오 디즈니코리아 인플루언서추천 추천 2021 올해의 강연자 TOP TOP20 20 (BigSpeak)'의 만화일 수 있음.", 'post_image': 'https://scontent-ssn1-1.cdninstagram.com/v/t51.29350-15/469295729_1635221873699167_705112163955090031_n.jpg?stp=dst-jpg_e15&efg=eyJ2ZW5jb2RlX3RhZyI6ImltYWdlX3VybGdlbi42MTJ4NjEyLnNkci5mMjkzNTAuZGVmYXVsdF9pbWFnZSJ9&_nc_ht=scontent-ssn1-1.cdninstagram.com&_nc_cat=107&_nc_ohc=Tt-4b6v7zhgQ7kNvgEHYMVh&_nc_gid=f47dcb3995074909967242f3a16b1cd9&edm=AONqaaQBAAAA&ccb=7-5&ig_cache_key=MzUxNDgzNDYxNzY0MTAwNTkyMA%3D%3D.3-ccb7-5&oh=00_AYAysFypvRG97e1oJSxKI7sg8i7Au1o7QOxXjsG-SJuCag&oe=6754EB2B&_nc_sid=4e3341', 'post_datetime': '2024-12-03 19:15:59', 'post_description': '영웅은 늘 우리와 함께 존재해왔다. 왜일까?\n인간은 태생과 상관없이 자신을 인생의 주인공이라고 생각한다. 인간의 정신에서 매우 중요한 부분이다. 인간이라면 누구나 비슷한 신체 구조, 본능, 충동, 갈등, 두려움이 있듯이, 인간의 인생도 시작-중간-끝이라는 여정으로 구성되어 있다. 어떤 문화권에서 살든 어느 시대에 태어났든 나의 스토리에서만큼은 내가 영웅이다. 나의 인생이기 때문이다.'}, {'user_id': '42lines_', 'posts_count': '155', 'post_text': 'Photo by @42lines_ on December 03, 2024. 사람 1명, 잡지, 포스터, 책 및 텍스트의 이미지일 수 있음.', 'post_image': 'https://scontent-ssn1-1.cdninstagram.com/v/t51.29350-15/469108877_611197374686458_6380242977582964458_n.jpg?stp=dst-jpg_e15_tt6&efg=eyJ2ZW5jb2RlX3RhZyI6ImltYWdlX3VybGdlbi4xMDgweDEwODAuc2RyLmYyOTM1MC5kZWZhdWx0X2ltYWdlIn0&_nc_ht=scontent-ssn1-1.cdninstagram.com&_nc_cat=110&_nc_ohc=2agVnA5q-N0Q7kNvgEXylL5&_nc_gid=8b690bcb2684423787797dd8afa6989a&edm=AONqaaQBAAAA&ccb=7-5&ig_cache_key=MzUxNDg1MDk2NjQ5Mzc2MzU4Nw%3D%3D.3-ccb7-5&oh=00_AYD0JJ_7xtPHJGTf9u6LUb9Nbo3Bee0QT_aoLskQvbcSQw&oe=6754EBBC&_nc_sid=4e3341', 'post_datetime': '2024-12-03 19:48:28', 'post_description': 'AI를 직원처럼 활용하는 사례도 증가했다. 인공지능 카피라이팅 시스템 ‘루이스’는 현대백화점에 정식으로 입사한 사례다. 현대백화점 영업전략실 커뮤니케이션팀 소속으로, 직위와 사번도 있다. 주로 광고 카피, 판촉행사 소개문 등 마케팅 문구 제작 업무를 맡는다. - <트렌드 코리아 2025>, 김난도, 전미영, 최지혜, 권정윤, 한다혜, 이혜원, 이준영, 이향은, 추예린, 전다현 지음 - 밀리의 서재 https://www.millie.co.kr/v3/bookDetail/c5c19cf719fe4693'}, {'user_id': 'euiclee.books', 'posts_count': '155', 'post_text': 'Photo by 유클리책장 | 📚 매일매일 독서기록 on December 03, 2024. 사람 1명, 책, 잡지 및 텍스트의 이미지일 수 있음.', 'post_image': 'https://scontent-ssn1-1.cdninstagram.com/v/t39.30808-6/469087070_524111617444771_8178203757793792388_n.jpg?stp=dst-jpg_e35_tt6&efg=eyJ2ZW5jb2RlX3RhZyI6ImltYWdlX3VybGdlbi4xMDAweDEwMDAuc2RyLmYzMDgwOC5kZWZhdWx0X2ltYWdlIn0&_nc_ht=scontent-ssn1-1.cdninstagram.com&_nc_cat=107&_nc_ohc=1kZ5-R7d5ZQQ7kNvgHuFjKq&_nc_gid=3a45296184ef4210876d8167d4ec299e&edm=AONqaaQAAAAA&ccb=7-5&ig_cache_key=MzUxNDg4NzEyNzU0ODg1MDA5Ng%3D%3D.3-ccb7-5&oh=00_AYCAm9fz0VzwRIg7ZwX2hw898GzpCQvz6kUs_HfnNabzaA&oe=6754D609&_nc_sid=4e3341', 'post_datetime': '2024-12-03 21:00:20', 'post_description': "🖋️ 돈을 벌고 싶은 이유 중 하나는 '행복'일 것이다. 돈 자체가 행복이라면 불행해질 수 밖에 없지 않을까.\n\n돈을 통해서 삶의 질을 높이고 싶은 것이지, 단순한 종이쪼가리 수백만 장을 갖고 싶다는 이야기는 아닐 것이다.\n\n어떤 사람에게는 탁월한 삶의 질이 아름다운 저택일 수도 있고, 어떤 사람은 자녀들을 현명하게 키우는 것, 또 어떤 사람은 소설을 쓰거나 작곡을 하는 것일 수도 있다.\n\n물론 돈도 중요하지만, 그전에 진정을 내가 원하는 것이 무엇인지, 내가 무엇을 할 때 행복한지를 먼저 정의해야 하지 않을까 하는 생각이 든다.\n\n📗#흔들리지않는돈의법칙 #토니로빈스 #RHK\n\n🔖 #독서 #북스타그램 #책 #독서스타그램 #책스타그램 #책리뷰 #책추천 #유클리 #유클리책장 #돈 #투자 #복리 #주식 #행복"}, {'user_id': 'ai.gi.book', 'posts_count': '215', 'post_text': 'Photo by @ai.gi.book on December 03, 2024. 텍스트의 이미지일 수 있음.', 'post_image': 'https://scontent-ssn1-1.cdninstagram.com/v/t51.29350-15/469162978_1301046467594338_7438043701566060703_n.jpg?stp=dst-jpg_e35&efg=eyJ2ZW5jb2RlX3RhZyI6ImltYWdlX3VybGdlbi4xNDQweDE4MDAuc2RyLmYyOTM1MC5kZWZhdWx0X2ltYWdlIn0&_nc_ht=scontent-ssn1-1.cdninstagram.com&_nc_cat=110&_nc_ohc=a1S1dQeCRgkQ7kNvgFEAFYE&_nc_gid=ababec06a7f44e6fba17c19d75794812&edm=AONqaaQBAAAA&ccb=7-5&ig_cache_key=MzUxNDgyNjMwNzg5NDQ4OTM4OQ%3D%3D.3-ccb7-5&oh=00_AYDfxB_KffLxARUgBdik9iEZ947esIJk7UlZlBE3gYqfoA&oe=6754F67A&_nc_sid=4e3341', 'post_datetime': '2024-12-03 18:59:28', 'post_description': '나발 라비칸트'}]
CSV 파일에 데이터 저장 중...
CSV 파일에 데이터 저장 완료
성공/실패 평가 중...
성공한 사람: ['terrys_reading', 'rdnmgo', '42lines_', 'euiclee.books', 'ai.gi.book']
실패한 사람: []
요약 이미지 생성 중...
요약 이미지 생성 완료
이미지 업로드 시작...
사진 업로드 중...
새 게시물 버튼 클릭 완료
다음 버튼 클릭 중...
다음 버튼 클릭 완료
다음 버튼 클릭 중...
다음 버튼 클릭 완료
성공/실패 평가 중...
성공한 사람: ['terrys_reading', 'rdnmgo', '42lines_', 'euiclee.books', 'ai.gi.book']
실패한 사람: []
설명 입력 중...
설명 입력 완료
게시물 공유 중...
게시물 공유 완료
사진 업로드 완료
이미지 업로드 완료
드라이버 종료
프로그램 시작
드라이버 설정 중...
드라이버 설정 완료
인스타그램 로그인 시도 중...
로그인 정보 입력 완료
로그인 정보 저장 버튼 클릭 중...
로그인 정보 저장 버튼 클릭 완료
정보 수집 시작...
terrys_reading의 정보 수집 중...
terrys_reading의 게시물에 '더 보기' 버튼 없음
좋아요 버튼을 클릭했습니다.
terrys_reading의 정보 수집 완료
rdnmgo의 정보 수집 중...
rdnmgo의 게시물에 '더 보기' 버튼 없음
좋아요 버튼을 클릭했습니다.
rdnmgo의 정보 수집 완료
42lines_의 정보 수집 중...
42lines_의 게시물에 '더 보기' 버튼 없음
좋아요 버튼을 클릭했습니다.
42lines_의 정보 수집 완료
euiclee.books의 정보 수집 중...
euiclee.books의 게시물에 '더 보기' 버튼 없음
좋아요 버튼을 클릭했습니다.
euiclee.books의 정보 수집 완료
ai.gi.book의 정보 수집 중...
ai.gi.book의 게시물에 '더 보기' 버튼 없음
좋아요 버튼을 클릭했습니다.
ai.gi.book의 정보 수집 완료
정보 수집 완료
[{'user_id': 'terrys_reading', 'posts_count': '145', 'post_text': 'Photo by @terrys_reading on December 04, 2024. 잡지, 포스터, 신문 및 텍스트의 그래픽일 수 있음.', 'post_image': 'https://scontent-ssn1-1.cdninstagram.com/v/t51.29350-15/469400790_566553489437277_9114124970412129283_n.jpg?stp=dst-jpg_e35_tt6&efg=eyJ2ZW5jb2RlX3RhZyI6ImltYWdlX3VybGdlbi4xNDQweDE4MDAuc2RyLmYyOTM1MC5kZWZhdWx0X2ltYWdlIn0&_nc_ht=scontent-ssn1-1.cdninstagram.com&_nc_cat=109&_nc_ohc=Fd9UkLYS878Q7kNvgHdX469&_nc_gid=326451bf87724e65866e5faa5210b8e6&edm=AONqaaQBAAAA&ccb=7-5&ig_cache_key=MzUxNTcwMjEwODQ2NjY1MjI2NQ%3D%3D.3-ccb7-5&oh=00_AYBv4__isf1TBRemTDGsfXV-ShvT5hbTvcAT5xEAzGGqQQ&oe=67564BD8&_nc_sid=4e3341', 'post_datetime': '2024-12-04 23:59:32', 'post_description': '미국의 가장 큰 힘은 정치 시스템이다. 미국의 선거 과정이 어떤 결과를 낳든 미국의 민주주의는 유지되며, 이는 경제 발전의 기반이 된다. 아르헨티나는 왜 부국이 될 수 없었을까? 같은 이유이다.'}, {'user_id': 'rdnmgo', 'posts_count': '156', 'post_text': 'Photo by @rdnmgo on December 04, 2024. 사람 1명, 책, 포스터, 잡지 및 텍스트의 만화일 수 있음.', 'post_image': 'https://scontent-ssn1-1.cdninstagram.com/v/t51.29350-15/469388561_1245197250079323_6164561462648006714_n.jpg?stp=dst-jpg_e35_tt6&efg=eyJ2ZW5jb2RlX3RhZyI6ImltYWdlX3VybGdlbi41NzR4NTM2LnNkci5mMjkzNTAuZGVmYXVsdF9pbWFnZSJ9&_nc_ht=scontent-ssn1-1.cdninstagram.com&_nc_cat=103&_nc_ohc=lHRdjpEYeHYQ7kNvgFaIxpk&_nc_gid=2dfd90be09dc4517a907e150627025e7&edm=AONqaaQBAAAA&ccb=7-5&ig_cache_key=MzUxNTY3MzE1NjY3MTUwOTQxNg%3D%3D.3-ccb7-5&oh=00_AYAsllPPSni3La9DjuRuioG73gnuUjCBxloe-xY6WhIitA&oe=675639B0&_nc_sid=4e3341', 'post_datetime': '2024-12-04 23:02:01', 'post_description': '### 무엇이 스토리를 독창적으로 만드는가\n\n스토리는 영웅이 등장하고 시작-중간-끝이라는 구조를 이룬다는 두 가지 공통점이 있지만, 그 내용은 대단히 다양하고 광범위하다. 스토리가 서로 다르지 않다면 우리는 굳이 그것을 읽고 듣고 시청할 필요가 없다.\n\n이것이 스토리의 미학이다. 영웅의 여정을 따라간다는 점은 같아도 누가 그것을 이야기하느냐에 따라 내용은 전혀 달라진다. 누가 화자이고 어떤 요소가 담기느냐에 따라 스토리는 천차만별로 다양해진다.'}, {'user_id': '42lines_', 'posts_count': '156', 'post_text': 'Photo by @42lines_ on December 04, 2024. 사람 1명, 잡지, 포스터 및 텍스트의 이미지일 수 있음.', 'post_image': 'https://scontent-ssn1-1.cdninstagram.com/v/t51.29350-15/469207145_954103106768525_5186749957736412104_n.webp?stp=dst-jpg_e35&efg=eyJ2ZW5jb2RlX3RhZyI6ImltYWdlX3VybGdlbi4xNDQweDE4MDAuc2RyLmYyOTM1MC5kZWZhdWx0X2ltYWdlIn0&_nc_ht=scontent-ssn1-1.cdninstagram.com&_nc_cat=105&_nc_ohc=OsZWzsUP7PwQ7kNvgHWO3Ue&_nc_gid=0991f348def34800a02e2187bdb2873d&edm=AONqaaQBAAAA&ccb=7-5&ig_cache_key=MzUxNTY1MTA1MTgzMzA3MzM4MQ%3D%3D.3-ccb7-5&oh=00_AYD_twj5_8hI6japlsrgL_34X-da2eXQLNJ0Y-SJPzOt9A&oe=67565BCB&_nc_sid=4e3341', 'post_datetime': '2024-12-04 22:18:05', 'post_description': ''}, {'user_id': 'euiclee.books', 'posts_count': '156', 'post_text': 'Photo by 유클리책장 | 📚 매일매일 독서기록 on December 04, 2024. 텍스트의 이미지일 수 있음.', 'post_image': 'https://scontent-ssn1-1.cdninstagram.com/v/t39.30808-6/469253539_525017110687555_6439589226307521618_n.jpg?stp=dst-jpg_e35&efg=eyJ2ZW5jb2RlX3RhZyI6ImltYWdlX3VybGdlbi4xMDAweDEwMDAuc2RyLmYzMDgwOC5kZWZhdWx0X2ltYWdlIn0&_nc_ht=scontent-ssn1-1.cdninstagram.com&_nc_cat=107&_nc_ohc=nRglFzKcLGgQ7kNvgH999Xv&_nc_gid=8e1cd508216f42b8ab66dbd526ab513e&edm=AONqaaQAAAAA&ccb=7-5&ig_cache_key=MzUxNTYyMDcwMDU2NDMxNDcyNA%3D%3D.3-ccb7-5&oh=00_AYBXCZ6cfLdz0LgJswfifUR6udWTirIJnHyNbpjixkdIMA&oe=67563304&_nc_sid=4e3341', 'post_datetime': '2024-12-04 21:17:48', 'post_description': '🖋️ 부동산이라는 것이 돈이 정말 많은 사람들만 할 수 있는 것인 줄만 알고 있었는데, 적으면 500만원에서 천만원을 가지고도 할 수 있는 것인 줄 처음 알았다.\n\n이래서 사람은 공부를 계속 해야 하는 것 같다. 세상에 모르는 것은 너무나도 많고 알면 알 수록 신기한 것과 몰라서 행동하지 못했던 것들이 너무나도 많다.\n\n운동과 공부는 죽을 때까지 해야 한다는 말에 100프로 동의하는 바이지만, 투자는 사실 엄청 동의가 되는 바는 아니었다. 왜냐하면 다른 공부할 것도 산더미지만 투자도 하려면 공부해야 할 것이 엄청나게 많기 때문이다.\n\n하지만 조금씩 공부하고 투자를 하다보니, 투자 또한 평생 해야한다는 말에 동의가 된다. 공부를 하면할 수록 공부든, 운동이든, 투자든 일찍 시작하는 것이 좋다는 것을 알게 되었고, 공부를 할 수록 경제관념과 세계가 돌아가는 흐름에 관해서도 관심을 갖고 조금씩 알게 된다는 것을 발견할 수 있었다.\n\n📗#1천만원부동산투자 #제승욱 #원앤원북스\n\n🔖 #독서 #북스타그램 #책 #독서스타그램 #책스타그램 #책리뷰 #책추천 #유클리 #유클리책장 #투자 #부동산 #천만원 #공부 #운동'}, {'user_id': 'ai.gi.book', 'posts_count': '217', 'post_text': 'Photo by @ai.gi.book on December 04, 2024. 텍스트의 그래픽일 수 있음.', 'post_image': 'https://scontent-ssn1-1.cdninstagram.com/v/t51.29350-15/469389886_554200787400868_6367097185190816542_n.jpg?stp=dst-jpg_e35&efg=eyJ2ZW5jb2RlX3RhZyI6ImltYWdlX3VybGdlbi4xNDQweDE4MDAuc2RyLmYyOTM1MC5kZWZhdWx0X2ltYWdlIn0&_nc_ht=scontent-ssn1-1.cdninstagram.com&_nc_cat=104&_nc_ohc=z5LCZD5fPhwQ7kNvgFg_A7r&_nc_gid=d2e0ef24d1ee45d8a4c5b10abfc7d4bc&edm=AONqaaQBAAAA&ccb=7-5&ig_cache_key=MzUxNTY5NTUzMTAzNDYxMjYzMw%3D%3D.3-ccb7-5&oh=00_AYCCsQzVgEQwLadx5oGBZLfU-pXzJJvAI1daE9fpgkbpRA&oe=6756564E&_nc_sid=4e3341', 'post_datetime': '2024-12-04 23:46:28', 'post_description': '더현대서울이 급부상하기 전까지 ‘팝업의 성지’ 하면 성수동이 독보적이었습니다. 지금도 그 위세는 대단해서 주말이면 성수동 인근이 발 디딜 틈 없이 붐비기 일쑤입니다. 그런데 그 안을 들여다보면 조금 분위기가 달라졌음을 알 수 있어요.\n\n최근 성수동에서 볼 수 있는 브랜드 이름들이 정말 화려합니다. 샤넬이나 디올 같은 명품 브랜드부터 인텔 등의 IT 기업까지 굵직한 팝업스토어들로 가득하죠. ‘그만큼 성수동이 핫하구나’라고 생각할 수도 있지만, 한편에는 치솟는 임대료 문제가 존재합니다. 중·소규모 브랜드들은 감당할 수 없을 만큼 성수동의 ‘팝업 물가’가 높아진 겁니다.\n\n어떤 지역이 인기를 얻고, 사람들이 모이고, 임대료가 오르고, 기존 상점들이 밀려나는 젠트리피케이션은 상권이 뜨고 지는 자연스러운 과정의 일부입니다. 백화점이 팝업계에 성공적으로 진출할 수 있었던 이유 중 하나이기도 하고요.\n\n성수동 등에서 팝업스토어를 열려면 임대료를 선불로 지불해야 합니다. 메인 거리에 있는 매장의 경우 하루 임대료가 수천만 원에 이르니 단 몇 주만 운영하려고 해도 수억 원이 필요한 셈입니다. 매장 인테리어나 상품 및 굿즈 제작에 들어가는 비용을 제외하고 말이죠. 반면 백화점은 기본적으로 매출의 일부를 수수료로 받는 구조이기 때문에 브랜드의 입장에서 초기 부담이 훨씬 적습니다.\n\n그렇다고 해서 성수동의 임대 구조가 잘못되었다는 것은 아닙니다. 앞서 이야기했듯 수요가 많아지면 공급가가 올라가는 것이 당연합니다. 팝업뿐만 아니라 모든 상권에서 일어나는 일이기도 하죠. 이는 팝업스토어를 바라보는 관점에서 비롯된 차이일 뿐입니다. - <B주류경제학>, 이재용 토스 - 밀리의 서재\nhttps://www.millie.co.kr/v3/bookDetail/87d0d97c7255488f'}]
CSV 파일에 데이터 저장 중...
CSV 파일에 데이터 저장 완료
성공/실패 평가 중...
성공한 사람: ['terrys_reading', 'rdnmgo', '42lines_', 'euiclee.books', 'ai.gi.book']
실패한 사람: []
요약 이미지 생성 중...
요약 이미지 생성 완료
이미지 업로드 시작...
사진 업로드 중...
새 게시물 버튼 클릭 완료
다음 버튼 클릭 중...
다음 버튼 클릭 완료
다음 버튼 클릭 중...
다음 버튼 클릭 완료
성공/실패 평가 중...
성공한 사람: ['terrys_reading', 'rdnmgo', '42lines_', 'euiclee.books', 'ai.gi.book']
실패한 사람: []
설명 입력 중...
설명 입력 완료
게시물 공유 중...
게시물 공유 완료
사진 업로드 완료
이미지 업로드 완료
드라이버 종료
프로그램 시작
드라이버 설정 중...
드라이버 설정 완료
인스타그램 로그인 시도 중...
로그인 정보 입력 완료
로그인 정보 저장 버튼 클릭 중...
로그인 정보 저장 버튼 클릭 완료
정보 수집 시작...
terrys_reading의 정보 수집 중...
terrys_reading의 게시물에 '더 보기' 버튼 없음
좋아요 버튼을 클릭했습니다.
terrys_reading의 정보 수집 완료
rdnmgo의 정보 수집 중...
rdnmgo의 게시물에 '더 보기' 버튼 없음
좋아요 버튼을 클릭했습니다.
rdnmgo의 정보 수집 완료
42lines_의 정보 수집 중...
42lines_의 게시물에 '더 보기' 버튼 없음
좋아요 버튼을 클릭했습니다.
42lines_의 정보 수집 완료
euiclee.books의 정보 수집 중...
euiclee.books의 게시물에 '더 보기' 버튼 없음
좋아요 버튼을 클릭했습니다.
euiclee.books의 정보 수집 완료
ai.gi.book의 정보 수집 중...
ai.gi.book의 게시물에 '더 보기' 버튼 없음
좋아요 버튼을 클릭했습니다.
ai.gi.book의 정보 수집 완료
정보 수집 완료
[{'user_id': 'terrys_reading', 'posts_count': '146', 'post_text': 'Photo by @terrys_reading on December 05, 2024. 책 및 텍스트의 이미지일 수 있음.', 'post_image': 'https://scontent-ssn1-1.cdninstagram.com/v/t51.29350-15/469400859_588394147019121_5728226796015619105_n.jpg?stp=dst-jpegr_e35_tt6&efg=eyJ2ZW5jb2RlX3RhZyI6ImltYWdlX3VybGdlbi4xNDQweDE4MDAuaGRyLmYyOTM1MC5kZWZhdWx0X2ltYWdlIn0&_nc_ht=scontent-ssn1-1.cdninstagram.com&_nc_cat=109&_nc_ohc=5-UINKzotGwQ7kNvgFgUcqO&_nc_gid=cce7f4fe04274fa693ee2e8bb6e9b36b&edm=AONqaaQBAAAA&ccb=7-5&ig_cache_key=MzUxNjQyNjgyMDAxNjQ5MjQwOQ%3D%3D.3-ccb7-5&oh=00_AYDmUuMn03CL3rf-CDpwyNTq1A6FKe1McAfnWuTJghbxEA&oe=675798A7&_nc_sid=4e3341', 'post_datetime': '2024-12-05 23:59:24', 'post_description': '젊은이가 가질 수 있는 것은 신뢰라는 자산 하나 뿐이다. 신용이 가장 중요한 자산이며, 내 성공의 기반이었다. 신뢰를 기반으로 모든 우연이 작동했다. 신뢰를 기반으로 일이 이루어졌다. 젊은이는 긍정적 마음으로 언제나 평판을 신경써야 한다'}, {'user_id': 'rdnmgo', 'posts_count': '157', 'post_text': 'Photo by @rdnmgo on December 05, 2024. 사람 1명, 책, 잡지, 포스터 및 텍스트의 만화일 수 있음.', 'post_image': 'https://scontent-ssn1-1.cdninstagram.com/v/t51.29350-15/469242835_1776391393195420_7957213244556561271_n.jpg?stp=dst-jpg_e15_tt7&efg=eyJ2ZW5jb2RlX3RhZyI6ImltYWdlX3VybGdlbi42MTJ4NjEyLnNkci5mMjkzNTAuZGVmYXVsdF9pbWFnZSJ9&_nc_ht=scontent-ssn1-1.cdninstagram.com&_nc_cat=104&_nc_ohc=CmoT6QXmmYoQ7kNvgGYgqIF&_nc_gid=249bac294f7d4997b33b440b15c8bdb9&edm=AONqaaQBAAAA&ccb=7-5&ig_cache_key=MzUxNjI4MjM4NzgxNjIxNzYyNA%3D%3D.3-ccb7-5&oh=00_AYCSSLuEfOI7R5_tnOK-0hppkQrBXrTNntKrjd7l8GN_kw&oe=675781D8&_nc_sid=4e3341', 'post_datetime': '2024-12-05 19:12:27', 'post_description': '인류 최초의 스토리텔러는 사냥꾼이었다. 사냥꾼은 생존을 위해 죽인 동물들에 관해 이야기했고, 동물들이 죽어갈 때 그 신비로운 경험을 묘사했다. 동물들은 초기 인류에게 생명을 주었고 인류도 동물들에게 존중을 표했다. 사냥꾼의 스토리에는 인간 세계와 동물의 왕국 사이의 관계가 반영되어 있었다.\n\n《길가메시 서사시》는 특히 사냥꾼과 동물의 관계, 신비로운 미지의 세계를 많이 언급한다. 이 서사시는 인류가 아직 이해하지 못한 것을 ‘설명하는’ 마법의 영역뿐만 아니라, 원시 사냥꾼들의 세계, 생존을 위해 풍요로운 자연에 의존하는 인류의 모습이 반영되어 있다.\n\n초기 인류의 생활이 사냥에서 농사로 바뀌면서 삶의 신비를 해석하기 위해 만든 스토리도 바뀌었다. 삶의 중심에 동물이 아닌 농작물이 들어왔다. 이 스토리는 끝없이 순환하는 신비의 상징이 되었다. 식물은 죽어도 끝이 아니라 씨앗에서 다시 생명이 시작되는 순환을 거듭하기 때문이다.'}, {'user_id': '42lines_', 'posts_count': '157', 'post_text': 'Photo by @42lines_ on December 05, 2024. 사람 1명, 잡지, 포스터, 책 및 텍스트의 이미지일 수 있음.', 'post_image': 'https://scontent-ssn1-1.cdninstagram.com/v/t51.29350-15/469252267_1098619224837996_6435818052093077853_n.jpg?stp=dst-jpg_e15_tt7&efg=eyJ2ZW5jb2RlX3RhZyI6ImltYWdlX3VybGdlbi4xMDgweDEwODAuc2RyLmYyOTM1MC5kZWZhdWx0X2ltYWdlIn0&_nc_ht=scontent-ssn1-1.cdninstagram.com&_nc_cat=100&_nc_ohc=ofbcF6smWswQ7kNvgHNDcht&_nc_gid=f64e9738ce42418da40bd3930e8a1b52&edm=AONqaaQBAAAA&ccb=7-5&ig_cache_key=MzUxNjM3MjY0OTQ0ODk5OTI2OQ%3D%3D.3-ccb7-5&oh=00_AYCueNhJTzBaXBJqOZ-QEBtzUHxN0ktHYLjp9IsEUHPqJA&oe=67578B3B&_nc_sid=4e3341', 'post_datetime': '2024-12-05 22:11:47', 'post_description': '다음으로, 시간의 효율화는 결국 비용의 최적화로 이어진다는 측면에서 시간 사용에 대한 재정비가 필요할 것으로 보인다. 특히 기업에서는 자사의 시간 효율성을 점검하고 소비자의 시간을 효율적으로 디자인하는 노하우가 경쟁력으로 이어질 수 있다. - <트렌드 코리아 2025>, 김난도, 전미영, 최지혜, 권정윤, 한다혜, 이혜원, 이준영, 이향은, 추예린, 전다현 지음 - 밀리의 서재 https://www.millie.co.kr/v3/bookDetail/c5c19cf719fe4693'}, {'user_id': 'euiclee.books', 'posts_count': '157', 'post_text': 'Photo by 유클리책장 | 📚 매일매일 독서기록 on December 05, 2024. 텍스트의 이미지일 수 있음.', 'post_image': 'https://scontent-ssn1-1.cdninstagram.com/v/t39.30808-6/469387699_525933143929285_7039782722546680119_n.jpg?stp=dst-jpg_e35_tt7&efg=eyJ2ZW5jb2RlX3RhZyI6ImltYWdlX3VybGdlbi4xMDAweDEwMDAuc2RyLmYzMDgwOC5kZWZhdWx0X2ltYWdlIn0&_nc_ht=scontent-ssn1-1.cdninstagram.com&_nc_cat=101&_nc_ohc=qHk-Xgu-wTQQ7kNvgH4JcUY&_nc_gid=4b9202059d9748b68c88d7ab037e4357&edm=AONqaaQAAAAA&ccb=7-5&ig_cache_key=MzUxNjMzNjY0MzMzNTM4MTEzOQ%3D%3D.3-ccb7-5&oh=00_AYD-Rddp8tG_Ncz4dk5JnPGwkZDn-21rhgUu0TNYKTKPvA&oe=67579D33&_nc_sid=4e3341', 'post_datetime': '2024-12-05 21:00:15', 'post_description': '🖋️ 상이나 교훈을 먼저 주는 것이 아니라 벌을 주고 스스로 깨닫게 한다.\n\n대부분 그 결과는 몰랐기 때문에 그런 결과를 맞이하게 되는 것이지만, 정보의 중요성은 정말 어마무시하다.\n\n해보기 전에는 알 수가 없다. 내가 모르는 것이 무엇인지 잘 모르기 때문이다. 당연히 모든 것을 알고 시작하는 것이 정말 좋겠지만, 내가 무엇을 모르는지 모르는 상태에서 공부를 한다고 한들 한계가 존재할 수 밖에 없다.\n\n벌을 받더라도 다시 일어설 수 있는 회복탄력성만 유지하자. 그럼 벌을 받더라고 얻은 교훈을 가지고 한단계 더 성장할 수 있을 것이다.\n\n📗#1천만원부동산투자 #제승욱 #원앤원북스\n\n🔖 #독서 #북스타그램 #책 #독서스타그램 #책스타그램 #책리뷰\n#책추천 #유클리 #유클리책장 #투자 #부동산 #천만원 #공부 #회복탄력성'}, {'user_id': 'ai.gi.book', 'posts_count': '219', 'post_text': 'Photo by @ai.gi.book on December 05, 2024. 텍스트의 그래픽일 수 있음.', 'post_image': 'https://scontent-ssn1-1.cdninstagram.com/v/t51.29350-15/469487724_8527536077355778_1694691895583688668_n.jpg?stp=dst-jpg_e35_tt7&efg=eyJ2ZW5jb2RlX3RhZyI6ImltYWdlX3VybGdlbi4xNDQweDE4MDAuc2RyLmYyOTM1MC5kZWZhdWx0X2ltYWdlIn0&_nc_ht=scontent-ssn1-1.cdninstagram.com&_nc_cat=110&_nc_ohc=CXWumOMJRTkQ7kNvgGabdKE&_nc_gid=dc3d6780edf54566bef6ef9a192cb450&edm=AONqaaQBAAAA&ccb=7-5&ig_cache_key=MzUxNjQyNTE5ODY1Nzg2ODIxMw%3D%3D.3-ccb7-5&oh=00_AYAP8YthMJ6YhScq5Yu28yBZcCDyNSah0fksvl0R_KsUZQ&oe=67578B03&_nc_sid=4e3341', 'post_datetime': '2024-12-05 23:56:11', 'post_description': '패션 시장에서 여성은 남성보다 훨씬 까다로운 타깃입니다. 소비를 예측하기도 어렵고, 구매로 전환시키기는 더 어려워요. 원피스 한 벌을 사려고 온라인 쇼핑몰에 들어가서 장바구니에 스무 벌쯤 넣어두고는 오프라인 매장들을 돌며 실물을 확인하고(입어도 보고), 잠시 카페에 들어가서 스마트폰으로 마음에 든 상품들의 최저가를 검색하더니 ‘아, 다음 주에 생일 쿠폰 나오는데!’ 하면서 구매를 미루거나 취소하는 것이 여성 고객입니다. 그 카페에서 나오는 길에 ‘아까 그 청바지는 진짜 예뻤어!’ 하며 뜬금없이 청바지를 사는 것 역시 여성 고객이고요.\n\n이런 여성복 시장을 단일 플랫폼이 차지하기란 어쩌면 불가능에 가깝습니다. 하지만 브랜드 단위로는 접근해볼 수 있습니다. A라는 브랜드의 옷이 잘 어울렸다면 다음에도 A 브랜드 제품을 구매하거나 최소한 살펴볼 가능성이 높죠. 따라서 플랫폼이 살아남기 위해 해야 하는 일은 좋은 브랜드를 선별하여 내 플랫폼에 들이는 것과 다른 플랫폼에 없는 신진 디자이너나 브랜드를 발굴하는 것, 이 두 가지입니다. 여성복 시장은 그야말로 트렌드 최전선 중의 최전선이라고 할 수 있 - <B주류경제학>, 이재용 토스 - 밀리의 서재\nhttps://www.millie.co.kr/v3/bookDetail/87d0d97c7255488f'}]
CSV 파일에 데이터 저장 중...
CSV 파일에 데이터 저장 완료
성공/실패 평가 중...
성공한 사람: ['terrys_reading', 'rdnmgo', '42lines_', 'euiclee.books', 'ai.gi.book']
실패한 사람: []
요약 이미지 생성 중...
요약 이미지 생성 완료
이미지 업로드 시작...
사진 업로드 중...
새 게시물 버튼 클릭 완료
다음 버튼 클릭 중...
다음 버튼 클릭 완료
다음 버튼 클릭 중...
다음 버튼 클릭 완료
성공/실패 평가 중...
성공한 사람: ['terrys_reading', 'rdnmgo', '42lines_', 'euiclee.books', 'ai.gi.book']
실패한 사람: []
설명 입력 중...
설명 입력 완료
게시물 공유 중...
게시물 공유 완료
사진 업로드 완료
이미지 업로드 완료
드라이버 종료
프로그램 시작
드라이버 설정 중...
드라이버 설정 완료
인스타그램 로그인 시도 중...
로그인 정보 입력 완료
로그인 정보 저장 버튼 클릭 중...
로그인 정보 저장 버튼 클릭 완료
정보 수집 시작...
terrys_reading의 정보 수집 중...
terrys_reading의 게시물에 '더 보기' 버튼 없음
좋아요 버튼을 클릭했습니다.
terrys_reading의 정보 수집 완료
rdnmgo의 정보 수집 중...
rdnmgo의 게시물에 '더 보기' 버튼 없음
좋아요 버튼을 클릭했습니다.
rdnmgo의 정보 수집 완료
42lines_의 정보 수집 중...
42lines_의 게시물에 '더 보기' 버튼 없음
오류가 발생했습니다: Message: 
Stacktrace:
0   chromedriver                        0x0000000109ae8338 chromedriver + 5096248
1   chromedriver                        0x0000000109adfb6a chromedriver + 5061482
2   chromedriver                        0x000000010966afd0 chromedriver + 389072
3   chromedriver                        0x00000001096b79ab chromedriver + 702891
4   chromedriver                        0x00000001096b7a81 chromedriver + 703105
5   chromedriver                        0x00000001096fbcd4 chromedriver + 982228
6   chromedriver                        0x00000001096dbf1d chromedriver + 851741
7   chromedriver                        0x00000001096f9250 chromedriver + 971344
8   chromedriver                        0x00000001096dbc93 chromedriver + 851091
9   chromedriver                        0x00000001096aac79 chromedriver + 650361
10  chromedriver                        0x00000001096ab49e chromedriver + 652446
11  chromedriver                        0x0000000109aab0b0 chromedriver + 4845744
12  chromedriver                        0x0000000109aaffc8 chromedriver + 4865992
13  chromedriver                        0x0000000109ab0695 chromedriver + 4867733
14  chromedriver                        0x0000000109a8dce9 chromedriver + 4725993
15  chromedriver                        0x0000000109ab0989 chromedriver + 4868489
16  chromedriver                        0x0000000109a7fc04 chromedriver + 4668420
17  chromedriver                        0x0000000109acfe68 chromedriver + 4996712
18  chromedriver                        0x0000000109ad0067 chromedriver + 4997223
19  chromedriver                        0x0000000109adf76e chromedriver + 5060462
20  libsystem_pthread.dylib             0x00007fff71f4f109 _pthread_start + 148
21  libsystem_pthread.dylib             0x00007fff71f4ab8b thread_start + 15

42lines_의 정보 수집 완료
euiclee.books의 정보 수집 중...
euiclee.books의 게시물에 '더 보기' 버튼 없음
좋아요 버튼을 클릭했습니다.
euiclee.books의 정보 수집 완료
ai.gi.book의 정보 수집 중...
ai.gi.book의 게시물에 '더 보기' 버튼 없음
좋아요 버튼을 클릭했습니다.
ai.gi.book의 정보 수집 완료
정보 수집 완료
[{'user_id': 'terrys_reading', 'posts_count': '147', 'post_text': 'Photo by @terrys_reading on December 06, 2024. 책 및 텍스트의 이미지일 수 있음.', 'post_image': 'https://scontent-ssn1-1.cdninstagram.com/v/t51.29350-15/469415430_1106889534157292_200241108109780452_n.jpg?stp=dst-jpg_e35_tt7&efg=eyJ2ZW5jb2RlX3RhZyI6ImltYWdlX3VybGdlbi4xNDQweDE0NDAuc2RyLmYyOTM1MC5kZWZhdWx0X2ltYWdlIn0&_nc_ht=scontent-ssn1-1.cdninstagram.com&_nc_cat=108&_nc_ohc=ZZ1hqz5jloQQ7kNvgErmwde&_nc_gid=25748881a8ba496387bf71e0af3f7cae&edm=AONqaaQBAAAA&ccb=7-5&ig_cache_key=MzUxNzE0OTUzNzYzMjY2NjY0OQ%3D%3D.3-ccb7-5&oh=00_AYAjSoxO_94Uy1r-BReYT8M9mQVcG2p3noKpMNv7W2gonQ&oe=6758DACD&_nc_sid=4e3341', 'post_datetime': '2024-12-06 23:55:19', 'post_description': '1. 개체들 사이에 변이가 존재한다.\n2. 변이 중 어떤 것은 유전된다.\n3. 개체군은 실제로 생존할 수 있는 것보다 더 많은 자손을 생산하는 경향이 있다.\n4. 종은 자신의 환경에 맞게 적응 또는 변화한다.'}, {'user_id': 'rdnmgo', 'posts_count': '158', 'post_text': 'Photo by @rdnmgo on December 06, 2024. 사람 1명, 책, 잡지, 포스터 및 텍스트의 만화일 수 있음.', 'post_image': 'https://scontent-ssn1-1.cdninstagram.com/v/t51.29350-15/469600534_882622834042731_8105751349743599182_n.jpg?stp=dst-jpg_e15_tt7&efg=eyJ2ZW5jb2RlX3RhZyI6ImltYWdlX3VybGdlbi42MTJ4NjEyLnNkci5mMjkzNTAuZGVmYXVsdF9pbWFnZSJ9&_nc_ht=scontent-ssn1-1.cdninstagram.com&_nc_cat=103&_nc_ohc=1bnLiRl3XVcQ7kNvgGOzAUH&_nc_gid=ae487f2ff18d41e8a3409b850714fecd&edm=AONqaaQBAAAA&ccb=7-5&ig_cache_key=MzUxNzAxMzYxMzcyNDEyNTMwOA%3D%3D.3-ccb7-5&oh=00_AYAZB34QNOfSubjqpdv8Y45u1Ko3xPwLcAdEVBoeKymd-A&oe=6758FCA1&_nc_sid=4e3341', 'post_datetime': '2024-12-06 19:25:15', 'post_description': '그렇다면 우리는 어떤가?\n\n현대인은 생존을 위해 사냥에 나서지 않는다.\n그렇다면 지금 우리가 사는 문화에서 우리를 독창적으로 만들어주는 것은 무엇일까?\n\n현대를 살아가는 인류는 지난 20세기에 두 차례의 세계대전과 경제 대공황, 스페인 독감이나 천연두 같은 전염병 발발 등 역사적으로 큰 사건들을 겪었다. 현대인은 컴퓨터와 인터넷, 로봇 시스템, 우주선 등을 발명했다. 이처럼 완전히 새로운 사건과 문명은 영화 《소셜 네트워크》, 《블레이드 러너》, 《스타워즈》, 《라이언 일병 구하기》, 《분노의 포도》, 《12 몽키스》 같은 스토리에 영감을 불어넣었다.'}, {'user_id': '42lines_', 'posts_count': '157', 'post_text': 'Photo by @42lines_ on December 05, 2024. 사람 1명, 잡지, 포스터, 책 및 텍스트의 이미지일 수 있음.', 'post_image': 'https://scontent-ssn1-1.cdninstagram.com/v/t51.29350-15/469252267_1098619224837996_6435818052093077853_n.jpg?stp=dst-jpg_e15_tt7&efg=eyJ2ZW5jb2RlX3RhZyI6ImltYWdlX3VybGdlbi4xMDgweDEwODAuc2RyLmYyOTM1MC5kZWZhdWx0X2ltYWdlIn0&_nc_ht=scontent-ssn1-1.cdninstagram.com&_nc_cat=100&_nc_ohc=gJRvsHMUd3IQ7kNvgFbxSLg&_nc_gid=3e1452cc734b4e31ab8ab41cf1bba4b2&edm=AP4sbd4BAAAA&ccb=7-5&ig_cache_key=MzUxNjM3MjY0OTQ0ODk5OTI2OQ%3D%3D.3-ccb7-5&oh=00_AYA3I_PFeoEXdKtYg7JDJRF_6dAOQzixjKInx_0WqCMaZA&oe=6758DCBB&_nc_sid=7a9f4b', 'post_datetime': '2024-12-05 22:11:47', 'post_description': '다음으로, 시간의 효율화는 결국 비용의 최적화로 이어진다는 측면에서 시간 사용에 대한 재정비가 필요할 것으로 보인다. 특히 기업에서는 자사의 시간 효율성을 점검하고 소비자의 시간을 효율적으로 디자인하는 노하우가 경쟁력으로 이어질 수 있다. - <트렌드 코리아 2025>, 김난도, 전미영, 최지혜, 권정윤, 한다혜, 이혜원, 이준영, 이향은, 추예린, 전다현 지음 - 밀리의 서재 https://www.millie.co.kr/v3/bookDetail/c5c19cf719fe4693'}, {'user_id': 'euiclee.books', 'posts_count': '158', 'post_text': 'Photo by 유클리책장 | 📚 매일매일 독서기록 on December 06, 2024. 텍스트의 이미지일 수 있음.', 'post_image': 'https://scontent-ssn1-1.cdninstagram.com/v/t39.30808-6/469344499_526745880514678_8374666703217509646_n.jpg?stp=dst-jpg_e35_tt7&efg=eyJ2ZW5jb2RlX3RhZyI6ImltYWdlX3VybGdlbi4xMDAweDEwMDAuc2RyLmYzMDgwOC5kZWZhdWx0X2ltYWdlIn0&_nc_ht=scontent-ssn1-1.cdninstagram.com&_nc_cat=110&_nc_ohc=Ai60fTXdFi8Q7kNvgFLRGS5&_nc_gid=55b7799797e4486fb25c925d2fcaddcc&edm=AONqaaQAAAAA&ccb=7-5&ig_cache_key=MzUxNzA2MTU0NTY1NjEzODAzMw%3D%3D.3-ccb7-5&oh=00_AYDDq6xHjzVJxRRn_XewX84jL1PvMd7xbF0KSMl_vBPMiw&oe=6758DBF1&_nc_sid=4e3341', 'post_datetime': '2024-12-06 21:00:31', 'post_description': '🖋️ 무엇이든지 적성에 맞는지 확인할 수 있는 방법은 마음이 설레는지 확인하는 것이다.\n\n하지만 갑자기 생각이 드는 것은, 아무리 적성에 맞는다고 할지라도, 일이 되어버리면 힘들어 질 수 밖에 없지 않을까.\n\n일이 되어도 즐거울 수 있고, 설렐 수 있는 것을 찾는 것이 진정으로 적성에 맞는 것이 아닐까 하는 생각이 든다.\n\n📗#1천만원부동산투자 #제승욱 #원앤원북스\n\n🔖 #독서 #북스타그램 #책 #독서스타그램 #책스타그램 #책리뷰\n#책추천 #유클리 #유클리책장 #투자 #부동산 #천만원 #공부 #설렘'}, {'user_id': 'ai.gi.book', 'posts_count': '220', 'post_text': 'Photo by @ai.gi.book on December 06, 2024. 텍스트의 낙서 그림일 수 있음.', 'post_image': 'https://scontent-ssn1-1.cdninstagram.com/v/t51.29350-15/469489785_1628369854784291_7843145240094613473_n.jpg?stp=dst-jpg_e35_tt7&efg=eyJ2ZW5jb2RlX3RhZyI6ImltYWdlX3VybGdlbi4xNDQweDE4MDAuc2RyLmYyOTM1MC5kZWZhdWx0X2ltYWdlIn0&_nc_ht=scontent-ssn1-1.cdninstagram.com&_nc_cat=111&_nc_ohc=E8_8C7XO4dkQ7kNvgEgqEYw&_nc_gid=dfea2df41a374efdbf7f4e4ff1d14241&edm=AONqaaQBAAAA&ccb=7-5&ig_cache_key=MzUxNzE0OTU2NTkyMjYwOTA5OQ%3D%3D.3-ccb7-5&oh=00_AYDlxKsjEQsnR-d4oO-0S1JqpwggymEepSwRFc06fKblUA&oe=6758F3F8&_nc_sid=4e3341', 'post_datetime': '2024-12-06 23:55:22', 'post_description': '이 사례를 통해 우리는 패션계에서 AI의 역할에 대해 생각해보게 됩니다. 한 끗의 디테일 차이로 달라지는 트렌드에 수시로 바뀌는 개인의 취향, 그 옷을 입게 될 장소, 날씨나 기분 등등 오만가지 변수들로 가득한 이 업계야말로 AI가 힘을 쓰기 어려운 필드일지도 몰라요. 기술이 소비를 쉽게 만들어주고 있긴 하지만 그게 모든 것을 해결해주진 않는 영역도 있는 법이 - <B주류경제학>, 이재용 토스 - 밀리의 서재\nhttps://www.millie.co.kr/v3/bookDetail/87d0d97c7255488f'}]
CSV 파일에 데이터 저장 중...
CSV 파일에 데이터 저장 완료
성공/실패 평가 중...
성공한 사람: ['terrys_reading', 'rdnmgo', '42lines_', 'euiclee.books', 'ai.gi.book']
실패한 사람: []
요약 이미지 생성 중...
요약 이미지 생성 완료
이미지 업로드 시작...
사진 업로드 중...
새 게시물 버튼 클릭 완료
다음 버튼 클릭 중...
다음 버튼 클릭 완료
다음 버튼 클릭 중...
다음 버튼 클릭 완료
성공/실패 평가 중...
성공한 사람: ['terrys_reading', 'rdnmgo', '42lines_', 'euiclee.books', 'ai.gi.book']
실패한 사람: []
설명 입력 중...
설명 입력 완료
게시물 공유 중...
게시물 공유 완료
사진 업로드 완료
이미지 업로드 완료
드라이버 종료
프로그램 시작
드라이버 설정 중...
드라이버 설정 완료
인스타그램 로그인 시도 중...
로그인 정보 입력 완료
로그인 정보 저장 버튼 클릭 중...
로그인 정보 저장 버튼 클릭 완료
정보 수집 시작...
terrys_reading의 정보 수집 중...
terrys_reading의 게시물에 '더 보기' 버튼 없음
좋아요 버튼을 클릭했습니다.
terrys_reading의 정보 수집 완료
rdnmgo의 정보 수집 중...
rdnmgo의 게시물에 '더 보기' 버튼 없음
좋아요 버튼을 클릭했습니다.
rdnmgo의 정보 수집 완료
42lines_의 정보 수집 중...
42lines_의 게시물에 '더 보기' 버튼 없음
좋아요 버튼을 클릭했습니다.
42lines_의 정보 수집 완료
euiclee.books의 정보 수집 중...
euiclee.books의 게시물에 '더 보기' 버튼 없음
좋아요 버튼을 클릭했습니다.
euiclee.books의 정보 수집 완료
ai.gi.book의 정보 수집 중...
ai.gi.book의 게시물에 '더 보기' 버튼 없음
좋아요 버튼을 클릭했습니다.
ai.gi.book의 정보 수집 완료
정보 수집 완료
[{'user_id': 'terrys_reading', 'posts_count': '148', 'post_text': "Photo by @terrys_reading on December 07, 2024. 책 및 문구: 'On OntheOriginofSpeciees the rigin Speciee 주의기우 칼소 엄언다. 博 어먼재 홍영남 감수 국력 폐군 흑방선인비 비글호를 다고 마마네리가· 오스트레일피아 님마프리카 진화론을 파립한 회기적 퍼슬, 과하계팬관 아니라 교 다원은 약완의 나이에 연 구 구 끝에 예내 놓은 (중의 기위 사회적으로도 인류 지성사에 개정반인 6만을 적분으로 핸다. 티치드 도센스의 (이기저 잃으겁다, 감사하면서 굿는 고전으로 자리 코느를 번백본은 더원 우원 냉건에 전제)를 번역했던 홍영남 서울데 명대교수가 몸품하서 남수한 간된 층 본여본이다.'의 이미지일 수 있음.", 'post_image': 'https://scontent-ssn1-1.cdninstagram.com/v/t51.29350-15/469588154_600076299054012_3543338038966966635_n.jpg?stp=dst-jpg_e35_tt7&efg=eyJ2ZW5jb2RlX3RhZyI6ImltYWdlX3VybGdlbi4xNDQweDE0NDAuc2RyLmYyOTM1MC5kZWZhdWx0X2ltYWdlIn0&_nc_ht=scontent-ssn1-1.cdninstagram.com&_nc_cat=100&_nc_ohc=hDUXcDYuIkkQ7kNvgHAuxt6&_nc_gid=cde007b20fcf4003a453dd933c90de1e&edm=AONqaaQBAAAA&ccb=7-5&ig_cache_key=MzUxNzg3NDgzNDE1NzU1NTA1NA%3D%3D.3-ccb7-5&oh=00_AYBWws3enig07te7PWxnBPSLt4Rt41KuduoKWLLCdD_lLw&oe=675A1AF0&_nc_sid=4e3341', 'post_datetime': '2024-12-07 23:56:21', 'post_description': '1. 진화의 불빛에 비추지 않고는 생물학의 그 무엇도 의미가 없다."\n\n2. 중력의 법칙에 따라. 지구가 회전하고 있는. 동안 너무나 아름답고 멋진 수많은 생존 형태가 단순한 시작으로부터 진화했으며 또 진화했으며 또 진화하고 있다는 이런 관점 속에 위대함이 있다.'}, {'user_id': 'rdnmgo', 'posts_count': '159', 'post_text': "Photo by @rdnmgo on December 07, 2024. 사람 1명, 책, 잡지, 포스터 및 문구: '매듀론재81박여진올검 PIXAR PIX STORYTELLING 픽사 스토리렐링 고객의 마음을 사로잡는 9가지 스토리 스토리법칙 법칙 구글, 디즈니, 레고, 넷플릭스가 릭스가 찾는 스토리텔링 마스터 매류 문의 실전 바이블 폭사 20년 경력 스토리제적자희 스토리 제작자의 액싱 비법 수록 네이버, 카카오 디즈니코리아 인플루언서추천 추천 2021 올해의 강연자 TOP TOP20 20 (BigSpeak)'의 만화일 수 있음.", 'post_image': 'https://scontent-ssn1-1.cdninstagram.com/v/t51.29350-15/469632394_2341044786235534_5888504026726324301_n.jpg?stp=dst-jpg_e15_tt7&efg=eyJ2ZW5jb2RlX3RhZyI6ImltYWdlX3VybGdlbi42MTJ4NjEyLnNkci5mMjkzNTAuZGVmYXVsdF9pbWFnZSJ9&_nc_ht=scontent-ssn1-1.cdninstagram.com&_nc_cat=110&_nc_ohc=NohQRuEBvpUQ7kNvgEb50oC&_nc_gid=a3877c0215744e2cbf70b28e9c13e8c5&edm=AONqaaQBAAAA&ccb=7-5&ig_cache_key=MzUxNzgzNTQwMTk0NTE2ODIyOA%3D%3D.3-ccb7-5&oh=00_AYBMs9aWFWzp_YG-f0hDbklU5RD14CU_SMm7hclY86JaqA&oe=675A2C6F&_nc_sid=4e3341', 'post_datetime': '2024-12-07 22:38:00', 'post_description': '우리가 창조하는 스토리는 자기만의 고유한 경험에 영향을 받는다. 뒷마당에서 버터 칼을 들고 위협하는 불량배를 만난 이야기, 불꽃놀이가 터질 때 첫 키스를 한 이야기 등 당신에게 일어난 일상은 모두 스토리의 금광이다. 우리는 자기만의 방식으로 하루도 빠짐없이 세상을 보고 듣고 읽는다. 그리고 각자 나름의 방식으로 들어온 정보를 처리한다. 말하자면 누구에게나 자신만의 스토리 지문(指紋)이 있다.\n\n가족 중 누군가의 어린 시절 고생담을 떠올리며 스토리 창작 욕구가 생길 수도 있다.\n개인적 경험에서 영감을 얻어 제작된 고전 영화도 있다. 《스탠 바이 미》, 《크리스마스 스토리》, 《오만과 편견》 등이 이에 속한다.'}, {'user_id': '42lines_', 'posts_count': '158', 'post_text': "Photo by @42lines_ on December 06, 2024. 사람 1명, 잡지, 포스터, 책 및 문구: '2025 대한민국 소비트렌드 전망 김난도 전미영 최지혜 권정을 한다혜 이혜원 이준영 이황은 이하모 추예권 전다현 트렌드 코리아 2025 경계가사라지는 시대, 모든 전제를 원점으로 되돌려라 대한민국 No.1 트렌드서 미라면 SNAKE SENSE 행복에 대한 고정관님이 방복예대한고정관님이무너지는시데. 무녀 시대, 보통의 도동의하무와무해할,1%의상상이서담을및 담을 찾고 하루와 무해합, 1%의 성장에 디지턴의 편리합 속에서 '물성'이 더욱귀해진다. 더욱'의 이미지일 수 있음.", 'post_image': 'https://scontent-ssn1-1.cdninstagram.com/v/t51.29350-15/469599277_884980887161966_8732017958706552565_n.jpg?stp=dst-jpg_e15_tt7&efg=eyJ2ZW5jb2RlX3RhZyI6ImltYWdlX3VybGdlbi4xMDgweDEwODAuc2RyLmYyOTM1MC5kZWZhdWx0X2ltYWdlIn0&_nc_ht=scontent-ssn1-1.cdninstagram.com&_nc_cat=102&_nc_ohc=5LPylhTeBNwQ7kNvgEQpxMt&_nc_gid=55bda1fb8ad94e839d7440ef64d9c360&edm=AONqaaQBAAAA&ccb=7-5&ig_cache_key=MzUxNzUxNDUxMzU1NjM1MjM2MA%3D%3D.3-ccb7-5&oh=00_AYCwdtDV25y1qERXBuB5mKRpgi2hSjFOfBT_NyBIFSVWPg&oe=675A1F57&_nc_sid=4e3341', 'post_datetime': '2024-12-07 12:00:27', 'post_description': '비즈니스 영역에서 시간과 비용의 최적화는 반드시 달성해야 하는 과제지만, 개인적 차원에서는 잠시 멈추고 사색할 수 있는 여유의 시간도 필요하다. 성찰의 순간이 곧 인간만이 가질 수 있는 판단력을 확보하는 생산의 시간이기 때문이다. - <트렌드 코리아 2025>, 김난도, 전미영, 최지혜, 권정윤, 한다혜, 이혜원, 이준영, 이향은, 추예린, 전다현 지음 - 밀리의 서재 https://www.millie.co.kr/v3/bookDetail/c5c19cf719fe4693'}, {'user_id': 'euiclee.books', 'posts_count': '159', 'post_text': 'Photo by 유클리책장 | 📚 매일매일 독서기록 on December 07, 2024. 책, 포스터 및 텍스트의 일러스트레이션일 수 있음.', 'post_image': 'https://scontent-ssn1-1.cdninstagram.com/v/t51.29350-15/469527842_935327111364750_7453143380239044291_n.jpg?stp=dst-jpg_e15_tt7&efg=eyJ2ZW5jb2RlX3RhZyI6ImltYWdlX3VybGdlbi4xMDgweDEwODAuc2RyLmYyOTM1MC5kZWZhdWx0X2ltYWdlIn0&_nc_ht=scontent-ssn1-1.cdninstagram.com&_nc_cat=106&_nc_ohc=pqyB9M9BLsoQ7kNvgHpLZ6k&_nc_gid=59f88493eea5404a80fa4bc0d2b07672&edm=AP4sbd4BAAAA&ccb=7-5&ig_cache_key=MzUxNzg0MjA3MTE5MTMxODE0NA%3D%3D.3-ccb7-5&oh=00_AYBio6y5mtZQiSllkwU1NV8D68GCGY1deMKNFGWc4l5w6w&oe=675A3557&_nc_sid=7a9f4b', 'post_datetime': '2024-12-07 22:51:16', 'post_description': '🖋️ 책 한권만 읽고, 본인의 생각을 굳히는 것이 제일 무섭지만, 이 책은 전에는 굳이 관심도 없었던 부동산 투자에 관심을 갖게 하기에는 충분했다.\n\n거시적인 관점에서는 통화량이 계속 상승하고 화폐가치가 계속 떨어질 수 밖에 없다. 그냥 화폐를 저축만 한다는 것은 어쩌면 돈을 버리겠다는 이야기와 같을 것이다.\n\n예전에는 돈이 돈을 번다는 것이 무엇인지 이야기는 듣긴 했지만 막상 왜 돈이 돈을 버는지 직접 체험할 수 없어 와닫지 않았다면, 지금은 조금 조금씩 알아가고 있는 것 같다는 느낌이 든다.\n\n📗#1천만원부동산투자 #제승욱 #원앤원북스\n\n🔖 #독서 #북스타그램 #책 #독서스타그램 #책스타그램 #책리뷰\n#책추천 #유클리 #유클리책장 #투자 #부동산 #천만원 #공부'}, {'user_id': 'ai.gi.book', 'posts_count': '222', 'post_text': 'Photo by @ai.gi.book on December 06, 2024. 텍스트의 낙서 그림일 수 있음.', 'post_image': 'https://scontent-ssn1-1.cdninstagram.com/v/t51.29350-15/469558766_595590196251676_6140157960369539529_n.jpg?stp=dst-jpg_e35_tt7&efg=eyJ2ZW5jb2RlX3RhZyI6ImltYWdlX3VybGdlbi4xNDQweDE4MDAuc2RyLmYyOTM1MC5kZWZhdWx0X2ltYWdlIn0&_nc_ht=scontent-ssn1-1.cdninstagram.com&_nc_cat=104&_nc_ohc=k3j0jLjZPJUQ7kNvgGIanlt&_nc_gid=744ed43e02744feab85d40f4eb6af05f&edm=AONqaaQBAAAA&ccb=7-5&ig_cache_key=MzUxNzU4MDU3NTgwNjA4NTIzMg%3D%3D.3-ccb7-5&oh=00_AYALHrbi3q8wyhQIjInqTJXpJ9WQTJazxEoEx9pIia1X_A&oe=675A41A5&_nc_sid=4e3341', 'post_datetime': '2024-12-07 14:11:43', 'post_description': 'LG생활건강은 2022년 9,000억 원이었던 중국 매출이 2023년에 7,200억 원으로 떨어졌고, 아모레퍼시픽과 비슷하게 한국과 중국에서 각각 2,000억 원 가까이 빠진 걸 확인할 수 있습니다. 아무래도 중국의 포지션이 크고 한국에서도 고전하고 있음이 짐작되죠. 코로나19를 기점으로 국내 뷰티 브랜드들의 중국 활동이 눈에 띄게 줄면서 아시아의 다른 지역으로 활동 영역을 옮기기도 했는데요. 중국이 워낙 큰 시장인 데다 중국 외 아시아 시장에서의 영향력이 그렇게 크지는 않다 보니 대기업들의 매출은 줄어들 수밖에 없었습니다.\n\n대기업의 매출이 빠진 틈에 수많은 인디 브랜드들이 단기간에 우후죽순으로 생겨나기도 했는데요. 최근 온라인 채널이 부상하면서 빠르게 변화하는 화장품 시장에서 한발 더 빠르고 유연하게 반응하는 작은 브랜드들이 날개를 펼치기 시작한 겁니다. 속도전에서 다소 약한 대기업 브랜드들은 이러한 위기 상황에 과거 오프라인에서 활발했던 방문 판매의 비중을 다시 높이고 있어요.\n\n그렇다고 인디 브랜드들이 화장품 시장을 완벽하게 움켜쥔 것은 아니에요. 인디 브랜드들은 이미 포화 상태에서 서로 경쟁하다 보니 매출을 잘게 나눠 가지게 되는 상황이 펼쳐지고 있습니다. 게다가 화장품 시장에서 가장 적극적으로 활동하는 2030 연령대 인구수가 줄어 큰 성장을 이루던 전성기에 비하면 시장 분위기가 역동적이지는 않아요. - <B주류경제학>, 이재용 토스 - 밀리의 서재\nhttps://www.millie.co.kr/v3/bookDetail/87d0d97c7255488f'}]
CSV 파일에 데이터 저장 중...
CSV 파일에 데이터 저장 완료
성공/실패 평가 중...
성공한 사람: ['terrys_reading', 'rdnmgo', '42lines_', 'euiclee.books', 'ai.gi.book']
실패한 사람: []
요약 이미지 생성 중...
요약 이미지 생성 완료
이미지 업로드 시작...
사진 업로드 중...
새 게시물 버튼 클릭 완료
다음 버튼 클릭 중...
다음 버튼 클릭 완료
다음 버튼 클릭 중...
다음 버튼 클릭 완료
성공/실패 평가 중...
성공한 사람: ['terrys_reading', 'rdnmgo', '42lines_', 'euiclee.books', 'ai.gi.book']
실패한 사람: []
설명 입력 중...
설명 입력 완료
게시물 공유 중...
게시물 공유 완료
사진 업로드 완료
이미지 업로드 완료
드라이버 종료
프로그램 시작
드라이버 설정 중...
드라이버 설정 완료
인스타그램 로그인 시도 중...
로그인 정보 입력 완료
로그인 정보 저장 버튼 클릭 중...
로그인 정보 저장 버튼 클릭 완료
정보 수집 시작...
terrys_reading의 정보 수집 중...
terrys_reading의 게시물에 '더 보기' 버튼 없음
좋아요 버튼을 클릭했습니다.
terrys_reading의 정보 수집 완료
rdnmgo의 정보 수집 중...
rdnmgo의 게시물에 '더 보기' 버튼 없음
오류가 발생했습니다: Message: 
Stacktrace:
0   chromedriver                        0x0000000109022338 chromedriver + 5096248
1   chromedriver                        0x0000000109019b6a chromedriver + 5061482
2   chromedriver                        0x0000000108ba4fd0 chromedriver + 389072
3   chromedriver                        0x0000000108bf19ab chromedriver + 702891
4   chromedriver                        0x0000000108bf1a81 chromedriver + 703105
5   chromedriver                        0x0000000108c35cd4 chromedriver + 982228
6   chromedriver                        0x0000000108c15f1d chromedriver + 851741
7   chromedriver                        0x0000000108c33250 chromedriver + 971344
8   chromedriver                        0x0000000108c15c93 chromedriver + 851091
9   chromedriver                        0x0000000108be4c79 chromedriver + 650361
10  chromedriver                        0x0000000108be549e chromedriver + 652446
11  chromedriver                        0x0000000108fe50b0 chromedriver + 4845744
12  chromedriver                        0x0000000108fe9fc8 chromedriver + 4865992
13  chromedriver                        0x0000000108fea695 chromedriver + 4867733
14  chromedriver                        0x0000000108fc7ce9 chromedriver + 4725993
15  chromedriver                        0x0000000108fea989 chromedriver + 4868489
16  chromedriver                        0x0000000108fb9c04 chromedriver + 4668420
17  chromedriver                        0x0000000109009e68 chromedriver + 4996712
18  chromedriver                        0x000000010900a067 chromedriver + 4997223
19  chromedriver                        0x000000010901976e chromedriver + 5060462
20  libsystem_pthread.dylib             0x00007fff71f4f109 _pthread_start + 148
21  libsystem_pthread.dylib             0x00007fff71f4ab8b thread_start + 15

rdnmgo의 정보 수집 완료
42lines_의 정보 수집 중...
42lines_의 게시물에 '더 보기' 버튼 없음
좋아요 버튼을 클릭했습니다.
42lines_의 정보 수집 완료
euiclee.books의 정보 수집 중...
euiclee.books의 게시물에 '더 보기' 버튼 없음
좋아요 버튼을 클릭했습니다.
euiclee.books의 정보 수집 완료
ai.gi.book의 정보 수집 중...
ai.gi.book의 게시물에 '더 보기' 버튼 없음
좋아요 버튼을 클릭했습니다.
ai.gi.book의 정보 수집 완료
정보 수집 완료
[{'user_id': 'terrys_reading', 'posts_count': '149', 'post_text': 'Photo by @terrys_reading on December 08, 2024. 책 및 텍스트의 이미지일 수 있음.', 'post_image': 'https://scontent-ssn1-1.cdninstagram.com/v/t51.29350-15/469712855_1113838426983496_744634147382296386_n.jpg?stp=dst-jpg_e35_tt7&efg=eyJ2ZW5jb2RlX3RhZyI6ImltYWdlX3VybGdlbi4xNDQweDE0NDAuc2RyLmYyOTM1MC5kZWZhdWx0X2ltYWdlIn0&_nc_ht=scontent-ssn1-1.cdninstagram.com&_nc_cat=104&_nc_ohc=GkjbXlDp7hcQ7kNvgFXpnNo&_nc_gid=c9ec4b0c9527432fb19b29cb6babaff7&edm=AONqaaQBAAAA&ccb=7-5&ig_cache_key=MzUxODU5OTU0MDAyNDczNjQzMA%3D%3D.3-ccb7-5&oh=00_AYCHgCGZYh51wrEKBYfxWhY4r9xPQ-S4gJbjD8PcUC2WxA&oe=675B6B63&_nc_sid=4e3341', 'post_datetime': '2024-12-08 23:56:13', 'post_description': '다윈의 진화론은 원리는 이해되었지만, 메커니즘은 설명하지 못했다. 20세기 초 멘델의 유전법칙이 발견되며 진화론의 작동 원리가 밝혀졌다.\n\n자연선택의 단위가 바로 개체인가?\n\n진화의 시간 규모로 . 볼때. ㅐ체 집단은 허무한 존재이다. 그러므로 개체는 선택 단위가 될 수 없다. 또한, 그룹 내에서 이타주의 . 는이기주의보다 적응도가 낮아 선택 기회가 적다. 돌연벼이는 종이 아닌, 개체 단위에서 발생한다. 그러므로 종을 단위로 탄생할 수 없다. 자기와 같은 유전자를 가지고 있을 개체를 보존하고자 ㅏㅎㄴ다.\n\n개체는 생존 기계이다. 핵심은 유전자다. 유전자가 바로 자기복제자이다. 인간의 특유한 문화 속에 모방 단위가 될 수 있는 문화적 전달자가 존재할 . 수있으며, 이 단위를 밈이라 칭한다.'}, {'user_id': 'rdnmgo', 'posts_count': '159', 'post_text': "Photo by @rdnmgo on December 07, 2024. 사람 1명, 책, 잡지, 포스터 및 문구: '매듀론재81박여진올검 PIXAR PIX STORYTELLING 픽사 스토리렐링 고객의 마음을 사로잡는 9가지 스토리 스토리법칙 법칙 구글, 디즈니, 레고, 넷플릭스가 릭스가 찾는 스토리텔링 마스터 매류 문의 실전 바이블 폭사 20년 경력 스토리제적자희 스토리 제작자의 액싱 비법 수록 네이버, 카카오 디즈니코리아 인플루언서추천 추천 2021 올해의 강연자 TOP TOP20 20 (BigSpeak)'의 만화일 수 있음.", 'post_image': 'https://scontent-ssn1-1.cdninstagram.com/v/t51.29350-15/469632394_2341044786235534_5888504026726324301_n.jpg?stp=dst-jpg_e15_tt7&efg=eyJ2ZW5jb2RlX3RhZyI6ImltYWdlX3VybGdlbi42MTJ4NjEyLnNkci5mMjkzNTAuZGVmYXVsdF9pbWFnZSJ9&_nc_ht=scontent-ssn1-1.cdninstagram.com&_nc_cat=110&_nc_ohc=NohQRuEBvpUQ7kNvgEb50oC&_nc_gid=b79a5d6157c4420fbd63840101e78680&edm=AP4sbd4BAAAA&ccb=7-5&ig_cache_key=MzUxNzgzNTQwMTk0NTE2ODIyOA%3D%3D.3-ccb7-5&oh=00_AYCsWn9aPpE1vcXswrdMGkZISSGqz37clhOT3brwhR9Mrg&oe=675B7DEF&_nc_sid=7a9f4b', 'post_datetime': '2024-12-07 22:38:00', 'post_description': '우리가 창조하는 스토리는 자기만의 고유한 경험에 영향을 받는다. 뒷마당에서 버터 칼을 들고 위협하는 불량배를 만난 이야기, 불꽃놀이가 터질 때 첫 키스를 한 이야기 등 당신에게 일어난 일상은 모두 스토리의 금광이다. 우리는 자기만의 방식으로 하루도 빠짐없이 세상을 보고 듣고 읽는다. 그리고 각자 나름의 방식으로 들어온 정보를 처리한다. 말하자면 누구에게나 자신만의 스토리 지문(指紋)이 있다.\n\n가족 중 누군가의 어린 시절 고생담을 떠올리며 스토리 창작 욕구가 생길 수도 있다.\n개인적 경험에서 영감을 얻어 제작된 고전 영화도 있다. 《스탠 바이 미》, 《크리스마스 스토리》, 《오만과 편견》 등이 이에 속한다.'}, {'user_id': '42lines_', 'posts_count': '159', 'post_text': 'Photo by @42lines_ on December 08, 2024. 사람 1명, 잡지, 포스터, 책 및 텍스트의 이미지일 수 있음.', 'post_image': 'https://scontent-ssn1-1.cdninstagram.com/v/t51.29350-15/469508272_474320229104973_31390754836855035_n.jpg?stp=dst-jpg_e15_tt7&efg=eyJ2ZW5jb2RlX3RhZyI6ImltYWdlX3VybGdlbi4xMDgweDEwODAuc2RyLmYyOTM1MC5kZWZhdWx0X2ltYWdlIn0&_nc_ht=scontent-ssn1-1.cdninstagram.com&_nc_cat=109&_nc_ohc=0Wi2tPl8oB0Q7kNvgFlG0P-&_nc_gid=46be20c2383741478e5d2a4bb0ec9475&edm=AONqaaQBAAAA&ccb=7-5&ig_cache_key=MzUxODQ4MDIyOTU3OTEyNjMzNw%3D%3D.3-ccb7-5&oh=00_AYAe7ss8RCN9FLIC-zPHAT4qfNxhNhyHBDmbr_TVngQQXg&oe=675B84D9&_nc_sid=4e3341', 'post_datetime': '2024-12-08 19:59:10', 'post_description': '심리적 불안은 경제 주체들의 활동을 위축시켜 악순환을 낳는다. 기업은 미래에 대한 투자보다는 현재에 집중하며 비용 절감에 몰두한다. 소비자는 언제 닥칠지 모를 위기 상황에 대비해 지갑을 더욱 꽁꽁 싸맨다. 이런 악순환을 극복하기 위해서는 역설적이지만 작은 수요라도 일으켜 새로운 기회를 모색해야 한다. - <트렌드 코리아 2025>, 김난도, 전미영, 최지혜, 권정윤, 한다혜, 이혜원, 이준영, 이향은, 추예린, 전다현 지음 - 밀리의 서재 https://www.millie.co.kr/v3/bookDetail/c5c19cf719fe4693'}, {'user_id': 'euiclee.books', 'posts_count': '160', 'post_text': 'Photo by 유클리책장 | 📚 매일매일 독서기록 on December 08, 2024. 텍스트의 이미지일 수 있음.', 'post_image': 'https://scontent-ssn1-1.cdninstagram.com/v/t51.29350-15/469185126_1102185021692988_8980408190846689052_n.jpg?stp=dst-jpg_e15_tt7&efg=eyJ2ZW5jb2RlX3RhZyI6ImltYWdlX3VybGdlbi4xMDgweDEwODAuc2RyLmYyOTM1MC5kZWZhdWx0X2ltYWdlIn0&_nc_ht=scontent-ssn1-1.cdninstagram.com&_nc_cat=100&_nc_ohc=CTAOQacSN8EQ7kNvgHiHiuU&_nc_gid=710f29c882484dc692312498bde4d930&edm=AP4sbd4BAAAA&ccb=7-5&ig_cache_key=MzUxODUxNzU3NTA0MDk1MzA5NA%3D%3D.3-ccb7-5&oh=00_AYDaHBG-Nc8ooM63hF1WF5Fi9s4DcE94xsXoqddksDxj5A&oe=675BA11D&_nc_sid=7a9f4b', 'post_datetime': '2024-12-08 21:13:22', 'post_description': '🖋️ 어떤 일이든 열심히만 하면 되지 않을까라는 생각을 해본적은 있다.\n\n하지만 정말 열심히만 하면 될까.\n\n나는 열심히 한다고 했지만, 미련한 것이었다면 열심히 한 것은 다 헛수고로 돌아갈 것이다.\n\n무엇이든 열정을 가지고 열심히 해야함은 맞지만 미련해서는 안된다. 수많은 고생 끝에 얻는 결론과 결과가 고작 몇줄에 적혀있는 조언에 불과했다면, 알았다면 고생하지 않았을 것들은 미리 알아야 함이 맞다.\n\n그러기 위해서는 무엇을 하던 원리를 먼저 파악해야 함이 맞지 않을까 생각한다.\n\n📗#부의인문학 #오픈마인드 #우석 #브라운스톤\n\n🔖 #독서 #북스타그램 #책 #독서스타그램 #책스타그램 #책리뷰\n#책추천 #유클리 #유클리책장 #투자 #인문학 #원리'}, {'user_id': 'ai.gi.book', 'posts_count': '223', 'post_text': 'Photo by @ai.gi.book on December 08, 2024. 텍스트의 팝 아트일 수 있음.', 'post_image': 'https://scontent-ssn1-1.cdninstagram.com/v/t51.29350-15/469732779_492565949902120_7385229848446891677_n.jpg?stp=dst-jpg_e35_tt7&efg=eyJ2ZW5jb2RlX3RhZyI6ImltYWdlX3VybGdlbi4xNDQweDE4MDAuc2RyLmYyOTM1MC5kZWZhdWx0X2ltYWdlIn0&_nc_ht=scontent-ssn1-1.cdninstagram.com&_nc_cat=104&_nc_ohc=F_oiZbQA_XAQ7kNvgHcxfIj&_nc_gid=4918d76de96d4257a2074e96ba17ad02&edm=AONqaaQBAAAA&ccb=7-5&ig_cache_key=MzUxODU1NDUwNzMzODA2MTgxOA%3D%3D.3-ccb7-5&oh=00_AYBtBiEhWhwdxXDWQMHSWhWb6Dgsjrx9h3hPspTbIeKBmA&oe=675B7B4F&_nc_sid=4e3341', 'post_datetime': '2024-12-08 22:26:44', 'post_description': '항공권을 저렴하게 구매하는 방법으로 자주 언급되는 것이 항공사 마일리지인데요. 사실 이를 제대로 적립하고 사용하기란 쉽지 않습니다. 마일리지 제도 자체가 워낙 복잡하기도 하고, 항공사마다 다르고, 또 항공동맹에 따라서도 다르기 때문이에요. 그래서 항공여행 경험치가 어느 정도 쌓여야 이를 잘 활용할 수 있습니다.\n\n그렇지 않은, 해외여행 초심자 분들에게 권하는 ‘항공권 잘 사는 법’의 핵심은 손품입니다. 혹시 항공권을 살 때 아직도 해당 항공사의 공식 웹사이트나 애플리케이션만 이용하시나요? 그렇다면 상당히 안타까운데요. 스카이스캐너, 카약, 구글 플라이트, 네이버 항공권 등 이미 다양한 항공권 가격 비교 플랫폼이 마련되어 있거든요.\n\n굳이 여러 개의 플랫폼을 살펴야 하는 이유는 간단명료합니다. 플랫폼마다 장점과 혜택이 다르기 때문입니다. 구글 플라이트에서는 검색되는 항공권이 네이버 항공권에서는 보이지 않기도 하고, 스카이스캐너에서는 카드 할인이 되는데 카약에서는 정가로 결제되기도 하죠. 일단 해외여행을 결심했다면 수시로 플랫폼에 들어가 검색해보는 습관을 가지는 게 중요합니다. - <B주류경제학>, 이재용 토스 - 밀리의 서재\nhttps://www.millie.co.kr/v3/bookDetail/87d0d97c7255488f'}]
CSV 파일에 데이터 저장 중...
CSV 파일에 데이터 저장 완료
성공/실패 평가 중...
성공한 사람: ['terrys_reading', 'rdnmgo', '42lines_', 'euiclee.books', 'ai.gi.book']
실패한 사람: []
요약 이미지 생성 중...
요약 이미지 생성 완료
이미지 업로드 시작...
사진 업로드 중...
새 게시물 버튼 클릭 완료
다음 버튼 클릭 중...
다음 버튼 클릭 완료
다음 버튼 클릭 중...
다음 버튼 클릭 완료
성공/실패 평가 중...
성공한 사람: ['terrys_reading', 'rdnmgo', '42lines_', 'euiclee.books', 'ai.gi.book']
실패한 사람: []
설명 입력 중...
설명 입력 완료
게시물 공유 중...
게시물 공유 완료
사진 업로드 완료
이미지 업로드 완료
드라이버 종료
프로그램 시작
드라이버 설정 중...
드라이버 설정 완료
인스타그램 로그인 시도 중...
로그인 정보 입력 완료
로그인 정보 저장 버튼 클릭 중...
로그인 정보 저장 버튼 클릭 완료
정보 수집 시작...
terrys_reading의 정보 수집 중...
terrys_reading의 게시물에 '더 보기' 버튼 없음
좋아요 버튼을 클릭했습니다.
terrys_reading의 정보 수집 완료
rdnmgo의 정보 수집 중...
rdnmgo의 게시물에 '더 보기' 버튼 없음
좋아요 버튼을 클릭했습니다.
rdnmgo의 정보 수집 완료
42lines_의 정보 수집 중...
42lines_의 게시물에 '더 보기' 버튼 없음
오류가 발생했습니다: Message: 
Stacktrace:
0   chromedriver                        0x000000010bb6c338 chromedriver + 5096248
1   chromedriver                        0x000000010bb63b6a chromedriver + 5061482
2   chromedriver                        0x000000010b6eefd0 chromedriver + 389072
3   chromedriver                        0x000000010b73b9ab chromedriver + 702891
4   chromedriver                        0x000000010b73ba81 chromedriver + 703105
5   chromedriver                        0x000000010b77fcd4 chromedriver + 982228
6   chromedriver                        0x000000010b75ff1d chromedriver + 851741
7   chromedriver                        0x000000010b77d250 chromedriver + 971344
8   chromedriver                        0x000000010b75fc93 chromedriver + 851091
9   chromedriver                        0x000000010b72ec79 chromedriver + 650361
10  chromedriver                        0x000000010b72f49e chromedriver + 652446
11  chromedriver                        0x000000010bb2f0b0 chromedriver + 4845744
12  chromedriver                        0x000000010bb33fc8 chromedriver + 4865992
13  chromedriver                        0x000000010bb34695 chromedriver + 4867733
14  chromedriver                        0x000000010bb11ce9 chromedriver + 4725993
15  chromedriver                        0x000000010bb34989 chromedriver + 4868489
16  chromedriver                        0x000000010bb03c04 chromedriver + 4668420
17  chromedriver                        0x000000010bb53e68 chromedriver + 4996712
18  chromedriver                        0x000000010bb54067 chromedriver + 4997223
19  chromedriver                        0x000000010bb6376e chromedriver + 5060462
20  libsystem_pthread.dylib             0x00007fff71f4f109 _pthread_start + 148
21  libsystem_pthread.dylib             0x00007fff71f4ab8b thread_start + 15

42lines_의 정보 수집 완료
euiclee.books의 정보 수집 중...
euiclee.books의 게시물에 '더 보기' 버튼 없음
좋아요 버튼을 클릭했습니다.
euiclee.books의 정보 수집 완료
ai.gi.book의 정보 수집 중...
ai.gi.book의 게시물에 '더 보기' 버튼 없음
좋아요 버튼을 클릭했습니다.
ai.gi.book의 정보 수집 완료
정보 수집 완료
[{'user_id': 'terrys_reading', 'posts_count': '150', 'post_text': "Photo by @terrys_reading on December 09, 2024. 사람 1명, 책 및 문구: '유시민의 글쓰기특강 北 ur ဖိတ်မးမိုင 유시민의30년버스트셀러영업기릴! 유시민의 베스트셀러 영업기밀! 멋진 문장을 구사한다고 해서 글을 잘 쓰는 게 아니다. 읽는 사 람이 글쓴이의 마음과 생각을 느끼고 이해하고 공감할 수있 수 게 써야 잘 쓰는 것이다. 그렇게 하려면 표현할 가치가 있 는그 무엇을 내면에 쌓아야 하고, 그것을 실감 나고 정확하게 표현할 수 있는 능력을 갖추어야 한다.'의 이미지일 수 있음.", 'post_image': 'https://scontent-ssn1-1.cdninstagram.com/v/t51.29350-15/469824861_933676791578930_1199853708735400407_n.jpg?stp=dst-jpegr_e35_tt6&efg=eyJ2ZW5jb2RlX3RhZyI6ImltYWdlX3VybGdlbi4xNDQweDE4MDAuaGRyLmYyOTM1MC5kZWZhdWx0X2ltYWdlIn0&_nc_ht=scontent-ssn1-1.cdninstagram.com&_nc_cat=102&_nc_ohc=_4eCJuJNE5sQ7kNvgHjwMuE&_nc_gid=c27b84fc76f6400aba3203f40a38a46b&edm=AONqaaQBAAAA&ccb=7-5&ig_cache_key=MzUxOTMyNTg4NTMyNjgyMjA3Mw%3D%3D.3-ccb7-5&oh=00_AYB2QB6I7Qlh7UVN7mSXj2LRVrW1mdpGsQ_r3_L874kbRw&oe=675CCE8B&_nc_sid=4e3341', 'post_datetime': '2024-12-09 23:59:20', 'post_description': '1. 내가 논쟁하는 대상은 사실인가 취향인가?\n2. 내 주장은 논증하고 있는가?\n3. 주제가 한 문장으로 응집되는가?\n4. 소리 내어 읽었을 때 불편하지는 않는가?\n5. 다양한 어휘를 활용하고 있는가?'}, {'user_id': 'rdnmgo', 'posts_count': '160', 'post_text': 'Photo by @rdnmgo on December 09, 2024. 사람 1명, 책, 잡지, 포스터 및 텍스트의 만화일 수 있음.', 'post_image': 'https://scontent-ssn1-1.cdninstagram.com/v/t51.29350-15/469641134_824576436384679_7932609716863362730_n.jpg?stp=dst-jpg_e15_tt7&efg=eyJ2ZW5jb2RlX3RhZyI6ImltYWdlX3VybGdlbi42MTJ4NjEyLnNkci5mMjkzNTAuZGVmYXVsdF9pbWFnZSJ9&_nc_ht=scontent-ssn1-1.cdninstagram.com&_nc_cat=107&_nc_ohc=32sxQueJc34Q7kNvgHE4tal&_nc_gid=883cc78e124f4a98a178e2f103feffd0&edm=AONqaaQBAAAA&ccb=7-5&ig_cache_key=MzUxOTE4MDA5NjI0MzkxMzMzMw%3D%3D.3-ccb7-5&oh=00_AYB1240gYw4BTBWUQIAF354m00-G-cnrqlD6nYj6UkRbrg&oe=675CF227&_nc_sid=4e3341', 'post_datetime': '2024-12-09 19:09:40', 'post_description': '우리는 인생에서 중요한 요소를 추려 긍정적인 스토리와 부정적인 스토리를 창작한다. 물론 이 스토리에도 영웅이 존재하고 시작-중간-끝의 구조는 있지만 내용과 흐름은 모두 다르다.\n시간은 흐르고 환경은 변하고 어느 날 갑자기 짠! 하고 완전히 신선한 ‘소재’가 우리 앞에 놓인다. 그렇게 새로운 스토리는 반복해서 만들어진다.\n\n픽사의 영화 대부분은 우리 주변에서 일어나는 일들, 지난 백 년간 일어난 일들에 관한 이야기다. 슈퍼히어로 스토리부터 자동차의 발명 스토리까지, 심지어 현대인의 화두인 인구과잉과 쓰레기 증가, 환경문제 등은 픽사의 집단 상상력에 불을 지피는 소재들이다.'}, {'user_id': '42lines_', 'posts_count': '159', 'post_text': 'Photo by @42lines_ on December 08, 2024. 사람 1명, 잡지, 포스터, 책 및 텍스트의 이미지일 수 있음.', 'post_image': 'https://scontent-ssn1-1.cdninstagram.com/v/t51.29350-15/469508272_474320229104973_31390754836855035_n.jpg?stp=dst-jpg_e15_tt7&efg=eyJ2ZW5jb2RlX3RhZyI6ImltYWdlX3VybGdlbi4xMDgweDEwODAuc2RyLmYyOTM1MC5kZWZhdWx0X2ltYWdlIn0&_nc_ht=scontent-ssn1-1.cdninstagram.com&_nc_cat=109&_nc_ohc=0Wi2tPl8oB0Q7kNvgFlG0P-&_nc_gid=fbce15d1ad1d43269a0c1bbfd42818ec&edm=AP4sbd4BAAAA&ccb=7-5&ig_cache_key=MzUxODQ4MDIyOTU3OTEyNjMzNw%3D%3D.3-ccb7-5&oh=00_AYAgTjX_XHZl8ErJ97Le4V_0XEiw45STizx6UPDTvnth0g&oe=675CD659&_nc_sid=7a9f4b', 'post_datetime': '2024-12-08 19:59:10', 'post_description': '심리적 불안은 경제 주체들의 활동을 위축시켜 악순환을 낳는다. 기업은 미래에 대한 투자보다는 현재에 집중하며 비용 절감에 몰두한다. 소비자는 언제 닥칠지 모를 위기 상황에 대비해 지갑을 더욱 꽁꽁 싸맨다. 이런 악순환을 극복하기 위해서는 역설적이지만 작은 수요라도 일으켜 새로운 기회를 모색해야 한다. - <트렌드 코리아 2025>, 김난도, 전미영, 최지혜, 권정윤, 한다혜, 이혜원, 이준영, 이향은, 추예린, 전다현 지음 - 밀리의 서재 https://www.millie.co.kr/v3/bookDetail/c5c19cf719fe4693'}, {'user_id': 'euiclee.books', 'posts_count': '161', 'post_text': 'Photo by 유클리책장 | 📚 매일매일 독서기록 on December 09, 2024. 텍스트의 이미지일 수 있음.', 'post_image': 'https://scontent-ssn1-1.cdninstagram.com/v/t39.30808-6/469481558_529322513590348_8639994003595353696_n.jpg?stp=dst-jpg_e35_tt7&efg=eyJ2ZW5jb2RlX3RhZyI6ImltYWdlX3VybGdlbi4xMDAweDEwMDAuc2RyLmYzMDgwOC5kZWZhdWx0X2ltYWdlIn0&_nc_ht=scontent-ssn1-1.cdninstagram.com&_nc_cat=104&_nc_ohc=S_icLl0hcicQ7kNvgGkel97&_nc_gid=7ce0098fd0774ad0945fe704d432e605&edm=AONqaaQAAAAA&ccb=7-5&ig_cache_key=MzUxOTIzNTc1MjY2OTM4NTY0OA%3D%3D.3-ccb7-5&oh=00_AYCvdhbeWgx6D-0zChXjS45QQcht7ouLNg9YmJ05Yh-Uzg&oe=675CCEB8&_nc_sid=4e3341', 'post_datetime': '2024-12-09 21:00:16', 'post_description': '🖋️ 대부분의 정보가 시장에 공개 되어 있고 동시에 정보를 접하는 경우 내가 어떻게 시장과 다른 입장을 가질 수 있을까.\n\n답은 남과 다른 해석 능력에 있다. 같은 정보를 가지고도 해석 능력이 달라야 한다. 그리고 남과 다르게 해석할 수 있는 능력은 독서에서 나온다.\n\n특히 인문학은 시대를 서슬러 변하지 않는 인간의 본성을 간파할 수 있는 통찰력을 길러준다. 하지만 돈의 흐름을 간파할 수 있다는 생각은 하지 못했었다.\n\n그렇지만 다시 생각해본다면 돈이 모이는 것은 인간의 본성이 투입될 수 밖에 없고, 사람이 살아가는 원리, 세상이 돌아가는 원리는 예나 지금이나 변함이 없기 때문에 인문학은 돈의 흐름을 꿰뚫어 볼 수 있는 통찰을 제공할 수 있을 것이다.\n\n📗#부의인문학 #오픈마인드 #우석 #브라운스톤\n\n🔖 #독서 #북스타그램 #책 #독서스타그램 #책스타그램 #책리뷰\n#책추천 #유클리 #유클리책장 #투자 #인문학'}, {'user_id': 'ai.gi.book', 'posts_count': '224', 'post_text': 'Photo by @ai.gi.book on December 09, 2024. 텍스트의 그래픽일 수 있음.', 'post_image': 'https://scontent-ssn1-1.cdninstagram.com/v/t51.29350-15/469735227_902910648699832_8776665859382542019_n.jpg?stp=dst-jpg_e35_tt7&efg=eyJ2ZW5jb2RlX3RhZyI6ImltYWdlX3VybGdlbi4xNDQweDE4MDAuc2RyLmYyOTM1MC5kZWZhdWx0X2ltYWdlIn0&_nc_ht=scontent-ssn1-1.cdninstagram.com&_nc_cat=104&_nc_ohc=pvxOe6fPpOoQ7kNvgFJQRDQ&_nc_gid=776f25b8e4e04a459c8bf2bed7ea28bd&edm=AONqaaQBAAAA&ccb=7-5&ig_cache_key=MzUxOTI0MzIxMDk4MTIyOTA4Nw%3D%3D.3-ccb7-5&oh=00_AYB0eYchlEX6QOLaatkJBxOvD9yU03nIwCFlYcoMlI2XJg&oe=675CC4E2&_nc_sid=4e3341', 'post_datetime': '2024-12-09 21:15:04', 'post_description': '국내 페스티벌 중 계절별로 대표적인 것을 추려보면 우선 봄에는 뷰티풀민트라이프가 있습니다. 5월 초중순에 열리며 페스티벌 시즌의 시작을 알리는 역할을 하죠. 요즘 가장 핫한 페스티벌로 꼽히는 서울재즈페스티벌도 5월에 개최되고요. 페스티벌의 계절이라고 할 수 있는 여름은 좀 더 익사이팅합니다. 국내 록 페스티벌계에서 전통이 깊고, 코어 팬들이 많은 걸로 유명한 인천펜타포트록페스티벌이 한여름인 8월에 열립니다. 물놀이와 음악을 함께 즐길 수 있는 워터밤은 아예 전국 곳곳에서 투어 형식으로 열릴 만큼 인기가 뜨겁습니다.\n\n여름에 펜타포트가 있다면 가을에는 부산국제록페스티벌이 있습니다. 서울재즈페스티벌과 함께 한국 재즈 페스티벌의 양대 산맥으로 불리는 자라섬재즈페스티벌도 같은 10월에 열리고, 올림픽공원 잔디밭에서 피크닉 하듯이 즐길 수 있는 그랜드민트페스티벌이 그 바통을 이어받습니다. 예전에는 겨울을 페스티벌 휴식기로 봤었는데요, 최근에는 딱히 그렇지도 않습니다. 크리스마스나 새해 맞이를 겨냥한 연말·연초 페스티벌들도 많이 생겼어요. 대한민국은 1년 내내 음악 페스티벌이 열리고 있는 셈입니다.\n\n그런데 최근 페스티벌계에 한 가지 특징이 두드러지고 있습니다. 바로 확고했던 장르성이 흐려지고 있는 겁니다. 록이면 록, 힙합이면 힙합, 명확하게 구분되어 각 장르의 코어 팬들을 불러 모으던 이전과 비교하면 확연히 그렇습니다. 록 페스티벌 무대에 아이돌이 오르는 것이 더 이상 낯설지 않아졌어요.\n\n이에 기존의 페스티벌 팬들은 아쉬움을 내비치기도 합니다. 하지만 이러한 ‘장르적 연성화’는 국내뿐 아니라 세계적인 흐름이에요. 페스티벌은 매년 반복되는 행사이다 보니 신규 관객을 유치하려면 장르의 확장은 어쩔 수 없는 선택입니다. 페스티벌도 음악계의 대세를 벗어날 수는 없습니다. 예를 들어 록 페스티벌의 경우 록 음악의 인기가 사그라들면서 10여 년간 꾸준히 화제성이 떨어지고 있습니다. 요즘 인기 있는 음악들을 받아들여야 살아남을 수 있는 거죠. - <B주류경제학>, 이재용 토스 - 밀리의 서재\nhttps://www.millie.co.kr/v3/bookDetail/87d0d97c7255488f'}]
CSV 파일에 데이터 저장 중...
CSV 파일에 데이터 저장 완료
성공한 사람: ['terrys_reading', 'rdnmgo', 'euiclee.books', 'ai.gi.book']
실패한 사람: ['42lines_']
요약 이미지 생성 중...
요약 이미지 생성 완료
이미지 업로드 시작...
사진 업로드 중...
새 게시물 버튼 클릭 완료
다음 버튼 클릭 중...
다음 버튼 클릭 완료
다음 버튼 클릭 중...
다음 버튼 클릭 완료
성공한 사람: ['terrys_reading', 'rdnmgo', 'euiclee.books', 'ai.gi.book']
실패한 사람: ['42lines_']
설명 입력 중...
설명 입력 완료
게시물 공유 중...
게시물 공유 완료
사진 업로드 완료
이미지 업로드 완료
드라이버 종료
프로그램 시작
드라이버 설정 중...
드라이버 설정 완료
인스타그램 로그인 시도 중...
로그인 정보 입력 완료
로그인 정보 저장 버튼 클릭 중...
로그인 정보 저장 버튼 클릭 완료
정보 수집 시작...
terrys_reading의 정보 수집 중...
terrys_reading의 게시물에 '더 보기' 버튼 없음
좋아요 버튼을 클릭했습니다.
terrys_reading의 정보 수집 완료
rdnmgo의 정보 수집 중...
rdnmgo의 게시물에 '더 보기' 버튼 없음
좋아요 버튼을 클릭했습니다.
rdnmgo의 정보 수집 완료
42lines_의 정보 수집 중...
42lines_의 게시물에 '더 보기' 버튼 없음
좋아요 버튼을 클릭했습니다.
42lines_의 정보 수집 완료
euiclee.books의 정보 수집 중...
euiclee.books의 게시물에 '더 보기' 버튼 없음
좋아요 버튼을 클릭했습니다.
euiclee.books의 정보 수집 완료
ai.gi.book의 정보 수집 중...
ai.gi.book의 게시물에 '더 보기' 버튼 없음
좋아요 버튼을 클릭했습니다.
ai.gi.book의 정보 수집 완료
정보 수집 완료
[{'user_id': 'terrys_reading', 'posts_count': '151', 'post_text': 'Photo by @terrys_reading on December 10, 2024. 사람 1명, 책, 잡지 및 텍스트의 이미지일 수 있음.', 'post_image': 'https://scontent-ssn1-1.cdninstagram.com/v/t51.29350-15/469855233_581708341108673_3657898965162661928_n.jpg?stp=dst-jpegr_e35_tt6&efg=eyJ2ZW5jb2RlX3RhZyI6ImltYWdlX3VybGdlbi4xNDQweDE4MDAuaGRyLmYyOTM1MC5kZWZhdWx0X2ltYWdlIn0&_nc_ht=scontent-ssn1-1.cdninstagram.com&_nc_cat=105&_nc_ohc=1yEikTSO5okQ7kNvgG-GQGt&_nc_gid=a0c5512136e0493cbeac048ece02ddbf&edm=AONqaaQBAAAA&ccb=7-5&ig_cache_key=MzUyMDA0ODE5MTQ3Njg4OTkxMw%3D%3D.3-ccb7-5&oh=00_AYAKJi6s6P_PTac2yQA3dn7bBNA6vcDkOR3YCp9m95bVVw&oe=675E2CB0&_nc_sid=4e3341', 'post_datetime': '2024-12-10 23:54:25', 'post_description': '1. 논점을 이탈하는 것. 글쓰기를 하며 가장 빠지기 쉬운 오류이다. 어떤 주장에 대해 글을 쓰다보면 자연스레 연관된 개념이나 주제들이 떠오른다. 즉, 내가 의도했던 하나의 핵심 논증에서 멀어지는 것이다. 논점 이탈 오류를 가장 조심해야 한다. 1. 주네는 분명해야 한다. 2. 논증 되어야 한다. 3. 논증의 사실과 정보의 관계를 드러내야 한다. 4. 적절한 어휘와 문장으로 표현되어야 한다.'}, {'user_id': 'rdnmgo', 'posts_count': '161', 'post_text': 'Photo by @rdnmgo on December 10, 2024. 사람 1명, 책, 잡지, 포스터 및 텍스트의 만화일 수 있음.', 'post_image': 'https://scontent-ssn1-1.cdninstagram.com/v/t51.29350-15/469732709_1844602846074553_2035133412091126309_n.jpg?stp=dst-jpg_e15_tt7&efg=eyJ2ZW5jb2RlX3RhZyI6ImltYWdlX3VybGdlbi42MTJ4NjEyLnNkci5mMjkzNTAuZGVmYXVsdF9pbWFnZSJ9&_nc_ht=scontent-ssn1-1.cdninstagram.com&_nc_cat=101&_nc_ohc=_FfbFGkXt8cQ7kNvgEkb5nK&_nc_gid=cb4c51bc3fc4430b85a969033f5c2504&edm=AONqaaQBAAAA&ccb=7-5&ig_cache_key=MzUxOTkxMzE5OTMyOTUxMDM1OQ%3D%3D.3-ccb7-5&oh=00_AYAcFK1-Nj9jrjd-p3rBK_0swKLFl0KqGkMThpE-1AVq2A&oe=675E17E3&_nc_sid=4e3341', 'post_datetime': '2024-12-10 19:26:13', 'post_description': '청중에게 스토리를 효과적으로 전달하려면, 우리도 이러한 유사성을 유리하게 활용해야 한다. 그래야 비로소 나만의 스토리가 된다. 나에게는 지극히 개인적인 이야기이지만, 세상 사람들에게는 익숙한 메시지나 교훈을 신선한 방식으로 전달하는 새로운 스토리가 된다. 이런 스토리를 만들려면 청중이 공감할 수 있는 훌륭한 영웅이 반드시 필요하다. 리더십에 관한 연구가 많은데, 결국 좋은 리더가 되는 방법과 좋은 영웅이 되는 방법은 대체로 일치한다.'}, {'user_id': '42lines_', 'posts_count': '160', 'post_text': 'Photo by @42lines_ on December 09, 2024. 사람 1명, 잡지, 포스터, 책 및 텍스트의 이미지일 수 있음.', 'post_image': 'https://scontent-ssn1-1.cdninstagram.com/v/t51.29350-15/469433351_565901542975281_1441053578667549204_n.jpg?stp=dst-jpg_e15_tt7&efg=eyJ2ZW5jb2RlX3RhZyI6ImltYWdlX3VybGdlbi4xMDgweDEwODAuc2RyLmYyOTM1MC5kZWZhdWx0X2ltYWdlIn0&_nc_ht=scontent-ssn1-1.cdninstagram.com&_nc_cat=109&_nc_ohc=mvBD1Qt8MFAQ7kNvgHRNHxF&_nc_gid=a490c59999a64f5db40294efbef72dfb&edm=AP4sbd4BAAAA&ccb=7-5&ig_cache_key=MzUxOTc5MDExNDQ4NDgyOTM0OQ%3D%3D.3-ccb7-5&oh=00_AYBxk5PDp8Fuqv9pLhavr6mgJI7J4uPhwmYX4V9zfrw65g&oe=675E27AF&_nc_sid=7a9f4b', 'post_datetime': '2024-12-10 15:21:40', 'post_description': '2024년, 가성비 높은 초저가 상품이 인기를 끄는 ‘불황형 소비’가 두드러졌다. 신한카드 빅데이터연구소의 분석에 따르면, 2024년 1~5월 중국 초저가 앱 이용 건수는 전년 동기 대비 3.4배 증가했다.\n<트렌드 코리아 2025>, 김난도·전미영·최지혜·권정윤·한다혜·이혜원·이준영·이향은·추예린·전다현 - 밀리의 서재'}, {'user_id': 'euiclee.books', 'posts_count': '162', 'post_text': 'Photo by 유클리책장 | 📚 매일매일 독서기록 on December 10, 2024. 텍스트의 이미지일 수 있음.', 'post_image': 'https://scontent-ssn1-1.cdninstagram.com/v/t39.30808-6/469687366_530214370167829_504573976601860555_n.jpg?stp=dst-jpg_e35_tt7&efg=eyJ2ZW5jb2RlX3RhZyI6ImltYWdlX3VybGdlbi4xMDAweDEwMDAuc2RyLmYzMDgwOC5kZWZhdWx0X2ltYWdlIn0&_nc_ht=scontent-ssn1-1.cdninstagram.com&_nc_cat=101&_nc_ohc=EfDLKNnUFkkQ7kNvgFFeXrE&_nc_gid=a738f50c30f04c70ab747ff8af203c8f&edm=AP4sbd4AAAAA&ccb=7-5&ig_cache_key=MzUxOTk2MDQ5ODg5MDAzNjA5Mw%3D%3D.3-ccb7-5&oh=00_AYB11TAU14VO9FXr3_fCpp6HTrfOysnF60jD8onVdYawiQ&oe=675E32D1&_nc_sid=7a9f4b', 'post_datetime': '2024-12-10 21:00:13', 'post_description': '🖋️ 사람은 살아가면서 모든 것을 알 수가 없다. 부분적으로만 이해할 수 있기 때문에 필연적으로 세상을 왜곡하여 보게 될 수도 있다.\n\n찰리멍거는 투자에서 성공하려면 정식적 격자모형을 갖추라고 했다고 한다. 최대한 많은 격자 모형을 가져야 하는 이유는 우리가 이해할 수 있는 정보는 한정적이기 때문에, 최대한 많은 시각을 가지고 바라볼 수 있어야 하기 때문이다.\n\n정신적모형은 경제학뿐만 아니라 철학, 심리학, 역사, 과학, 소설, 자연과학, 사회과학, 인문학에서도 배울 수 있다. 그래서 독서가 중요한 것이다.\n\n📗#부의인문학 #오픈마인드 #우석 #브라운스톤\n\n🔖 #독서 #북스타그램 #책 #독서스타그램 #책스타그램 #책리뷰\n#책추천 #유클리 #유클리책장 #투자 #인문학 #찰리멍거 #정신적모형'}, {'user_id': 'ai.gi.book', 'posts_count': '225', 'post_text': 'Photo by @ai.gi.book on December 09, 2024. 텍스트의 그래픽일 수 있음.', 'post_image': 'https://scontent-ssn1-1.cdninstagram.com/v/t51.29350-15/469853032_1579708316252366_5023815863005465317_n.jpg?stp=dst-jpg_e35_tt7&efg=eyJ2ZW5jb2RlX3RhZyI6ImltYWdlX3VybGdlbi4xNDQweDE4MDAuc2RyLmYyOTM1MC5kZWZhdWx0X2ltYWdlIn0&_nc_ht=scontent-ssn1-1.cdninstagram.com&_nc_cat=102&_nc_ohc=AxtFOsv7nCgQ7kNvgEhhtSF&_nc_gid=293f0b72a4714975a1b32e90e1702e49&edm=AONqaaQBAAAA&ccb=7-5&ig_cache_key=MzUxOTU3Nzc2NzMwMDQzNzczNA%3D%3D.3-ccb7-5&oh=00_AYDDbDEQ4K2-zZzy-VZ6TIMH0SYDwi8HR_6TjAWczeV9TQ&oe=675E11E4&_nc_sid=4e3341', 'post_datetime': '2024-12-10 08:19:46', 'post_description': '프랑스에도 프랜차이즈 빵집이 있기는 합니다. 하지만 프랑스인들이 자주 찾지는 않는데요. 프랑스의 전체 베이커리 시장에서도 프랜차이즈의 비중은 20% 정도로 추정됩니다. 한국은 절반이 훌쩍 넘는데 말이죠.\n\n이 차이는 두 나라의 문화 차이에 기인합니다. 새로운 문화에 열려 있고 유행에 민감하며 트렌드가 쉼 없이 바뀌는 한국과 달리, 프랑스는 오래되고 익숙한 것을 선호하며 전통에 큰 가치를 둡니다. 프랑스에서 가장 자산이 많다는 부호가 아직도 1세대 아이폰을 사용 중인 것이 목격되어 이슈가 되었을 정도예요.\n\n그런 문화 속에서는 6개월마다 직원이 바뀌는 프랜차이즈 빵집이 아닌 몇 대째 이어서 운영하는 동네 빵집을 선호하는 것이 당연합니다. 나의 할머니와 어머니가 아침마다 들르던 빵집에 나도 가서 오늘 아침식사로 먹을 바게뜨와 크루아상을 사는 것, 그러면서 이웃 간의 소소한 일상을 나누는 것에서 즐거움과 의미를 얻죠.\n\n\n\n- <B주류경제학>, 이재용 토스 - 밀리의 서재\nhttps://www.millie.co.kr/v3/bookDetail/87d0d97c7255488f'}]
CSV 파일에 데이터 저장 중...
CSV 파일에 데이터 저장 완료
성공한 사람: ['terrys_reading', 'rdnmgo', '42lines_', 'euiclee.books', 'ai.gi.book']
실패한 사람: []
요약 이미지 생성 중...
요약 이미지 생성 완료
이미지 업로드 시작...
사진 업로드 중...
새 게시물 버튼 클릭 완료
다음 버튼 클릭 중...
다음 버튼 클릭 완료
다음 버튼 클릭 중...
다음 버튼 클릭 완료
성공한 사람: ['terrys_reading', 'rdnmgo', '42lines_', 'euiclee.books', 'ai.gi.book']
실패한 사람: []
설명 입력 중...
설명 입력 완료
게시물 공유 중...
게시물 공유 완료
사진 업로드 완료
이미지 업로드 완료
드라이버 종료
프로그램 시작
드라이버 설정 중...
드라이버 설정 완료
인스타그램 로그인 시도 중...
로그인 정보 입력 완료
로그인 정보 저장 버튼 클릭 중...
로그인 정보 저장 버튼 클릭 완료
정보 수집 시작...
terrys_reading의 정보 수집 중...
terrys_reading의 게시물에 '더 보기' 버튼 없음
좋아요 버튼을 클릭했습니다.
terrys_reading의 정보 수집 완료
rdnmgo의 정보 수집 중...
rdnmgo의 게시물에 '더 보기' 버튼 없음
좋아요 버튼을 클릭했습니다.
rdnmgo의 정보 수집 완료
42lines_의 정보 수집 중...
42lines_의 게시물에 '더 보기' 버튼 없음
좋아요 버튼을 클릭했습니다.
42lines_의 정보 수집 완료
euiclee.books의 정보 수집 중...
euiclee.books의 게시물에 '더 보기' 버튼 없음
좋아요 버튼을 클릭했습니다.
euiclee.books의 정보 수집 완료
ai.gi.book의 정보 수집 중...
ai.gi.book의 게시물에 '더 보기' 버튼 없음
좋아요 버튼을 클릭했습니다.
ai.gi.book의 정보 수집 완료
정보 수집 완료
[{'user_id': 'terrys_reading', 'posts_count': '152', 'post_text': 'Photo by @terrys_reading on December 11, 2024. 사람 3명, 잡지, 뉴스룸 및 문구: \'TheNerHorkTimes The New Wlork Gimes DealBook/ Summit DaalBook Summit Andrew Sarkin theSntnilarkBrm DcelfinokSuet Sumenit DcelBnak รนวักยปีะตม B BakSuri Suszi พรวิยล x라는 필명으로 더 잘 알려진 압둘라 알-레즈완은 이 인터뷰를 "내가 들어본 제프 베조스 인터뷰 중 최고 였다"고 언급했습니다. Mostly Borrowed Ideas @borrowed_ideas 16h this one perhaps the best @JeffBezos interview| have ever listened to. I\'m sharing random bit that liked, but frankly speaking, |lost count how many bits would like to quote from this interview. 이 대화에서 꼭 알아두어야 할 7가지 핵심 사항을 소\'의 Twitter 스크린샷일 수 있음.', 'post_image': 'https://scontent-ssn1-1.cdninstagram.com/v/t51.29350-15/470096092_1090261282889224_1222785079323906654_n.jpg?stp=dst-jpg_e35_tt7&efg=eyJ2ZW5jb2RlX3RhZyI6ImltYWdlX3VybGdlbi4xNDQweDE4MDAuc2RyLmYyOTM1MC5kZWZhdWx0X2ltYWdlIn0&_nc_ht=scontent-ssn1-1.cdninstagram.com&_nc_cat=104&_nc_ohc=yMmyhln9c9kQ7kNvgEkPoBk&_nc_gid=622f5affcc244ac0bb8a7c0c82613966&edm=AONqaaQBAAAA&ccb=7-5&ig_cache_key=MzUyMDc1MTM1ODA4NjkyMzQ4MQ%3D%3D.3-ccb7-5&oh=00_AYALdpZR4hCGDurTa5Va7qfEEmoOg1lgPjUXhMK4xBFNjw&oe=675F8961&_nc_sid=4e3341', 'post_datetime': '2024-12-11 23:11:29', 'post_description': '1. AI는 단순한 자동화 도구가 아니라 인류 문명을 재편할 수 있는 거대한 흐름이다.\n2.위대한 리더는 자신이 없어도 되는 시스템을 구축하는 사람이다.\n3. 사람들은 위험을 과대평가하고 기회를 과소평가한다.'}, {'user_id': 'rdnmgo', 'posts_count': '162', 'post_text': "Photo by @rdnmgo on December 11, 2024. 사람 1명, 책, 잡지, 포스터 및 문구: '매준지8|백어진올김 박여진올김 PIXAR STORYTELLING 픽사 스토리렐링 고객의 마음을 사로잡는 9가지 스토리 사로잡는9가지스토리법 법칙 구글, 디즈니, 레고, 넷플릭스가 찾는 스토리텔링 마스터 매튜 준의 실전 바이블 피사 20년 경력 스토리제작자의 스토리 제작자의 액심 비법 수록 네이버,카카오 네이버, 카카오 디즈니코리아 인플루언서 추천 2021 올해의 강연자 TOP 20 (BigSpeak)'의 만화일 수 있음.", 'post_image': 'https://scontent-ssn1-1.cdninstagram.com/v/t51.29350-15/469740540_1157407955957512_7034121218770536748_n.jpg?stp=dst-jpg_e15_tt7&efg=eyJ2ZW5jb2RlX3RhZyI6ImltYWdlX3VybGdlbi42MTJ4NjEyLnNkci5mMjkzNTAuZGVmYXVsdF9pbWFnZSJ9&_nc_ht=scontent-ssn1-1.cdninstagram.com&_nc_cat=104&_nc_ohc=EJTSpnQsfJEQ7kNvgFFkuqp&_nc_gid=9bb49c48e7b74048981c0d7186c67a3b&edm=AONqaaQBAAAA&ccb=7-5&ig_cache_key=MzUyMDYzMjY0ODYxMzM4NjcwOQ%3D%3D.3-ccb7-5&oh=00_AYD3gtjAT1dVO9gaMWhzAeN81dtI5fzXS8xYa6ZSHgh2Ng&oe=675F7260&_nc_sid=4e3341', 'post_datetime': '2024-12-11 19:15:38', 'post_description': '### 영웅이란 무엇인가\n\n그렇다면 훌륭한 영웅은 어떻게 만들어지는가? 신화학자 조지프 캠벨 은 저서 『천의 얼굴을 가진 영웅』에서 영웅을 “자신보다 더 큰 존재를 위해 자기를 희생하는 사람”으로 정의한다.\n\n영화 속 인물이든 영웅과 관객 사이에는 반드시 정서적 교감이 이뤄져야 한다. 이를 위해 관객은 주인공을 좋아하고 주인공의 대의명분을 신뢰해야 한다. 평범한 사람이든 CEO든 허구적 인물이든 관객이 매혹될 때 그 캐릭터는 영웅이 된다.\n\n이 과정이 잘 이루어지면 영웅은 판매를 촉진하고, 브랜드를 강화하고, 고객과 긴밀한 유대감을 쌓게 된다. 이런 일은 어디서나 벌어진다. 영웅과 공감하는 사람들은 그 영웅이 운전하는 자동차를 운전하고 싶고, 영웅이 입는 옷을 입고 싶고, 영웅이 먹는 음식을 먹고 싶다. 영웅이 반드시 사람일 필요는 없다.'}, {'user_id': '42lines_', 'posts_count': '161', 'post_text': "Photo by @42lines_ on December 10, 2024. 사람 1명, 잡지, 포스터, 책 및 문구: '2025 대한민국 소비트렌드 전망 김난도 전미영 최지혜 권정을 한다혜 이혜원 이준영 이황은 이하모 추예권 전다현 트렌드 코리아 2025 경계가사라지는 시대, 모든 전제를 원점으로 되돌려라 대한민국 No.1 트렌드서 미라면 SNAKE SENSE 행복에 대한 고정관님이 방복예대한고정관님이무너지는시데. 무녀 시대, 보통의 도동의하무와무해할,1%의상상이서담을및 담을 찾고 하루와 무해합, 1%의 성장에 디지턴의 편리합 속에서 '물성'이 더욱귀해진다. 더욱'의 이미지일 수 있음.", 'post_image': 'https://scontent-ssn1-1.cdninstagram.com/v/t51.29350-15/469909857_1297176405046669_2571838434215190343_n.jpg?stp=dst-jpg_e15_tt7&efg=eyJ2ZW5jb2RlX3RhZyI6ImltYWdlX3VybGdlbi4xMDgweDEwODAuc2RyLmYyOTM1MC5kZWZhdWx0X2ltYWdlIn0&_nc_ht=scontent-ssn1-1.cdninstagram.com&_nc_cat=101&_nc_ohc=MEfoRl-9mc8Q7kNvgEXj9we&_nc_gid=b8ef88689f744b94a4583a746a8ceb03&edm=AONqaaQBAAAA&ccb=7-5&ig_cache_key=MzUyMDUwOTk1NzIzNjUxODI4NA%3D%3D.3-ccb7-5&oh=00_AYCkjue8O82LIqAeac6E8nJz2OzAd48RfsMJNMbN26Ocxw&oe=675F9603&_nc_sid=4e3341', 'post_datetime': '2024-12-11 15:11:52', 'post_description': '기업의 가격 변동 전략을 역으로 활용한 소비자도 등장했다. 폴센트·콕콕·호시탐탐·지니알림·역대가 등은 쇼핑몰 속 특정 상품의 판매 페이지를 저장해두면, 실시간으로 가격 변동 추이를 추적해 알려주는 앱이다. 제품별 가격 변동 폭을 그래프로 제공하는가 하면, 소비자가 설정해둔 최저가 밑으로 제품 가격이 떨어지면 알람을 보내주기도 한다.\n<트렌드 코리아 2025>, 김난도·전미영·최지혜·권정윤·한다혜·이혜원·이준영·이향은·추예린·전다현 - 밀리의 서재'}, {'user_id': 'euiclee.books', 'posts_count': '163', 'post_text': 'Photo by 유클리책장 | 📚 매일매일 독서기록 on December 11, 2024. 문구: \'"결국 많이 읽고 많이 생각하고 많이 경험할수록 투자법을 더 빨리 깨우칠 수 있다는 얘기다." -[부의 인문학]\'의 이미지일 수 있음.', 'post_image': 'https://scontent-ssn1-1.cdninstagram.com/v/t39.30808-6/469918659_531049356750997_3909380879457113700_n.jpg?stp=dst-jpg_e35_tt7&efg=eyJ2ZW5jb2RlX3RhZyI6ImltYWdlX3VybGdlbi4xMDAweDEwMDAuc2RyLmYzMDgwOC5kZWZhdWx0X2ltYWdlIn0&_nc_ht=scontent-ssn1-1.cdninstagram.com&_nc_cat=101&_nc_ohc=91hwdQ31ybAQ7kNvgGnCUKp&_nc_gid=a439c6037a744de5be1da7d069cfac28&edm=AONqaaQAAAAA&ccb=7-5&ig_cache_key=MzUyMDY4NTQxNjI3MDc2NzQ5Nw%3D%3D.3-ccb7-5&oh=00_AYB4nQFL-fWgjhu3fu1Fxd1IRraaJbjaMhQhy3RlfAk2vw&oe=675F6CD7&_nc_sid=4e3341', 'post_datetime': '2024-12-11 21:00:30', 'post_description': '🖋️ 저자는 자신이 어떤 사람인지 먼저 깨닫고 난 뒤에야 맞는 투자법을 찾을 수 있었다고 한다.\n\n하지만 이것은 인생의 거의 모든 문제에 적용할 수 있다. 주식뿐만 아니라 부동산도 그렇고, 직업 선택도 그렇고, 사업 선택도 그렇고 인생도 그렇다.\n\n열심히 노력만 한다고 성공하는 게 절대 아니다. 빨리 망할 뿐이다. 전략적 사고를 해야 한다. 전략적 사고의 출발점은 바로 자기 자신을 아는 것이다.\n\n자기 자신을 아는 방법은 결국 많이 읽고 많이 생각하고 많이 경험하며 알아가는 수 밖에 없다.\n\n📗#부의인문학 #오픈마인드 #우석 #브라운스톤\n\n🔖 #독서 #북스타그램 #책 #독서스타그램 #책스타그램 #책리뷰\n#책추천 #유클리 #유클리책장 #투자 #인문학'}, {'user_id': 'ai.gi.book', 'posts_count': '228', 'post_text': 'Photo by @ai.gi.book on December 11, 2024. 텍스트의 팝 아트일 수 있음.', 'post_image': 'https://scontent-ssn1-1.cdninstagram.com/v/t51.29350-15/470039005_1273525177023781_4358149739889345212_n.jpg?stp=dst-jpg_e35_tt7&efg=eyJ2ZW5jb2RlX3RhZyI6ImltYWdlX3VybGdlbi4xNDQweDE4MDAuc2RyLmYyOTM1MC5kZWZhdWx0X2ltYWdlIn0&_nc_ht=scontent-ssn1-1.cdninstagram.com&_nc_cat=101&_nc_ohc=7MwG-o49NzUQ7kNvgFhjueP&_nc_gid=f9662db6ab3d41a4b63321ad05a05653&edm=AONqaaQBAAAA&ccb=7-5&ig_cache_key=MzUyMDc2MDI1MjkyMjIxMzgwMw%3D%3D.3-ccb7-5&oh=00_AYCONYYmYm59oaXmm9IgEQik0imnKKhgCKNzKjHEN7AyhQ&oe=675F6755&_nc_sid=4e3341', 'post_datetime': '2024-12-11 23:29:10', 'post_description': '스페셜티 커피, 비주류에서 주류로 가고 있다?\n\n포화라고도 하는 카페 시장에서 맛에 대한 차별화를 고민하기 시작하면서 떠오르고 있는 시장이 스페셜티 커피 시장인데요. 2008년경 한국에서 처음 미국식 커피 교육을 받아들이기 시작한 시점부터 스페셜티 커피의 존재가 알려지기 시작했습니다. 특히 2019년 바리스타들의 세계 대회인 월드 바리스타 챔피언십에서 전주연 바리스타가 한국 바리스타 최초로 우승하면서 한국 스페셜티 커피 시장 성장의 분기점이 도래했죠.\n\n\n\n\n\n스페셜티 커피가 무엇인지 정의하자면 세계 스페셜티 커피 협회 SCA는 ‘독특한 속성을 인정받은 커피 또는 커피 경험을 말하며 이런 속성으로 인해 시장에서 상당한 부가가치를 가진다’라고 설명합니다. 쉽게 말해 커피의 독특함과 고유함의 가치를 인정받아서 부가가치가 높은 커피를 말해요. 보통 원두를 만들기 전의 씨앗 ‘생두’에 점수를 매겨 그 점수가 80점 이상인 커피, 결점도와 재배 과정 및 가공 과정이 고객에게 얼마나 투명하게 전달되는지 등 여러 판단 기준이 있습니다. - <B주류경제학>, 이재용 토스 - 밀리의 서재\nhttps://www.millie.co.kr/v3/bookDetail/87d0d97c7255488f'}]
CSV 파일에 데이터 저장 중...
CSV 파일에 데이터 저장 완료
성공한 사람: ['terrys_reading', 'rdnmgo', '42lines_', 'euiclee.books', 'ai.gi.book']
실패한 사람: []
요약 이미지 생성 중...
요약 이미지 생성 완료
이미지 업로드 시작...
사진 업로드 중...
새 게시물 버튼 클릭 완료
다음 버튼 클릭 중...
다음 버튼 클릭 완료
다음 버튼 클릭 중...
다음 버튼 클릭 완료
성공한 사람: ['terrys_reading', 'rdnmgo', '42lines_', 'euiclee.books', 'ai.gi.book']
실패한 사람: []
설명 입력 중...
설명 입력 완료
게시물 공유 중...
게시물 공유 완료
사진 업로드 완료
이미지 업로드 완료
드라이버 종료
프로그램 시작
드라이버 설정 중...
드라이버 설정 완료
인스타그램 로그인 시도 중...
로그인 정보 입력 완료
로그인 정보 저장 버튼 클릭 중...
로그인 정보 저장 버튼 클릭 완료
정보 수집 시작...
terrys_reading의 정보 수집 중...
terrys_reading의 게시물에 '더 보기' 버튼 없음
좋아요 버튼을 클릭했습니다.
terrys_reading의 정보 수집 완료
rdnmgo의 정보 수집 중...
rdnmgo의 게시물에 '더 보기' 버튼 없음
좋아요 버튼을 클릭했습니다.
rdnmgo의 정보 수집 완료
42lines_의 정보 수집 중...
42lines_의 게시물에 '더 보기' 버튼 없음
좋아요 버튼을 클릭했습니다.
42lines_의 정보 수집 완료
euiclee.books의 정보 수집 중...
euiclee.books의 게시물에 '더 보기' 버튼 없음
좋아요 버튼을 클릭했습니다.
euiclee.books의 정보 수집 완료
ai.gi.book의 정보 수집 중...
ai.gi.book의 게시물에 '더 보기' 버튼 없음
좋아요 버튼을 클릭했습니다.
ai.gi.book의 정보 수집 완료
정보 수집 완료
[{'user_id': 'terrys_reading', 'posts_count': '153', 'post_text': 'Photo by @terrys_reading on December 12, 2024. 잡지, 포스터, 책 및 텍스트의 이미지일 수 있음.', 'post_image': 'https://scontent-ssn1-1.cdninstagram.com/v/t51.29350-15/469723539_902009938673434_1947832238386997616_n.jpg?stp=dst-jpg_e35_tt7&efg=eyJ2ZW5jb2RlX3RhZyI6ImltYWdlX3VybGdlbi41NzN4NzE2LnNkci5mMjkzNTAuZGVmYXVsdF9pbWFnZSJ9&_nc_ht=scontent-ssn1-1.cdninstagram.com&_nc_cat=110&_nc_ohc=lHn8vY4LWpUQ7kNvgHwZJ2U&_nc_gid=59db49a3a1ce4292afaff095d363c5fd&edm=AONqaaQBAAAA&ccb=7-5&ig_cache_key=MzUyMTQ5OTUyODkyMjcxNTM4MQ%3D%3D.3-ccb7-5&oh=00_AYAnisWlIKYSdaXbhQMQX_gYGamoCLRupIN0UqMfAX-VGw&oe=6760BEA4&_nc_sid=4e3341', 'post_datetime': '2024-12-12 23:57:58', 'post_description': '1. 린 스타트업이랑 무엇인가?\n2. 온라인 비즈니스는 어떻게 6가지로 분류되며 어떤 요소가 중요한가?\n3 요소 판단의 기준이 되는 수치는 무엇인가?\n4. 어떻게 적용 할 것인가?\n\n데이터를 통해 소비자 욕구를 보다 명확하게 이해해야한다.'}, {'user_id': 'rdnmgo', 'posts_count': '163', 'post_text': 'Photo by @rdnmgo on December 12, 2024. 사람 1명, 책, 잡지, 포스터 및 텍스트의 만화일 수 있음.', 'post_image': 'https://scontent-ssn1-1.cdninstagram.com/v/t51.29350-15/470296925_1337590137402190_2096639983521960930_n.jpg?stp=dst-jpg_e15_tt7&efg=eyJ2ZW5jb2RlX3RhZyI6ImltYWdlX3VybGdlbi42MTJ4NjEyLnNkci5mMjkzNTAuZGVmYXVsdF9pbWFnZSJ9&_nc_ht=scontent-ssn1-1.cdninstagram.com&_nc_cat=110&_nc_ohc=cdQbUNlN5aUQ7kNvgGh_TTY&_nc_gid=5b77361ef65d4cba9056cdb745308694&edm=AONqaaQBAAAA&ccb=7-5&ig_cache_key=MzUyMTMwMTAwNjczNjM1MTU4NA%3D%3D.3-ccb7-5&oh=00_AYAtl-NX_8QfO_LCeIli1uJ4MoahQm6a3J6tYNd4J9p8eg&oe=6760BDE9&_nc_sid=4e3341', 'post_datetime': '2024-12-12 17:23:33', 'post_description': '그렇다면 나이와 성별, 문화를 초월해 정서적 교감을 불러일으키는 호감형 영웅은 어떻게 만들 수 있을까?\n\n호감형 영웅이나 리더를 만드는 가장 좋은 방법은 그의 어린 시절을 보여주는 것이다. 어린 시절 스토리를 풀어나가면 관객의 마음을 얻기 쉽다. 누구에게나 어린 시절이 있기 때문이다. 배경 이야기나 회상, 기타 여러 장치를 이용해 영웅의 어린 시절을 보여줄 수 있다.\n자신의 경험도 좋고 다른 아이들의 모습을 참고해도 좋다. 이를 활용해 캐릭터의 어린 시절을 보여줌으로써 대중의 마음을 얻을 수 있다.'}, {'user_id': '42lines_', 'posts_count': '162', 'post_text': 'Photo by @42lines_ on December 11, 2024. 사람 1명, 잡지, 포스터, 책 및 텍스트의 이미지일 수 있음.', 'post_image': 'https://scontent-ssn1-1.cdninstagram.com/v/t51.29350-15/470033708_892592556288803_6673927346393939357_n.jpg?stp=dst-jpg_e15_tt7&efg=eyJ2ZW5jb2RlX3RhZyI6ImltYWdlX3VybGdlbi4xMDgweDEwODAuc2RyLmYyOTM1MC5kZWZhdWx0X2ltYWdlIn0&_nc_ht=scontent-ssn1-1.cdninstagram.com&_nc_cat=111&_nc_ohc=xfqjHeLzm2YQ7kNvgGyeNY3&_nc_gid=2ef77270445348eb92a4326268ca5ff8&edm=AONqaaQBAAAA&ccb=7-5&ig_cache_key=MzUyMTEzNjQ1MjcyNDE3NDQwOA%3D%3D.3-ccb7-5&oh=00_AYCn-T_4zTlzc5u6yzezwxUAbnvX5m761QxJRjDEovIS9A&oe=6760D9FA&_nc_sid=4e3341', 'post_datetime': '2024-12-12 11:56:36', 'post_description': '2024년 경기 침체 속에서도 콘텐츠 업계는 스핀오프 전략을 전가의 보도처럼 활용하며 꾸준히 성장했다. 콘텐츠 기업은 자사의 성공 IP(지식재산권)를 바탕으로 업종을 넘나들며 성공 모델을 확대했는데, 이 같은 시도는 침체에 빠진 소비 시장에 잠시나마 활력을 불어넣었다.\n<트렌드 코리아 2025>, 김난도·전미영·최지혜·권정윤·한다혜·이혜원·이준영·이향은·추예린·전다현 - 밀리의 서재'}, {'user_id': 'euiclee.books', 'posts_count': '164', 'post_text': 'Photo by 유클리책장 | 📚 매일매일 독서기록 on December 12, 2024. 텍스트의 이미지일 수 있음.', 'post_image': 'https://scontent-ssn1-1.cdninstagram.com/v/t39.30808-6/469857049_531842590005007_2054058389647939411_n.jpg?stp=dst-jpg_e35_tt7&efg=eyJ2ZW5jb2RlX3RhZyI6ImltYWdlX3VybGdlbi4xMDAweDEwMDAuc2RyLmYzMDgwOC5kZWZhdWx0X2ltYWdlIn0&_nc_ht=scontent-ssn1-1.cdninstagram.com&_nc_cat=107&_nc_ohc=xbx9mhMssVAQ7kNvgGmbWEp&_nc_gid=32633f660021408fb6e6006b3b3e2c98&edm=AONqaaQAAAAA&ccb=7-5&ig_cache_key=MzUyMTQxMDAyMjg3MDg2NzUzMQ%3D%3D.3-ccb7-5&oh=00_AYB2f7PPwlSdVmHbyM1IVkkiJcVmgope03iQKIGyRyNptQ&oe=6760DBC7&_nc_sid=4e3341', 'post_datetime': '2024-12-12 21:00:09', 'post_description': '🖋️ 향후 세상의 변화 속에서 내가 어떤 기회를 가질 수 있을지 생각해보자. 또 반대로 어떤 위협이 있을지도 고려해야 한다.\n\n이기는 사람은 지는 싸움을 하지 않는다. 이길 수 있는 전쟁을 한다. 어떤 상황에 있던지 나의 장점을 살리고 약점을 보완하여 기회를 잡고 성공할 수 있는 가장 유리한 곳에 나 자신을 전략적으로 포지셔닝 해야 한다.\n\n📗#부의인문학 #오픈마인드 #우석 #브라운스톤\n\n🔖 #독서 #북스타그램 #책 #독서스타그램 #책스타그램 #책리뷰\n#책추천 #유클리 #유클리책장 #투자 #인문학'}, {'user_id': 'ai.gi.book', 'posts_count': '229', 'post_text': 'Photo by @ai.gi.book on December 11, 2024. 텍스트의 낙서 그림일 수 있음.', 'post_image': 'https://scontent-ssn1-1.cdninstagram.com/v/t51.29350-15/469997147_462245696896164_4530325724563891829_n.jpg?stp=dst-jpg_e35_tt7&efg=eyJ2ZW5jb2RlX3RhZyI6ImltYWdlX3VybGdlbi4xNDQweDE4MDAuc2RyLmYyOTM1MC5kZWZhdWx0X2ltYWdlIn0&_nc_ht=scontent-ssn1-1.cdninstagram.com&_nc_cat=100&_nc_ohc=BZed8dOZV5oQ7kNvgGfiTPk&_nc_gid=5f50c2474de14f86bd484123b88e2b0e&edm=AONqaaQBAAAA&ccb=7-5&ig_cache_key=MzUyMDgwMTc3ODYyMTU5ODU5MA%3D%3D.3-ccb7-5&oh=00_AYBArF32pKfMZEkSoW8qgVL8Gu-NW9wYqc5e6eKJtDXwyQ&oe=6760E01A&_nc_sid=4e3341', 'post_datetime': '2024-12-12 00:51:40', 'post_description': '사회 생활을 시작하는 청년들이 가장 먼저 해야 할 일은 무엇일까요 중요한 결정을 내리는 데 더 많은 시간을 투자하라 기본적으로 인생 초기에 내리는 3가지 중요한 결정이 있다 바로 어디에 살 것인지 누구와 함께 살 것인지 그리고 무엇을 할 것인지에 대한 결정이다 우리는 어떤 관계를 맺어야 할지 결정하는 데 거의 시간을 쓰지 않는다 우리는 한 직장에서 많은 시간을 보내지만 어떤 직업을 선택해야 할지에 대해서도 거의 시간을 쓰지 않는다 또 살아야 할 도시를 선택하면 인생의 괴도가 거의 완전히 결정 될 수 있지만 우리는 어느 도시에 살지 결정하는 데 거의 시간을 할애 하지 않는다'}]
CSV 파일에 데이터 저장 중...
CSV 파일에 데이터 저장 완료
성공한 사람: ['terrys_reading', 'rdnmgo', '42lines_', 'euiclee.books', 'ai.gi.book']
실패한 사람: []
요약 이미지 생성 중...
요약 이미지 생성 완료
이미지 업로드 시작...
사진 업로드 중...
새 게시물 버튼 클릭 완료
다음 버튼 클릭 중...
다음 버튼 클릭 완료
다음 버튼 클릭 중...
다음 버튼 클릭 완료
성공한 사람: ['terrys_reading', 'rdnmgo', '42lines_', 'euiclee.books', 'ai.gi.book']
실패한 사람: []
설명 입력 중...
설명 입력 완료
게시물 공유 중...
게시물 공유 완료
사진 업로드 완료
이미지 업로드 완료
드라이버 종료
프로그램 시작
드라이버 설정 중...
드라이버 설정 완료
인스타그램 로그인 시도 중...
로그인 정보 입력 완료
로그인 정보 저장 버튼 클릭 중...
로그인 정보 저장 버튼 클릭 완료
정보 수집 시작...
terrys_reading의 정보 수집 중...
terrys_reading의 게시물에 '더 보기' 버튼 없음
오류가 발생했습니다: Message: 
Stacktrace:
0   chromedriver                        0x0000000100f51338 chromedriver + 5096248
1   chromedriver                        0x0000000100f48b6a chromedriver + 5061482
2   chromedriver                        0x0000000100ad3fd0 chromedriver + 389072
3   chromedriver                        0x0000000100b209ab chromedriver + 702891
4   chromedriver                        0x0000000100b20a81 chromedriver + 703105
5   chromedriver                        0x0000000100b64cd4 chromedriver + 982228
6   chromedriver                        0x0000000100b44f1d chromedriver + 851741
7   chromedriver                        0x0000000100b62250 chromedriver + 971344
8   chromedriver                        0x0000000100b44c93 chromedriver + 851091
9   chromedriver                        0x0000000100b13c79 chromedriver + 650361
10  chromedriver                        0x0000000100b1449e chromedriver + 652446
11  chromedriver                        0x0000000100f140b0 chromedriver + 4845744
12  chromedriver                        0x0000000100f18fc8 chromedriver + 4865992
13  chromedriver                        0x0000000100f19695 chromedriver + 4867733
14  chromedriver                        0x0000000100ef6ce9 chromedriver + 4725993
15  chromedriver                        0x0000000100f19989 chromedriver + 4868489
16  chromedriver                        0x0000000100ee8c04 chromedriver + 4668420
17  chromedriver                        0x0000000100f38e68 chromedriver + 4996712
18  chromedriver                        0x0000000100f39067 chromedriver + 4997223
19  chromedriver                        0x0000000100f4876e chromedriver + 5060462
20  libsystem_pthread.dylib             0x00007fff71f4f109 _pthread_start + 148
21  libsystem_pthread.dylib             0x00007fff71f4ab8b thread_start + 15

terrys_reading의 정보 수집 완료
rdnmgo의 정보 수집 중...
rdnmgo의 게시물에 '더 보기' 버튼 없음
좋아요 버튼을 클릭했습니다.
rdnmgo의 정보 수집 완료
42lines_의 정보 수집 중...
42lines_의 게시물에 '더 보기' 버튼 없음
좋아요 버튼을 클릭했습니다.
42lines_의 정보 수집 완료
euiclee.books의 정보 수집 중...
euiclee.books의 게시물에 '더 보기' 버튼 없음
좋아요 버튼을 클릭했습니다.
euiclee.books의 정보 수집 완료
ai.gi.book의 정보 수집 중...
ai.gi.book의 게시물에 '더 보기' 버튼 없음
좋아요 버튼을 클릭했습니다.
ai.gi.book의 정보 수집 완료
정보 수집 완료
[{'user_id': 'terrys_reading', 'posts_count': '153', 'post_text': 'Photo by @terrys_reading on December 12, 2024. 잡지, 포스터, 책 및 텍스트의 이미지일 수 있음.', 'post_image': 'https://scontent-ssn1-1.cdninstagram.com/v/t51.29350-15/469723539_902009938673434_1947832238386997616_n.jpg?stp=dst-jpg_e35_tt7&efg=eyJ2ZW5jb2RlX3RhZyI6ImltYWdlX3VybGdlbi41NzN4NzE2LnNkci5mMjkzNTAuZGVmYXVsdF9pbWFnZSJ9&_nc_ht=scontent-ssn1-1.cdninstagram.com&_nc_cat=110&_nc_ohc=lHn8vY4LWpUQ7kNvgHwZJ2U&_nc_gid=6c3b008b41cf4477b8059a0e495bc0e7&edm=AP4sbd4BAAAA&ccb=7-5&ig_cache_key=MzUyMTQ5OTUyODkyMjcxNTM4MQ%3D%3D.3-ccb7-5&oh=00_AYAzCGeKwwnqWyDq_G1WkM8VnfZ8fJp0EV4xG-7J3QibLQ&oe=67621024&_nc_sid=7a9f4b', 'post_datetime': '2024-12-12 23:57:58', 'post_description': '1. 린 스타트업이랑 무엇인가?\n2. 온라인 비즈니스는 어떻게 6가지로 분류되며 어떤 요소가 중요한가?\n3 요소 판단의 기준이 되는 수치는 무엇인가?\n4. 어떻게 적용 할 것인가?\n\n데이터를 통해 소비자 욕구를 보다 명확하게 이해해야한다.'}, {'user_id': 'rdnmgo', 'posts_count': '164', 'post_text': 'Photo by @rdnmgo on December 13, 2024. 사람 1명, 책, 잡지, 포스터 및 텍스트의 만화일 수 있음.', 'post_image': 'https://scontent-ssn1-1.cdninstagram.com/v/t51.29350-15/469740635_586826490496119_5314823706849498071_n.jpg?stp=dst-jpg_e15_tt7&efg=eyJ2ZW5jb2RlX3RhZyI6ImltYWdlX3VybGdlbi42MTJ4NjEyLnNkci5mMjkzNTAuZGVmYXVsdF9pbWFnZSJ9&_nc_ht=scontent-ssn1-1.cdninstagram.com&_nc_cat=103&_nc_ohc=hbC_dSTrLLcQ7kNvgEGzeqq&_nc_gid=8f542dc7a1c94aa2a89cfa3e544ecf96&edm=AONqaaQBAAAA&ccb=7-5&ig_cache_key=MzUyMjE3NzEyNTAzNTI5NDA4OQ%3D%3D.3-ccb7-5&oh=00_AYBJwZ6SL7ssJh62X7Vm2xUd7vDaJOLcgxCpJNfWfamavw&oe=676236F1&_nc_sid=4e3341', 'post_datetime': '2024-12-13 22:24:14', 'post_description': '공감대를 최대한 끌어올리기 위해 영웅을 고아로 설정하기도 한다. 월트 디즈니, 로알드 달, J. K. 롤링, 어니스트 클라인 등도 모두 이 기법을 이용했다. 《밤비》, 《제임스와 거대한 복숭아》, 《해리포터와 마법사의 돌》, 《레디 플레이어 원》에 등장하는 영웅들은 모두 고아거나 머지않아 고아가 될 운명이었다.\n\n캐릭터에 ‘엉성하고 엉뚱한’ 면모를 부여해 호감을 사는 경우도 있다. 우스꽝스러운 모습을 보여주거나 왜 엉뚱한 성격을 갖게 되었는지 배경 이야기를 보여주며 약한 특징을 부여하는 방법이다. 어둡고 음침한 악당이라도 그보다 더 사악한 악당이 존재하면 관객의 호감을 얻기도 한다.\n관객은 영웅이 희생자의 처지가 되면 더 연민을 품는다.'}, {'user_id': '42lines_', 'posts_count': '163', 'post_text': "Photo by @42lines_ on December 13, 2024. 사람 1명, 잡지, 포스터, 책 및 문구: '2025 대한민국 소비트렌드 전망 김난도 전미영 최지혜 권정을 한다혜 이혜원 이준영 이황은 이하모 추예권 전다현 트렌드 코리아 2025 경계가사라지는 시대, 모든 전제를 원점으로 되돌려라 대한민국 No.1 트렌드서 미라면 SNAKE SENSE 행복에 대한 고정관님이 방복예대한고정관님이무너지는시데. 무녀 시대, 보통의 도동의하무와무해할,1%의상상이서담을및 담을 찾고 하루와 무해합, 1%의 성장에 디지턴의 편리합 속에서 '물성'이 더욱귀해진다. 더욱'의 이미지일 수 있음.", 'post_image': 'https://scontent-ssn1-1.cdninstagram.com/v/t51.29350-15/470037297_8758852820900772_7452011919248987892_n.jpg?stp=dst-jpg_e15_tt7&efg=eyJ2ZW5jb2RlX3RhZyI6ImltYWdlX3VybGdlbi4xMDgweDEwODAuc2RyLmYyOTM1MC5kZWZhdWx0X2ltYWdlIn0&_nc_ht=scontent-ssn1-1.cdninstagram.com&_nc_cat=100&_nc_ohc=ibc6-VP8WcwQ7kNvgF0ijAM&_nc_gid=760e3933c0184c769189397319262c68&edm=AONqaaQBAAAA&ccb=7-5&ig_cache_key=MzUyMjA1MDQ1NTYwNDU1NTA1OQ%3D%3D.3-ccb7-5&oh=00_AYDxsyF30VgsXbg7CsuAPxS4etlW_CLl9r2SmFX2t7BrUA&oe=67622BC7&_nc_sid=4e3341', 'post_datetime': '2024-12-13 18:12:34', 'post_description': '콘텐츠 기업은 자사의 성공 IP(지식재산권)를 바탕으로 업종을 넘나들며 성공 모델을 확대했는데, 이 같은 시도는 침체에 빠진 소비 시장에 잠시나마 활력을 불어넣었다. 나아가 콘텐츠와 전혀 상관없는 일반 기업들 역시 자사의 기업 캐릭터를 자산화하며 새로운 비즈니스 모델을 모색했다.\n<트렌드 코리아 2025>, 김난도·전미영·최지혜·권정윤·한다혜·이혜원·이준영·이향은·추예린·전다현 - 밀리의 서재'}, {'user_id': 'euiclee.books', 'posts_count': '165', 'post_text': 'Photo by 유클리책장 | 📚 매일매일 독서기록 on December 13, 2024. 텍스트의 이미지일 수 있음.', 'post_image': 'https://scontent-ssn1-1.cdninstagram.com/v/t39.30808-6/469957834_532732709915995_1581689206240466568_n.jpg?stp=dst-jpg_e35_tt7&efg=eyJ2ZW5jb2RlX3RhZyI6ImltYWdlX3VybGdlbi4xMDAweDEwMDAuc2RyLmYzMDgwOC5kZWZhdWx0X2ltYWdlIn0&_nc_ht=scontent-ssn1-1.cdninstagram.com&_nc_cat=107&_nc_ohc=_5eH_rHdfrAQ7kNvgE0tYUf&_nc_gid=9334f7a6e7b74343be5288fb46a3cd21&edm=AONqaaQAAAAA&ccb=7-5&ig_cache_key=MzUyMjE4OTA1NDc1MDE4NjIzNw%3D%3D.3-ccb7-5&oh=00_AYAwg60ij7dOpnqMCbgGnAPoQ1kH803YDW8uXxZivdYDKQ&oe=67622F4E&_nc_sid=4e3341', 'post_datetime': '2024-12-13 22:47:57', 'post_description': '🖋️ 배움은 끝이 없다. 끝이 있다고 생각하는 것이 제일 무섭다.\n\n하나만 알고 둘은 모르는 것. 내가 제일 경계하는 것이기도 하다. 그래서 배워야 한다.\n\n세상에는 모르는 것이 너무나도 많고, 아마 죽을 때까지도 모르는 것 투성 일 것이다. 편협한 사고를 가지지 않는 것. 다양한 정보를 종합해 사고할 수 있는 사람이 되고 싶다.\n\n📗#부의인문학 #오픈마인드 #우석 #브라운스톤\n\n🔖 #독서 #북스타그램 #책 #독서스타그램 #책스타그램 #책리뷰\n#책추천 #유클리 #유클리책장 #투자 #인문학 #공부'}, {'user_id': 'ai.gi.book', 'posts_count': '230', 'post_text': 'Photo by @ai.gi.book on December 13, 2024. 텍스트의 낙서 그림일 수 있음.', 'post_image': 'https://scontent-ssn1-1.cdninstagram.com/v/t51.29350-15/470169016_555629800714216_2920475931100232567_n.jpg?stp=dst-jpg_e35_tt7&efg=eyJ2ZW5jb2RlX3RhZyI6ImltYWdlX3VybGdlbi4xNDQweDE4MDAuc2RyLmYyOTM1MC5kZWZhdWx0X2ltYWdlIn0&_nc_ht=scontent-ssn1-1.cdninstagram.com&_nc_cat=104&_nc_ohc=c7v0QVApObMQ7kNvgGKblwx&_nc_gid=f4699e85968f4da9b4bfdb37179031fc&edm=AONqaaQBAAAA&ccb=7-5&ig_cache_key=MzUyMjIyMzQ4ODM5Mzc2NDA3MQ%3D%3D.3-ccb7-5&oh=00_AYBCrogO0jnV1IVfHCQaYZIM4yPVltmLjHiHKxZ7Bh_TbA&oe=676230C8&_nc_sid=4e3341', 'post_datetime': '2024-12-13 23:56:21', 'post_description': '욕망은 당신이 원하는 것을 얻을 때까지 불행해지기로 자신과 맺은 계약이다 내가 최근에 배운 것 중 하나는 100% 원하지 않는 일을 하려고 노력 하는 것보다 내가 정말로 원하는 것을 완벽하게 하는 것이 훨씬 더 중요하다는 것이다 점고 건강하면 더 많은 일을 할 수 있다 그런데 더 많은 일을 할 수록 우리는 더 많은 욕망을 갖게 된다 우리는 이것이 우리의 행복을 천천히 파괴 하고 있다는 사실을 깨닫지 못한다 그래서 젊은 사람들은 더 건강 하지만 덜 행복하고 노인들은 덜 건강하지만 더 행복을 느낀다 젊을 때는 시간도 많고 건강하나 돈이 없다 중년이 되면 돈도 어느 정도 벌고 여전히 건강하나 시간이 없다'}]
CSV 파일에 데이터 저장 중...
CSV 파일에 데이터 저장 완료
성공한 사람: ['rdnmgo', '42lines_', 'euiclee.books', 'ai.gi.book']
실패한 사람: ['terrys_reading']
요약 이미지 생성 중...
요약 이미지 생성 완료
이미지 업로드 시작...
사진 업로드 중...
새 게시물 버튼 클릭 완료
다음 버튼 클릭 중...
다음 버튼 클릭 완료
다음 버튼 클릭 중...
다음 버튼 클릭 완료
성공한 사람: ['rdnmgo', '42lines_', 'euiclee.books', 'ai.gi.book']
실패한 사람: ['terrys_reading']
설명 입력 중...
설명 입력 완료
게시물 공유 중...
게시물 공유 완료
사진 업로드 완료
이미지 업로드 완료
드라이버 종료
프로그램 시작
드라이버 설정 중...
드라이버 설정 완료
인스타그램 로그인 시도 중...
로그인 정보 입력 완료
로그인 정보 저장 버튼 클릭 중...
로그인 정보 저장 버튼 클릭 완료
정보 수집 시작...
terrys_reading의 정보 수집 중...
terrys_reading의 게시물에 '더 보기' 버튼 없음
좋아요 버튼을 클릭했습니다.
terrys_reading의 정보 수집 완료
rdnmgo의 정보 수집 중...
rdnmgo의 게시물에 '더 보기' 버튼 없음
좋아요 버튼을 클릭했습니다.
rdnmgo의 정보 수집 완료
42lines_의 정보 수집 중...
42lines_의 게시물에 '더 보기' 버튼 없음
좋아요 버튼을 클릭했습니다.
42lines_의 정보 수집 완료
euiclee.books의 정보 수집 중...
euiclee.books의 게시물에 '더 보기' 버튼 없음
좋아요 버튼을 클릭했습니다.
euiclee.books의 정보 수집 완료
ai.gi.book의 정보 수집 중...
ai.gi.book의 게시물에 '더 보기' 버튼 없음
좋아요 버튼을 클릭했습니다.
ai.gi.book의 정보 수집 완료
정보 수집 완료
[{'user_id': 'terrys_reading', 'posts_count': '154', 'post_text': 'Photo by @terrys_reading on December 14, 2024. 돈, 책 및 텍스트의 이미지일 수 있음.', 'post_image': 'https://scontent-ssn1-1.cdninstagram.com/v/t51.29350-15/470160968_1619067162378041_7941375982355265218_n.jpg?stp=dst-jpegr_e35_tt6&efg=eyJ2ZW5jb2RlX3RhZyI6ImltYWdlX3VybGdlbi4xNDQweDE4MDAuaGRyLmYyOTM1MC5kZWZhdWx0X2ltYWdlIn0&_nc_ht=scontent-ssn1-1.cdninstagram.com&_nc_cat=105&_nc_ohc=k8_4pwRKlBIQ7kNvgFiUthg&_nc_gid=6aad25e1e8164b7fa64badea7e72b53e&edm=AONqaaQBAAAA&ccb=7-5&ig_cache_key=MzUyMjkzOTQ2MTgwNzM5NDU3Ng%3D%3D.3-ccb7-5&oh=00_AYAjjaEL8Dei1BnxLV0ZimEskG-LbOTvFhLy5_gPDskQOg&oe=67635E24&_nc_sid=4e3341', 'post_datetime': '2024-12-14 23:38:52', 'post_description': '내 실수가 까발려지는 것을 두려워하는 게 아니라, 내 정직이 손상되는 것을 두려워해야 한다.\n\n실수는 과거이고, 마음가짐은 현재이자, 미래이다.\n\n정직, 진정성, 일관성 이 가치가 지금 당장의 단기적 결과보다 훨씬 중요하다.\n\n나는 50년 뒤에 내 결정을 후회할 것인가?\n모든 사람이 이 사실을 알게 됐을 때 나는 전혀 부끄럼이 없을 것인가?\n나는 나 자신에게 떳떳한가?\n\n양심은 가장 편안한 배개이다라는 말처럼, 양심이 내 가장 강력한 기반이 되도록 해여 한다.\n\n설령 어떤 실수를 저지른다 할지라도, 나는 다시 일어설 수 있고, 다시 오를 수 있다는 강한 확신이 있다면, 그래서 내 실수에도 불구하고 내 과오를 인정할 수 있다면, 그 사람은 날아오를 것이다.'}, {'user_id': 'rdnmgo', 'posts_count': '165', 'post_text': 'Photo by @rdnmgo on December 13, 2024. 사람 1명, 책, 잡지, 포스터 및 텍스트의 만화일 수 있음.', 'post_image': 'https://scontent-ssn1-1.cdninstagram.com/v/t51.29350-15/470107348_1548036099337168_6890974798793142762_n.jpg?stp=dst-jpg_e15_tt7&efg=eyJ2ZW5jb2RlX3RhZyI6ImltYWdlX3VybGdlbi42MTJ4NjEyLnNkci5mMjkzNTAuZGVmYXVsdF9pbWFnZSJ9&_nc_ht=scontent-ssn1-1.cdninstagram.com&_nc_cat=104&_nc_ohc=zAN0umZoAikQ7kNvgGg02nN&_nc_gid=d1e1cf5616724ae0918a1801bcb4d4fc&edm=AP4sbd4BAAAA&ccb=7-5&ig_cache_key=MzUyMjQ2ODA3NTQ2NjA4NzE0MQ%3D%3D.3-ccb7-5&oh=00_AYBP5x-W73T41F-12OL2CXB5H62WE92scKXMJEAMiHVJWQ&oe=67637574&_nc_sid=7a9f4b', 'post_datetime': '2024-12-14 08:02:18', 'post_description': '영웅은 좋은 리더이기도 하다. 스토리 속에서 영웅은 과감한 결단력으로 행동을 주도한다. 좋은 영웅은 관객을 포함한 타인에게 행동을 촉구한다. 영웅이 무언가 결단을 내리지 않고 스토리를 끌고 가지 않으면 관객은 흥미를 잃는다.\n\n스토리 속 영웅과 마찬가지로 각 분야의 리더도 대중이 공감할 만한 열정과 관심사를 보여준다.\n빌 클린턴은 색소폰을 불었고 버락 오바마는 농구를 했다. 로널드 레이건은 젤리빈 사탕을 무척 좋아했으며, 41대 대통령 조지 부시는 브로콜리를 몹시 싫어했다.\n개인의 특징을 부각하면 그 사람의 인간적 면모가 돋보여 대중과 더 친밀해지는 느낌을 준다. “방가 방가(Howdy), 저도 여러분과 똑같은 사람이에요!”라고 말하는 식이다.\n그러므로 음악, 음식, 응원하는 스포츠팀, 크고 작은 사회문제나 환경문제에 관심과 열정을 공유하면 다른 캐릭터들이 영웅을 따르게 할 수 있다.'}, {'user_id': '42lines_', 'posts_count': '164', 'post_text': "Photo by @42lines_ on December 13, 2024. 사람 1명, 잡지, 포스터, 책 및 문구: '2025 대한민국 소비트렌드 전망 김난도 전미영 최지혜 권정을 한다혜 이혜원 이준영 이황은 이하모 추예권 전다현 트렌드 코리아 2025 경계가사라지는 시대, 모든 전제를 원점으로 되돌려라 대한민국 No.1 트렌드서 미라면 SNAKE SENSE 행복에 대한 고정관님이 방복예대한고정관님이무너지는시데. 무녀 시대, 보통의 도동의하무와무해할,1%의상상이서담을및 담을 찾고 하루와 무해합, 1%의 성장에 디지턴의 편리합 속에서 '물성'이 더욱귀해진다. 더욱'의 이미지일 수 있음.", 'post_image': 'https://scontent-ssn1-1.cdninstagram.com/v/t51.29350-15/470104247_1108328454355416_4966891335565204498_n.jpg?stp=dst-jpg_e15_tt7&efg=eyJ2ZW5jb2RlX3RhZyI6ImltYWdlX3VybGdlbi4xMDgweDEwODAuc2RyLmYyOTM1MC5kZWZhdWx0X2ltYWdlIn0&_nc_ht=scontent-ssn1-1.cdninstagram.com&_nc_cat=100&_nc_ohc=iBqS91izCUwQ7kNvgGRypLR&_nc_gid=fbeee4babb3c46a4abb9968f4daf2cb2&edm=AONqaaQBAAAA&ccb=7-5&ig_cache_key=MzUyMjYyNTI4MTM5NDA0MDgxNw%3D%3D.3-ccb7-5&oh=00_AYDjTpG1-zE_asusVHDsJLefAgD7IVN10d3VD5mdUEs0Rg&oe=676373ED&_nc_sid=4e3341', 'post_datetime': '2024-12-14 13:14:38', 'post_description': '콘텐츠 업체가 아닌 일반 기업들도 자사의 ‘기업 캐릭터’를 자산화하고 있다. 유통, 통신 등 비非콘텐츠 업계에서는 그동안 기업 캐릭터를 주로 소비자가 기업에 친밀감을 느끼도록 하는 마케팅 수단 정도로만 활용했다. 그러나 이제 이 기업 캐릭터가 수익을 창출하는 비즈니스 모델로 진화하고 있다.\n<트렌드 코리아 2025>, 김난도·전미영·최지혜·권정윤·한다혜·이혜원·이준영·이향은·추예린·전다현 - 밀리의 서재'}, {'user_id': 'euiclee.books', 'posts_count': '166', 'post_text': 'Photo by 유클리책장 | 📚 매일매일 독서기록 on December 14, 2024. 텍스트의 이미지일 수 있음.', 'post_image': 'https://scontent-ssn1-1.cdninstagram.com/v/t51.29350-15/470001632_9156218667749622_1803463435780465749_n.jpg?stp=dst-jpg_e15_tt7&efg=eyJ2ZW5jb2RlX3RhZyI6ImltYWdlX3VybGdlbi4xMDgweDEwODAuc2RyLmYyOTM1MC5kZWZhdWx0X2ltYWdlIn0&_nc_ht=scontent-ssn1-1.cdninstagram.com&_nc_cat=106&_nc_ohc=5PrCj9z9B7IQ7kNvgHEz_ue&_nc_gid=a28dd8781fbf42e49b1fd44b2d93f227&edm=AONqaaQBAAAA&ccb=7-5&ig_cache_key=MzUyMjkwNjkwMTMxNzE3NDg1Nw%3D%3D.3-ccb7-5&oh=00_AYCO1NDPD-uzxs1KRKamtk7W7zwQkdIQK7R8SHMDQRgiHw&oe=676385E0&_nc_sid=4e3341', 'post_datetime': '2024-12-14 22:34:11', 'post_description': '🖋️ 인간은 이성적으로 행동하지 않고 본능적 충동으로 움직이는 존재이기에 행동을 전혀 예측할 수 없다.\n\n일반 대중의 의견과 반대로 가는 것, 가격이 떨어질 때 구매하고, 모두가 투자 대상의 장점에 동의하면 주식을 매도할 적기라는 것.\n\n주식 투자를 한다면 한번쯤은 들어보았을 말이지만 이것을 실천하기란 정말 어렵다. 누구나 주식이 오르면 사고 싶고, 가격이 떨어지면 팔고 싶을 것이다.\n\n📗#부의인문학 #오픈마인드 #우석 #브라운스톤\n\n🔖 #독서 #북스타그램 #책 #독서스타그램 #책스타그램 #책리뷰\n#책추천 #유클리 #유클리책장 #투자 #인문학 #공부 #케인스'}, {'user_id': 'ai.gi.book', 'posts_count': '231', 'post_text': 'Photo by @ai.gi.book on December 14, 2024. 텍스트의 그래픽일 수 있음.', 'post_image': 'https://scontent-ssn1-1.cdninstagram.com/v/t51.29350-15/470157319_1256091062340716_7461851477701639738_n.jpg?stp=dst-jpg_e35_tt7&efg=eyJ2ZW5jb2RlX3RhZyI6ImltYWdlX3VybGdlbi4xNDQweDE4MDAuc2RyLmYyOTM1MC5kZWZhdWx0X2ltYWdlIn0&_nc_ht=scontent-ssn1-1.cdninstagram.com&_nc_cat=108&_nc_ohc=jLp0QcbdlMYQ7kNvgHo-dbV&_nc_gid=1e7e1460555744f780f72b46ef64c5c4&edm=AONqaaQBAAAA&ccb=7-5&ig_cache_key=MzUyMjkwMDg1ODc3NTc4ODczNw%3D%3D.3-ccb7-5&oh=00_AYCixgh628_umnu48_nXhGefNzCU4GHuIJ4_Kea4t6c06w&oe=6763609A&_nc_sid=4e3341', 'post_datetime': '2024-12-14 22:22:10', 'post_description': '같은 크루아상이라도 천편일률적으로 똑같은 모양의 빵이 진열되어 있는 것보다 모양도 크기도 달라 인간미와 개성이 느껴지는 빵이 더 좋다. 제품 소비를 통해 자신의 개성을 드러내는 Z세대는 자기표현이 중요한 만큼 내가 살 물건이나 서비스에서도 그만의 특색이 드러나는 것을 선호한다. 여기에 덧붙여 자신을 조금 더 표현할 수 있다면 금상첨화다. 감성 담긴 물건에 커스터마이징이 가능하다는 포인트가 가미된다면 그들의 취향을 확실하게 저격할 수 있을 것이다. - <B주류경제학>, 이재용 토스 - 밀리의 서재\nhttps://www.millie.co.kr/v3/bookDetail/87d0d97c7255488f'}]
CSV 파일에 데이터 저장 중...
CSV 파일에 데이터 저장 완료
성공한 사람: ['terrys_reading', 'rdnmgo', '42lines_', 'euiclee.books', 'ai.gi.book']
실패한 사람: []
요약 이미지 생성 중...
요약 이미지 생성 완료
이미지 업로드 시작...
사진 업로드 중...
새 게시물 버튼 클릭 완료
다음 버튼 클릭 중...
다음 버튼 클릭 완료
다음 버튼 클릭 중...
다음 버튼 클릭 완료
성공한 사람: ['terrys_reading', 'rdnmgo', '42lines_', 'euiclee.books', 'ai.gi.book']
실패한 사람: []
설명 입력 중...
설명 입력 완료
게시물 공유 중...
게시물 공유 완료
사진 업로드 완료
이미지 업로드 완료
드라이버 종료
프로그램 시작
드라이버 설정 중...
드라이버 설정 완료
인스타그램 로그인 시도 중...
로그인 정보 입력 완료
로그인 정보 저장 버튼 클릭 중...
로그인 정보 저장 버튼 클릭 완료
정보 수집 시작...
terrys_reading의 정보 수집 중...
terrys_reading의 게시물에 '더 보기' 버튼 없음
좋아요 버튼을 클릭했습니다.
terrys_reading의 정보 수집 완료
rdnmgo의 정보 수집 중...
rdnmgo의 게시물에 '더 보기' 버튼 없음
좋아요 버튼을 클릭했습니다.
rdnmgo의 정보 수집 완료
42lines_의 정보 수집 중...
42lines_의 게시물에 '더 보기' 버튼 없음
좋아요 버튼을 클릭했습니다.
42lines_의 정보 수집 완료
euiclee.books의 정보 수집 중...
euiclee.books의 게시물에 '더 보기' 버튼 없음
좋아요 버튼을 클릭했습니다.
euiclee.books의 정보 수집 완료
ai.gi.book의 정보 수집 중...
ai.gi.book의 게시물에 '더 보기' 버튼 없음
좋아요 버튼을 클릭했습니다.
ai.gi.book의 정보 수집 완료
정보 수집 완료
[{'user_id': 'terrys_reading', 'posts_count': '155', 'post_text': "Photo by @terrys_reading on December 15, 2024. 돈, 책 및 문구: '매일 조금씩 더 지혜롭고 부유하게 사는 매일조금식더지예료고부유하게시는 법 투자도 인생도 복리처럼 처럼 가우탐 가우탐바이드시음 바이드 김상우울김 김상우 브4피4부의 모든 투자자가 읽어야 할 책- 모닝스타 가치투자의 산실 '컬럽비아 비즈니스 스쿨' 출간 도서 김현준, 정채진, 숙향, 박성진 등 국내외 주식투자 셀럽 극찬!! THE JOYS OF COMPOUNDING PITOOZA 부크온 부크은BooKGm Kn'의 이미지일 수 있음.", 'post_image': 'https://scontent-ssn1-1.cdninstagram.com/v/t51.29350-15/470671528_592367536671315_5206184240572919926_n.jpg?stp=dst-jpegr_e35_tt6&efg=eyJ2ZW5jb2RlX3RhZyI6ImltYWdlX3VybGdlbi4xNDQweDE4MDAuaGRyLmYyOTM1MC5kZWZhdWx0X2ltYWdlIn0&_nc_ht=scontent-ssn1-1.cdninstagram.com&_nc_cat=103&_nc_ohc=SFRxwdeKLcIQ7kNvgGjigHO&_nc_gid=f8dbccbdd25240049cad421432a5cacb&edm=AONqaaQBAAAA&ccb=7-5&ig_cache_key=MzUyMzY1ODQ1ODc2MDg5NzMzMA%3D%3D.3-ccb7-5&oh=00_AYCcopj3yZ3zuzWlVFsUiQ55RjBKT70pmJtR5IwgF0p-dg&oe=6764BCE7&_nc_sid=4e3341', 'post_datetime': '2024-12-15 23:27:23', 'post_description': '집중은 탁월함을 얻기 위한 대가이다.\n\n어떤 분야에서든 탁월한 경지에 이른 사람은 다시 한 분야에 평생을 바친 사람이다. 짧은 기간에 탁월한 경지에 이르는 경우는 많지 않다.\n\n내게 6시간을 주고 나무 한 그루를 자르라 한다면 처음 네 시간은 도끼날을 가는 데에 쓸 것이다.'}, {'user_id': 'rdnmgo', 'posts_count': '166', 'post_text': 'Photo by @rdnmgo on December 15, 2024. 사람 1명, 책, 잡지, 포스터 및 텍스트의 만화일 수 있음.', 'post_image': 'https://scontent-ssn1-1.cdninstagram.com/v/t51.29350-15/470305253_1157509382617478_3974173033069001317_n.jpg?stp=dst-jpg_e15_tt7&efg=eyJ2ZW5jb2RlX3RhZyI6ImltYWdlX3VybGdlbi42MTJ4NjEyLnNkci5mMjkzNTAuZGVmYXVsdF9pbWFnZSJ9&_nc_ht=scontent-ssn1-1.cdninstagram.com&_nc_cat=102&_nc_ohc=KUBPwXSY054Q7kNvgEJlWNu&_nc_gid=675a51d6452649b08d1b35c60ede432e&edm=AONqaaQBAAAA&ccb=7-5&ig_cache_key=MzUyMzY1ODIyMDQxNTI1MDA4OA%3D%3D.3-ccb7-5&oh=00_AYDrT6rh_xuWilTVgr0QMsDcXZh_jpbg_W_7xVkdnQABEg&oe=6764B021&_nc_sid=4e3341', 'post_datetime': '2024-12-15 23:26:54', 'post_description': '리더는 반드시 희망적이고 낙관적인 비전을 보여주어야 한다. 스토리의 주인공이 걸어가는 여정은 반드시 긍정적이고 실현 가능해야 한다. 그렇지 않으면 캐릭터아크가 형성되지 않거나 스토리가 진행되지 않는다.\n미미하게나마 성공의 가능성이 있으면 신념을 가지고 역경에 맞서 싸우며 험난한 여정을 이어나간다. 주인공은 가는 길이 아무리 험해도 뚜벅뚜벅 걸어가며 우리가 바라던 삶을 살아간다.'}, {'user_id': '42lines_', 'posts_count': '165', 'post_text': 'Photo by @42lines_ on December 14, 2024. 사람 1명, 잡지, 포스터, 책 및 텍스트의 이미지일 수 있음.', 'post_image': 'https://scontent-ssn1-1.cdninstagram.com/v/t51.29350-15/470014421_1225892738505172_969649138941740436_n.jpg?stp=dst-jpg_e15_tt7&efg=eyJ2ZW5jb2RlX3RhZyI6ImltYWdlX3VybGdlbi4xMDgweDEwODAuc2RyLmYyOTM1MC5kZWZhdWx0X2ltYWdlIn0&_nc_ht=scontent-ssn1-1.cdninstagram.com&_nc_cat=104&_nc_ohc=7x_HjtpRlQIQ7kNvgHjBtXm&_nc_gid=0252d4ae57004310956a5bfab19cf470&edm=AONqaaQBAAAA&ccb=7-5&ig_cache_key=MzUyMzQwOTY5NTk5MjYxMzQwNA%3D%3D.3-ccb7-5&oh=00_AYDKNsJgWmi4GnJ0LaPKE1GS2Ba3FU6O-lhKo-6JrmNf8g&oe=6764C6D7&_nc_sid=4e3341', 'post_datetime': '2024-12-15 15:13:08', 'post_description': '2024년은 타깃을 변경해 사업 확장을 시도한 기업들이 두드러진 한 해였다. 특히 저출산·고령화의 영향으로 유아동 제품을 주력으로 하던 기업들이 성인을 타깃으로 한 스핀오프를 시도했다.\n<트렌드 코리아 2025>, 김난도·전미영·최지혜·권정윤·한다혜·이혜원·이준영·이향은·추예린·전다현 - 밀리의 서재'}, {'user_id': 'euiclee.books', 'posts_count': '167', 'post_text': 'Photo by 유클리책장 | 📚 매일매일 독서기록 on December 15, 2024. 문구: \'"주식에 대해서 전문적 지식이 以 거나 투자할 시간적 여유가 없는 투자자는 인덱스 펀드에 투자하라." -[부의 인문학]\'의 이미지일 수 있음.', 'post_image': 'https://scontent-ssn1-1.cdninstagram.com/v/t51.29350-15/470243711_619781420477791_3777770462744921417_n.jpg?stp=dst-jpg_e15_tt7&efg=eyJ2ZW5jb2RlX3RhZyI6ImltYWdlX3VybGdlbi4xMDgweDEwODAuc2RyLmYyOTM1MC5kZWZhdWx0X2ltYWdlIn0&_nc_ht=scontent-ssn1-1.cdninstagram.com&_nc_cat=107&_nc_ohc=tULYCi1NOQcQ7kNvgHV-Ghc&_nc_gid=6bd1f96027bf430caa56cad7e80bc1f4&edm=AONqaaQBAAAA&ccb=7-5&ig_cache_key=MzUyMzYyNzUzNzcxNTEyMzE5Nw%3D%3D.3-ccb7-5&oh=00_AYAsWdNqnVrbY0vFGo6nz47Rozb_GAiZYq0Qtl9c9El_AA&oe=6764BD60&_nc_sid=4e3341', 'post_datetime': '2024-12-15 22:25:58', 'post_description': '🖋️ 투자를 해야 하는 이유는 무엇일까?\n\n답은 간단하다. 사회가 발전할 수록 돈의 가치는 계속 떨어질 수 밖에 없기 때문이다.\n\n�현금을 계속 가지고 있다면 그 돈의 가치는 계속 떨어지겠지만, 투자를 한다면 (물론 어디에 하느냐에 따라서 다르겠지만) 돈이 돈을 벌어온다.\n\n그래서 투자를 하는것인데, 만약 주식에 대해서 전문적 지식이 없거나 투자할 시간적 여유가 없다면 인덱스 펀드에 투자하라고 한다.\n\n인덱스 펀드는 종합 주가지수와 같이 움직이는 펀드라고 보면 된다. 특히 나이가 들거나 개별 기업이나 시장 분석 능력이나 정보가 없다면 그냥 인덱스 펀드에 투자하는 것이 좋다고 한다.\n\n시장의 변화에 따라서 움직이는 펀드이기 때문에, 가만히 돈을 가지고 있는 것보다는 시장의 움직임에 맞게 돈이 가치가 보존될 수 있을 것이기 때문이다.\n\n📗#부의인문학 #오픈마인드 #우석 #브라운스톤\n\n🔖 #독서 #북스타그램 #책 #독서스타그램 #책스타그램 #책리뷰\n#책추천 #유클리 #유클리책장 #투자 #인문학 #공부'}, {'user_id': 'ai.gi.book', 'posts_count': '232', 'post_text': 'Photo by @ai.gi.book on December 15, 2024. 텍스트의 낙서 그림일 수 있음.', 'post_image': 'https://scontent-ssn1-1.cdninstagram.com/v/t51.29350-15/470307847_1538495776865411_3949064990231555188_n.jpg?stp=dst-jpg_e35_tt7&efg=eyJ2ZW5jb2RlX3RhZyI6ImltYWdlX3VybGdlbi4xNDQweDE4MDAuc2RyLmYyOTM1MC5kZWZhdWx0X2ltYWdlIn0&_nc_ht=scontent-ssn1-1.cdninstagram.com&_nc_cat=111&_nc_ohc=8JeS5osWploQ7kNvgF783-S&_nc_gid=6b5c5af04495446da30137dfef46cb28&edm=AONqaaQBAAAA&ccb=7-5&ig_cache_key=MzUyMzU5ODgwNDg5NDc1NTM0Nw%3D%3D.3-ccb7-5&oh=00_AYDYqMrxznivJbd7bEFVKXrYwk3K7dgHNCRTQ-9eZo0B8A&oe=6764BF6B&_nc_sid=4e3341', 'post_datetime': '2024-12-15 21:28:51', 'post_description': '현대사회에서 패션은 단순히 기능적인 영역에 머물러 있지 않다. ‘나’를 잘 나타내도록 돕는 도구이기도 하고, 때로는 자존감을 채워주는 역할도 한다. 특히 ‘나’를 나답게 표현하는 것이 중요한 Z세대에게 스타일은 놓칠 수 없는 핵심 요소다. 비록 ‘나’를 표면적으로 표현하기 전에 궁극적으로 어떻게 표현되었을 때 가장 나다운지 파악하는 과정은 어렵지만, 그럼에도 나와 잘 맞는 스타일을 찾을 때까지 시도하고 경험하는 것이 그들이다. - <B주류경제학>, 이재용 토스 - 밀리의 서재\nhttps://www.millie.co.kr/v3/bookDetail/87d0d97c7255488f'}]
CSV 파일에 데이터 저장 중...
CSV 파일에 데이터 저장 완료
성공한 사람: ['terrys_reading', 'rdnmgo', '42lines_', 'euiclee.books', 'ai.gi.book']
실패한 사람: []
요약 이미지 생성 중...
요약 이미지 생성 완료
이미지 업로드 시작...
사진 업로드 중...
새 게시물 버튼 클릭 완료
다음 버튼 클릭 중...
다음 버튼 클릭 완료
다음 버튼 클릭 중...
다음 버튼 클릭 완료
성공한 사람: ['terrys_reading', 'rdnmgo', '42lines_', 'euiclee.books', 'ai.gi.book']
실패한 사람: []
설명 입력 중...
설명 입력 완료
게시물 공유 중...
게시물 공유 완료
사진 업로드 완료
이미지 업로드 완료
드라이버 종료
프로그램 시작
드라이버 설정 중...
드라이버 설정 완료
인스타그램 로그인 시도 중...
로그인 정보 입력 완료
로그인 정보 저장 버튼 클릭 중...
로그인 정보 저장 버튼 클릭 완료
정보 수집 시작...
terrys_reading의 정보 수집 중...
terrys_reading의 게시물에 '더 보기' 버튼 없음
좋아요 버튼을 클릭했습니다.
terrys_reading의 정보 수집 완료
rdnmgo의 정보 수집 중...
rdnmgo의 게시물에 '더 보기' 버튼 없음
좋아요 버튼을 클릭했습니다.
rdnmgo의 정보 수집 완료
42lines_의 정보 수집 중...
42lines_의 게시물에 '더 보기' 버튼 없음
좋아요 버튼을 클릭했습니다.
42lines_의 정보 수집 완료
euiclee.books의 정보 수집 중...
euiclee.books의 게시물에 '더 보기' 버튼 없음
좋아요 버튼을 클릭했습니다.
euiclee.books의 정보 수집 완료
ai.gi.book의 정보 수집 중...
ai.gi.book의 게시물에 '더 보기' 버튼 없음
좋아요 버튼을 클릭했습니다.
ai.gi.book의 정보 수집 완료
정보 수집 완료
[{'user_id': 'terrys_reading', 'posts_count': '156', 'post_text': "Photo by @terrys_reading on December 16, 2024. 문구: 'Short-term results come from intensity. Long-term results come from consistency. ** Your calendar is the most honest autobiography you'll ever write. It doesn't matter what you say your priorities are; your calendar reveals the truth. Each block is decision about what matters, stripped of pretense and rationalization. a Your calendar isn't exposing your lies. ust recording your time time-it's -it's *** The greats don't wait.'의 밈일 수 있음.", 'post_image': 'https://scontent-ssn1-1.cdninstagram.com/v/t51.29350-15/470674857_608224921866782_198930102510780284_n.jpg?stp=dst-jpg_e35_tt7&efg=eyJ2ZW5jb2RlX3RhZyI6ImltYWdlX3VybGdlbi4xNDQweDE4MDAuc2RyLmYyOTM1MC5kZWZhdWx0X2ltYWdlIn0&_nc_ht=scontent-ssn1-1.cdninstagram.com&_nc_cat=102&_nc_ohc=PWVSONAAuOwQ7kNvgGJhknk&_nc_gid=3031a6c5b0344f94b003881a2d726490&edm=AONqaaQBAAAA&ccb=7-5&ig_cache_key=MzUyNDM5OTEzNTQ2NzYwNjg4NA%3D%3D.3-ccb7-5&oh=00_AYCaJ8koVjsmHoxQJjkMP2oKcff6P9Ts-emR3tI4B989Aw&oe=67661AEA&_nc_sid=4e3341', 'post_datetime': '2024-12-16 23:58:58', 'post_description': '1. 누군가의 우선순위를 파악하고 싶다면 말이 아니라, 그 사람의 캘린더를 확인하라\n2. 대부분의 사람은 실수를 회피하고자 행동하지 않는다.\n3. 단기적 결과는 집중에서, 장기적 결관느 일관성에서 비롯된다.'}, {'user_id': 'rdnmgo', 'posts_count': '167', 'post_text': 'Photo by @rdnmgo on December 16, 2024. 사람 1명, 책, 잡지, 포스터 및 텍스트의 만화일 수 있음.', 'post_image': 'https://scontent-ssn1-1.cdninstagram.com/v/t51.29350-15/470309384_847356324022030_513379638719045875_n.jpg?stp=dst-jpg_e15_tt7&efg=eyJ2ZW5jb2RlX3RhZyI6ImltYWdlX3VybGdlbi42MTJ4NjEyLnNkci5mMjkzNTAuZGVmYXVsdF9pbWFnZSJ9&_nc_ht=scontent-ssn1-1.cdninstagram.com&_nc_cat=110&_nc_ohc=F_0rkSptwXMQ7kNvgH_pXf8&_nc_gid=abc0b82e1c94447baf521f21bede549f&edm=AONqaaQBAAAA&ccb=7-5&ig_cache_key=MzUyNDI0NDkyODIwNjczNTAxMg%3D%3D.3-ccb7-5&oh=00_AYA8xJdqN9xa2yZ9vqYDCWv0hPf66N6zoW3KrEu0SVs0Aw&oe=67660740&_nc_sid=4e3341', 'post_datetime': '2024-12-16 18:52:35', 'post_description': '리더는 인품도 훌륭해야 한다. 진실함과 공정함에 가치를 두어야 한다. 스토리의 주인공은 스스로에게 진실해야 하고 여정을 통해 진실해져야 한다. 그렇지 않으면 대중의 마음을 얻는 주인공이 되지 못한다. 시나리오 작가가 호감형 영웅을 만들기 위해 일명 ‘고양이 구하기(save the cat)’와 같은 장치를 스토리 초반에 배치하기도 한다. ‘고양이 구하기’는 주인공이 자신보다 못한 처지에 있는 다른 캐릭터에게 인정을 베푸는 모습을 보여주는 기법이다.\n\n《인크레더블》에서는 처음 몇 분간은 미스터 인크레더블이 악당을 물리치고 사람들을 구한 뒤 으스대는 장면이 나온다. 이때까지만 해도 관객은 미스터 인크레더블에게 호감을 느끼지 않다가, 그가 나무 위로 올라간 고양이를 구해주거나 곤경에 처한 노인을 돕는 장면을 보고 나서야 호의를 품게 된다. 소소하게 친절을 베푸는 행위를 보여줌으로써 미스터 인크레더블이 오만하기만 한 슈퍼히어로가 아니라 그 이상의 캐릭터임을 알게 하는 것이다. 이런 방식으로 미스터 인크레더블은 호감형 영웅이 된다.'}, {'user_id': '42lines_', 'posts_count': '166', 'post_text': 'Photo by @42lines_ on December 15, 2024. 사람 1명, 잡지, 포스터, 책 및 텍스트의 이미지일 수 있음.', 'post_image': 'https://scontent-ssn1-1.cdninstagram.com/v/t51.29350-15/470042234_1735329277038772_7411193190702913513_n.jpg?stp=dst-jpg_e15_tt7&efg=eyJ2ZW5jb2RlX3RhZyI6ImltYWdlX3VybGdlbi4xMDgweDEwODAuc2RyLmYyOTM1MC5kZWZhdWx0X2ltYWdlIn0&_nc_ht=scontent-ssn1-1.cdninstagram.com&_nc_cat=104&_nc_ohc=MhA4DnSKQ7AQ7kNvgEHH8_l&_nc_gid=434ea7c678f34ee3a00eee8a2be10899&edm=AONqaaQBAAAA&ccb=7-5&ig_cache_key=MzUyNDAwNzE3MTI2NzEwNDAxNA%3D%3D.3-ccb7-5&oh=00_AYAj-y8urCWPPMoW3Gd7ghBZliKTHynJ3DxXKzjsCXG2qQ&oe=67662339&_nc_sid=4e3341', 'post_datetime': '2024-12-16 11:00:12', 'post_description': '자극적인 콘텐츠들이 높은 조회 수를 기록하는 것은 순간의 즐거움에 집중하며, 가볍고 즉각적인 쾌감을 추구하는 ‘펀슈머’라는 새로운 소비 집단이 등장했기 때문이다. 펀슈머들은 말 그대로 재미있으면 그만이다. 그 재미에는 특별한 이유가 없다. 어쩌면 ‘그냥’이 가장 큰 이유인지도 모른다. 이러한 트렌드로 인해 맥락이 필요 없는 재미에 대한 니즈가 사회 전반으로 확산되면서, 무근본의 즐거움이 네티즌의 도파민 분비에 일조했다.\n \n<트렌드 코리아 2025>, 김난도·전미영·최지혜·권정윤·한다혜·이혜원·이준영·이향은·추예린·전다현 - 밀리의 서재'}, {'user_id': 'euiclee.books', 'posts_count': '168', 'post_text': 'Photo by 유클리책장 | 📚 매일매일 독서기록 on December 16, 2024. 텍스트의 이미지일 수 있음.', 'post_image': 'https://scontent-ssn1-1.cdninstagram.com/v/t51.29350-15/470155888_1354876859006552_1159477746665907218_n.jpg?stp=dst-jpg_e15_tt7&efg=eyJ2ZW5jb2RlX3RhZyI6ImltYWdlX3VybGdlbi4xMDgweDEwODAuc2RyLmYyOTM1MC5kZWZhdWx0X2ltYWdlIn0&_nc_ht=scontent-ssn1-1.cdninstagram.com&_nc_cat=108&_nc_ohc=s-26K5p3bWUQ7kNvgGiet31&_nc_gid=9e42d700455048d094403d5c7fe6eb15&edm=AONqaaQBAAAA&ccb=7-5&ig_cache_key=MzUyNDM0NjM3MzI3MTY1ODU4NA%3D%3D.3-ccb7-5&oh=00_AYBOZzUIupl2vX_K7ejC9mTfFidtQOWyGemWxVGjTMn2qw&oe=6765FA5A&_nc_sid=4e3341', 'post_datetime': '2024-12-16 22:14:09', 'post_description': '🖋️ 애덤 스미스는 도덕 감정론에서 사람들이 부자가 되려고 하는 가장 큰 이유가 과시라고 했다.\n\n현 상황에 그다지 불편한 것이 없었음에도 옛 친구가 더 좋은 직장을 다니고 더 많이 벌어서 더 좋은 동네, 더 좋은 아파트에 산다는 사실을 알게 되면 나는 왜 이리 불행하냐는 생각에 시달려 정신을 가누기 어려울 것이다.\n\n자본주의 시장경제에서 누구나 부자가 될 수 있는 시대의 도래는 가난한 사람을 더 힘들게 한다. 자신이 훌륭하고 똑똑하고 유능한데도 왜 자신이 부자가 되지 못했는지 변명을 내놓아야 하는 괴로운 처지에 몰리기 때문이다. 그래서 요즘 사람들은 부자가 되기보다는 부자처럼 보이길 필사적으로 원한다.\n\n사람은 비교를 할 수 밖에 없다. 행복은 상대적인 것이기에 그 행복의 가치를 어디에 두냐가 제일 중요한 것 같다. 행복을 추구한다고는 하지만 쉽사리 불행해 질 수도 있기 때문이다.\n\n📗#부의인문학 #오픈마인드 #우석 #브라운스톤\n\n🔖 #독서 #북스타그램 #책 #독서스타그램 #책스타그램 #책리뷰\n#책추천 #유클리 #유클리책장 #투자 #인문학'}, {'user_id': 'ai.gi.book', 'posts_count': '234', 'post_text': 'Photo by @ai.gi.book on December 16, 2024. 텍스트의 그래픽일 수 있음.', 'post_image': 'https://scontent-ssn1-1.cdninstagram.com/v/t51.29350-15/470466616_8780125012034847_259239380256129382_n.jpg?stp=dst-jpg_e35_tt7&efg=eyJ2ZW5jb2RlX3RhZyI6ImltYWdlX3VybGdlbi4xNDQweDE4MDAuc2RyLmYyOTM1MC5kZWZhdWx0X2ltYWdlIn0&_nc_ht=scontent-ssn1-1.cdninstagram.com&_nc_cat=103&_nc_ohc=fL1_IL6kTzIQ7kNvgFpC0C1&_nc_gid=dad13d2636484bfa8f178031b6c25c0f&edm=AONqaaQBAAAA&ccb=7-5&ig_cache_key=MzUyNDE5Njk0MTU1MjQxMzkwMQ%3D%3D.3-ccb7-5&oh=00_AYB30_1ER5vC5qFr7eDEFPF0Qppj-yh9doYJHYqGasFpqQ&oe=6766203A&_nc_sid=4e3341', 'post_datetime': '2024-12-16 17:17:15', 'post_description': 'MZ세대 관점에서는 플레이그라운드, 놀이터가 너무 중요한 거예요. 옷은 그냥 온라인에서 사도 되는데, 오프라인에 맛집, 포토 스폿을 넣어놨더니 놀기가 좋잖아요. 자꾸 눈에 보이는 것들이 있으니까 사게 되고. (팝업은) 즐기고 놀다가 결제까지 일어나면서 성장하는 비즈니스가 되지 않을까요? - <B주류경제학>, 이재용 토스 - 밀리의 서재\nhttps://www.millie.co.kr/v3/bookDetail/87d0d97c7255488f'}]
CSV 파일에 데이터 저장 중...
CSV 파일에 데이터 저장 완료
성공한 사람: ['terrys_reading', 'rdnmgo', '42lines_', 'euiclee.books', 'ai.gi.book']
실패한 사람: []
요약 이미지 생성 중...
요약 이미지 생성 완료
이미지 업로드 시작...
사진 업로드 중...
새 게시물 버튼 클릭 완료
다음 버튼 클릭 중...
다음 버튼 클릭 완료
다음 버튼 클릭 중...
다음 버튼 클릭 완료
성공한 사람: ['terrys_reading', 'rdnmgo', '42lines_', 'euiclee.books', 'ai.gi.book']
실패한 사람: []
설명 입력 중...
설명 입력 완료
게시물 공유 중...
게시물 공유 완료
사진 업로드 완료
이미지 업로드 완료
드라이버 종료
프로그램 시작
드라이버 설정 중...
드라이버 설정 완료
인스타그램 로그인 시도 중...
로그인 정보 입력 완료
로그인 정보 저장 버튼 클릭 중...
로그인 정보 저장 버튼 클릭 완료
정보 수집 시작...
terrys_reading의 정보 수집 중...
terrys_reading의 게시물에 '더 보기' 버튼 없음
좋아요 버튼을 클릭했습니다.
terrys_reading의 정보 수집 완료
rdnmgo의 정보 수집 중...
rdnmgo의 게시물에 '더 보기' 버튼 없음
좋아요 버튼을 클릭했습니다.
rdnmgo의 정보 수집 완료
42lines_의 정보 수집 중...
42lines_의 게시물에 '더 보기' 버튼 없음
좋아요 버튼을 클릭했습니다.
42lines_의 정보 수집 완료
euiclee.books의 정보 수집 중...
euiclee.books의 게시물에 '더 보기' 버튼 없음
좋아요 버튼을 클릭했습니다.
euiclee.books의 정보 수집 완료
ai.gi.book의 정보 수집 중...
ai.gi.book의 게시물에 '더 보기' 버튼 없음
좋아요 버튼을 클릭했습니다.
ai.gi.book의 정보 수집 완료
정보 수집 완료
[{'user_id': 'terrys_reading', 'posts_count': '157', 'post_text': 'Photo by @terrys_reading on December 17, 2024. 일기장, 신문, 스케치, 책 및 텍스트의 팝 아트일 수 있음.', 'post_image': 'https://scontent-ssn1-1.cdninstagram.com/v/t51.29350-15/470675509_1826002064630871_748546564174877882_n.jpg?stp=dst-jpegr_e35_tt6&efg=eyJ2ZW5jb2RlX3RhZyI6ImltYWdlX3VybGdlbi4xNDQweDE4MDAuaGRyLmYyOTM1MC5kZWZhdWx0X2ltYWdlIn0&_nc_ht=scontent-ssn1-1.cdninstagram.com&_nc_cat=103&_nc_ohc=bJbp1wq32eUQ7kNvgHJlHX7&_nc_gid=d7a35d5d77d74a5796577a6378916e12&edm=AONqaaQBAAAA&ccb=7-5&ig_cache_key=MzUyNTExMjY1MjAwOTEzMDU0OQ%3D%3D.3-ccb7-5&oh=00_AYBOuu7UPMJLO8tlbb3p_nrzXG-hfAH6yQ6U1D1VTLlBpQ&oe=6767783D&_nc_sid=4e3341', 'post_datetime': '2024-12-17 23:36:36', 'post_description': '1. 투자에서 거래 수수료, 자문 수수료 등의 마찰 비용은 가장 큰 낭비이다. 장기적 자산 수익률에 가장 지대한 악영향을 미친다.\n2. 지식에 대한 확신이 있다면 한 종목에 90%의 자산을 투자하는 것이 더 나은 수익율을 가져다줄 수 있다.\n3. 버크셔는 해외에 직접 투자하기보다 해외 사업을 확장하는 미국 회사에 투자하는 것을 선호한다.'}, {'user_id': 'rdnmgo', 'posts_count': '168', 'post_text': 'Photo by @rdnmgo on December 17, 2024. 사람 1명, 책, 잡지, 포스터 및 텍스트의 만화일 수 있음.', 'post_image': 'https://scontent-ssn1-1.cdninstagram.com/v/t51.29350-15/470675107_3330655510402763_6228993810170682486_n.jpg?stp=dst-jpg_e15_tt7&efg=eyJ2ZW5jb2RlX3RhZyI6ImltYWdlX3VybGdlbi42MTJ4NjEyLnNkci5mMjkzNTAuZGVmYXVsdF9pbWFnZSJ9&_nc_ht=scontent-ssn1-1.cdninstagram.com&_nc_cat=111&_nc_ohc=Ws5r0WYOxhAQ7kNvgG5rApB&_nc_gid=4e985e053ea34d86a46517e9bbc1f20f&edm=AONqaaQBAAAA&ccb=7-5&ig_cache_key=MzUyNTAxMjI4MTUxNzUwMzgyOQ%3D%3D.3-ccb7-5&oh=00_AYCDFq-xS5pGE5Xeo4NYMW4uCs-5nJ3ES0rE2492gWcgNw&oe=67675249&_nc_sid=4e3341', 'post_datetime': '2024-12-17 20:17:11', 'post_description': '기업이나 각 분야의 리더들도 ‘고양이 구하기’ 기술을 종종 이용한다. 환경이나 사회 분야에 기부하는 행위를 통해 온정을 드러내는 것이다. 이런 행위로 현재 고객이나 잠재 고객과 진정성 있는 공감대를 형성한다.\n\n좋은 리더는 주위 사람을 돕는 일에 인색하지 않다. 좋은 주인공이 자신에게 도움을 준 동료들에게 칭찬이나 경제적 보상 등으로 보답하며 그들의 명예를 높여주는 것도 같은 맥락이다. 좋은 주인공은 험난한 여정에서 적을 물리치고 장애물을 극복하는 데 도움을 준 이들이 고마운 존재임을 잘 알고 있다.'}, {'user_id': '42lines_', 'posts_count': '167', 'post_text': 'Photo by @42lines_ on December 16, 2024. 사람 1명, 잡지, 포스터, 책 및 텍스트의 이미지일 수 있음.', 'post_image': 'https://scontent-ssn1-1.cdninstagram.com/v/t51.29350-15/470266088_610271061467662_8205992673511993723_n.jpg?stp=dst-jpg_e15_tt7&efg=eyJ2ZW5jb2RlX3RhZyI6ImltYWdlX3VybGdlbi4xMDgweDEwODAuc2RyLmYyOTM1MC5kZWZhdWx0X2ltYWdlIn0&_nc_ht=scontent-ssn1-1.cdninstagram.com&_nc_cat=110&_nc_ohc=K0W1EcXm2mwQ7kNvgFMN-i3&_nc_gid=1ff5aee0029c4cbfadbaee26ad539eff&edm=AONqaaQBAAAA&ccb=7-5&ig_cache_key=MzUyNDc1ODk0MDI4MDU5NjI2Mg%3D%3D.3-ccb7-5&oh=00_AYC8sEZqOeVig9bCgV_Q13bHQekWZ3WsQzcp9263VppjpQ&oe=67677377&_nc_sid=4e3341', 'post_datetime': '2024-12-17 11:53:50', 'post_description': '각종 소셜미디어를 통해 전달되는 지나친 자극을 무조건적으로 수용하는 태도를 경계하는 주의력이 필요하다. SNS는 우리에게 즐거움과 정보를 제공하지만, 이를 과하게 받아들이면 정신적 피로를 초래하는 양날의 검임을 항상 유념해야 한다. 쾌락과 재미를 좇고, 완벽을 추구하게 만드는 SNS 세상 속에서, 오히려 중요한 것은 온전한 ‘나’ 자신과 나의 일상을 지키는 일일 테니 말이다.\n<트렌드 코리아 2025>, 김난도·전미영·최지혜·권정윤·한다혜·이혜원·이준영·이향은·추예린·전다현 - 밀리의 서재'}, {'user_id': 'euiclee.books', 'posts_count': '169', 'post_text': 'Photo by 유클리책장 | 📚 매일매일 독서기록 on December 17, 2024. 텍스트의 이미지일 수 있음.', 'post_image': 'https://scontent-ssn1-1.cdninstagram.com/v/t51.29350-15/470362503_1260076638554093_5753317060195985418_n.jpg?stp=dst-jpg_e15_tt7&efg=eyJ2ZW5jb2RlX3RhZyI6ImltYWdlX3VybGdlbi4xMDgweDEwODAuc2RyLmYyOTM1MC5kZWZhdWx0X2ltYWdlIn0&_nc_ht=scontent-ssn1-1.cdninstagram.com&_nc_cat=105&_nc_ohc=QfVUeVpEwDAQ7kNvgGSioMw&_nc_gid=223b3a0b95034c14b15e2f79c91763e2&edm=AONqaaQBAAAA&ccb=7-5&ig_cache_key=MzUyNTAxMzUzNDIyMjc5Mjk3NQ%3D%3D.3-ccb7-5&oh=00_AYBxipoO1LwZx_hnpffObqzbBsLrKCxDkAcY1X8OCZ4EoA&oe=676774CE&_nc_sid=4e3341', 'post_datetime': '2024-12-17 20:19:41', 'post_description': '🖋️ 폴 로머는 경제성장에 가장 중요한 것은 노동이나 자본이 아니라 기술이라고 했다.\n\n부는 지식과 기술에서 생겨나기 때문에 기술과 지식이 발전한 선진국이 후진국보다 성장에 유리하고, 이 때문에 주식 시장을 두드리면 된다는 이야기다.\n\n기술 진보 덕분에 선진국은 계속 선진국 자리를 지킬 수 있고 교육 수준이 떨어지는 후진국은 기술 개발이나 흡수가 안 돼서 선진국을 따라잡을 수 없다는 것이다. 게다가 기술은 수확체감의 법칙을 탈피하고 오히려 수확체증의법칙을 따르기에 기술이 결국 경제성장에 가장 큰 영향력을 주는 중요한 요소라고 한다.\n\n📗#부의인문학 #오픈마인드 #우석 #브라운스톤\n\n🔖 #독서 #북스타그램 #책 #독서스타그램 #책스타그램 #책리뷰\n#책추천 #유클리 #유클리책장 #투자 #인문학'}, {'user_id': 'ai.gi.book', 'posts_count': '235', 'post_text': 'Photo by @ai.gi.book on December 17, 2024. 텍스트의 일러스트레이션일 수 있음.', 'post_image': 'https://scontent-ssn1-1.cdninstagram.com/v/t51.29350-15/470483453_8840211459378927_505720784514746790_n.jpg?stp=dst-jpg_e35_tt7&efg=eyJ2ZW5jb2RlX3RhZyI6ImltYWdlX3VybGdlbi4xNDQweDE4MDAuc2RyLmYyOTM1MC5kZWZhdWx0X2ltYWdlIn0&_nc_ht=scontent-ssn1-1.cdninstagram.com&_nc_cat=103&_nc_ohc=6hHgOuFXvbsQ7kNvgEuUTgk&_nc_gid=3f696fe61104410784d1d8ed9515c496&edm=AONqaaQBAAAA&ccb=7-5&ig_cache_key=MzUyNTEyMjU4NDE4ODE0NDQwOQ%3D%3D.3-ccb7-5&oh=00_AYDuS6vMJ8aiEPALnhgqgGyqTDUn55OJS-DeIrueSdVEZA&oe=67676DFB&_nc_sid=4e3341', 'post_datetime': '2024-12-17 23:56:20', 'post_description': '아무리 좋은 명품을 입어도 소화가 되지 않는 경우도 있어요. 그건 나한테 좋은 옷이 아닌 거예요. \n\n‘내 스타일’이라는 건 하루아침에 만들어지는 게 아니랍니다. 많이 접해보면서 찬찬히 알아가야 돼요.  - <B주류경제학>, 이재용 토스 - 밀리의 서재\nhttps://www.millie.co.kr/v3/bookDetail/87d0d97c7255488f'}]
CSV 파일에 데이터 저장 중...
CSV 파일에 데이터 저장 완료
성공한 사람: ['terrys_reading', 'rdnmgo', '42lines_', 'euiclee.books', 'ai.gi.book']
실패한 사람: []
요약 이미지 생성 중...
요약 이미지 생성 완료
이미지 업로드 시작...
사진 업로드 중...
새 게시물 버튼 클릭 완료
다음 버튼 클릭 중...
다음 버튼 클릭 완료
다음 버튼 클릭 중...
다음 버튼 클릭 완료
성공한 사람: ['terrys_reading', 'rdnmgo', '42lines_', 'euiclee.books', 'ai.gi.book']
실패한 사람: []
설명 입력 중...
설명 입력 완료
게시물 공유 중...
게시물 공유 완료
사진 업로드 완료
이미지 업로드 완료
드라이버 종료
프로그램 시작
드라이버 설정 중...
드라이버 설정 완료
인스타그램 로그인 시도 중...
로그인 정보 입력 완료
로그인 정보 저장 버튼 클릭 중...
로그인 정보 저장 버튼 클릭 완료
정보 수집 시작...
terrys_reading의 정보 수집 중...
terrys_reading의 게시물에 '더 보기' 버튼 없음
좋아요 버튼을 클릭했습니다.
terrys_reading의 정보 수집 완료
rdnmgo의 정보 수집 중...
rdnmgo의 게시물에 '더 보기' 버튼 없음
좋아요 버튼을 클릭했습니다.
rdnmgo의 정보 수집 완료
42lines_의 정보 수집 중...
42lines_의 게시물에 '더 보기' 버튼 없음
좋아요 버튼을 클릭했습니다.
42lines_의 정보 수집 완료
euiclee.books의 정보 수집 중...
euiclee.books의 게시물에 '더 보기' 버튼 없음
좋아요 버튼을 클릭했습니다.
euiclee.books의 정보 수집 완료
ai.gi.book의 정보 수집 중...
ai.gi.book의 게시물에 '더 보기' 버튼 없음
좋아요 버튼을 클릭했습니다.
ai.gi.book의 정보 수집 완료
정보 수집 완료
[{'user_id': 'terrys_reading', 'posts_count': '158', 'post_text': 'Photo by @terrys_reading on December 18, 2024. 텍스트의 그래픽일 수 있음.', 'post_image': 'https://scontent-ssn1-1.cdninstagram.com/v/t51.29350-15/470897957_906361601706818_4279237577184726124_n.jpg?stp=dst-jpg_e35_tt7&efg=eyJ2ZW5jb2RlX3RhZyI6ImltYWdlX3VybGdlbi4xNDQweDE4MDAuc2RyLmYyOTM1MC5kZWZhdWx0X2ltYWdlIn0&_nc_ht=scontent-ssn1-1.cdninstagram.com&_nc_cat=102&_nc_ohc=_enC2GP7XCsQ7kNvgHa_Dij&_nc_gid=ce7fcc5b678a463daa9fde3dd53cbc6b&edm=AONqaaQBAAAA&ccb=7-5&ig_cache_key=MzUyNTg0ODU3ODQxNTA2NjkyMA%3D%3D.3-ccb7-5&oh=00_AYDsdM_Ondrin99wW-mSDlZqJNLJW2NBAqhWLGZWGvEYtw&oe=67689DA9&_nc_sid=4e3341', 'post_datetime': '2024-12-18 23:58:45', 'post_description': '1. 투자에서 살 것인지 아닌지를 결정하는 기준은 벨루에이션이다.\n2. 이때 가치는 현금 흐름의 합으로 결정된다.\n3. 다만 현금 흐름 합의 임의성은 불확실성을 키우기에 수치는 보수적으로 산정해야 한다'}, {'user_id': 'rdnmgo', 'posts_count': '169', 'post_text': "Photo by @rdnmgo on December 18, 2024. 사람 1명, 책, 잡지, 포스터 및 문구: '매준지8|백어진올김 박여진올김 PIXAR STORYTELLING 픽사 스토리렐링 고객의 마음을 사로잡는 9가지 스토리 사로잡는9가지스토리법 법칙 구글, 디즈니, 레고, 넷플릭스가 찾는 스토리텔링 마스터 매튜 준의 실전 바이블 피사 20년 경력 스토리제작자의 스토리 제작자의 액심 비법 수록 네이버,카카오 네이버, 카카오 디즈니코리아 인플루언서 추천 2021 올해의 강연자 TOP 20 (BigSpeak)'의 만화일 수 있음.", 'post_image': 'https://scontent-ssn1-1.cdninstagram.com/v/t51.29350-15/470684192_1318131169364918_5929216048257373209_n.jpg?stp=dst-jpg_e15_tt7&efg=eyJ2ZW5jb2RlX3RhZyI6ImltYWdlX3VybGdlbi42MTJ4NjEyLnNkci5mMjkzNTAuZGVmYXVsdF9pbWFnZSJ9&_nc_ht=scontent-ssn1-1.cdninstagram.com&_nc_cat=102&_nc_ohc=TjHG1g0jiOsQ7kNvgGt8om3&_nc_gid=4fbc4080ffea4994a3bc75100dd2a14d&edm=AONqaaQBAAAA&ccb=7-5&ig_cache_key=MzUyNTczOTMxNTQ2MjEyMjY3OA%3D%3D.3-ccb7-5&oh=00_AYDrekn-D4MDNnsR0xwOQphbX1RvaiaGws7z2CzUpJfZHA&oe=6768BC77&_nc_sid=4e3341', 'post_datetime': '2024-12-18 20:21:40', 'post_description': '리더도 실패할 때가 있다. 우리가 영웅을 존경하는 이유는 그가 늘 성공해서가 아니라 절대 포기하지 않기 때문이다.\n세월이 흘러 픽사에서 일하게 된 나는 《레이더스》 대본을 분석하고 나의 영웅을 연구하면서 인디아나 존스가 끊임없이 실패했다는 사실을 새삼 알게 되어 무척 놀란 적이 있다. 인디아나 존스는 소중한 물건을 자꾸 잃어버렸다.\n영화는 인디아나 존스의 성공과 더불어 실패도 보여줌으로써 관객의 공감을 얻고 있었다. 이는 수천 년 동안 사용되어온 스토리텔링 방식이다. 픽션이나 논픽션, 엔터테인먼트, 비즈니스 분야에서 사랑받는 영웅과 리더는 모두 쉽게 상처 받는 약한 존재다. 영웅과 리더는 싸우고 실패하고 승리한다.'}, {'user_id': '42lines_', 'posts_count': '168', 'post_text': 'Photo by @42lines_ on December 17, 2024. 사람 1명, 잡지, 포스터, 책 및 텍스트의 이미지일 수 있음.', 'post_image': 'https://scontent-ssn1-1.cdninstagram.com/v/t51.29350-15/470671753_1656672884945291_6679454428869459218_n.jpg?stp=dst-jpg_e15_tt7&efg=eyJ2ZW5jb2RlX3RhZyI6ImltYWdlX3VybGdlbi4xMDgweDEwODAuc2RyLmYyOTM1MC5kZWZhdWx0X2ltYWdlIn0&_nc_ht=scontent-ssn1-1.cdninstagram.com&_nc_cat=111&_nc_ohc=0CEGszF2nOYQ7kNvgFwoJqW&_nc_gid=d66d2cd1d368444d9f938dd61e9eae69&edm=AONqaaQBAAAA&ccb=7-5&ig_cache_key=MzUyNTQ1NDQzMDU5MjYwMzc4OA%3D%3D.3-ccb7-5&oh=00_AYBxj_08YDikcyGNiUCz2g8UTgewodvW62yMv3b10mv1VA&oe=6768AD83&_nc_sid=4e3341', 'post_datetime': '2024-12-18 10:55:39', 'post_description': '온라인 쇼핑 플랫폼 간 경쟁이 치열한 가운데, 소비자들은 품목에 따라 전문화된 플랫폼을 선택하는 경향이 강해졌다. 시장분석 서비스 와이즈앱·리테일·굿즈의 분석에 따르면 패션 전문몰 앱의 월평균 설치자 및 사용자 모두 2023년 이래 꾸준히 증가하는 양상을 보였다. ‘옷은 ○○에서’, ‘식료품은 ○○에서’처럼 자신의 선택을 보다 편리하게 만드는 플랫폼을 모아 자신만의 쇼핑 포트폴리오를 구성하는 것이다.\n<트렌드 코리아 2025>, 김난도·전미영·최지혜·권정윤·한다혜·이혜원·이준영·이향은·추예린·전다현 - 밀리의 서재'}, {'user_id': 'euiclee.books', 'posts_count': '170', 'post_text': 'Photo by 유클리책장 | 📚 매일매일 독서기록 on December 18, 2024. 텍스트의 이미지일 수 있음.', 'post_image': 'https://scontent-ssn1-1.cdninstagram.com/v/t51.29350-15/470163862_969253321891874_1949950784085250278_n.jpg?stp=dst-jpg_e15_tt7&efg=eyJ2ZW5jb2RlX3RhZyI6ImltYWdlX3VybGdlbi4xMDgweDEwODAuc2RyLmYyOTM1MC5kZWZhdWx0X2ltYWdlIn0&_nc_ht=scontent-ssn1-1.cdninstagram.com&_nc_cat=102&_nc_ohc=VFLO1ttifoAQ7kNvgGT7yMj&_nc_gid=160d15f46a18461a81552c8766382b2b&edm=AONqaaQBAAAA&ccb=7-5&ig_cache_key=MzUyNTgxMzA1Mjk3OTYyMDcwNA%3D%3D.3-ccb7-5&oh=00_AYB2i9y_Q1BdyenIlO20UjxVPU0ruBOcXlggIY542qsfXg&oe=6768CE63&_nc_sid=4e3341', 'post_datetime': '2024-12-18 22:48:11', 'post_description': '🖋️ 어찌보면 당연한 말이다. 사람은 살아가면서 이성적으로 행동하는 것보다는 본능적 충동으로 움직이는 경우가 더 많을 수도 있을 것이다.\n\n본능이 움직이는대로 살고 싶을 수도 있지만, 그럴때일 수록 이성적으로 행동해야 한다.\n\n그렇다고 본능을 배제해야 한다는 것은 아니다. 인간의 본능이 무엇인지를 알아야. 그 본능에 휩쓸리는 것이 아닌 이성을 사용해 그 본능을 이용할 수 있을 것이다.\n\n하지만 주식에 이를 대입하는 것은 조금은 무리가 있지 않을까? 뉴턴도 인간의 광기를 이해하지 못한채 주식에서 손을 털었다고 알고 있다.\n\n📗#부의인문학 #오픈마인드 #우석 #브라운스톤\n\n🔖 #독서 #북스타그램 #책 #독서스타그램 #책스타그램 #책리뷰\n#책추천 #유클리 #유클리책장 #투자 #인문학'}, {'user_id': 'ai.gi.book', 'posts_count': '236', 'post_text': 'Photo by @ai.gi.book on December 18, 2024. 텍스트의 일러스트레이션일 수 있음.', 'post_image': 'https://scontent-ssn1-1.cdninstagram.com/v/t51.29350-15/470802352_1621396061840838_5060663213764188438_n.jpg?stp=dst-jpg_e35_tt7&efg=eyJ2ZW5jb2RlX3RhZyI6ImltYWdlX3VybGdlbi4xNDQweDE4MDAuc2RyLmYyOTM1MC5kZWZhdWx0X2ltYWdlIn0&_nc_ht=scontent-ssn1-1.cdninstagram.com&_nc_cat=106&_nc_ohc=RaeVmGIBpYwQ7kNvgE8W3Ej&_nc_gid=53fc2cd58088438fa39785de658027e3&edm=AP4sbd4BAAAA&ccb=7-5&ig_cache_key=MzUyNTc5MzA3NTQxNjc0MzIzMA%3D%3D.3-ccb7-5&oh=00_AYD8iCjH2lW8-hyLYDDbduRe2Pw__OX-M6pJLoVhv7h4zw&oe=6768D0CE&_nc_sid=7a9f4b', 'post_datetime': '2024-12-18 22:08:29', 'post_description': '결과부터 말하자면, 저는 그 6채의 아파트로 1년 사이에 1억 원이 넘는 수익을 올렸습니다. 우려했던 금융 위기는 경제에 직접적인 타격을 주지 않아 대부분의 사람들이 일자리를 지킬 수 있었습니다. 사람들의 소득 수준은 유지되었지만 집 사기를 꺼리는 분위기는 이어져 자연스레 전세 수요가 늘었고, 올라간 전세가가 매매가를 밀어 올리는 상황이 펼쳐진 것입니다.\n\n처음 샀던 아파트는 그다음 전세 계약을 7천만 원에 했습니다. 대출 1천만 원을 상환하고도 2천여 만 원의 목돈이 들어왔죠. 다른 곳들의 전셋값도 일제히 오르면서 통장에 돈이 쌓였고, 이 돈을 투자금 삼아 또다시 6채를 추가 매수할 수 있었습니다. 주변 사람들 모두가 뜯어말리는 부동산 침체기에도 답은 있었던 것이죠. 남들과 다르게 움직이자 기회가 보였습니다.\n\n\n\n현실적인 조언이라며 ‘평범한 길’을 걸으라고 강요하는 사람들 대부분은 당신을 위하지 않습니다. 솔직히 말해 그들이 조언과 충고를 하는 이유는 자기 자신을 위해서입니다. 어쩌면 그들은 당신이 자신과 다른 길을 걷고 성공할까 봐 두려운 건지도 모릅니다. 얼마 전까지 나와 비슷했던 사람이 달라지는 모습을 보면, 가만있던 본인을 자책하게 될 테니까요. 물론 대부분 나를 진심으로 걱정해서 하는 말일 테지만, 주변의 조언이 곧 정답은 아닙니다. 내가 가려는 길에서 먼저 성공한 사람에게 조언을 들어야지, 그 길을 가보지 않은 사람의 조언은 그저 걱정과 기우에 불과하다고 생각합니다. 남들의 말을 들으면 남들처럼 살게 됩니다. 남과 다른 길을 가고 싶다면, 평범한 길을 걷는 사람들의 말에 휘둘리지 마세요. - <운명을 바꾸는 부동산 투자 수업 기초편>, 정태익 - 밀리의 서재\nhttps://www.millie.co.kr/v3/bookDetail/c13c5e5df79b4761'}]
CSV 파일에 데이터 저장 중...
CSV 파일에 데이터 저장 완료
성공한 사람: ['terrys_reading', 'rdnmgo', '42lines_', 'euiclee.books', 'ai.gi.book']
실패한 사람: []
요약 이미지 생성 중...
요약 이미지 생성 완료
이미지 업로드 시작...
사진 업로드 중...
새 게시물 버튼 클릭 완료
다음 버튼 클릭 중...
다음 버튼 클릭 완료
다음 버튼 클릭 중...
다음 버튼 클릭 완료
성공한 사람: ['terrys_reading', 'rdnmgo', '42lines_', 'euiclee.books', 'ai.gi.book']
실패한 사람: []
설명 입력 중...
설명 입력 완료
게시물 공유 중...
게시물 공유 완료
사진 업로드 완료
이미지 업로드 완료
드라이버 종료
프로그램 시작
드라이버 설정 중...
드라이버 설정 완료
인스타그램 로그인 시도 중...
로그인 정보 입력 완료
로그인 정보 저장 버튼 클릭 중...
로그인 정보 저장 버튼 클릭 완료
정보 수집 시작...
terrys_reading의 정보 수집 중...
terrys_reading의 게시물에 '더 보기' 버튼 없음
좋아요 버튼을 클릭했습니다.
terrys_reading의 정보 수집 완료
rdnmgo의 정보 수집 중...
rdnmgo의 게시물에 '더 보기' 버튼 없음
좋아요 버튼을 클릭했습니다.
rdnmgo의 정보 수집 완료
42lines_의 정보 수집 중...
42lines_의 게시물에 '더 보기' 버튼 없음
좋아요 버튼을 클릭했습니다.
42lines_의 정보 수집 완료
euiclee.books의 정보 수집 중...
euiclee.books의 게시물에 '더 보기' 버튼 없음
좋아요 버튼을 클릭했습니다.
euiclee.books의 정보 수집 완료
ai.gi.book의 정보 수집 중...
ai.gi.book의 게시물에 '더 보기' 버튼 없음
좋아요 버튼을 클릭했습니다.
ai.gi.book의 정보 수집 완료
정보 수집 완료
[{'user_id': 'terrys_reading', 'posts_count': '159', 'post_text': 'Photo by @terrys_reading on December 19, 2024. 잡지, 포스터, 책 및 텍스트의 이미지일 수 있음.', 'post_image': 'https://scontent-ssn1-1.cdninstagram.com/v/t51.29350-15/470984788_1841192426689050_2348071402399298130_n.jpg?stp=dst-jpg_e35_tt7&efg=eyJ2ZW5jb2RlX3RhZyI6ImltYWdlX3VybGdlbi41NzN4NzE2LnNkci5mMjkzNTAuZGVmYXVsdF9pbWFnZSJ9&_nc_ht=scontent-ssn1-1.cdninstagram.com&_nc_cat=106&_nc_ohc=egy9PMEDcLwQ7kNvgEY2EA1&_nc_gid=c816337c42cd434e90f4ebb5905a15be&edm=AONqaaQBAAAA&ccb=7-5&ig_cache_key=MzUyNjU2ODUyMzc3NjAxODA3NA%3D%3D.3-ccb7-5&oh=00_AYBQJ6NyCV7-eUeIals8FUAEkm3a8hVwnLf9cJ9He2cYfw&oe=676A1DFD&_nc_sid=4e3341', 'post_datetime': '2024-12-19 23:49:10', 'post_description': '올바른 지표를 선택하려면 다섯 가지를 고려해야 한다.\n\n정성적 지표와 정량적 지표\n허상 지표와 실질 지표\n탐색 지표와 보고 지표\n선행 지표와 후행 지표\n상관 지표와 인과 지표'}, {'user_id': 'rdnmgo', 'posts_count': '170', 'post_text': 'Photo by @rdnmgo on December 19, 2024. 사람 1명, 책, 잡지, 포스터 및 텍스트의 만화일 수 있음.', 'post_image': 'https://scontent-ssn1-1.cdninstagram.com/v/t51.29350-15/470902465_1968532883614366_1143545546077760311_n.jpg?stp=dst-jpg_e15_tt7&efg=eyJ2ZW5jb2RlX3RhZyI6ImltYWdlX3VybGdlbi42MTJ4NjEyLnNkci5mMjkzNTAuZGVmYXVsdF9pbWFnZSJ9&_nc_ht=scontent-ssn1-1.cdninstagram.com&_nc_cat=110&_nc_ohc=AGs3pruWj3kQ7kNvgGUzkZ0&_nc_gid=af88626c2cd642ca847df270eaa1f800&edm=AONqaaQBAAAA&ccb=7-5&ig_cache_key=MzUyNjQyNzU3NDUzMzk1MDU0OQ%3D%3D.3-ccb7-5&oh=00_AYBa7MsjgkWsgIAGn85_qryJerQu72xRsyjCUgmTD5cbhg&oe=6769EC23&_nc_sid=4e3341', 'post_datetime': '2024-12-19 19:09:07', 'post_description': '리더가 꿈과 목표를 포기할 때 관객은 그를 싫어한다. 스토리를 이어 가려면 영웅이 끝장을 볼 때까지 싸울 것이라는 사실을 관객에게 반드시 알려야 한다. 월트 디즈니는 이런 말을 남겼다. “승리와 패배의 차이는 멈추지 않는 데 있다.”'}, {'user_id': '42lines_', 'posts_count': '169', 'post_text': 'Photo by @42lines_ on December 19, 2024. 사람 1명, 잡지, 포스터, 책 및 텍스트의 이미지일 수 있음.', 'post_image': 'https://scontent-ssn1-1.cdninstagram.com/v/t51.29350-15/470900864_1437217980584516_6287544741876129025_n.jpg?stp=dst-jpg_e15_tt7&efg=eyJ2ZW5jb2RlX3RhZyI6ImltYWdlX3VybGdlbi4xMDgweDEwODAuc2RyLmYyOTM1MC5kZWZhdWx0X2ltYWdlIn0&_nc_ht=scontent-ssn1-1.cdninstagram.com&_nc_cat=108&_nc_ohc=nIZGqLTCJMwQ7kNvgHi4269&_nc_gid=e4fefab3b4514ff19c94534bc752d661&edm=AONqaaQBAAAA&ccb=7-5&ig_cache_key=MzUyNjUyMzYxMjU3MDU4NTM3Nw%3D%3D.3-ccb7-5&oh=00_AYDpxREVcfQnufBY34BIodrARtsjHKKDThIMMKcIPc8wHA&oe=6769F0E0&_nc_sid=4e3341', 'post_datetime': '2024-12-19 22:19:56', 'post_description': '여행에서도 명확한 테마가 중요해지면서, 해당 지역에서만 먹을 수 있는 유명 빵집을 찾아 시그니처 메뉴를 사먹는 ‘빵지순례’ 여행이 인기다. 가장 유명한 곳은 단연 대전의 ‘성심당’이다.\n<트렌드 코리아 2025>, 김난도·전미영·최지혜·권정윤·한다혜·이혜원·이준영·이향은·추예린·전다현 - 밀리의 서재'}, {'user_id': 'euiclee.books', 'posts_count': '171', 'post_text': 'Photo by 유클리책장 | 📚 매일매일 독서기록 on December 19, 2024. 텍스트의 이미지일 수 있음.', 'post_image': 'https://scontent-ssn1-1.cdninstagram.com/v/t51.29350-15/470901868_573178518689408_5405950048103922961_n.jpg?stp=dst-jpg_e15_tt7&efg=eyJ2ZW5jb2RlX3RhZyI6ImltYWdlX3VybGdlbi4xMDgweDEwODAuc2RyLmYyOTM1MC5kZWZhdWx0X2ltYWdlIn0&_nc_ht=scontent-ssn1-1.cdninstagram.com&_nc_cat=108&_nc_ohc=QCtj6mjKR8QQ7kNvgHsFMfZ&_nc_gid=c1c50bb8d3004ffab34120361316f57b&edm=AONqaaQBAAAA&ccb=7-5&ig_cache_key=MzUyNjUzNTQ1MjM4NTk1MzM3NA%3D%3D.3-ccb7-5&oh=00_AYCJm-wf2TQigsBHpM9m6lYz-RtZJIYRbKI-k4nbOScM7A&oe=6769EE6D&_nc_sid=4e3341', 'post_datetime': '2024-12-19 22:43:28', 'post_description': '🖋️ 혁신이란 무엇인가? 마차를 단순히 연결한다고 기차가 되지 않는다. 즉 기존의 패러다임이나 전통을 뛰어넘는 창조적인 게 있어야 한다는 말이다.\n\n이런 창조적 혁신이 나타나면 자본주의 경제는 계속 성장하고 발전한다.\n\n그럼 이런 혁신은 누가 주도하는가? 슘페터는 사업가가 아닌 기업가라고 말했다. 사업가는 그냥 남들 하는 대로 공장 돌리고 돈 버는 사람이지만 기업가라 하면 혁신을 통해서 새로운 제품, 새로운 제조 방법, 새로운 시장, 새로운 경영 방법으로 새로운 이익을 창출하는 사람을 말한다.\n\n📗#부의인문학 #오픈마인드 #우석 #브라운스톤\n\n🔖 #독서 #북스타그램 #책 #독서스타그램 #책스타그램 #책리뷰\n#책추천 #유클리 #유클리책장 #투자 #인문학 #혁신'}, {'user_id': 'ai.gi.book', 'posts_count': '237', 'post_text': 'Photo by @ai.gi.book on December 19, 2024. 텍스트의 그래픽일 수 있음.', 'post_image': 'https://scontent-ssn1-1.cdninstagram.com/v/t51.29350-15/470908221_1352264596132080_3581168597963832516_n.jpg?stp=dst-jpg_e35_tt7&efg=eyJ2ZW5jb2RlX3RhZyI6ImltYWdlX3VybGdlbi4xNDQweDE4MDAuc2RyLmYyOTM1MC5kZWZhdWx0X2ltYWdlIn0&_nc_ht=scontent-ssn1-1.cdninstagram.com&_nc_cat=100&_nc_ohc=W88s2e6zzUkQ7kNvgGLN23S&_nc_gid=ca4d654990f748469990e201daffd063&edm=AONqaaQBAAAA&ccb=7-5&ig_cache_key=MzUyNjU3MjEyOTY3ODk3NjA4Mw%3D%3D.3-ccb7-5&oh=00_AYDn0L2X60xv8WiHBM7V6WOPHi8JIccYFtII-Rvu1Qj4iw&oe=6769F92A&_nc_sid=4e3341', 'post_datetime': '2024-12-19 23:56:19', 'post_description': '결론부터 말하자면, 열심히만 살면 절대 부자가 되지 못합니다. 투자를 시작했을 때 제게 충고하는 사람들이 많았습니다. 그들은 그저 남들처럼 열심히 살던 사람들이었고, 제게도 그렇게 살라고 조언했습니다. 공격적인 투자나 사업은 위험하다, 연봉을 올려야 한다, 빨리 돈 모아서 빚을 갚아라….\n\n그러나 이 조언은 부자가 되는 것과는 전혀 무관했습니다. 그저 열심히 사는 노동자, ‘노동자’라는 이름에 가려진 노예. 그게 당시 저와 제 주변의 삶이었습니다. - <운명을 바꾸는 부동산 투자 수업 기초편>, 정태익 - 밀리의 서재\nhttps://www.millie.co.kr/v3/bookDetail/c13c5e5df79b4761'}]
CSV 파일에 데이터 저장 중...
CSV 파일에 데이터 저장 완료
성공한 사람: ['terrys_reading', 'rdnmgo', '42lines_', 'euiclee.books', 'ai.gi.book']
실패한 사람: []
요약 이미지 생성 중...
요약 이미지 생성 완료
이미지 업로드 시작...
사진 업로드 중...
새 게시물 버튼 클릭 완료
다음 버튼 클릭 중...
다음 버튼 클릭 완료
다음 버튼 클릭 중...
다음 버튼 클릭 완료
성공한 사람: ['terrys_reading', 'rdnmgo', '42lines_', 'euiclee.books', 'ai.gi.book']
실패한 사람: []
설명 입력 중...
설명 입력 완료
게시물 공유 중...
게시물 공유 완료
사진 업로드 완료
이미지 업로드 완료
드라이버 종료
프로그램 시작
드라이버 설정 중...
드라이버 설정 완료
인스타그램 로그인 시도 중...
로그인 정보 입력 완료
로그인 정보 저장 버튼 클릭 중...
로그인 정보 저장 버튼 클릭 완료
정보 수집 시작...
terrys_reading의 정보 수집 중...
terrys_reading의 게시물에 '더 보기' 버튼 없음
좋아요 버튼을 클릭했습니다.
terrys_reading의 정보 수집 완료
rdnmgo의 정보 수집 중...
rdnmgo의 게시물에 '더 보기' 버튼 없음
좋아요 버튼을 클릭했습니다.
rdnmgo의 정보 수집 완료
42lines_의 정보 수집 중...
42lines_의 게시물에 '더 보기' 버튼 없음
좋아요 버튼을 클릭했습니다.
42lines_의 정보 수집 완료
euiclee.books의 정보 수집 중...
euiclee.books의 게시물에 '더 보기' 버튼 없음
좋아요 버튼을 클릭했습니다.
euiclee.books의 정보 수집 완료
ai.gi.book의 정보 수집 중...
ai.gi.book의 게시물에 '더 보기' 버튼 없음
좋아요 버튼을 클릭했습니다.
ai.gi.book의 정보 수집 완료
정보 수집 완료
[{'user_id': 'terrys_reading', 'posts_count': '160', 'post_text': 'Photo by @terrys_reading on December 20, 2024. 잡지, 포스터, 책 및 텍스트의 이미지일 수 있음.', 'post_image': 'https://scontent-ssn1-1.cdninstagram.com/v/t51.29350-15/470948462_1859115388239790_1514894985780330100_n.jpg?stp=dst-jpg_e35_tt7&efg=eyJ2ZW5jb2RlX3RhZyI6ImltYWdlX3VybGdlbi41NzN4NzE2LnNkci5mMjkzNTAuZGVmYXVsdF9pbWFnZSJ9&_nc_ht=scontent-ssn1-1.cdninstagram.com&_nc_cat=110&_nc_ohc=py9wOYrEGSEQ7kNvgE7IaYu&_nc_gid=85d54ad028c54254a5917c2f4da46a35&edm=AONqaaQBAAAA&ccb=7-5&ig_cache_key=MzUyNzI5NjE1MjUwNjI5OTc4MQ%3D%3D.3-ccb7-5&oh=00_AYDUYLdN5kiGSPh670GV2x96scw8wzYaPFDO2DksTZQufw&oe=676B3F30&_nc_sid=4e3341', 'post_datetime': '2024-12-20 23:54:50', 'post_description': '광고 매출은 미디어 사이트에 매우 중요하지만, 매출을 추적하기는 매우 어렵다.\n미디어 사이트는 광고 재고와 바람직한 광고 매체라는 평판이 중요한데, 후자는 광고주가 원하는 인구 통계학적 특징을 가진 사람들의 방문을 유도하는 컨텐츠에서 비롯된다.'}, {'user_id': 'rdnmgo', 'posts_count': '171', 'post_text': 'Photo by @rdnmgo on December 20, 2024. 사람 1명, 책, 잡지, 포스터 및 텍스트의 만화일 수 있음.', 'post_image': 'https://scontent-ssn1-1.cdninstagram.com/v/t51.29350-15/470902477_552443957628506_1576724197627991190_n.jpg?stp=dst-jpg_e15_tt7&efg=eyJ2ZW5jb2RlX3RhZyI6ImltYWdlX3VybGdlbi42MTJ4NjEyLnNkci5mMjkzNTAuZGVmYXVsdF9pbWFnZSJ9&_nc_ht=scontent-ssn1-1.cdninstagram.com&_nc_cat=102&_nc_ohc=6mLeNwqsRY8Q7kNvgHmuhgP&_nc_gid=c2b0379225ca4432a032e03204b4943d&edm=AP4sbd4BAAAA&ccb=7-5&ig_cache_key=MzUyNzE3NzI1MjQzNTE4OTg1Nw%3D%3D.3-ccb7-5&oh=00_AYCnYdtjZSY50vNpCpIFaG1ocpNUaSHB6tu48YIsvbYrBg&oe=676B6F04&_nc_sid=7a9f4b', 'post_datetime': '2024-12-20 19:58:36', 'post_description': '리더는 소통을 잘한다. 영웅은 소통의 DNA를 타고났다. 영웅은 자신의 생각을 말한다. 그의 말에는 진심이 담겨 있고 어려운 상황일수록 그 진심은 더욱 돋보인다. 영웅은 도움을 요청한다.\n우리가 이 영웅에게 몰입하는 이유는 우리의 바람대로 행동하기 때문이다. 스토리의 마지막에 영웅은 여정에서 깨달은 교훈으로 관객과 소통한다. 스토리가 끝날 무렵 영웅이 터득한 지혜에는 그 이야기의 핵심과 주제가 담겨 있다.'}, {'user_id': '42lines_', 'posts_count': '170', 'post_text': 'Photo by @42lines_ on December 19, 2024. 사람 1명, 잡지, 포스터, 책 및 텍스트의 이미지일 수 있음.', 'post_image': 'https://scontent-ssn1-1.cdninstagram.com/v/t51.29350-15/470911465_902138388703333_1215308699223168405_n.jpg?stp=dst-jpg_e15_tt7&efg=eyJ2ZW5jb2RlX3RhZyI6ImltYWdlX3VybGdlbi4xMDgweDEwODAuc2RyLmYyOTM1MC5kZWZhdWx0X2ltYWdlIn0&_nc_ht=scontent-ssn1-1.cdninstagram.com&_nc_cat=101&_nc_ohc=AhArI4kDSxQQ7kNvgFexI94&_nc_gid=e06e2365f8614474bab55e36f8bc0a2d&edm=AP4sbd4BAAAA&ccb=7-5&ig_cache_key=MzUyNjc4MjE0MzI1MzQ0MjUyMw%3D%3D.3-ccb7-5&oh=00_AYBUgU4sx49soxrZsnESl7AUIZXvNQXnMAfVj-fREFpAng&oe=676B56C6&_nc_sid=7a9f4b', 'post_datetime': '2024-12-20 06:53:35', 'post_description': '각 지역의 특색 있는 축제도 입소문의 힘으로 소비자를 모았다. 양평 용문산 산나물축제는 14회째를 맞이하며 봄 축제의 시그니처로 자리매김하고 있다. 산채 튀김이나 막걸리 슬러시 같은 지역 특산물을 활용한 음식은 다양한 연령대의 소비자가 즐기기에 적합했고, 무엇보다 축제에서 종종 문제시되는 ‘바가지 논란’ 없이 ‘착한’ 가격이 화제였다.\n<트렌드 코리아 2025>, 김난도·전미영·최지혜·권정윤·한다혜·이혜원·이준영·이향은·추예린·전다현 - 밀리의 서재'}, {'user_id': 'euiclee.books', 'posts_count': '172', 'post_text': 'Photo by 유클리책장 | 📚 매일매일 독서기록 on December 20, 2024. 텍스트의 이미지일 수 있음.', 'post_image': 'https://scontent-ssn1-1.cdninstagram.com/v/t51.29350-15/470936671_1390772601903177_6365812991037180933_n.jpg?stp=dst-jpg_e15_tt7&efg=eyJ2ZW5jb2RlX3RhZyI6ImltYWdlX3VybGdlbi4xMDgweDEwODAuc2RyLmYyOTM1MC5kZWZhdWx0X2ltYWdlIn0&_nc_ht=scontent-ssn1-1.cdninstagram.com&_nc_cat=109&_nc_ohc=EsB2u84hnmcQ7kNvgEkPOEx&_nc_gid=65a974cd535641ea85822cc6d3724dc2&edm=AONqaaQBAAAA&ccb=7-5&ig_cache_key=MzUyNzIzMzA3MDgyMDg5NTc0OA%3D%3D.3-ccb7-5&oh=00_AYAY74uN027VtigtOBvVcq7XdvGYfosre3N67ATc3wNgyQ&oe=676B662A&_nc_sid=4e3341', 'post_datetime': '2024-12-20 21:49:31', 'post_description': '🖋️ 슘페터는 자본주의 시스템 아래서 양말 공장은 여왕만 양말을 사 신을 수 있게 만든 게 아니고 양말 공장의 직공도 양말을 사 신을 수 있게 물질적으로 풍요롭게 만드는 시스템이라고 했다.\n\n그런데도 왜 망한다는 것일까? 자본주의 시스템에서 소수의 성공한 사람은 다수의 대중에게 물질적인 궁핍함이 아닌 심리적인 상대적 박탈감을 주고, 다수의 뒤쳐진 대중은 소수의 성공한 자에 대해서 질투심, 원한 그리고 분개심을 가지게 된다고 보았기 때문이다.\n\n📗#부의인문학 #오픈마인드 #우석 #브라운스톤\n\n🔖 #독서 #북스타그램 #책 #독서스타그램 #책스타그램 #책리뷰\n#책추천 #유클리 #유클리책장 #투자 #인문학 #슘페터 #자본주의'}, {'user_id': 'ai.gi.book', 'posts_count': '238', 'post_text': 'Photo by @ai.gi.book on December 19, 2024. 텍스트의 팝 아트일 수 있음.', 'post_image': 'https://scontent-ssn1-1.cdninstagram.com/v/t51.29350-15/470900146_1178611246961753_7651335288285069027_n.jpg?stp=dst-jpg_e35_tt7&efg=eyJ2ZW5jb2RlX3RhZyI6ImltYWdlX3VybGdlbi4xNDQweDE4MDAuc2RyLmYyOTM1MC5kZWZhdWx0X2ltYWdlIn0&_nc_ht=scontent-ssn1-1.cdninstagram.com&_nc_cat=105&_nc_ohc=3eRh5xreW3kQ7kNvgE2gjsi&_nc_gid=c889f8b5921c43a0838ba09843e598a3&edm=AONqaaQBAAAA&ccb=7-5&ig_cache_key=MzUyNzAwNzg2MTQ1MDAwMTU5MA%3D%3D.3-ccb7-5&oh=00_AYAi7PnRS-JUfumKDluqElDVb2p62uG9kpE5-lE0pnqLZg&oe=676B7172&_nc_sid=4e3341', 'post_datetime': '2024-12-20 14:22:03', 'post_description': '학교에서도 진실을 제대로 말해주지 않습니다. 정규 교육 과정에서 대출받아 투자하고 사업하라고 가르치는 학교가 있을까요? 오히려 공부 열심히 해서 좋은 대학 가고, ‘스펙’ 잘 쌓아서 회사원이나 자영업자가 되라고 가르칩니다. 말하자면, 학교는 노예와 평민을 키워내는 공장인 셈입니다. 사실 현대의 학교는 산업사회에 필요한 노동자를 양성하기 위해 세워진 곳이니 당연합니다. 자녀에게 ‘공부 열심히 해서 안정적인 회사에 들어가라’라고 가르치는 것은, ‘노예나 평민이 돼서 열심히 일해라’라는 말과 같습니다.\n\n하지만 절망하기에는 이릅니다. 예나 지금이나 계급 사이에는 거대한 벽이 있지만, 과거와는 달리 지금은 노력 여부에 따라 그 벽을 뛰어넘을 수도 있기 때문입니다. 매우 힘든 일이긴 하지만 벽의 존재를 깨닫고, 이런 시스템을 제대로 이용한다면 의외로 그 벽을 빨리 넘을 수도 있습니다. - <운명을 바꾸는 부동산 투자 수업 기초편>, 정태익 - 밀리의 서재\nhttps://www.millie.co.kr/v3/bookDetail/c13c5e5df79b4761'}]
CSV 파일에 데이터 저장 중...
CSV 파일에 데이터 저장 완료
성공한 사람: ['terrys_reading', 'rdnmgo', '42lines_', 'euiclee.books', 'ai.gi.book']
실패한 사람: []
요약 이미지 생성 중...
요약 이미지 생성 완료
이미지 업로드 시작...
사진 업로드 중...
새 게시물 버튼 클릭 완료
다음 버튼 클릭 중...
다음 버튼 클릭 완료
다음 버튼 클릭 중...
다음 버튼 클릭 완료
성공한 사람: ['terrys_reading', 'rdnmgo', '42lines_', 'euiclee.books', 'ai.gi.book']
실패한 사람: []
설명 입력 중...
설명 입력 완료
게시물 공유 중...
게시물 공유 완료
사진 업로드 완료
이미지 업로드 완료
드라이버 종료
프로그램 시작
드라이버 설정 중...
드라이버 설정 완료
인스타그램 로그인 시도 중...
로그인 정보 입력 완료
로그인 정보 저장 버튼 클릭 중...
로그인 정보 저장 버튼 클릭 완료
정보 수집 시작...
terrys_reading의 정보 수집 중...
terrys_reading의 게시물에 '더 보기' 버튼 없음
좋아요 버튼을 클릭했습니다.
terrys_reading의 정보 수집 완료
rdnmgo의 정보 수집 중...
rdnmgo의 게시물에 '더 보기' 버튼 없음
좋아요 버튼을 클릭했습니다.
rdnmgo의 정보 수집 완료
42lines_의 정보 수집 중...
42lines_의 게시물에 '더 보기' 버튼 없음
좋아요 버튼을 클릭했습니다.
42lines_의 정보 수집 완료
euiclee.books의 정보 수집 중...
euiclee.books의 게시물에 '더 보기' 버튼 없음
좋아요 버튼을 클릭했습니다.
euiclee.books의 정보 수집 완료
ai.gi.book의 정보 수집 중...
ai.gi.book의 게시물에 '더 보기' 버튼 없음
좋아요 버튼을 클릭했습니다.
ai.gi.book의 정보 수집 완료
정보 수집 완료
[{'user_id': 'terrys_reading', 'posts_count': '161', 'post_text': "Photo by @terrys_reading on December 21, 2024. 잡지, 포스터, 책 및 문구: '한빛미디어 π 스타트업 시리즈 LEAN ANALYTICS 린 분석 성공을 예촉하는 31가지 사례와 13가지 패턴 열리스테이 크롤, 변저민 요스코비츠 지음 위선주 옮김 박태송, 권정혜 김수'의 이미지일 수 있음.", 'post_image': 'https://scontent-ssn1-1.cdninstagram.com/v/t51.29350-15/471318449_4004080443158780_2638601594142941549_n.jpg?stp=dst-jpg_e35_tt7&efg=eyJ2ZW5jb2RlX3RhZyI6ImltYWdlX3VybGdlbi41NzN4NzE2LnNkci5mMjkzNTAuZGVmYXVsdF9pbWFnZSJ9&_nc_ht=scontent-ssn1-1.cdninstagram.com&_nc_cat=108&_nc_ohc=TT0Yk9FQVnkQ7kNvgFhC5rw&_nc_gid=58090493a52c418eaabca3fca56e46a0&edm=AONqaaQBAAAA&ccb=7-5&ig_cache_key=MzUyODAyMzM5MDM4NjI5NTE5OA%3D%3D.3-ccb7-5&oh=00_AYBYt6nZTW90RFuwzxFMI31vQglaL2DteHJTDv_5DaPqaA&oe=676C9F6A&_nc_sid=4e3341', 'post_datetime': '2024-12-21 23:59:43', 'post_description': ''}, {'user_id': 'rdnmgo', 'posts_count': '172', 'post_text': 'Photo by @rdnmgo on December 21, 2024. 사람 1명, 책, 잡지, 포스터 및 텍스트의 만화일 수 있음.', 'post_image': 'https://scontent-ssn1-1.cdninstagram.com/v/t51.29350-15/470946338_604662638712125_8636054366372898652_n.jpg?stp=dst-jpg_e15_tt7&efg=eyJ2ZW5jb2RlX3RhZyI6ImltYWdlX3VybGdlbi42MTJ4NjEyLnNkci5mMjkzNTAuZGVmYXVsdF9pbWFnZSJ9&_nc_ht=scontent-ssn1-1.cdninstagram.com&_nc_cat=105&_nc_ohc=55h-ZTJiVcoQ7kNvgGsYHac&_nc_gid=963167e1ab8c427bb6ed7d6d93e72106&edm=AONqaaQBAAAA&ccb=7-5&ig_cache_key=MzUyODAxNjkzNTQ5NDk3NzAwNQ%3D%3D.3-ccb7-5&oh=00_AYBropsQPffK63ERGAcR_0khQ5M6xi2roXOyvp6RU7S8iw&oe=676CB9B8&_nc_sid=4e3341', 'post_datetime': '2024-12-21 23:46:54', 'post_description': '리더는 소통을 잘한다. 영웅은 소통의 DNA를 타고났다. 영웅은 자신의 생각을 말한다. 그의 말에는 진심이 담겨 있고 어려운 상황일수록 그 진심은 더욱 돋보인다. 영웅은 도움을 요청한다.\n우리가 이 영웅에게 몰입하는 이유는 우리의 바람대로 행동하기 때문이다. 스토리의 마지막에 영웅은 여정에서 깨달은 교훈으로 관객과 소통한다. 스토리가 끝날 무렵 영웅이 터득한 지혜에는 그 이야기의 핵심과 주제가 담겨 있다.'}, {'user_id': '42lines_', 'posts_count': '171', 'post_text': 'Photo by @42lines_ on December 20, 2024. 사람 1명, 잡지, 포스터, 책 및 텍스트의 이미지일 수 있음.', 'post_image': 'https://scontent-ssn1-1.cdninstagram.com/v/t51.29350-15/470897260_1264775791243531_6547212589697682649_n.jpg?stp=dst-jpg_e15_tt7&efg=eyJ2ZW5jb2RlX3RhZyI6ImltYWdlX3VybGdlbi4xMDgweDEwODAuc2RyLmYyOTM1MC5kZWZhdWx0X2ltYWdlIn0&_nc_ht=scontent-ssn1-1.cdninstagram.com&_nc_cat=107&_nc_ohc=Q0-eM-t0TXcQ7kNvgHwa5ar&_nc_gid=0b5e835d34cb4421a946e13c77f52f34&edm=AP4sbd4BAAAA&ccb=7-5&ig_cache_key=MzUyNzcxMDE0NDQ3MjE1NzY5MQ%3D%3D.3-ccb7-5&oh=00_AYBWCYk-fq4Sc-R3GWwNSs1FEp2YiotHqO7GeVmXk7xD5w&oe=676CC08C&_nc_sid=7a9f4b', 'post_datetime': '2024-12-21 13:37:21', 'post_description': '소비자가 원하는 대로 자유롭게 빵과 재료를 선택할 수 있는 ‘메이드투오더made to order’ 방식으로 유명한 샌드위치 브랜드 ‘써브웨이’는 2024년 2월, 따로 재료를 고르지 않아도 되는 베스트 조합 완성 메뉴 ‘썹픽’ 3종을 선보였다. 소비자들이 모든 것을 직접 결정해야 하는 주문 과정이 부담스러워 미리 어떻게 주문할지 검색해보고 매장에 들어간다는 이야기가 나오자 내놓은 해결책이다.\n<트렌드 코리아 2025>, 김난도·전미영·최지혜·권정윤·한다혜·이혜원·이준영·이향은·추예린·전다현 - 밀리의 서재'}, {'user_id': 'euiclee.books', 'posts_count': '173', 'post_text': 'Photo by 유클리책장 | 📚 매일매일 독서기록 on December 21, 2024. 문구: \'"바닥이라고 생각될 때 과감하게 빛을 얻어서 투자하는 게 최고로 빨리 재산을 늘리는 첩경이다." -[부의 인문학]\'의 이미지일 수 있음.', 'post_image': 'https://scontent-ssn1-1.cdninstagram.com/v/t51.29350-15/470901473_376766722165195_4551549558955470008_n.jpg?stp=dst-jpg_e15_tt7&efg=eyJ2ZW5jb2RlX3RhZyI6ImltYWdlX3VybGdlbi4xMDgweDEwODAuc2RyLmYyOTM1MC5kZWZhdWx0X2ltYWdlIn0&_nc_ht=scontent-ssn1-1.cdninstagram.com&_nc_cat=107&_nc_ohc=BP-VlGjHlRQQ7kNvgFNttRJ&_nc_gid=b08a2cc1fc6945ff8768b6aac575deab&edm=AP4sbd4BAAAA&ccb=7-5&ig_cache_key=MzUyNzk4OTI4NzExMzcwOTM0Nw%3D%3D.3-ccb7-5&oh=00_AYDT3oAbwdTm1NEYjyO-NWLteT0k2Up2ZeQ4m5ZN5pbuQQ&oe=676CA4D4&_nc_sid=7a9f4b', 'post_datetime': '2024-12-21 22:51:59', 'post_description': '🖋️ 물론 원금은 갚을 수 있어야 빚도 얻는 것이겠지만, 이게 투자의 핵심이다. 이게 자본주의 게임에서 이기는 법이다.\n\n돈은 빚으로 생겨난다. 빚이 많이 발생할수록 돈이 더 많이 생겨난다. 이런 식으로 돈이 많아지면 돈의 가치가 떨어져서 인플레이션이 생긴다.\n\n예를 들어서, 섬이 있다고 생각해보자. 섬에 돈이 10원 있고 바나나가 100개 있다면, 1원으로 바나나 10개를 살 수 있다. 그런데 만약에 바나나는 그대로인데 돈만 20원으로 늘어난다면 이제부터는 1원으로 바나나 5개만 살 수 있게 된다. 이 처럼 돈 가치가 떨어지고 실물 자산 가치가 올라가는 것이 인플레이션이다. 즉, 금본위제가 아닌 지금 같은 화폐제도 아래서는 인플레이션이 발생할 수밖에 없다.\n\n이런 화폐 시스템에 우리는 가짜 돈인 화폐를 모으려 하지 말고 진짜 돈인 리얼 머니를 보유해야 한다. 그게 부동산이고 주식이다.\n\n📗#부의인문학 #오픈마인드 #우석 #브라운스톤\n\n🔖 #독서 #북스타그램 #책 #독서스타그램 #책스타그램 #책리뷰\n#책추천 #유클리 #유클리책장 #투자 #인문학 #슘페터 #자본주의'}, {'user_id': 'ai.gi.book', 'posts_count': '239', 'post_text': 'Photo by @ai.gi.book on December 20, 2024. 텍스트의 팝 아트일 수 있음.', 'post_image': 'https://scontent-ssn1-1.cdninstagram.com/v/t51.29350-15/471322591_1340599600643922_2136302203400563961_n.jpg?stp=dst-jpg_e35_tt7&efg=eyJ2ZW5jb2RlX3RhZyI6ImltYWdlX3VybGdlbi4xNDQweDE4MDAuc2RyLmYyOTM1MC5kZWZhdWx0X2ltYWdlIn0&_nc_ht=scontent-ssn1-1.cdninstagram.com&_nc_cat=106&_nc_ohc=Ky08Qbe-0L0Q7kNvgFgzL0H&_nc_gid=95c5067024f04a5587538ff5f4361881&edm=AP4sbd4BAAAA&ccb=7-5&ig_cache_key=MzUyNzc3ODU1Mzg0NjA5NTQwMg%3D%3D.3-ccb7-5&oh=00_AYDLKGCcPolgs9i8Sc-53H7Nv_m7cRLDbMn-63XLRohwjA&oe=676CC603&_nc_sid=7a9f4b', 'post_datetime': '2024-12-21 15:53:16', 'post_description': '자산: 구매 후 가격 상승 또는 하락(사업체, 주식, 토지, 상가, 주택, 금, 은, 원자재, 채권, 미술품, 가상화폐 등)\n\n• 부채: 구매 후 가격 하락(옷, 자동차, 음식, 취미생활 용품 등)\n\n\n\n\n새 자동차도 동네 한 바퀴만 돌고 오면 감가상각이 됩니다. 해외여행을 다녀오면 추억과 사진은 남을지 몰라도 통장 잔고는 확실히 줄어듭니다. 반면 주식을 사면 가격이 하락할 수도 있지만, 오르기도 합니다. 배당금이 지급되기도 하고요. 금이나 은, 원자재, 미술품 등도 마찬가지로 가격이 오르락내리락하죠.\n\n그런데 문제는 우리가 자산보다 부채를 더 먼저, 더 많이 산다는 것입니다. 일단 사고 싶은 부채를 모두 사고 돈이 남으면 투자할 곳을 알아보는 패턴입니다. 명심하세요. 자산이란 남는 돈으로 사는 게 아니라 가장 먼저 사야 하는 것입니다.\n\n\n\n\n\n\n시작은 ‘내 집 마련’부터 - <운명을 바꾸는 부동산 투자 수업 기초편>, 정태익 - 밀리의 서재\nhttps://www.millie.co.kr/v3/bookDetail/c13c5e5df79b4761'}]
CSV 파일에 데이터 저장 중...
CSV 파일에 데이터 저장 완료
성공한 사람: ['terrys_reading', 'rdnmgo', '42lines_', 'euiclee.books', 'ai.gi.book']
실패한 사람: []
요약 이미지 생성 중...
요약 이미지 생성 완료
이미지 업로드 시작...
사진 업로드 중...
새 게시물 버튼 클릭 완료
다음 버튼 클릭 중...
다음 버튼 클릭 완료
다음 버튼 클릭 중...
다음 버튼 클릭 완료
성공한 사람: ['terrys_reading', 'rdnmgo', '42lines_', 'euiclee.books', 'ai.gi.book']
실패한 사람: []
설명 입력 중...
설명 입력 완료
게시물 공유 중...
게시물 공유 완료
사진 업로드 완료
이미지 업로드 완료
드라이버 종료
프로그램 시작
드라이버 설정 중...
드라이버 설정 완료
인스타그램 로그인 시도 중...
로그인 정보 입력 완료
로그인 정보 저장 버튼 클릭 중...
로그인 정보 저장 버튼 클릭 완료
정보 수집 시작...
terrys_reading의 정보 수집 중...
terrys_reading의 게시물에 '더 보기' 버튼 없음
좋아요 버튼을 클릭했습니다.
terrys_reading의 정보 수집 완료
rdnmgo의 정보 수집 중...
rdnmgo의 게시물에 '더 보기' 버튼 없음
좋아요 버튼을 클릭했습니다.
rdnmgo의 정보 수집 완료
42lines_의 정보 수집 중...
42lines_의 게시물에 '더 보기' 버튼 없음
좋아요 버튼을 클릭했습니다.
42lines_의 정보 수집 완료
euiclee.books의 정보 수집 중...
euiclee.books의 게시물에 '더 보기' 버튼 없음
좋아요 버튼을 클릭했습니다.
euiclee.books의 정보 수집 완료
ai.gi.book의 정보 수집 중...
ai.gi.book의 게시물에 '더 보기' 버튼 없음
좋아요 버튼을 클릭했습니다.
ai.gi.book의 정보 수집 완료
정보 수집 완료
[{'user_id': 'terrys_reading', 'posts_count': '162', 'post_text': "Photo by @terrys_reading on December 22, 2024. 문구: '한국어 번역 X FS I BRAIN FOOD December 22 2024 #608 read on fs.blog Free Version Welcome to Brain Food, a weekly newsletter full of timeless ideas and insights you can use. Before we dive in, a last-minute gift idea for your friends: +Gift a full-year membership to our community, or join_yourself. Members get all of this. Tiny Thoughts'의 그래픽일 수 있음.", 'post_image': 'https://scontent-ssn1-1.cdninstagram.com/v/t51.29350-15/471362579_943163204099444_1267553086051455428_n.jpg?stp=dst-jpg_e35_tt7&efg=eyJ2ZW5jb2RlX3RhZyI6ImltYWdlX3VybGdlbi4xNDQweDE4MDAuc2RyLmYyOTM1MC5kZWZhdWx0X2ltYWdlIn0&_nc_ht=scontent-ssn1-1.cdninstagram.com&_nc_cat=108&_nc_ohc=E3cfRxJvvi8Q7kNvgEpzLX6&_nc_gid=a81ea26bcba645e296517592ebb0eeb7&edm=AONqaaQBAAAA&ccb=7-5&ig_cache_key=MzUyODc0MTgzMDYyMTM0NTQzNg%3D%3D.3-ccb7-5&oh=00_AYDJ-5JZQ6LjWMd3NzR7ZNDf3XIcCfwmJjgup5_YkfI46A&oe=676DE4E7&_nc_sid=4e3341', 'post_datetime': '2024-12-22 23:47:08', 'post_description': '훌륭한 일을 하려면 목표에 대해서는 고집이 있어야 하지만 방법에 대해서는 유연해야 합니다. 제가 아는 가장 훌륭한 사람들은 이루고 싶은 것을 끈기 있게 고수하지만 더 나은 방법을 보면 그것을 달성할 방법을 재빨리 적응시킵니다. 대부분의 사람들은 반대로 합니다. 더 나은 선택지가 나타나도 자신의 방법에 집착합니다.'}, {'user_id': 'rdnmgo', 'posts_count': '173', 'post_text': "Photo by @rdnmgo on December 22, 2024. 사람 1명, 책, 잡지, 포스터 및 문구: '매준지8|백어진올김 박여진올김 PIXAR STORYTELLING 픽사 스토리렐링 고객의 마음을 사로잡는 9가지 스토리 사로잡는9가지스토리법 법칙 구글, 디즈니, 레고, 넷플릭스가 찾는 스토리텔링 마스터 매튜 준의 실전 바이블 피사 20년 경력 스토리제작자의 스토리 제작자의 액심 비법 수록 네이버,카카오 네이버, 카카오 디즈니코리아 인플루언서 추천 2021 올해의 강연자 TOP 20 (BigSpeak)'의 만화일 수 있음.", 'post_image': 'https://scontent-ssn1-1.cdninstagram.com/v/t51.29350-15/471492595_1584286975529159_4449159685460197045_n.jpg?stp=dst-jpg_e15_tt7&efg=eyJ2ZW5jb2RlX3RhZyI6ImltYWdlX3VybGdlbi42MTJ4NjEyLnNkci5mMjkzNTAuZGVmYXVsdF9pbWFnZSJ9&_nc_ht=scontent-ssn1-1.cdninstagram.com&_nc_cat=111&_nc_ohc=C9AJoyGZus8Q7kNvgHn_zGO&_nc_gid=b36c69a4168743b7a8a580d21335d074&edm=AONqaaQBAAAA&ccb=7-5&ig_cache_key=MzUyODczNDAxMzY2MzMyNjM1NA%3D%3D.3-ccb7-5&oh=00_AYCqFZd4iQc4ngYzzTwSNDGQYqyI_u7iLsWVa3izcSfBCA&oe=676DE2F2&_nc_sid=4e3341', 'post_datetime': '2024-12-22 23:31:36', 'post_description': '영웅은 무언가를 발견하면서 깨달음을 얻기도 한다. 《업》에서 주인공 칼도 모든 것을 잃고 위기에 처했을 때 세상을 떠난 아내가 만든 책을 보면서 깨달음을 얻는다. 칼은 아내의 책을 한 장 한 장 넘기며 보다가 둘만의 아름다웠던 삶을 회고한다. 그러다가 마지막 페이지에 아내가 손 글씨로 쓴 문구를 발견한다. “모험을 함께해줘서 고마워요. 이젠 당신만의 새로운 모험을 떠나세요. 사랑하는 엘리가.” 칼이 깨달음을 얻는 순간이다. 자신의 삶을 계속 살아가려면 이제 아내를 놓아주어야 한다는 사실을 깨닫는다. 리더인 당신도 직원, 동료, 고객과 이런 깨달음을 공유해야 한다. 더 나은 팀원, 혁신가, 소통 전문가가 되는 법을 언제 어떻게 터득했는지 나눌 수 있다.'}, {'user_id': '42lines_', 'posts_count': '172', 'post_text': "Photo by @42lines_ on December 21, 2024. 사람 1명, 잡지, 포스터, 책 및 문구: '2025 대한민국 소비트렌드 전망 김난도 전미영 최지혜 권정을 한다혜 이혜원 이준영 이황은 이하모 추예권 전다현 트렌드 코리아 2025 경계가사라지는 시대, 모든 전제를 원점으로 되돌려라 대한민국 No.1 트렌드서 미라면 SNAKE SENSE 행복에 대한 고정관님이 방복예대한고정관님이무너지는시데. 무녀 시대, 보통의 도동의하무와무해할,1%의상상이서담을및 담을 찾고 하루와 무해합, 1%의 성장에 디지턴의 편리합 속에서 '물성'이 더욱귀해진다. 더욱'의 이미지일 수 있음.", 'post_image': 'https://scontent-ssn1-1.cdninstagram.com/v/t51.29350-15/471322550_1658994307989302_8662951782741282088_n.jpg?stp=dst-jpg_e15_tt7&efg=eyJ2ZW5jb2RlX3RhZyI6ImltYWdlX3VybGdlbi4xMDgweDEwODAuc2RyLmYyOTM1MC5kZWZhdWx0X2ltYWdlIn0&_nc_ht=scontent-ssn1-1.cdninstagram.com&_nc_cat=102&_nc_ohc=mLHRb0PsW4QQ7kNvgFvrQEU&_nc_gid=9a7ec5cd3abd4e7ea3cba12c08de6311&edm=AONqaaQBAAAA&ccb=7-5&ig_cache_key=MzUyODQyNzY5MTc3MzQ2OTI5Mw%3D%3D.3-ccb7-5&oh=00_AYDhSNALme6--bjNIQKOCDQz6Wu8TvVdSuz4ppNfmheIkg&oe=676E0F35&_nc_sid=4e3341', 'post_datetime': '2024-12-22 13:23:00', 'post_description': '마지막으로 ‘돌봄’이 더 이상 가족만의 책임이 아니라는 인식이 폭넓게 자리 잡는 중이다. 고령화, 1인 가구 증가 등 사회 변화에 따라 돌봄의 필요성은 커지고 있지만, 나노사회 및 분초사회를 살아야 하는 가족들이 감당하기 어려운 경우가 많다. 이에 따라 돌봄 서비스 시장이 빠르게 성장하고 있으며, 사회적 돌봄 시스템 구축에 대한 논의도 활발하게 이루어지고 있다.\n<트렌드 코리아 2025>, 김난도·전미영·최지혜·권정윤·한다혜·이혜원·이준영·이향은·추예린·전다현 - 밀리의 서재'}, {'user_id': 'euiclee.books', 'posts_count': '174', 'post_text': 'Photo by 유클리책장 | 📚 매일매일 독서기록 on December 22, 2024. 책, 카드, 포스터 및 텍스트의 이미지일 수 있음.', 'post_image': 'https://scontent-ssn1-1.cdninstagram.com/v/t51.29350-15/470922719_2035432296882788_5713293373986749695_n.jpg?stp=dst-jpg_e15_tt7&efg=eyJ2ZW5jb2RlX3RhZyI6ImltYWdlX3VybGdlbi4xMDgweDEwODAuc2RyLmYyOTM1MC5kZWZhdWx0X2ltYWdlIn0&_nc_ht=scontent-ssn1-1.cdninstagram.com&_nc_cat=108&_nc_ohc=QCJcHNydGVgQ7kNvgHtRrAE&_nc_gid=dd765c746ae64993af706fb4f6a30d85&edm=AP4sbd4BAAAA&ccb=7-5&ig_cache_key=MzUyODY2ODg0NTg0ODYwOTYzMg%3D%3D.3-ccb7-5&oh=00_AYB1dsLQUtuuTzuULqSPNufzJbSP94FamVXis2AyqoFuoQ&oe=676E12B6&_nc_sid=7a9f4b', 'post_datetime': '2024-12-22 21:22:08', 'post_description': '🖋️ 투자를 시작한다면, 하고 있거나 관심이 조금이라도 있다면 한번 쯤은 읽어볼만한 책이다.\n\n인문학적 소양이 투자에 어떤 쓸모가 있을지 궁금하다면, 의문이 간다면 더더욱 읽어보는 것을 추천한다.\n\n칸트, 슘페터, 케인즈와 같은 경제학자 철학자에게서 무엇을 배울 수 있는지와 그 배움을 투자에 어떻게 적용시킬 수 있는지 인사이트를 얻을 수 있다.\n\n물론 저자의 모든 말이 맞는 것은 아니겠지만, 경제에 관한 지식을 쉽게 배우면서 입문을 할 수 있다는 점에서 한 번쯤은 가볍게 읽어볼만 하다.\n\n📗#부의인문학 #오픈마인드 #우석 #브라운스톤\n\n🔖 #독서 #북스타그램 #책 #독서스타그램 #책스타그램 #책리뷰\n#책추천 #유클리 #유클리책장 #투자 #인문학'}, {'user_id': 'ai.gi.book', 'posts_count': '240', 'post_text': 'Photo by @ai.gi.book on December 22, 2024. 텍스트의 팝 아트일 수 있음.', 'post_image': 'https://scontent-ssn1-1.cdninstagram.com/v/t51.29350-15/471367012_885248067092463_2466550893166948885_n.jpg?stp=dst-jpg_e35_tt7&efg=eyJ2ZW5jb2RlX3RhZyI6ImltYWdlX3VybGdlbi4xNDQweDE4MDAuc2RyLmYyOTM1MC5kZWZhdWx0X2ltYWdlIn0&_nc_ht=scontent-ssn1-1.cdninstagram.com&_nc_cat=103&_nc_ohc=xny--AnspOYQ7kNvgFTeB2X&_nc_gid=65f0a21d39814c21950d46388da9759f&edm=AONqaaQBAAAA&ccb=7-5&ig_cache_key=MzUyODc0NjI2MDAwNzU2MjQwMg%3D%3D.3-ccb7-5&oh=00_AYDOaW1ZiHYbwMorMjtQiYYpmhLBpj7t5uSCpZsfvPXqpQ&oe=676E132D&_nc_sid=4e3341', 'post_datetime': '2024-12-22 23:55:56', 'post_description': '나는 몇 살까지 일할 수 있을까? 그럼 은퇴 이후 몇 년 정도 살게 될까? 그동안 필요한 금액은 얼마나 될까? 지금 소득이면 은퇴 시점까지 얼마나 모을 수 있을까? 목표액과의 차액은 얼마지? 그 차이를 메울 방법은 뭐가 있을까? 사업? 무슨 사업을 해야 하지? 투자? 투자를 한다면 평균 수익률을 얼마나 올려야 할까? 그 정도 수익률을 올릴 수 있는 투자는 뭐가 있을까? 투자금을 늘릴 방법은 없을까? - <운명을 바꾸는 부동산 투자 수업 기초편>, 정태익 - 밀리의 서재\nhttps://www.millie.co.kr/v3/bookDetail/c13c5e5df79b4761'}]
CSV 파일에 데이터 저장 중...
CSV 파일에 데이터 저장 완료
성공한 사람: ['terrys_reading', 'rdnmgo', '42lines_', 'euiclee.books', 'ai.gi.book']
실패한 사람: []
요약 이미지 생성 중...
요약 이미지 생성 완료
이미지 업로드 시작...
사진 업로드 중...
새 게시물 버튼 클릭 완료
다음 버튼 클릭 중...
다음 버튼 클릭 완료
다음 버튼 클릭 중...
다음 버튼 클릭 완료
성공한 사람: ['terrys_reading', 'rdnmgo', '42lines_', 'euiclee.books', 'ai.gi.book']
실패한 사람: []
설명 입력 중...
설명 입력 완료
게시물 공유 중...
게시물 공유 완료
사진 업로드 완료
이미지 업로드 완료
드라이버 종료
프로그램 시작
드라이버 설정 중...
드라이버 설정 완료
인스타그램 로그인 시도 중...
로그인 정보 입력 완료
로그인 정보 저장 버튼 클릭 중...
로그인 정보 저장 버튼 클릭 완료
정보 수집 시작...
terrys_reading의 정보 수집 중...
terrys_reading의 게시물에 '더 보기' 버튼 없음
좋아요 버튼을 클릭했습니다.
terrys_reading의 정보 수집 완료
rdnmgo의 정보 수집 중...
rdnmgo의 게시물에 '더 보기' 버튼 없음
좋아요 버튼을 클릭했습니다.
rdnmgo의 정보 수집 완료
42lines_의 정보 수집 중...
42lines_의 게시물에 '더 보기' 버튼 없음
좋아요 버튼을 클릭했습니다.
42lines_의 정보 수집 완료
euiclee.books의 정보 수집 중...
euiclee.books의 게시물에 '더 보기' 버튼 없음
좋아요 버튼을 클릭했습니다.
euiclee.books의 정보 수집 완료
ai.gi.book의 정보 수집 중...
ai.gi.book의 게시물에 '더 보기' 버튼 없음
좋아요 버튼을 클릭했습니다.
ai.gi.book의 정보 수집 완료
정보 수집 완료
[{'user_id': 'terrys_reading', 'posts_count': '163', 'post_text': 'Photo by @terrys_reading on December 23, 2024. 책 및 텍스트의 이미지일 수 있음.', 'post_image': 'https://scontent-ssn1-1.cdninstagram.com/v/t51.29350-15/471277321_1109274820600014_2851749243966061774_n.jpg?stp=dst-jpegr_e35_tt6&efg=eyJ2ZW5jb2RlX3RhZyI6ImltYWdlX3VybGdlbi4xNDQweDE4MDAuaGRyLmYyOTM1MC5kZWZhdWx0X2ltYWdlIn0&_nc_ht=scontent-ssn1-1.cdninstagram.com&_nc_cat=106&_nc_ohc=GPCGP0agn4YQ7kNvgGxy5NZ&_nc_gid=6204bb846cf54d8cb39a026e1876554b&edm=AONqaaQBAAAA&ccb=7-5&ig_cache_key=MzUyOTQ3MjQ0MzY1ODQwMjI2MA%3D%3D.3-ccb7-5&oh=00_AYDih8p6FN5kK2VEz3Nk9xwyJ5guJQQAqv1tEocYGjTKeA&oe=676F3EF8&_nc_sid=4e3341', 'post_datetime': '2024-12-23 23:58:44', 'post_description': '1 문제: 사람들이 불편함을 느끼는 진짜 문제점을 찾았는가?\n2 고객군: 목표 시장을 알고 있는가? 고객군을 구별해서 각각에 맞는 메시지를 전달할 방법을 알고 있는가?\n3 고유의 가치 제안: 여러분의 제품이 왜 더 나은지 또는 어떻게 다른지 명료하고 독특하며 기 억에 남는 방법으로 설명할 수 있는가?\n4 솔루션: 문제를 적절한 방식으로 해결할 수 있는가?\n5 채널: 고객에게 제품이나 서비스를 어떻게 전달하고 매출을 발생시킬 것인가?\n6 수익원: 수익이 어디에서 발생하는가? 일회성인가 반복적으로 발생하는가? 수익이 직접적으 로 발생하는가(예: 식당에서의 식사) 아니면 간접적으로 발생하는가(예: 잡지 구독)?\n7 비용 구조: 사업 운영에 필요한 직• 간접 비용은 무엇인가?\n8 핵심 지표: 사업이 잘 되고 있는지 알기 위해 어떤 숫자들을 추적해야 하는지 알고 있는가?\n9 경쟁우위: 여러분의 노력이 경쟁자보다 더 좋은 결과를 내도록 만드는 ’증폭기‘는 무엇인가?'}, {'user_id': 'rdnmgo', 'posts_count': '174', 'post_text': 'Photo by @rdnmgo on December 23, 2024. 사람 1명, 책, 잡지, 포스터 및 텍스트의 만화일 수 있음.', 'post_image': 'https://scontent-ssn1-1.cdninstagram.com/v/t51.29350-15/470949889_1252822642665042_7417535236892759769_n.jpg?stp=dst-jpg_e15_tt7&efg=eyJ2ZW5jb2RlX3RhZyI6ImltYWdlX3VybGdlbi42MTJ4NjEyLnNkci5mMjkzNTAuZGVmYXVsdF9pbWFnZSJ9&_nc_ht=scontent-ssn1-1.cdninstagram.com&_nc_cat=106&_nc_ohc=ho7D_oJJjVQQ7kNvgHFs7GO&_nc_gid=6702248ec1c84bbeb351262f477ab13d&edm=AONqaaQBAAAA&ccb=7-5&ig_cache_key=MzUyOTI5OTQyNTI5NTgzNjE3NQ%3D%3D.3-ccb7-5&oh=00_AYDjJKNcXYHOVnsddLAFpNRoxUU7Vz9KJpRlEt7VHNYetA&oe=676F3484&_nc_sid=4e3341', 'post_datetime': '2024-12-23 18:14:58', 'post_description': '리더는 결단력이 있어야 하고 영웅도 마찬가지다. 무슨 일이 벌어지면 리더는 결정을 내린다. 왼쪽으로 갈 것인가, 오른쪽으로 갈 것인가? 공격할 것인가, 기다릴 것인가? 실패와 죽음이 곧 자신을 삼켜버릴지도 모르기 때문에 영웅은 머뭇거리지 않는다. 설령 바라던 결과가 일어나지 않더라도 주저하거나 애매한 태도를 취하지 않는다.'}, {'user_id': '42lines_', 'posts_count': '173', 'post_text': 'Photo by @42lines_ on December 22, 2024. 사람 1명, 잡지, 포스터, 책 및 텍스트의 이미지일 수 있음.', 'post_image': 'https://scontent-ssn1-1.cdninstagram.com/v/t51.29350-15/471296581_445932565231879_9112438389907497894_n.jpg?stp=dst-jpg_e15_tt7&efg=eyJ2ZW5jb2RlX3RhZyI6ImltYWdlX3VybGdlbi4xMDgweDEwODAuc2RyLmYyOTM1MC5kZWZhdWx0X2ltYWdlIn0&_nc_ht=scontent-ssn1-1.cdninstagram.com&_nc_cat=107&_nc_ohc=SVx68UH_TNsQ7kNvgEIxISX&_nc_gid=11473510a21b472ba0cfc840e28f7aef&edm=AONqaaQBAAAA&ccb=7-5&ig_cache_key=MzUyOTE1OTIxNTgyMTAyMTEyNw%3D%3D.3-ccb7-5&oh=00_AYBezIH7S57RiZpy89ekaG4nL0pihhhcAYmxLeLhNc0OSQ&oe=676F59BA&_nc_sid=4e3341', 'post_datetime': '2024-12-23 13:36:24', 'post_description': '삶의 우선순위가 재미와 즐거움 중심으로 변하고 있다. 이제는 재미가 있어야만 소비자의 이목을 끌 수 있다. 일방적인 정보 전달에 급급했던 공공기관의 소통 방식도 유행어와 밈을 활용해 ‘찾아서 보는 재미있는 콘텐츠’로 탈바꿈하고 있다.\n<트렌드 코리아 2025>, 김난도·전미영·최지혜·권정윤·한다혜·이혜원·이준영·이향은·추예린·전다현 - 밀리의 서재'}, {'user_id': 'euiclee.books', 'posts_count': '175', 'post_text': 'Photo by 유클리책장 | 📚 매일매일 독서기록 on December 23, 2024. 문구: \'"가지 않은 길의 끝에 놓인 나의 삶은 어떤 모습일까 한 번쯤 이런 생각을 해본적이 있는 모든 이들을 위해 -[30일의 밤]\'의 이미지일 수 있음.', 'post_image': 'https://scontent-ssn1-1.cdninstagram.com/v/t51.29350-15/470939710_1510486349622134_6360667428613249113_n.jpg?stp=dst-jpg_e15_tt7&efg=eyJ2ZW5jb2RlX3RhZyI6ImltYWdlX3VybGdlbi4xMDgweDEwODAuc2RyLmYyOTM1MC5kZWZhdWx0X2ltYWdlIn0&_nc_ht=scontent-ssn1-1.cdninstagram.com&_nc_cat=102&_nc_ohc=-Awr0DAMfv4Q7kNvgHzu_V7&_nc_gid=4a89571a98ed455c97e91fb083407343&edm=AP4sbd4BAAAA&ccb=7-5&ig_cache_key=MzUyOTM2MzI1ODE5MDkwMDM4MQ%3D%3D.3-ccb7-5&oh=00_AYBeCiytj_SOXiSwJcT6WgN9T5afqJeXs4s5-UKy6s5v2Q&oe=676F579A&_nc_sid=7a9f4b', 'post_datetime': '2024-12-23 20:21:49', 'post_description': '🖋️ 원래 소설은 잘 안 읽는편이지만 유튜브 요약리뷰를 보다가 소재가 내가 맨날 망상하는 쪽과 부류가 같아서 책을 사버렸다.\n\n모든 선택이 모여 지금의 나를 만들었기 때문에, 나는 지금까지 내 선택을 후회하지는 않는다.\n\n하지만 종종 그때 이런일이 일어났다면, 어떤 결과가 펼쳐졌을까하면서 망상을 하곤한다. 물론 망상하는 대부분은 실현 불가능한 일들 뿐이다.\n\n소설보다 다른 분야의 읽어야 하는 책들이 많아, 소설을 자주 읽는 편은 아니지만, 소설은 읽을 때마다 어느 한 주제에 대해 생각의 폭을 넓혀 준다는 점에서, 충분히 읽을 가치가 있다고 생각한다.\n\n📗#30일의밤 #블레이크크라우치 #푸른숲\n\n🔖 #독서 #북스타그램 #책 #독서스타그램 #책스타그램 #책리뷰\n#책추천 #유클리 #유클리책장 #양자중첩 #SF'}, {'user_id': 'ai.gi.book', 'posts_count': '241', 'post_text': 'Photo by @ai.gi.book on December 22, 2024. 텍스트의 낙서 그림일 수 있음.', 'post_image': 'https://scontent-ssn1-1.cdninstagram.com/v/t51.29350-15/471530978_1122890038752059_5874814875076621162_n.jpg?stp=dst-jpg_e35_tt7&efg=eyJ2ZW5jb2RlX3RhZyI6ImltYWdlX3VybGdlbi4xNDQweDE4MDAuc2RyLmYyOTM1MC5kZWZhdWx0X2ltYWdlIn0&_nc_ht=scontent-ssn1-1.cdninstagram.com&_nc_cat=111&_nc_ohc=HWLrECblaGUQ7kNvgEVWrPE&_nc_gid=48c5efca073543caab1c206ac6312e44&edm=AONqaaQBAAAA&ccb=7-5&ig_cache_key=MzUyOTE0OTY2ODAwNjg5NTY4NQ%3D%3D.3-ccb7-5&oh=00_AYCGMp-PvYupYOpKimcH6yG4eNa3IDPlJy4vX5nQU-s3Gw&oe=676F5BFA&_nc_sid=4e3341', 'post_datetime': '2024-12-23 13:17:26', 'post_description': '이런 말을 하는 분들이 참 많은데, 큰 오해입니다. 투자를 하면 은퇴 시기가 빨라집니다. ‘알아서 돈을 벌어다 주는 시스템’을 만들었다면 30대의 나이에도 회사를 그만두고 자유롭게 살 수 있습니다. 그래서 조금이라도 빨리 투자를 시작해서 은퇴하라는 겁니다. 젊을 때 즐기다가 은퇴 후에 노후 걱정하지 말고, 젊을 때 고생하더라도 일찍 은퇴해서 즐기면 됩니다.\n\n바로 지금부터 회사를 빨리 그만둘 준비를 하세요. 투자를 잘하려고 노력하는 것, 그것이 바로 은퇴 준비입니다. - <운명을 바꾸는 부동산 투자 수업 기초편>, 정태익 - 밀리의 서재\nhttps://www.millie.co.kr/v3/bookDetail/c13c5e5df79b4761'}]
CSV 파일에 데이터 저장 중...
CSV 파일에 데이터 저장 완료
성공한 사람: ['terrys_reading', 'rdnmgo', '42lines_', 'euiclee.books', 'ai.gi.book']
실패한 사람: []
요약 이미지 생성 중...
요약 이미지 생성 완료
이미지 업로드 시작...
사진 업로드 중...
새 게시물 버튼 클릭 완료
다음 버튼 클릭 중...
다음 버튼 클릭 완료
다음 버튼 클릭 중...
다음 버튼 클릭 완료
성공한 사람: ['terrys_reading', 'rdnmgo', '42lines_', 'euiclee.books', 'ai.gi.book']
실패한 사람: []
설명 입력 중...
설명 입력 완료
게시물 공유 중...
게시물 공유 완료
사진 업로드 완료
이미지 업로드 완료
드라이버 종료
프로그램 시작
드라이버 설정 중...
드라이버 설정 완료
인스타그램 로그인 시도 중...
로그인 정보 입력 완료
로그인 정보 저장 버튼 클릭 중...
로그인 정보 저장 버튼 클릭 완료
정보 수집 시작...
terrys_reading의 정보 수집 중...
terrys_reading의 게시물에 '더 보기' 버튼 없음
좋아요 버튼을 클릭했습니다.
terrys_reading의 정보 수집 완료
rdnmgo의 정보 수집 중...
rdnmgo의 게시물에 '더 보기' 버튼 없음
좋아요 버튼을 클릭했습니다.
rdnmgo의 정보 수집 완료
42lines_의 정보 수집 중...
42lines_의 게시물에 '더 보기' 버튼 없음
좋아요 버튼을 클릭했습니다.
42lines_의 정보 수집 완료
euiclee.books의 정보 수집 중...
euiclee.books의 게시물에 '더 보기' 버튼 없음
좋아요 버튼을 클릭했습니다.
euiclee.books의 정보 수집 완료
ai.gi.book의 정보 수집 중...
ai.gi.book의 게시물에 '더 보기' 버튼 없음
좋아요 버튼을 클릭했습니다.
ai.gi.book의 정보 수집 완료
정보 수집 완료
[{'user_id': 'terrys_reading', 'posts_count': '164', 'post_text': 'Photo by @terrys_reading on December 24, 2024. 책 및 텍스트의 이미지일 수 있음.', 'post_image': 'https://scontent-ssn1-1.cdninstagram.com/v/t51.29350-15/471571360_508874232201842_8628478748591317490_n.jpg?stp=dst-jpegr_e35_tt6&efg=eyJ2ZW5jb2RlX3RhZyI6ImltYWdlX3VybGdlbi4xNDQweDE4MDAuaGRyLmYyOTM1MC5kZWZhdWx0X2ltYWdlIn0&_nc_ht=scontent-ssn1-1.cdninstagram.com&_nc_cat=102&_nc_ohc=Bz5uE2vThGAQ7kNvgFo9roZ&_nc_gid=84a1dd94bd0744839398e14a9e0cd938&edm=AONqaaQBAAAA&ccb=7-5&ig_cache_key=MzUzMDE5NzY0OTA1MzI4NDQ2Nw%3D%3D.3-ccb7-5&oh=00_AYC6THKXzCtNgxeAPqK2TB4xiPLUbRJLrSDaWYng-7ieJQ&oe=6770A60B&_nc_sid=4e3341', 'post_datetime': '2024-12-24 23:59:35', 'post_description': '사업 모델은 총 6가지로 나뉜다. 전자상거래, sass, 무료 모바일 앱, 미디어 사이트, 사용자 제작 컨텐츠, 양 사이드 마켓 플레이스. 이 비즈니스 모델에 따라 적정한 지펴 선택이 완전히 달라진다'}, {'user_id': 'rdnmgo', 'posts_count': '175', 'post_text': 'Photo by @rdnmgo on December 23, 2024. 사람 1명, 책, 포스터, 잡지 및 텍스트의 만화일 수 있음.', 'post_image': 'https://scontent-ssn1-1.cdninstagram.com/v/t51.29350-15/471599875_2072556629865877_8950130499131947274_n.jpg?stp=dst-jpg_e35_tt7&efg=eyJ2ZW5jb2RlX3RhZyI6ImltYWdlX3VybGdlbi41NzR4NTM2LnNkci5mMjkzNTAuZGVmYXVsdF9pbWFnZSJ9&_nc_ht=scontent-ssn1-1.cdninstagram.com&_nc_cat=101&_nc_ohc=JAgi48IDOdQQ7kNvgEXOx8A&_nc_gid=f89ae62266b64bca84969b61bd0fc36a&edm=AONqaaQBAAAA&ccb=7-5&ig_cache_key=MzUyOTc5MzcwNjY0MTgwMzY2NQ%3D%3D.3-ccb7-5&oh=00_AYCqS86PE0HamoS5BjVKUmtI_IM6uGaBNJijKOEYlU3yUg&oe=677084C8&_nc_sid=4e3341', 'post_datetime': '2024-12-24 10:37:01', 'post_description': '### 핵심정리\n\n■ 우리가 영웅의 여정에 공감하는 이유는 나 자신의 여정을 반영하기도 하고 은유적으로 표현하기도 하고 내가 가고 싶은 길을 보여주기 때문이다.\n\n■ 스토리의 핵심 캐릭터(영웅이나 주인공)가 반드시 전통적 의미의 ‘영웅적 면모’를 지닐 필요는 없다. 그보다는 역경에 맞서 주도적으로 싸우거나 그 역경과 관련 있는 캐릭터인 것이 더 좋다.\n\n■ 우리는 삶의 중요한 요소, 즉 긍정적이든 부정적이든 인생에 영향을 미치는 것으로 스토리를 만든다. 스토리를 차별화시키고 신선하게 만드는 것은 바로 그 이야기를 전하는 스토리텔러 자신이다.\n\n■ 관객이 주인공에게 푹 빠지게 만들어야 한다. 주인공의 어린 시절은 어떠했는가? 주인공이 관객과 공유하고 싶은 관심사는 무엇인가? 주인공은 자신보다 처지가 어려운 이들을 어떻게 도와주는가? 이런 면들을 보여줄 때 관객은 영웅에게 매료된다.\n\n■ 완벽한 캐릭터는 쉽게 잊힌다. 약점이 있고 끊임없이 분투하는 캐릭터가 관객의 가슴에 오래 남는다.\n\n■ 리더는 희망을 버리지 않고, 인품이 고결하고, 진실과 공정을 가치 있게 여기고, 자신의 생각을 솔직하게 말하고, 도움을 구하는 것에 망설이지 않고, 아무도 나서지 않을 때 적과 맞선다. 리더는 결단력이 있다.'}, {'user_id': '42lines_', 'posts_count': '174', 'post_text': 'Photo by @42lines_ on December 23, 2024. 사람 1명, 잡지, 포스터, 책 및 텍스트의 이미지일 수 있음.', 'post_image': 'https://scontent-ssn1-1.cdninstagram.com/v/t51.29350-15/470973016_588359137416601_3644740951597212610_n.jpg?stp=dst-jpg_e15_tt7&efg=eyJ2ZW5jb2RlX3RhZyI6ImltYWdlX3VybGdlbi4xMDgweDEwODAuc2RyLmYyOTM1MC5kZWZhdWx0X2ltYWdlIn0&_nc_ht=scontent-ssn1-1.cdninstagram.com&_nc_cat=101&_nc_ohc=jXRpHNg1y9UQ7kNvgEgfwpA&_nc_gid=cd1dcaa73fa145f9bc551968ca71777f&edm=AONqaaQBAAAA&ccb=7-5&ig_cache_key=MzUyOTkwNTUzNzA4Nzk0MzczMg%3D%3D.3-ccb7-5&oh=00_AYAybJgVQm6GGq3QVXkaKG9OIPrnUMcVL1JAz2rYa0HOpQ&oe=67709B8D&_nc_sid=4e3341', 'post_datetime': '2024-12-24 14:19:13', 'post_description': '숏폼 플랫폼은 60초 이내의 러닝타임으로 내용을 빠르게 전달한다. 덕분에 소비자는 짧은 시간에 다양한 콘텐츠를 접하며 시청의 피로는 줄고, 체류 시간은 오히려 늘어난다.11 이러한 이유로 숏폼 플랫폼은 아주 단기간에 글로벌 콘텐츠 시장의 주류로 자리매김했다. 숏폼 플랫폼이 대중화되면서, 콘텐츠의 재미를 배가시키는 숏폼 음원까지 주목받게 됐다.\n<트렌드 코리아 2025>, 김난도·전미영·최지혜·권정윤·한다혜·이혜원·이준영·이향은·추예린·전다현 - 밀리의 서재'}, {'user_id': 'euiclee.books', 'posts_count': '176', 'post_text': 'Photo by 유클리책장 | 📚 매일매일 독서기록 on December 24, 2024. 문구: \'"우리가 하는 모든 생각, 우리가 내릴 수도 있는 모든 선택이 새로운 세계로 분기한다는 점을 생각하면 무서울 지경이야." -[30일의 밤]\'의 이미지일 수 있음.', 'post_image': 'https://scontent-ssn1-1.cdninstagram.com/v/t51.29350-15/470921834_3988783074781835_1587864349164968941_n.jpg?stp=dst-jpg_e15_tt7&efg=eyJ2ZW5jb2RlX3RhZyI6ImltYWdlX3VybGdlbi4xMDgweDEwODAuc2RyLmYyOTM1MC5kZWZhdWx0X2ltYWdlIn0&_nc_ht=scontent-ssn1-1.cdninstagram.com&_nc_cat=111&_nc_ohc=HWu6fPTb0BUQ7kNvgEqTFYJ&_nc_gid=ea128ba5e2ce4403846b8412c1c91fce&edm=AONqaaQBAAAA&ccb=7-5&ig_cache_key=MzUzMDEyODY2NjY0NDkyOTg3Ng%3D%3D.3-ccb7-5&oh=00_AYDaMwZAzUByNDZqgT7H8F5EMd8EpYUK7xrEECnP__NCTA&oe=6770AB02&_nc_sid=4e3341', 'post_datetime': '2024-12-24 21:42:32', 'post_description': '🖋️ 우리는 살아가면서 선택을 하며 살아갈 수 밖에 없다.\n\n그리고 그 선택들이 모여 현재의 나를 만든다고 해도 과언이 아니다.\n\n선택을 한다는 것은 책임을 져야 한다는 소리와 같고, 책임져야 할 것이 많아질 수록 더 성장한다는 것과 같지 않을까.\n\n모든 경우의 수를 알고 행동 할 수 있으면 좋겠지만 우리는 컴퓨터가 아니기 때문에 그럴 수는 없다.\n\n매 순간마다 적절한 의사결정을 하며 선택을 잘할 수 있는 능력을 키우는 것이야말로 내가 조금 더 성숙해질 수 있는 방향이 아닐까 생각한다.\n\n📗#30일의밤 #블레이크크라우치 #푸른숲\n\n🔖 #독서 #북스타그램 #책 #독서스타그램 #책스타그램 #책리뷰\n#책추천 #유클리 #유클리책장 #양자중첩 #SF #다중우주'}, {'user_id': 'ai.gi.book', 'posts_count': '242', 'post_text': 'Photo by @ai.gi.book on December 23, 2024. 텍스트의 낙서 그림일 수 있음.', 'post_image': 'https://scontent-ssn1-1.cdninstagram.com/v/t51.29350-15/471455329_462249959976484_6522023626997371228_n.jpg?stp=dst-jpg_e35_tt7&efg=eyJ2ZW5jb2RlX3RhZyI6ImltYWdlX3VybGdlbi4xNDQweDE4MDAuc2RyLmYyOTM1MC5kZWZhdWx0X2ltYWdlIn0&_nc_ht=scontent-ssn1-1.cdninstagram.com&_nc_cat=104&_nc_ohc=O-9gJsCi7doQ7kNvgEhYOx9&_nc_gid=3c5c5de92bca464bb68a2c0c9743bec7&edm=AONqaaQBAAAA&ccb=7-5&ig_cache_key=MzUyOTkzODU2MDc2MzIxMDI5NQ%3D%3D.3-ccb7-5&oh=00_AYAfRlCputhv7FNIRznabvwvS7HuqUzvHCIO7WgEj6tKkw&oe=6770AE14&_nc_sid=4e3341', 'post_datetime': '2024-12-24 15:24:49', 'post_description': '정해진 답은 없지만 강의를 해오면서 쌓은 저의 경험에 비추면, 각 수익률을 달성하는 데 필요한 투자 실력은 위쪽 표와 같습니다. 사실, 해마다 꾸준히 15% 이상의 수익률을 올리려면 투자만으로는 거의 불가능합니다. 그 정도 수익률을 올리는 사람은 대부분 사업을 하고 있죠. 20% 이상의 수익률이라면 말할 것도 없습니다. 그것도 조그마한 가게가 아니라 직원을 여럿 둔 사업을 해야만 가능합니다. 참고로 역사상 위대한 투자자 중 한 명으로 꼽히는 워런 버핏의 연평균 수익률이 21% 정도입니다. 워런 버핏보다 뛰어난 투자자가 될 자신이 없다면 자신이 세운 목표를 달성하기란 사실상 불가능하죠. - <운명을 바꾸는 부동산 투자 수업 기초편>, 정태익 - 밀리의 서재\nhttps://www.millie.co.kr/v3/bookDetail/c13c5e5df79b4761'}]
CSV 파일에 데이터 저장 중...
CSV 파일에 데이터 저장 완료
성공한 사람: ['terrys_reading', 'rdnmgo', '42lines_', 'euiclee.books', 'ai.gi.book']
실패한 사람: []
요약 이미지 생성 중...
요약 이미지 생성 완료
이미지 업로드 시작...
사진 업로드 중...
새 게시물 버튼 클릭 완료
다음 버튼 클릭 중...
다음 버튼 클릭 완료
다음 버튼 클릭 중...
다음 버튼 클릭 완료
성공한 사람: ['terrys_reading', 'rdnmgo', '42lines_', 'euiclee.books', 'ai.gi.book']
실패한 사람: []
설명 입력 중...
설명 입력 완료
게시물 공유 중...
게시물 공유 완료
사진 업로드 완료
이미지 업로드 완료
드라이버 종료
프로그램 시작
드라이버 설정 중...
드라이버 설정 완료
인스타그램 로그인 시도 중...
로그인 정보 입력 완료
로그인 정보 저장 버튼 클릭 중...
로그인 정보 저장 버튼 클릭 완료
정보 수집 시작...
terrys_reading의 정보 수집 중...
terrys_reading의 게시물에 '더 보기' 버튼 없음
좋아요 버튼을 클릭했습니다.
terrys_reading의 정보 수집 완료
rdnmgo의 정보 수집 중...
rdnmgo의 게시물에 '더 보기' 버튼 없음
좋아요 버튼을 클릭했습니다.
rdnmgo의 정보 수집 완료
42lines_의 정보 수집 중...
42lines_의 게시물에 '더 보기' 버튼 없음
좋아요 버튼을 클릭했습니다.
42lines_의 정보 수집 완료
euiclee.books의 정보 수집 중...
euiclee.books의 게시물에 '더 보기' 버튼 없음
좋아요 버튼을 클릭했습니다.
euiclee.books의 정보 수집 완료
ai.gi.book의 정보 수집 중...
ai.gi.book의 게시물에 '더 보기' 버튼 없음
좋아요 버튼을 클릭했습니다.
ai.gi.book의 정보 수집 완료
정보 수집 완료
[{'user_id': 'terrys_reading', 'posts_count': '165', 'post_text': 'Photo by @terrys_reading on December 25, 2024. 책 및 텍스트의 이미지일 수 있음.', 'post_image': 'https://scontent-ssn1-1.cdninstagram.com/v/t51.29350-15/471574072_1219037779159957_5772531306846726328_n.jpg?stp=dst-jpegr_e35_tt6&efg=eyJ2ZW5jb2RlX3RhZyI6ImltYWdlX3VybGdlbi4xNDQweDE4MDAuaGRyLmYyOTM1MC5kZWZhdWx0X2ltYWdlIn0&_nc_ht=scontent-ssn1-1.cdninstagram.com&_nc_cat=101&_nc_ohc=4hqmZEJFdJ4Q7kNvgE7XkVy&_nc_gid=1366a8a32a854bb19fedef2c692ec879&edm=AONqaaQBAAAA&ccb=7-5&ig_cache_key=MzUzMDkwNTA2MDUzMzc1MjI3Ng%3D%3D.3-ccb7-5&oh=00_AYCf_-WHtQMy3TKgYAL69vT6VXWfY82yUFY9ODUZAEAVZg&oe=6771F01B&_nc_sid=4e3341', 'post_datetime': '2024-12-25 23:25:05', 'post_description': '# 1. 눈 가리고 아웅하지 말기\n\n## 1. 우리는 모두 거짓말 쟁이\n\n1. 창업자는 자신과 타인을 설득해야 하고 때로는 속여야 한다.\n2. 거품을 스스로 믿기 시작하면 빠져나오기 어렵다.\n3. 그렇기에 데이터가 필요하다.\n4. 직감은 실험이지만, 데이터는 증거ㅇ다.\n\n### 린스타트업 운동\n\n1. 혁신은 힘들다\n2. 린스타트업은 혁신의 체계이다.\n3. 기술의 변화로 제품 생산 비용이 급격하게 낮아졌다.\n4. 빠르게 제품을 출시하고 효과를 측정하여, 교훈을 얻고 적용가능하다.\n5. 데이터가 가장 핵심적인 도구이다.\n6. 측정하지 못하면 관리할 수 없다는 피터 드러커의 말이 대표적이다.\n\n### 현실왜곡장에 구멍 내기\n\n1. 불가능을 가능하다고 믿는 현실 왜곡장은 사업에 중요하다.\n2. 그럼에도 창업자는 분명한 진실의 단서를 알고 있어야 한다.\n3. 사업에 시련은 반드시 들이다치며, 창업가는 이를 외면해서는 안된다.\n\n### 사례연구 - 에어비엔비 사진 서비스 - 성장 속의 성장\n\n1. 에어비앤비는 체계적인 접근법인 린 스타트업 방식을 통해 성장을 가속화했다.\n2. 그들은 2012년 “전문가가 촬영한 숙소 사진은 더 높은 고객 반응을 이끌어낼 것이다”라는 가설을 수립했다.\n3. 이에 컨시지어(편의 제공) MVP를 수립하여, 실제 행동에 나섰고 예약률이 2,3배 높아지는 것을 확인했다.\n4. 컨시지어 MVP는 시장에 약속한 가치를 제공하는 최소 제품으로써, 실제 제품이나 서비스일 필요가 없다.\n5. 이에 전문 사진사를 전격적으로 고용하고, 많은 숙바 업소로 전문 촬영을 확장시켜 성장을 가속화했다.'}, {'user_id': 'rdnmgo', 'posts_count': '176', 'post_text': "Photo by @rdnmgo on December 25, 2024. 사람 1명, 책, 잡지, 포스터 및 문구: '매듀론재81박여진올검 PIXAR PIX STORYTELLING 픽사 스토리렐링 고객의 마음을 사로잡는 9가지 스토리 스토리법칙 법칙 구글, 디즈니, 레고, 넷플릭스가 릭스가 찾는 스토리텔링 마스터 매류 문의 실전 바이블 폭사 20년 경력 스토리제적자희 스토리 제작자의 액싱 비법 수록 네이버, 카카오 디즈니코리아 인플루언서추천 추천 2021 올해의 강연자 TOP TOP20 20 (BigSpeak)'의 만화일 수 있음.", 'post_image': 'https://scontent-ssn1-1.cdninstagram.com/v/t51.29350-15/471635192_1328892828469191_7660880227105051799_n.jpg?stp=dst-jpg_e15_tt7&efg=eyJ2ZW5jb2RlX3RhZyI6ImltYWdlX3VybGdlbi42MTJ4NjEyLnNkci5mMjkzNTAuZGVmYXVsdF9pbWFnZSJ9&_nc_ht=scontent-ssn1-1.cdninstagram.com&_nc_cat=103&_nc_ohc=sP831Y2ci78Q7kNvgFafpD_&_nc_gid=e31a0423726f4938b893f70ace9a074c&edm=AP4sbd4BAAAA&ccb=7-5&ig_cache_key=MzUzMDkwMzc4NTQ4MjIxMDkxMQ%3D%3D.3-ccb7-5&oh=00_AYD0XX6FioHrEGA8s85D7ATOamGOb0VR7wfY_EeRFnFAbw&oe=6771D953&_nc_sid=7a9f4b', 'post_datetime': '2024-12-25 23:22:33', 'post_description': '태어나서 죽을 때까지 내가 나만의 삶에서 쌓은 경험은 나를 독창적인 존재로 만든다. 스토리의 매개체인 영웅이 나의 내면 깊은 곳에서 공감을 불러일으키는 것도 이런 이유다. 우리가 영웅의 여정에 유대감을 느끼는 것은 친숙하기 때문이다. 영웅의 여정은 나 자신의 여정을 반영하기도 하고 은유적으로 표현하기도 하고 내가 가고 싶은 길을 보여주기도 한다.'}, {'user_id': '42lines_', 'posts_count': '175', 'post_text': 'Photo by @42lines_ on December 24, 2024. 사람 1명, 잡지, 포스터, 책 및 텍스트의 이미지일 수 있음.', 'post_image': 'https://scontent-ssn1-1.cdninstagram.com/v/t51.29350-15/471441075_583146601325859_1841420100555469197_n.jpg?stp=dst-jpg_e15_tt7&efg=eyJ2ZW5jb2RlX3RhZyI6ImltYWdlX3VybGdlbi4xMDgweDEwODAuc2RyLmYyOTM1MC5kZWZhdWx0X2ltYWdlIn0&_nc_ht=scontent-ssn1-1.cdninstagram.com&_nc_cat=103&_nc_ohc=mw0rquz4mjEQ7kNvgElLN7F&_nc_gid=141ff57fd07e408fb417e2727e49931d&edm=AONqaaQBAAAA&ccb=7-5&ig_cache_key=MzUzMDY4NTY3MDU1MTgxNDY4MQ%3D%3D.3-ccb7-5&oh=00_AYBVxBNIYiBBnvQdWGSA7XmZ0nIuJVmt8EJYdWyLXeW1XQ&oe=6771FA8F&_nc_sid=4e3341', 'post_datetime': '2024-12-25 16:09:12', 'post_description': '그러나 C커머스가 넘어야 할 산은 여전히 많다. 품질 문제, 제품의 안정성 검증 여부, 부족한 소비자보호 인프라, 개인정보 문제 등 최근 지속적으로 제기되는 문제들이 산적해 있다. C커머스에 맞서는 K커머스의 대응도 만만치 않다. 국내 이커머스 플랫폼들은 빠른 배송, AI 기술을 활용한 맞춤 큐레이션, 리뷰 분석을 통한 소비자 만족 강화 등 차별화된 고객 경험을 중심으로 대응하고 있다.\n<트렌드 코리아 2025>, 김난도·전미영·최지혜·권정윤·한다혜·이혜원·이준영·이향은·추예린·전다현 - 밀리의 서재'}, {'user_id': 'euiclee.books', 'posts_count': '177', 'post_text': 'Photo by 유클리책장 | 📚 매일매일 독서기록 on December 25, 2024. 사람 3명, 포스터, 책, 잡지 및 텍스트의 이미지일 수 있음.', 'post_image': 'https://scontent-ssn1-1.cdninstagram.com/v/t51.29350-15/471653240_473002572116040_7741326167719611595_n.jpg?stp=dst-jpg_e15_tt7&efg=eyJ2ZW5jb2RlX3RhZyI6ImltYWdlX3VybGdlbi4xMDgweDEwODAuc2RyLmYyOTM1MC5kZWZhdWx0X2ltYWdlIn0&_nc_ht=scontent-ssn1-1.cdninstagram.com&_nc_cat=100&_nc_ohc=_KBFv7REcPEQ7kNvgFN5pgJ&_nc_gid=a343022393364b9abedccfc22003a658&edm=AONqaaQBAAAA&ccb=7-5&ig_cache_key=MzUzMDg2NzEwMjIxNzU3MDQ0NQ%3D%3D.3-ccb7-5&oh=00_AYBnYAegxsxPsbXwQQqM7HU-YfdMdjc9x4AVXGePdLBEHA&oe=6771F83F&_nc_sid=4e3341', 'post_datetime': '2024-12-25 22:09:40', 'post_description': '🖋️ 오랜만에 소설을 읽어서 그런지는 모르겠지만, 재미있게 읽었다.\n\n한가지 아쉬운 점이라면 드라마 유튜브 요약본과 내용이 거의 같다. 뭐랄까. 조금 더 내용이 딥 했으면 어땠을까 하는 생각이 있었지만, 반대로 생각해보면 드라마를 잘 만든 것 같다.\n\n겉으로 보기에는 양자중첩과 다중우주에 관련된 SF 소설이지만, 사실 내용은 가정과 삶에 중점을 두고 있는 것 같다.\n\n가정과 일, 나의 분야에서 최고점을 찍었지만 가정은 없는 주인공, 나의 분야에서 최고점을 찍지는 못했지만 가정을 선택해 행복을 누리고 있는 주인공이 삶을 두고 싸우는 내용이다.\n\n요즘 들어서 삶과 행복의 가치에 대해서 고민이 좀 많아졌는데, 이 소설을 읽으면서 다시 한번 인간의 본성과 행복의 가치를 어디에 두어야 하는가에 대해 생각을 해볼 수 있었다.\n\n한 분야에서 최고점을 찍는 동시에 가정의 행복도 같이 추구할 수 있을까?\n\n📗#30일의밤 #블레이크크라우치 #푸른숲\n\n🔖 #독서 #북스타그램 #책 #독서스타그램 #책스타그램 #책리뷰\n#책추천 #유클리 #유클리책장 #양자중첩 #SF #다중우주'}, {'user_id': 'ai.gi.book', 'posts_count': '243', 'post_text': 'Photo by @ai.gi.book on December 24, 2024. 텍스트의 낙서 그림일 수 있음.', 'post_image': 'https://scontent-ssn1-1.cdninstagram.com/v/t51.29350-15/471617484_1254003892592507_7444091963270197898_n.jpg?stp=dst-jpg_e35_tt7&efg=eyJ2ZW5jb2RlX3RhZyI6ImltYWdlX3VybGdlbi4xNDQweDE4MDAuc2RyLmYyOTM1MC5kZWZhdWx0X2ltYWdlIn0&_nc_ht=scontent-ssn1-1.cdninstagram.com&_nc_cat=111&_nc_ohc=yELQUbmYGUQQ7kNvgG79x6a&_nc_gid=f59ec986d2d246eda7d1457fbf10f6f5&edm=AONqaaQBAAAA&ccb=7-5&ig_cache_key=MzUzMDU0OTA4MTc2NTg3NDI3NA%3D%3D.3-ccb7-5&oh=00_AYDkhOtP6cAduchw124nXRhG_gFT4pfEPnhwfJAEKBsTIQ&oe=6771FD38&_nc_sid=4e3341', 'post_datetime': '2024-12-25 11:37:49', 'post_description': '부동산 공부는 어떻게 해야 하나요?”\n\n우선 ‘오를 곳을 알려달라’는 질문이 아니어서 다행입니다. 적어도 공부에 대한 의지는 느껴지네요. 이런 분들에게 드리는 제 답변은 이렇습니다.\n\n“부동산 관련 책을 30권 정도 읽어보세요.”\n\n실망스러운 답변인가요? 공부를 빨리, 편하게 끝내고 싶은 마음은 이해합니다. 하지만 당신이 뭘 공부해야 할지도 모르는 ‘투자 신생아’라면 특정 책을 추천받을 필요도 없습니다. 어떤 투자서든 상관없이 30권쯤 읽어보세요. 어차피 지식이 ‘0’에 가까울 때는 어떤 책이든 읽으면 도움이 되니까요. 수많은 방법 중에서도 책을 추천하는 것은 가성비가 좋기 때문입니다. 책은 전문가의 노하우를 집약해놓은, 검증된 정보의 집합체입니다. 양질의 정보를 담고 있으면서 강의보다 훨씬 저렴하죠. 언제 어디서든 읽을 수 있으니 시간 활용도 자유롭고요.\n\n우선 서점에서 관련 분야의 책이 많은 곳으로 갑니다. 그리고 제목이 이해되는 책부터 펴보세요. 읽다 보면 내 수준에 맞는지 금세 알게 됩니다. 너무 어렵다면 더 쉬운 책을 찾아봅니다. 그러다 보면 내 수준에 맞는 책을 찾게 됩니다. 책을 여러 권 읽다 보면 큰 틀에서는 모두 비슷한 이야기를 한다는 사실을 깨닫게 될 것입니다. 책에 나오는 용어에도 어느 정도 익숙해지죠. 그러다 보면 나의 성향에 맞는 저자나 투자처를 찾을 수 있습니다. 제가 책을 읽고 로버트 기요사키라는 멘토를 찾은 것처럼 당신도 독서를 통해 투자 멘토를 찾을 수 있습니다.\n\n막막한 투자의 길에서 방향을 잡아줄 누군가를 스스로 찾고 배우는 것, 그것이 투자 공부의 시작입니다 - <운명을 바꾸는 부동산 투자 수업 기초편>, 정태익 - 밀리의 서재\nhttps://www.millie.co.kr/v3/bookDetail/c13c5e5df79b4761'}]
CSV 파일에 데이터 저장 중...
CSV 파일에 데이터 저장 완료
성공한 사람: ['terrys_reading', 'rdnmgo', '42lines_', 'euiclee.books', 'ai.gi.book']
실패한 사람: []
요약 이미지 생성 중...
요약 이미지 생성 완료
이미지 업로드 시작...
사진 업로드 중...
새 게시물 버튼 클릭 완료
다음 버튼 클릭 중...
다음 버튼 클릭 완료
다음 버튼 클릭 중...
다음 버튼 클릭 완료
성공한 사람: ['terrys_reading', 'rdnmgo', '42lines_', 'euiclee.books', 'ai.gi.book']
실패한 사람: []
설명 입력 중...
설명 입력 완료
게시물 공유 중...
게시물 공유 완료
사진 업로드 완료
이미지 업로드 완료
드라이버 종료
프로그램 시작
드라이버 설정 중...
드라이버 설정 완료
인스타그램 로그인 시도 중...
로그인 정보 입력 완료
로그인 정보 저장 버튼 클릭 중...
로그인 정보 저장 버튼 클릭 완료
정보 수집 시작...
terrys_reading의 정보 수집 중...
terrys_reading의 게시물에 '더 보기' 버튼 없음
좋아요 버튼을 클릭했습니다.
terrys_reading의 정보 수집 완료
rdnmgo의 정보 수집 중...
rdnmgo의 게시물에 '더 보기' 버튼 없음
좋아요 버튼을 클릭했습니다.
rdnmgo의 정보 수집 완료
42lines_의 정보 수집 중...
42lines_의 게시물에 '더 보기' 버튼 없음
좋아요 버튼을 클릭했습니다.
42lines_의 정보 수집 완료
euiclee.books의 정보 수집 중...
euiclee.books의 게시물에 '더 보기' 버튼 없음
좋아요 버튼을 클릭했습니다.
euiclee.books의 정보 수집 완료
ai.gi.book의 정보 수집 중...
ai.gi.book의 게시물에 '더 보기' 버튼 없음
좋아요 버튼을 클릭했습니다.
ai.gi.book의 정보 수집 완료
정보 수집 완료
[{'user_id': 'terrys_reading', 'posts_count': '166', 'post_text': 'Photo by @terrys_reading on December 26, 2024. 책 및 텍스트의 이미지일 수 있음.', 'post_image': 'https://scontent-ssn1-1.cdninstagram.com/v/t51.29350-15/471642259_2166398010483775_4090241050414598895_n.jpg?stp=dst-jpegr_e35_tt6&efg=eyJ2ZW5jb2RlX3RhZyI6ImltYWdlX3VybGdlbi4xNDQweDE4MDAuaGRyLmYyOTM1MC5kZWZhdWx0X2ltYWdlIn0&_nc_ht=scontent-ssn1-1.cdninstagram.com&_nc_cat=107&_nc_ohc=FDrDvSeo1lsQ7kNvgGd-FAT&_nc_gid=3aa7bffc2d1a4e0b91e065d3833c05e4&edm=AONqaaQBAAAA&ccb=7-5&ig_cache_key=MzUzMTY0Njc0MTM0MDIwMDM2Ng%3D%3D.3-ccb7-5&oh=00_AYADBhe6L5dx-qUgALNoWOboQ_UOMh5kSP40AAR_e4MS7Q&oe=67732B81&_nc_sid=4e3341', 'post_datetime': '2024-12-26 23:58:40', 'post_description': '## 2. 다양한 지표\n\n1. 분석이란 사업에 매우 중표한 지표를 추적하는 것이다.\n\n### 좋은 지표란 어떤 것인가\n\n1. 상대적이어야한다. 시대별, 그룹별, 경쟁자별 비교가 가능하다.\n2. 이해하기 쉬워야 한다.\n3. 행동으로 옮길 수 있어야 한다.\n4. 비율에 관한 데이터이다.\n1. 비율 자체가 비교를 포함하고 있으며\n2. 상충되는 반대 요소와의 관계를 파악하기 쉽고\n3. 행동에 반영하기 쉽다.\n\n### 아래 지표의 차이점은 무엇인가?\n\n1. 허상 지표와 실질 지표\n1. 허상 지표는 실제 핵심 비즈니스 결과와 큰 연관이 없지만, 사람들이 유의미하다고 믿는 지표이다.\n1. 전체 가입자 수, 히트 수, 페이지뷰, 방문 수, 순수 방문자 수, 팔로어 수, 다운로드 횟수 등은 허상지표이다.\n2. 실질 지표는 좋은 지표의 특징인 행동반영가능성을 지니고 있다.\n1. 활동사용자 비율, 특정 기간 동안 확보한 사용자 수 등은 실질 지표이다.\n2. 정성적 지표와 정량적 지표\n1. 정량적 지표는 수치화된 데이터로써 ‘무엇’과 ‘얼마나’에 대한 데이터를 제공한다. 정성적 지표는 그룹화되기 어려운 데이터로써 설명, 즉 ‘왜’에 대한 답을 제공한다.\n3. 탐색 지표와 보고 지표\n1. 탐색 지표는 비지니스의 핵심을 예측할 수 있는 지표이다.\n2. 보고 지표는 지금까지 비즈니스를 설명할 수 있는 지표이다.\n\n4. 선행 지표와 후행 지표\n1. 후행 지표는 먼저 발생한 수치로써 과거 현상 파악에 용이하지만, 미래를 나타내지는 않는다. 이탈률이 대표적이다.\n2. 선행 지표는 특정 사건 전에 발생하는 데이터로써, 소잃기 전에 사건에 대응할 . 수있 다.\n5. 상관 지표와 인과 지표\n1. 상관 지표는 함께 연관되는 데이터로써\n2. 인과 지표는\n6. A/B 테스트란 무엇이며 왜 다변량 테스트가 더 흔히 사용되는가?\n1. 전자는 여러 집단에게 한 가지 변인을 변경하여 제공하고, 통제군의 차이를 살펴본다.\n2. 후자는 다 변인에 대해 각 변인과 결과가 맺는 관계를 확인할 수 있다.\n7. 고객 세분화와 코호트의 차이점은 무엇인가?\n1. 고객 세분화는 한 시점에서 고객 층을 분류하는 횡단분석이라면\n2. 코호트는 같은 속성을 공유하는 공통 시간 속성을 지닌 집단으로써 종단 분석에 해당한다.'}, {'user_id': 'rdnmgo', 'posts_count': '177', 'post_text': 'Photo by @rdnmgo on December 26, 2024. 사람 1명, 책, 잡지, 포스터 및 텍스트의 만화일 수 있음.', 'post_image': 'https://scontent-ssn1-1.cdninstagram.com/v/t51.29350-15/471426399_579310714848806_742743045148028048_n.jpg?stp=dst-jpg_e15_tt7&efg=eyJ2ZW5jb2RlX3RhZyI6ImltYWdlX3VybGdlbi42MTJ4NjEyLnNkci5mMjkzNTAuZGVmYXVsdF9pbWFnZSJ9&_nc_ht=scontent-ssn1-1.cdninstagram.com&_nc_cat=102&_nc_ohc=vOZjtWzzEL0Q7kNvgFCTtSh&_nc_gid=00ee409021944816a52ca1cac85e46fe&edm=AONqaaQBAAAA&ccb=7-5&ig_cache_key=MzUzMTQ3NTQ4Mzg1NjE1NzU2OQ%3D%3D.3-ccb7-5&oh=00_AYAYsKvnE74lwEpO0xy_O5G-hJDqfaeM86ZE1JpEmAmFrA&oe=6773298B&_nc_sid=4e3341', 'post_datetime': '2024-12-26 18:18:25', 'post_description': '영웅은 스토리텔링에서 가장 중요한 캐릭터, 즉 주인공(protagonist)으로 등장한다. 스토리 안에서 주인공이 ‘영웅’으로 행동할 때도 있지만 늘 그런 건 아니다. 단어의 어원에서도 이를 확인할 수 있다. 그리스어로 프로타고니스트(protagonist)는 ‘앞장서서 싸우는 사람’이라는 뜻도 있고 ‘시련에 처한 사람’이라는 의미도 있다. 이런 점에서 프로타고니스트는 영웅일 수도 있고 악당과 관련 있을 수도 있다. 고대 그리스인은 어느 편에서 싸우는지와 상관없이 위대한 전사를 영웅으로 추앙했다. 영웅은 스토리를 담아내는 일종의 그릇이다. 영웅의 투쟁이나 활동, 관점은 우리의 자기중심적인 현실을 반영한다. 우리는 오직 자신의 관점에서만 삶을 바라보기 때문이다.'}, {'user_id': '42lines_', 'posts_count': '176', 'post_text': 'Photo by @42lines_ on December 25, 2024. 사람 1명, 잡지, 포스터, 책 및 텍스트의 이미지일 수 있음.', 'post_image': 'https://scontent-ssn1-1.cdninstagram.com/v/t51.29350-15/471648954_3709864499279229_1612785814145686567_n.jpg?stp=dst-jpg_e15_tt7&efg=eyJ2ZW5jb2RlX3RhZyI6ImltYWdlX3VybGdlbi4xMDgweDEwODAuc2RyLmYyOTM1MC5kZWZhdWx0X2ltYWdlIn0&_nc_ht=scontent-ssn1-1.cdninstagram.com&_nc_cat=109&_nc_ohc=iiafR1HaxmgQ7kNvgGyxdFC&_nc_gid=bfc349d6633141529ad8e243351eee4b&edm=AONqaaQBAAAA&ccb=7-5&ig_cache_key=MzUzMTQxMjI5MDU3NzI2MzA2NQ%3D%3D.3-ccb7-5&oh=00_AYCkStPBp9Tt6smdbk0gl_JJbzPnDX0BIKHXVifNfhwFyw&oe=67734612&_nc_sid=4e3341', 'post_datetime': '2024-12-26 16:12:52', 'post_description': '신제품 출시 때마다 새벽부터 ‘오픈런’ 행렬이 이어지는 ‘성심당’은 대전의 명물을 넘어 이제는 국내 베이커리 트렌드를 주도하는 브랜드로 성장했다. 2023년, 성심당은 프랜차이즈를 제외한 단일 베이커리 브랜드로는 최초로 매출 1,000억 원대를 돌파하며 그 영향력을 입증했다.26 성심당에 대한 뜨거운 관심은 대전의 다른 베이커리 브랜드까지 주목받게 하며, 대전을 ‘빵의 도시’로 만드는 데 기여했다.\n<트렌드 코리아 2025>, 김난도·전미영·최지혜·권정윤·한다혜·이혜원·이준영·이향은·추예린·전다현 - 밀리의 서재'}, {'user_id': 'euiclee.books', 'posts_count': '178', 'post_text': 'Photo by 유클리책장 | 📚 매일매일 독서기록 on December 26, 2024. 문구: \'"상대가 나를 어떻게 생각하는지, ㄷ시, 어떤 의도를 갖는지는 말보다 행동에서 더 쉽게 드러나는 법이다." -[FBI 행동의 심리학]\'의 이미지일 수 있음.', 'post_image': 'https://scontent-ssn1-1.cdninstagram.com/v/t51.29350-15/470916051_1280098146531896_1578393452846286704_n.jpg?stp=dst-jpg_e15_tt7&efg=eyJ2ZW5jb2RlX3RhZyI6ImltYWdlX3VybGdlbi4xMDgweDEwODAuc2RyLmYyOTM1MC5kZWZhdWx0X2ltYWdlIn0&_nc_ht=scontent-ssn1-1.cdninstagram.com&_nc_cat=108&_nc_ohc=eaPumuf3X3wQ7kNvgFUJ8WC&_nc_gid=95df275c21e347f68f25cc503cc062d3&edm=AONqaaQBAAAA&ccb=7-5&ig_cache_key=MzUzMTU2NTE5NjgyMzM5MjY1NQ%3D%3D.3-ccb7-5&oh=00_AYDvLwVr1iuF8MkmlOJT78znPHNAdN6zoHKBH7fOkIobXA&oe=67735AC6&_nc_sid=4e3341', 'post_datetime': '2024-12-26 21:16:40', 'post_description': '🖋️ 일상생활 전반에서 우리는 다양한 사람을 만나고 관계를 이어나간다.\n\n그리고 전 세계에 걸쳐 살아가는 우리 모두의 일상에서 공통적으로 매일같이 이루어지는 사람들 사이의 상호작용에 있어 언어적인 상호작용보다 더 크고, 중요한 비중을 차지하는 것은 바로 비언어적인 상호작용이다.\n\n평소에 언어적인 상호작용 뿐만 아니라 비언어적 인 상호작용에 대해서도 궁금했는데, 그 때문에 이 책을 읽기 시작하면서 더 흥미로워진다.\n\n📗#FBI행동의심리학 #조내버로 #리더스북\n\n🔖 #독서 #북스타그램 #책 #독서스타그램 #책스타그램 #책리뷰\n#책추천 #유클리 #유클리책장 #심리학 #FBI'}, {'user_id': 'ai.gi.book', 'posts_count': '244', 'post_text': 'Photo by @ai.gi.book on December 25, 2024. 텍스트의 낙서 그림일 수 있음.', 'post_image': 'https://scontent-ssn1-1.cdninstagram.com/v/t51.29350-15/471543426_4087968561523453_5165815427744083982_n.jpg?stp=dst-jpg_e35_tt7&efg=eyJ2ZW5jb2RlX3RhZyI6ImltYWdlX3VybGdlbi4xNDQweDE4MDAuc2RyLmYyOTM1MC5kZWZhdWx0X2ltYWdlIn0&_nc_ht=scontent-ssn1-1.cdninstagram.com&_nc_cat=101&_nc_ohc=rgDB83V87IMQ7kNvgHnkz4x&_nc_gid=33977ec4ecef4b1f96a5ed930da1e687&edm=AONqaaQBAAAA&ccb=7-5&ig_cache_key=MzUzMTM2MDgyODA0NzgxMTEwMw%3D%3D.3-ccb7-5&oh=00_AYCFqnEyNs655gsLqKuq0QPakBhIkTrTBP0znlh4nrZAHQ&oe=67733496&_nc_sid=4e3341', 'post_datetime': '2024-12-26 14:30:37', 'post_description': '일단 청약의 길을 걷기로 했다면 중도 포기하면 안 됩니다. 무조건 손해입니다. 바꿔 말해, 언젠가 청약을 포기할 거라면 최대한 빨리 포기하는 게 낫습니다. 저는 청약이 나쁜 제도라고 말하는 것이 아닙니다. 나의 청약 점수도 제대로 알지 못할 정도로 아무런 준비가 되어 있지 않다면 앞으로 청약에 실패할 확률이 매우 높다고 강조하는 것입니다. 집을 살 기회가 있는데도 새 집을 분양받겠다며 전세를 이어가는 중이라면 나의 청약 가능성을 다시 한번 가늠해보라고 말씀드리고 싶습니다. 사실은 아무것도 하지 않은 채 전세를 살면서 청약을 준비한다고 말하는 것이 마음의 위안은 될지 몰라도 내 집 마련에는 실질적인 도움이 되지 않습니다 - <운명을 바꾸는 부동산 투자 수업 기초편>, 정태익 - 밀리의 서재\nhttps://www.millie.co.kr/v3/bookDetail/c13c5e5df79b4761'}]
CSV 파일에 데이터 저장 중...
CSV 파일에 데이터 저장 완료
성공한 사람: ['terrys_reading', 'rdnmgo', '42lines_', 'euiclee.books', 'ai.gi.book']
실패한 사람: []
요약 이미지 생성 중...
요약 이미지 생성 완료
이미지 업로드 시작...
사진 업로드 중...
새 게시물 버튼 클릭 완료
다음 버튼 클릭 중...
다음 버튼 클릭 완료
다음 버튼 클릭 중...
다음 버튼 클릭 완료
성공한 사람: ['terrys_reading', 'rdnmgo', '42lines_', 'euiclee.books', 'ai.gi.book']
실패한 사람: []
설명 입력 중...
설명 입력 완료
게시물 공유 중...
게시물 공유 완료
사진 업로드 완료
이미지 업로드 완료
드라이버 종료
